{'100000': '/tmp/global2/ssushko/TE_evolution/1001Gp_TE_ANNOT/1001G_fasta_Chr_scaffolds/100000.Chr_scaffolds.fa', '100002': '/tmp/global2/ssushko/TE_evolution/1001Gp_TE_ANNOT/1001G_fasta_Chr_scaffolds/100002.Chr_scaffolds.fa', '100018': '/tmp/global2/ssushko/TE_evolution/1001Gp_TE_ANNOT/1001G_fasta_Chr_scaffolds/100018.Chr_scaffolds.fa', '100022': '/tmp/global2/ssushko/TE_evolution/1001Gp_TE_ANNOT/1001G_fasta_Chr_scaffolds/100022.Chr_scaffolds.fa', '100024': '/tmp/global2/ssushko/TE_evolution/1001Gp_TE_ANNOT/1001G_fasta_Chr_scaffolds/100024.Chr_scaffolds.fa', '100025': '/tmp/global2/ssushko/TE_evolution/1001Gp_TE_ANNOT/1001G_fasta_Chr_scaffolds/100025.Chr_scaffolds.fa', '100027': '/tmp/global2/ssushko/TE_evolution/1001Gp_TE_ANNOT/1001G_fasta_Chr_scaffolds/100027.Chr_scaffolds.fa', '100029': '/tmp/global2/ssushko/TE_evolution/1001Gp_TE_ANNOT/1001G_fasta_Chr_scaffolds/100029.Chr_scaffolds.fa', '100030': '/tmp/global2/ssushko/TE_evolution/1001Gp_TE_ANNOT/1001G_fasta_Chr_scaffolds/100030.Chr_scaffolds.fa', '100039': '/tmp/global2/ssushko/TE_evolution/1001Gp_TE_ANNOT/1001G_fasta_Chr_scaffolds/100039.Chr_scaffolds.fa', '100040': '/tmp/global2/ssushko/TE_evolution/1001Gp_TE_ANNOT/1001G_fasta_Chr_scaffolds/100040.Chr_scaffolds.fa', '100041': '/tmp/global2/ssushko/TE_evolution/1001Gp_TE_ANNOT/1001G_fasta_Chr_scaffolds/100041.Chr_scaffolds.fa', '100042': '/tmp/global2/ssushko/TE_evolution/1001Gp_TE_ANNOT/1001G_fasta_Chr_scaffolds/100042.Chr_scaffolds.fa', '100043': '/tmp/global2/ssushko/TE_evolution/1001Gp_TE_ANNOT/1001G_fasta_Chr_scaffolds/100043.Chr_scaffolds.fa', '100044': '/tmp/global2/ssushko/TE_evolution/1001Gp_TE_ANNOT/1001G_fasta_Chr_scaffolds/100044.Chr_scaffolds.fa', '100045': '/tmp/global2/ssushko/TE_evolution/1001Gp_TE_ANNOT/1001G_fasta_Chr_scaffolds/100045.Chr_scaffolds.fa', '100046': '/tmp/global2/ssushko/TE_evolution/1001Gp_TE_ANNOT/1001G_fasta_Chr_scaffolds/100046.Chr_scaffolds.fa', '100047': '/tmp/global2/ssushko/TE_evolution/1001Gp_TE_ANNOT/1001G_fasta_Chr_scaffolds/100047.Chr_scaffolds.fa', '100048': '/tmp/global2/ssushko/TE_evolution/1001Gp_TE_ANNOT/1001G_fasta_Chr_scaffolds/100048.Chr_scaffolds.fa', '100049': '/tmp/global2/ssushko/TE_evolution/1001Gp_TE_ANNOT/1001G_fasta_Chr_scaffolds/100049.Chr_scaffolds.fa', '100050': '/tmp/global2/ssushko/TE_evolution/1001Gp_TE_ANNOT/1001G_fasta_Chr_scaffolds/100050.Chr_scaffolds.fa', '100051': '/tmp/global2/ssushko/TE_evolution/1001Gp_TE_ANNOT/1001G_fasta_Chr_scaffolds/100051.Chr_scaffolds.fa', '100052': '/tmp/global2/ssushko/TE_evolution/1001Gp_TE_ANNOT/1001G_fasta_Chr_scaffolds/100052.Chr_scaffolds.fa', '100053': '/tmp/global2/ssushko/TE_evolution/1001Gp_TE_ANNOT/1001G_fasta_Chr_scaffolds/100053.Chr_scaffolds.fa', '100055': '/tmp/global2/ssushko/TE_evolution/1001Gp_TE_ANNOT/1001G_fasta_Chr_scaffolds/100055.Chr_scaffolds.fa', '100056': '/tmp/global2/ssushko/TE_evolution/1001Gp_TE_ANNOT/1001G_fasta_Chr_scaffolds/100056.Chr_scaffolds.fa', '100057': '/tmp/global2/ssushko/TE_evolution/1001Gp_TE_ANNOT/1001G_fasta_Chr_scaffolds/100057.Chr_scaffolds.fa', '100058': '/tmp/global2/ssushko/TE_evolution/1001Gp_TE_ANNOT/1001G_fasta_Chr_scaffolds/100058.Chr_scaffolds.fa', '100059': '/tmp/global2/ssushko/TE_evolution/1001Gp_TE_ANNOT/1001G_fasta_Chr_scaffolds/100059.Chr_scaffolds.fa', '100060': '/tmp/global2/ssushko/TE_evolution/1001Gp_TE_ANNOT/1001G_fasta_Chr_scaffolds/100060.Chr_scaffolds.fa', '100061': '/tmp/global2/ssushko/TE_evolution/1001Gp_TE_ANNOT/1001G_fasta_Chr_scaffolds/100061.Chr_scaffolds.fa', '100062': '/tmp/global2/ssushko/TE_evolution/1001Gp_TE_ANNOT/1001G_fasta_Chr_scaffolds/100062.Chr_scaffolds.fa', '100063': '/tmp/global2/ssushko/TE_evolution/1001Gp_TE_ANNOT/1001G_fasta_Chr_scaffolds/100063.Chr_scaffolds.fa', '100064': '/tmp/global2/ssushko/TE_evolution/1001Gp_TE_ANNOT/1001G_fasta_Chr_scaffolds/100064.Chr_scaffolds.fa', '100065': '/tmp/global2/ssushko/TE_evolution/1001Gp_TE_ANNOT/1001G_fasta_Chr_scaffolds/100065.Chr_scaffolds.fa', '100066': '/tmp/global2/ssushko/TE_evolution/1001Gp_TE_ANNOT/1001G_fasta_Chr_scaffolds/100066.Chr_scaffolds.fa', '100067': '/tmp/global2/ssushko/TE_evolution/1001Gp_TE_ANNOT/1001G_fasta_Chr_scaffolds/100067.Chr_scaffolds.fa', '100068': '/tmp/global2/ssushko/TE_evolution/1001Gp_TE_ANNOT/1001G_fasta_Chr_scaffolds/100068.Chr_scaffolds.fa', '100069': '/tmp/global2/ssushko/TE_evolution/1001Gp_TE_ANNOT/1001G_fasta_Chr_scaffolds/100069.Chr_scaffolds.fa', '100070': '/tmp/global2/ssushko/TE_evolution/1001Gp_TE_ANNOT/1001G_fasta_Chr_scaffolds/100070.Chr_scaffolds.fa', '100071': '/tmp/global2/ssushko/TE_evolution/1001Gp_TE_ANNOT/1001G_fasta_Chr_scaffolds/100071.Chr_scaffolds.fa', '100072': '/tmp/global2/ssushko/TE_evolution/1001Gp_TE_ANNOT/1001G_fasta_Chr_scaffolds/100072.Chr_scaffolds.fa', '100073': '/tmp/global2/ssushko/TE_evolution/1001Gp_TE_ANNOT/1001G_fasta_Chr_scaffolds/100073.Chr_scaffolds.fa', '100074': '/tmp/global2/ssushko/TE_evolution/1001Gp_TE_ANNOT/1001G_fasta_Chr_scaffolds/100074.Chr_scaffolds.fa', '100075': '/tmp/global2/ssushko/TE_evolution/1001Gp_TE_ANNOT/1001G_fasta_Chr_scaffolds/100075.Chr_scaffolds.fa', '100076': '/tmp/global2/ssushko/TE_evolution/1001Gp_TE_ANNOT/1001G_fasta_Chr_scaffolds/100076.Chr_scaffolds.fa', '100077': '/tmp/global2/ssushko/TE_evolution/1001Gp_TE_ANNOT/1001G_fasta_Chr_scaffolds/100077.Chr_scaffolds.fa', '100078': '/tmp/global2/ssushko/TE_evolution/1001Gp_TE_ANNOT/1001G_fasta_Chr_scaffolds/100078.Chr_scaffolds.fa', '100079': '/tmp/global2/ssushko/TE_evolution/1001Gp_TE_ANNOT/1001G_fasta_Chr_scaffolds/100079.Chr_scaffolds.fa', '100080': '/tmp/global2/ssushko/TE_evolution/1001Gp_TE_ANNOT/1001G_fasta_Chr_scaffolds/100080.Chr_scaffolds.fa', '100081': '/tmp/global2/ssushko/TE_evolution/1001Gp_TE_ANNOT/1001G_fasta_Chr_scaffolds/100081.Chr_scaffolds.fa', '100082': '/tmp/global2/ssushko/TE_evolution/1001Gp_TE_ANNOT/1001G_fasta_Chr_scaffolds/100082.Chr_scaffolds.fa', '100083': '/tmp/global2/ssushko/TE_evolution/1001Gp_TE_ANNOT/1001G_fasta_Chr_scaffolds/100083.Chr_scaffolds.fa', '100084': '/tmp/global2/ssushko/TE_evolution/1001Gp_TE_ANNOT/1001G_fasta_Chr_scaffolds/100084.Chr_scaffolds.fa', '100085': '/tmp/global2/ssushko/TE_evolution/1001Gp_TE_ANNOT/1001G_fasta_Chr_scaffolds/100085.Chr_scaffolds.fa', '100086': '/tmp/global2/ssushko/TE_evolution/1001Gp_TE_ANNOT/1001G_fasta_Chr_scaffolds/100086.Chr_scaffolds.fa', '100087': '/tmp/global2/ssushko/TE_evolution/1001Gp_TE_ANNOT/1001G_fasta_Chr_scaffolds/100087.Chr_scaffolds.fa', '100088': '/tmp/global2/ssushko/TE_evolution/1001Gp_TE_ANNOT/1001G_fasta_Chr_scaffolds/100088.Chr_scaffolds.fa', '100089': '/tmp/global2/ssushko/TE_evolution/1001Gp_TE_ANNOT/1001G_fasta_Chr_scaffolds/100089.Chr_scaffolds.fa', '100090': '/tmp/global2/ssushko/TE_evolution/1001Gp_TE_ANNOT/1001G_fasta_Chr_scaffolds/100090.Chr_scaffolds.fa', '100091': '/tmp/global2/ssushko/TE_evolution/1001Gp_TE_ANNOT/1001G_fasta_Chr_scaffolds/100091.Chr_scaffolds.fa', '100092': '/tmp/global2/ssushko/TE_evolution/1001Gp_TE_ANNOT/1001G_fasta_Chr_scaffolds/100092.Chr_scaffolds.fa', '100093': '/tmp/global2/ssushko/TE_evolution/1001Gp_TE_ANNOT/1001G_fasta_Chr_scaffolds/100093.Chr_scaffolds.fa', '100094': '/tmp/global2/ssushko/TE_evolution/1001Gp_TE_ANNOT/1001G_fasta_Chr_scaffolds/100094.Chr_scaffolds.fa', '100095': '/tmp/global2/ssushko/TE_evolution/1001Gp_TE_ANNOT/1001G_fasta_Chr_scaffolds/100095.Chr_scaffolds.fa', '100096': '/tmp/global2/ssushko/TE_evolution/1001Gp_TE_ANNOT/1001G_fasta_Chr_scaffolds/100096.Chr_scaffolds.fa', '100097': '/tmp/global2/ssushko/TE_evolution/1001Gp_TE_ANNOT/1001G_fasta_Chr_scaffolds/100097.Chr_scaffolds.fa', '100098': '/tmp/global2/ssushko/TE_evolution/1001Gp_TE_ANNOT/1001G_fasta_Chr_scaffolds/100098.Chr_scaffolds.fa', '100099': '/tmp/global2/ssushko/TE_evolution/1001Gp_TE_ANNOT/1001G_fasta_Chr_scaffolds/100099.Chr_scaffolds.fa', '100100': '/tmp/global2/ssushko/TE_evolution/1001Gp_TE_ANNOT/1001G_fasta_Chr_scaffolds/100100.Chr_scaffolds.fa', '100101': '/tmp/global2/ssushko/TE_evolution/1001Gp_TE_ANNOT/1001G_fasta_Chr_scaffolds/100101.Chr_scaffolds.fa', '100102': '/tmp/global2/ssushko/TE_evolution/1001Gp_TE_ANNOT/1001G_fasta_Chr_scaffolds/100102.Chr_scaffolds.fa', '100103': '/tmp/global2/ssushko/TE_evolution/1001Gp_TE_ANNOT/1001G_fasta_Chr_scaffolds/100103.Chr_scaffolds.fa', '100104': '/tmp/global2/ssushko/TE_evolution/1001Gp_TE_ANNOT/1001G_fasta_Chr_scaffolds/100104.Chr_scaffolds.fa', '100105': '/tmp/global2/ssushko/TE_evolution/1001Gp_TE_ANNOT/1001G_fasta_Chr_scaffolds/100105.Chr_scaffolds.fa', '100106': '/tmp/global2/ssushko/TE_evolution/1001Gp_TE_ANNOT/1001G_fasta_Chr_scaffolds/100106.Chr_scaffolds.fa', '100107': '/tmp/global2/ssushko/TE_evolution/1001Gp_TE_ANNOT/1001G_fasta_Chr_scaffolds/100107.Chr_scaffolds.fa', '100108': '/tmp/global2/ssushko/TE_evolution/1001Gp_TE_ANNOT/1001G_fasta_Chr_scaffolds/100108.Chr_scaffolds.fa', '100109': '/tmp/global2/ssushko/TE_evolution/1001Gp_TE_ANNOT/1001G_fasta_Chr_scaffolds/100109.Chr_scaffolds.fa', '100110': '/tmp/global2/ssushko/TE_evolution/1001Gp_TE_ANNOT/1001G_fasta_Chr_scaffolds/100110.Chr_scaffolds.fa', '100111': '/tmp/global2/ssushko/TE_evolution/1001Gp_TE_ANNOT/1001G_fasta_Chr_scaffolds/100111.Chr_scaffolds.fa', '100113': '/tmp/global2/ssushko/TE_evolution/1001Gp_TE_ANNOT/1001G_fasta_Chr_scaffolds/100113.Chr_scaffolds.fa', '100114': '/tmp/global2/ssushko/TE_evolution/1001Gp_TE_ANNOT/1001G_fasta_Chr_scaffolds/100114.Chr_scaffolds.fa', '100115': '/tmp/global2/ssushko/TE_evolution/1001Gp_TE_ANNOT/1001G_fasta_Chr_scaffolds/100115.Chr_scaffolds.fa', '100116': '/tmp/global2/ssushko/TE_evolution/1001Gp_TE_ANNOT/1001G_fasta_Chr_scaffolds/100116.Chr_scaffolds.fa', '100117': '/tmp/global2/ssushko/TE_evolution/1001Gp_TE_ANNOT/1001G_fasta_Chr_scaffolds/100117.Chr_scaffolds.fa', '100118': '/tmp/global2/ssushko/TE_evolution/1001Gp_TE_ANNOT/1001G_fasta_Chr_scaffolds/100118.Chr_scaffolds.fa', '100119': '/tmp/global2/ssushko/TE_evolution/1001Gp_TE_ANNOT/1001G_fasta_Chr_scaffolds/100119.Chr_scaffolds.fa', '100120': '/tmp/global2/ssushko/TE_evolution/1001Gp_TE_ANNOT/1001G_fasta_Chr_scaffolds/100120.Chr_scaffolds.fa', '100121': '/tmp/global2/ssushko/TE_evolution/1001Gp_TE_ANNOT/1001G_fasta_Chr_scaffolds/100121.Chr_scaffolds.fa', '100123': '/tmp/global2/ssushko/TE_evolution/1001Gp_TE_ANNOT/1001G_fasta_Chr_scaffolds/100123.Chr_scaffolds.fa', '100124': '/tmp/global2/ssushko/TE_evolution/1001Gp_TE_ANNOT/1001G_fasta_Chr_scaffolds/100124.Chr_scaffolds.fa', '100125': '/tmp/global2/ssushko/TE_evolution/1001Gp_TE_ANNOT/1001G_fasta_Chr_scaffolds/100125.Chr_scaffolds.fa', '100126': '/tmp/global2/ssushko/TE_evolution/1001Gp_TE_ANNOT/1001G_fasta_Chr_scaffolds/100126.Chr_scaffolds.fa', '100127': '/tmp/global2/ssushko/TE_evolution/1001Gp_TE_ANNOT/1001G_fasta_Chr_scaffolds/100127.Chr_scaffolds.fa', '100128': '/tmp/global2/ssushko/TE_evolution/1001Gp_TE_ANNOT/1001G_fasta_Chr_scaffolds/100128.Chr_scaffolds.fa', '100129': '/tmp/global2/ssushko/TE_evolution/1001Gp_TE_ANNOT/1001G_fasta_Chr_scaffolds/100129.Chr_scaffolds.fa', '100130': '/tmp/global2/ssushko/TE_evolution/1001Gp_TE_ANNOT/1001G_fasta_Chr_scaffolds/100130.Chr_scaffolds.fa', '100131': '/tmp/global2/ssushko/TE_evolution/1001Gp_TE_ANNOT/1001G_fasta_Chr_scaffolds/100131.Chr_scaffolds.fa', '100132': '/tmp/global2/ssushko/TE_evolution/1001Gp_TE_ANNOT/1001G_fasta_Chr_scaffolds/100132.Chr_scaffolds.fa', '100133': '/tmp/global2/ssushko/TE_evolution/1001Gp_TE_ANNOT/1001G_fasta_Chr_scaffolds/100133.Chr_scaffolds.fa', '100134': '/tmp/global2/ssushko/TE_evolution/1001Gp_TE_ANNOT/1001G_fasta_Chr_scaffolds/100134.Chr_scaffolds.fa', '100135': '/tmp/global2/ssushko/TE_evolution/1001Gp_TE_ANNOT/1001G_fasta_Chr_scaffolds/100135.Chr_scaffolds.fa', '100136': '/tmp/global2/ssushko/TE_evolution/1001Gp_TE_ANNOT/1001G_fasta_Chr_scaffolds/100136.Chr_scaffolds.fa', '100137': '/tmp/global2/ssushko/TE_evolution/1001Gp_TE_ANNOT/1001G_fasta_Chr_scaffolds/100137.Chr_scaffolds.fa', '100139': '/tmp/global2/ssushko/TE_evolution/1001Gp_TE_ANNOT/1001G_fasta_Chr_scaffolds/100139.Chr_scaffolds.fa', '100140': '/tmp/global2/ssushko/TE_evolution/1001Gp_TE_ANNOT/1001G_fasta_Chr_scaffolds/100140.Chr_scaffolds.fa', '100141': '/tmp/global2/ssushko/TE_evolution/1001Gp_TE_ANNOT/1001G_fasta_Chr_scaffolds/100141.Chr_scaffolds.fa', '100142': '/tmp/global2/ssushko/TE_evolution/1001Gp_TE_ANNOT/1001G_fasta_Chr_scaffolds/100142.Chr_scaffolds.fa', '100143': '/tmp/global2/ssushko/TE_evolution/1001Gp_TE_ANNOT/1001G_fasta_Chr_scaffolds/100143.Chr_scaffolds.fa', '100144': '/tmp/global2/ssushko/TE_evolution/1001Gp_TE_ANNOT/1001G_fasta_Chr_scaffolds/100144.Chr_scaffolds.fa', '100145': '/tmp/global2/ssushko/TE_evolution/1001Gp_TE_ANNOT/1001G_fasta_Chr_scaffolds/100145.Chr_scaffolds.fa', '100146': '/tmp/global2/ssushko/TE_evolution/1001Gp_TE_ANNOT/1001G_fasta_Chr_scaffolds/100146.Chr_scaffolds.fa', '100147': '/tmp/global2/ssushko/TE_evolution/1001Gp_TE_ANNOT/1001G_fasta_Chr_scaffolds/100147.Chr_scaffolds.fa', '100148': '/tmp/global2/ssushko/TE_evolution/1001Gp_TE_ANNOT/1001G_fasta_Chr_scaffolds/100148.Chr_scaffolds.fa', '100149': '/tmp/global2/ssushko/TE_evolution/1001Gp_TE_ANNOT/1001G_fasta_Chr_scaffolds/100149.Chr_scaffolds.fa', '100150': '/tmp/global2/ssushko/TE_evolution/1001Gp_TE_ANNOT/1001G_fasta_Chr_scaffolds/100150.Chr_scaffolds.fa', '100151': '/tmp/global2/ssushko/TE_evolution/1001Gp_TE_ANNOT/1001G_fasta_Chr_scaffolds/100151.Chr_scaffolds.fa', '100152': '/tmp/global2/ssushko/TE_evolution/1001Gp_TE_ANNOT/1001G_fasta_Chr_scaffolds/100152.Chr_scaffolds.fa', '100153': '/tmp/global2/ssushko/TE_evolution/1001Gp_TE_ANNOT/1001G_fasta_Chr_scaffolds/100153.Chr_scaffolds.fa', '100155': '/tmp/global2/ssushko/TE_evolution/1001Gp_TE_ANNOT/1001G_fasta_Chr_scaffolds/100155.Chr_scaffolds.fa', '100156': '/tmp/global2/ssushko/TE_evolution/1001Gp_TE_ANNOT/1001G_fasta_Chr_scaffolds/100156.Chr_scaffolds.fa', '100157': '/tmp/global2/ssushko/TE_evolution/1001Gp_TE_ANNOT/1001G_fasta_Chr_scaffolds/100157.Chr_scaffolds.fa', '100158': '/tmp/global2/ssushko/TE_evolution/1001Gp_TE_ANNOT/1001G_fasta_Chr_scaffolds/100158.Chr_scaffolds.fa', '100159': '/tmp/global2/ssushko/TE_evolution/1001Gp_TE_ANNOT/1001G_fasta_Chr_scaffolds/100159.Chr_scaffolds.fa', '100194': '/tmp/global2/ssushko/TE_evolution/1001Gp_TE_ANNOT/1001G_fasta_Chr_scaffolds/100194.Chr_scaffolds.fa', '100195': '/tmp/global2/ssushko/TE_evolution/1001Gp_TE_ANNOT/1001G_fasta_Chr_scaffolds/100195.Chr_scaffolds.fa', '100200': '/tmp/global2/ssushko/TE_evolution/1001Gp_TE_ANNOT/1001G_fasta_Chr_scaffolds/100200.Chr_scaffolds.fa', '100201': '/tmp/global2/ssushko/TE_evolution/1001Gp_TE_ANNOT/1001G_fasta_Chr_scaffolds/100201.Chr_scaffolds.fa', '100203': '/tmp/global2/ssushko/TE_evolution/1001Gp_TE_ANNOT/1001G_fasta_Chr_scaffolds/100203.Chr_scaffolds.fa', '100206': '/tmp/global2/ssushko/TE_evolution/1001Gp_TE_ANNOT/1001G_fasta_Chr_scaffolds/100206.Chr_scaffolds.fa', '100208': '/tmp/global2/ssushko/TE_evolution/1001Gp_TE_ANNOT/1001G_fasta_Chr_scaffolds/100208.Chr_scaffolds.fa', '100222': '/tmp/global2/ssushko/TE_evolution/1001Gp_TE_ANNOT/1001G_fasta_Chr_scaffolds/100222.Chr_scaffolds.fa', '100226': '/tmp/global2/ssushko/TE_evolution/1001Gp_TE_ANNOT/1001G_fasta_Chr_scaffolds/100226.Chr_scaffolds.fa', '100228': '/tmp/global2/ssushko/TE_evolution/1001Gp_TE_ANNOT/1001G_fasta_Chr_scaffolds/100228.Chr_scaffolds.fa', '100233': '/tmp/global2/ssushko/TE_evolution/1001Gp_TE_ANNOT/1001G_fasta_Chr_scaffolds/100233.Chr_scaffolds.fa', '100265': '/tmp/global2/ssushko/TE_evolution/1001Gp_TE_ANNOT/1001G_fasta_Chr_scaffolds/100265.Chr_scaffolds.fa', '100267': '/tmp/global2/ssushko/TE_evolution/1001Gp_TE_ANNOT/1001G_fasta_Chr_scaffolds/100267.Chr_scaffolds.fa', '100270': '/tmp/global2/ssushko/TE_evolution/1001Gp_TE_ANNOT/1001G_fasta_Chr_scaffolds/100270.Chr_scaffolds.fa', '100271': '/tmp/global2/ssushko/TE_evolution/1001Gp_TE_ANNOT/1001G_fasta_Chr_scaffolds/100271.Chr_scaffolds.fa', '100272': '/tmp/global2/ssushko/TE_evolution/1001Gp_TE_ANNOT/1001G_fasta_Chr_scaffolds/100272.Chr_scaffolds.fa', '100276': '/tmp/global2/ssushko/TE_evolution/1001Gp_TE_ANNOT/1001G_fasta_Chr_scaffolds/100276.Chr_scaffolds.fa', '100278': '/tmp/global2/ssushko/TE_evolution/1001Gp_TE_ANNOT/1001G_fasta_Chr_scaffolds/100278.Chr_scaffolds.fa', '100279': '/tmp/global2/ssushko/TE_evolution/1001Gp_TE_ANNOT/1001G_fasta_Chr_scaffolds/100279.Chr_scaffolds.fa', '100280': '/tmp/global2/ssushko/TE_evolution/1001Gp_TE_ANNOT/1001G_fasta_Chr_scaffolds/100280.Chr_scaffolds.fa', '100281': '/tmp/global2/ssushko/TE_evolution/1001Gp_TE_ANNOT/1001G_fasta_Chr_scaffolds/100281.Chr_scaffolds.fa', '100282': '/tmp/global2/ssushko/TE_evolution/1001Gp_TE_ANNOT/1001G_fasta_Chr_scaffolds/100282.Chr_scaffolds.fa', '100285': '/tmp/global2/ssushko/TE_evolution/1001Gp_TE_ANNOT/1001G_fasta_Chr_scaffolds/100285.Chr_scaffolds.fa', '100286': '/tmp/global2/ssushko/TE_evolution/1001Gp_TE_ANNOT/1001G_fasta_Chr_scaffolds/100286.Chr_scaffolds.fa', '100289': '/tmp/global2/ssushko/TE_evolution/1001Gp_TE_ANNOT/1001G_fasta_Chr_scaffolds/100289.Chr_scaffolds.fa', '100291': '/tmp/global2/ssushko/TE_evolution/1001Gp_TE_ANNOT/1001G_fasta_Chr_scaffolds/100291.Chr_scaffolds.fa', '100292': '/tmp/global2/ssushko/TE_evolution/1001Gp_TE_ANNOT/1001G_fasta_Chr_scaffolds/100292.Chr_scaffolds.fa', '100293': '/tmp/global2/ssushko/TE_evolution/1001Gp_TE_ANNOT/1001G_fasta_Chr_scaffolds/100293.Chr_scaffolds.fa', '100294': '/tmp/global2/ssushko/TE_evolution/1001Gp_TE_ANNOT/1001G_fasta_Chr_scaffolds/100294.Chr_scaffolds.fa', '100295': '/tmp/global2/ssushko/TE_evolution/1001Gp_TE_ANNOT/1001G_fasta_Chr_scaffolds/100295.Chr_scaffolds.fa', '100296': '/tmp/global2/ssushko/TE_evolution/1001Gp_TE_ANNOT/1001G_fasta_Chr_scaffolds/100296.Chr_scaffolds.fa', '100297': '/tmp/global2/ssushko/TE_evolution/1001Gp_TE_ANNOT/1001G_fasta_Chr_scaffolds/100297.Chr_scaffolds.fa', '100298': '/tmp/global2/ssushko/TE_evolution/1001Gp_TE_ANNOT/1001G_fasta_Chr_scaffolds/100298.Chr_scaffolds.fa', '100300': '/tmp/global2/ssushko/TE_evolution/1001Gp_TE_ANNOT/1001G_fasta_Chr_scaffolds/100300.Chr_scaffolds.fa', '100302': '/tmp/global2/ssushko/TE_evolution/1001Gp_TE_ANNOT/1001G_fasta_Chr_scaffolds/100302.Chr_scaffolds.fa', '100303': '/tmp/global2/ssushko/TE_evolution/1001Gp_TE_ANNOT/1001G_fasta_Chr_scaffolds/100303.Chr_scaffolds.fa', '100304': '/tmp/global2/ssushko/TE_evolution/1001Gp_TE_ANNOT/1001G_fasta_Chr_scaffolds/100304.Chr_scaffolds.fa', '100305': '/tmp/global2/ssushko/TE_evolution/1001Gp_TE_ANNOT/1001G_fasta_Chr_scaffolds/100305.Chr_scaffolds.fa', '100306': '/tmp/global2/ssushko/TE_evolution/1001Gp_TE_ANNOT/1001G_fasta_Chr_scaffolds/100306.Chr_scaffolds.fa', '100307': '/tmp/global2/ssushko/TE_evolution/1001Gp_TE_ANNOT/1001G_fasta_Chr_scaffolds/100307.Chr_scaffolds.fa', '100309': '/tmp/global2/ssushko/TE_evolution/1001Gp_TE_ANNOT/1001G_fasta_Chr_scaffolds/100309.Chr_scaffolds.fa', '100310': '/tmp/global2/ssushko/TE_evolution/1001Gp_TE_ANNOT/1001G_fasta_Chr_scaffolds/100310.Chr_scaffolds.fa', '100312': '/tmp/global2/ssushko/TE_evolution/1001Gp_TE_ANNOT/1001G_fasta_Chr_scaffolds/100312.Chr_scaffolds.fa', '100313': '/tmp/global2/ssushko/TE_evolution/1001Gp_TE_ANNOT/1001G_fasta_Chr_scaffolds/100313.Chr_scaffolds.fa', '100314': '/tmp/global2/ssushko/TE_evolution/1001Gp_TE_ANNOT/1001G_fasta_Chr_scaffolds/100314.Chr_scaffolds.fa', '100315': '/tmp/global2/ssushko/TE_evolution/1001Gp_TE_ANNOT/1001G_fasta_Chr_scaffolds/100315.Chr_scaffolds.fa', '100316': '/tmp/global2/ssushko/TE_evolution/1001Gp_TE_ANNOT/1001G_fasta_Chr_scaffolds/100316.Chr_scaffolds.fa', '100317': '/tmp/global2/ssushko/TE_evolution/1001Gp_TE_ANNOT/1001G_fasta_Chr_scaffolds/100317.Chr_scaffolds.fa', '100318': '/tmp/global2/ssushko/TE_evolution/1001Gp_TE_ANNOT/1001G_fasta_Chr_scaffolds/100318.Chr_scaffolds.fa', '100320': '/tmp/global2/ssushko/TE_evolution/1001Gp_TE_ANNOT/1001G_fasta_Chr_scaffolds/100320.Chr_scaffolds.fa', '100323': '/tmp/global2/ssushko/TE_evolution/1001Gp_TE_ANNOT/1001G_fasta_Chr_scaffolds/100323.Chr_scaffolds.fa', '100324': '/tmp/global2/ssushko/TE_evolution/1001Gp_TE_ANNOT/1001G_fasta_Chr_scaffolds/100324.Chr_scaffolds.fa', '100325': '/tmp/global2/ssushko/TE_evolution/1001Gp_TE_ANNOT/1001G_fasta_Chr_scaffolds/100325.Chr_scaffolds.fa', '100326': '/tmp/global2/ssushko/TE_evolution/1001Gp_TE_ANNOT/1001G_fasta_Chr_scaffolds/100326.Chr_scaffolds.fa', '100327': '/tmp/global2/ssushko/TE_evolution/1001Gp_TE_ANNOT/1001G_fasta_Chr_scaffolds/100327.Chr_scaffolds.fa', '100328': '/tmp/global2/ssushko/TE_evolution/1001Gp_TE_ANNOT/1001G_fasta_Chr_scaffolds/100328.Chr_scaffolds.fa', '100329': '/tmp/global2/ssushko/TE_evolution/1001Gp_TE_ANNOT/1001G_fasta_Chr_scaffolds/100329.Chr_scaffolds.fa', '100330': '/tmp/global2/ssushko/TE_evolution/1001Gp_TE_ANNOT/1001G_fasta_Chr_scaffolds/100330.Chr_scaffolds.fa', '100331': '/tmp/global2/ssushko/TE_evolution/1001Gp_TE_ANNOT/1001G_fasta_Chr_scaffolds/100331.Chr_scaffolds.fa', '100335': '/tmp/global2/ssushko/TE_evolution/1001Gp_TE_ANNOT/1001G_fasta_Chr_scaffolds/100335.Chr_scaffolds.fa', '100340': '/tmp/global2/ssushko/TE_evolution/1001Gp_TE_ANNOT/1001G_fasta_Chr_scaffolds/100340.Chr_scaffolds.fa', '100395': '/tmp/global2/ssushko/TE_evolution/1001Gp_TE_ANNOT/1001G_fasta_Chr_scaffolds/100395.Chr_scaffolds.fa', '100409': '/tmp/global2/ssushko/TE_evolution/1001Gp_TE_ANNOT/1001G_fasta_Chr_scaffolds/100409.Chr_scaffolds.fa', '100459': '/tmp/global2/ssushko/TE_evolution/1001Gp_TE_ANNOT/1001G_fasta_Chr_scaffolds/100459.Chr_scaffolds.fa', '100460': '/tmp/global2/ssushko/TE_evolution/1001Gp_TE_ANNOT/1001G_fasta_Chr_scaffolds/100460.Chr_scaffolds.fa', '100464': '/tmp/global2/ssushko/TE_evolution/1001Gp_TE_ANNOT/1001G_fasta_Chr_scaffolds/100464.Chr_scaffolds.fa', '100466': '/tmp/global2/ssushko/TE_evolution/1001Gp_TE_ANNOT/1001G_fasta_Chr_scaffolds/100466.Chr_scaffolds.fa', '100470': '/tmp/global2/ssushko/TE_evolution/1001Gp_TE_ANNOT/1001G_fasta_Chr_scaffolds/100470.Chr_scaffolds.fa', '100476': '/tmp/global2/ssushko/TE_evolution/1001Gp_TE_ANNOT/1001G_fasta_Chr_scaffolds/100476.Chr_scaffolds.fa', '100489': '/tmp/global2/ssushko/TE_evolution/1001Gp_TE_ANNOT/1001G_fasta_Chr_scaffolds/100489.Chr_scaffolds.fa', '100492': '/tmp/global2/ssushko/TE_evolution/1001Gp_TE_ANNOT/1001G_fasta_Chr_scaffolds/100492.Chr_scaffolds.fa', '100498': '/tmp/global2/ssushko/TE_evolution/1001Gp_TE_ANNOT/1001G_fasta_Chr_scaffolds/100498.Chr_scaffolds.fa', '100500': '/tmp/global2/ssushko/TE_evolution/1001Gp_TE_ANNOT/1001G_fasta_Chr_scaffolds/100500.Chr_scaffolds.fa', '100503': '/tmp/global2/ssushko/TE_evolution/1001Gp_TE_ANNOT/1001G_fasta_Chr_scaffolds/100503.Chr_scaffolds.fa', '100506': '/tmp/global2/ssushko/TE_evolution/1001Gp_TE_ANNOT/1001G_fasta_Chr_scaffolds/100506.Chr_scaffolds.fa', '100510': '/tmp/global2/ssushko/TE_evolution/1001Gp_TE_ANNOT/1001G_fasta_Chr_scaffolds/100510.Chr_scaffolds.fa', '100514': '/tmp/global2/ssushko/TE_evolution/1001Gp_TE_ANNOT/1001G_fasta_Chr_scaffolds/100514.Chr_scaffolds.fa', '100516': '/tmp/global2/ssushko/TE_evolution/1001Gp_TE_ANNOT/1001G_fasta_Chr_scaffolds/100516.Chr_scaffolds.fa', '100518': '/tmp/global2/ssushko/TE_evolution/1001Gp_TE_ANNOT/1001G_fasta_Chr_scaffolds/100518.Chr_scaffolds.fa', '100522': '/tmp/global2/ssushko/TE_evolution/1001Gp_TE_ANNOT/1001G_fasta_Chr_scaffolds/100522.Chr_scaffolds.fa', '100523': '/tmp/global2/ssushko/TE_evolution/1001Gp_TE_ANNOT/1001G_fasta_Chr_scaffolds/100523.Chr_scaffolds.fa', '100532': '/tmp/global2/ssushko/TE_evolution/1001Gp_TE_ANNOT/1001G_fasta_Chr_scaffolds/100532.Chr_scaffolds.fa', '100534': '/tmp/global2/ssushko/TE_evolution/1001Gp_TE_ANNOT/1001G_fasta_Chr_scaffolds/100534.Chr_scaffolds.fa', '100535': '/tmp/global2/ssushko/TE_evolution/1001Gp_TE_ANNOT/1001G_fasta_Chr_scaffolds/100535.Chr_scaffolds.fa', '100538': '/tmp/global2/ssushko/TE_evolution/1001Gp_TE_ANNOT/1001G_fasta_Chr_scaffolds/100538.Chr_scaffolds.fa', '100556': '/tmp/global2/ssushko/TE_evolution/1001Gp_TE_ANNOT/1001G_fasta_Chr_scaffolds/100556.Chr_scaffolds.fa', '100557': '/tmp/global2/ssushko/TE_evolution/1001Gp_TE_ANNOT/1001G_fasta_Chr_scaffolds/100557.Chr_scaffolds.fa', '100558': '/tmp/global2/ssushko/TE_evolution/1001Gp_TE_ANNOT/1001G_fasta_Chr_scaffolds/100558.Chr_scaffolds.fa', '100561': '/tmp/global2/ssushko/TE_evolution/1001Gp_TE_ANNOT/1001G_fasta_Chr_scaffolds/100561.Chr_scaffolds.fa', '100563': '/tmp/global2/ssushko/TE_evolution/1001Gp_TE_ANNOT/1001G_fasta_Chr_scaffolds/100563.Chr_scaffolds.fa', '100583': '/tmp/global2/ssushko/TE_evolution/1001Gp_TE_ANNOT/1001G_fasta_Chr_scaffolds/100583.Chr_scaffolds.fa', '100588': '/tmp/global2/ssushko/TE_evolution/1001Gp_TE_ANNOT/1001G_fasta_Chr_scaffolds/100588.Chr_scaffolds.fa', '100612': '/tmp/global2/ssushko/TE_evolution/1001Gp_TE_ANNOT/1001G_fasta_Chr_scaffolds/100612.Chr_scaffolds.fa', '100617': '/tmp/global2/ssushko/TE_evolution/1001Gp_TE_ANNOT/1001G_fasta_Chr_scaffolds/100617.Chr_scaffolds.fa', '100620': '/tmp/global2/ssushko/TE_evolution/1001Gp_TE_ANNOT/1001G_fasta_Chr_scaffolds/100620.Chr_scaffolds.fa', '100621': '/tmp/global2/ssushko/TE_evolution/1001Gp_TE_ANNOT/1001G_fasta_Chr_scaffolds/100621.Chr_scaffolds.fa', '100622': '/tmp/global2/ssushko/TE_evolution/1001Gp_TE_ANNOT/1001G_fasta_Chr_scaffolds/100622.Chr_scaffolds.fa', '100623': '/tmp/global2/ssushko/TE_evolution/1001Gp_TE_ANNOT/1001G_fasta_Chr_scaffolds/100623.Chr_scaffolds.fa', '100642': '/tmp/global2/ssushko/TE_evolution/1001Gp_TE_ANNOT/1001G_fasta_Chr_scaffolds/100642.Chr_scaffolds.fa', '100645': '/tmp/global2/ssushko/TE_evolution/1001Gp_TE_ANNOT/1001G_fasta_Chr_scaffolds/100645.Chr_scaffolds.fa', '100647': '/tmp/global2/ssushko/TE_evolution/1001Gp_TE_ANNOT/1001G_fasta_Chr_scaffolds/100647.Chr_scaffolds.fa', '100649': '/tmp/global2/ssushko/TE_evolution/1001Gp_TE_ANNOT/1001G_fasta_Chr_scaffolds/100649.Chr_scaffolds.fa', '100653': '/tmp/global2/ssushko/TE_evolution/1001Gp_TE_ANNOT/1001G_fasta_Chr_scaffolds/100653.Chr_scaffolds.fa', '100655': '/tmp/global2/ssushko/TE_evolution/1001Gp_TE_ANNOT/1001G_fasta_Chr_scaffolds/100655.Chr_scaffolds.fa', '100657': '/tmp/global2/ssushko/TE_evolution/1001Gp_TE_ANNOT/1001G_fasta_Chr_scaffolds/100657.Chr_scaffolds.fa', '100660': '/tmp/global2/ssushko/TE_evolution/1001Gp_TE_ANNOT/1001G_fasta_Chr_scaffolds/100660.Chr_scaffolds.fa', '100663': '/tmp/global2/ssushko/TE_evolution/1001Gp_TE_ANNOT/1001G_fasta_Chr_scaffolds/100663.Chr_scaffolds.fa', '100664': '/tmp/global2/ssushko/TE_evolution/1001Gp_TE_ANNOT/1001G_fasta_Chr_scaffolds/100664.Chr_scaffolds.fa', '100665': '/tmp/global2/ssushko/TE_evolution/1001Gp_TE_ANNOT/1001G_fasta_Chr_scaffolds/100665.Chr_scaffolds.fa', '100666': '/tmp/global2/ssushko/TE_evolution/1001Gp_TE_ANNOT/1001G_fasta_Chr_scaffolds/100666.Chr_scaffolds.fa', '100667': '/tmp/global2/ssushko/TE_evolution/1001Gp_TE_ANNOT/1001G_fasta_Chr_scaffolds/100667.Chr_scaffolds.fa', '100668': '/tmp/global2/ssushko/TE_evolution/1001Gp_TE_ANNOT/1001G_fasta_Chr_scaffolds/100668.Chr_scaffolds.fa', '100669': '/tmp/global2/ssushko/TE_evolution/1001Gp_TE_ANNOT/1001G_fasta_Chr_scaffolds/100669.Chr_scaffolds.fa', '100670': '/tmp/global2/ssushko/TE_evolution/1001Gp_TE_ANNOT/1001G_fasta_Chr_scaffolds/100670.Chr_scaffolds.fa', '100671': '/tmp/global2/ssushko/TE_evolution/1001Gp_TE_ANNOT/1001G_fasta_Chr_scaffolds/100671.Chr_scaffolds.fa', '100672': '/tmp/global2/ssushko/TE_evolution/1001Gp_TE_ANNOT/1001G_fasta_Chr_scaffolds/100672.Chr_scaffolds.fa', '100673': '/tmp/global2/ssushko/TE_evolution/1001Gp_TE_ANNOT/1001G_fasta_Chr_scaffolds/100673.Chr_scaffolds.fa', '100674': '/tmp/global2/ssushko/TE_evolution/1001Gp_TE_ANNOT/1001G_fasta_Chr_scaffolds/100674.Chr_scaffolds.fa', '100675': '/tmp/global2/ssushko/TE_evolution/1001Gp_TE_ANNOT/1001G_fasta_Chr_scaffolds/100675.Chr_scaffolds.fa', '100676': '/tmp/global2/ssushko/TE_evolution/1001Gp_TE_ANNOT/1001G_fasta_Chr_scaffolds/100676.Chr_scaffolds.fa', '100677': '/tmp/global2/ssushko/TE_evolution/1001Gp_TE_ANNOT/1001G_fasta_Chr_scaffolds/100677.Chr_scaffolds.fa', '100678': '/tmp/global2/ssushko/TE_evolution/1001Gp_TE_ANNOT/1001G_fasta_Chr_scaffolds/100678.Chr_scaffolds.fa', '100679': '/tmp/global2/ssushko/TE_evolution/1001Gp_TE_ANNOT/1001G_fasta_Chr_scaffolds/100679.Chr_scaffolds.fa', '100680': '/tmp/global2/ssushko/TE_evolution/1001Gp_TE_ANNOT/1001G_fasta_Chr_scaffolds/100680.Chr_scaffolds.fa', '100681': '/tmp/global2/ssushko/TE_evolution/1001Gp_TE_ANNOT/1001G_fasta_Chr_scaffolds/100681.Chr_scaffolds.fa', '100682': '/tmp/global2/ssushko/TE_evolution/1001Gp_TE_ANNOT/1001G_fasta_Chr_scaffolds/100682.Chr_scaffolds.fa', '100683': '/tmp/global2/ssushko/TE_evolution/1001Gp_TE_ANNOT/1001G_fasta_Chr_scaffolds/100683.Chr_scaffolds.fa', '100684': '/tmp/global2/ssushko/TE_evolution/1001Gp_TE_ANNOT/1001G_fasta_Chr_scaffolds/100684.Chr_scaffolds.fa', '100685': '/tmp/global2/ssushko/TE_evolution/1001Gp_TE_ANNOT/1001G_fasta_Chr_scaffolds/100685.Chr_scaffolds.fa', '100686': '/tmp/global2/ssushko/TE_evolution/1001Gp_TE_ANNOT/1001G_fasta_Chr_scaffolds/100686.Chr_scaffolds.fa', '100687': '/tmp/global2/ssushko/TE_evolution/1001Gp_TE_ANNOT/1001G_fasta_Chr_scaffolds/100687.Chr_scaffolds.fa', '100688': '/tmp/global2/ssushko/TE_evolution/1001Gp_TE_ANNOT/1001G_fasta_Chr_scaffolds/100688.Chr_scaffolds.fa', '100689': '/tmp/global2/ssushko/TE_evolution/1001Gp_TE_ANNOT/1001G_fasta_Chr_scaffolds/100689.Chr_scaffolds.fa', '100690': '/tmp/global2/ssushko/TE_evolution/1001Gp_TE_ANNOT/1001G_fasta_Chr_scaffolds/100690.Chr_scaffolds.fa', '100691': '/tmp/global2/ssushko/TE_evolution/1001Gp_TE_ANNOT/1001G_fasta_Chr_scaffolds/100691.Chr_scaffolds.fa', '100692': '/tmp/global2/ssushko/TE_evolution/1001Gp_TE_ANNOT/1001G_fasta_Chr_scaffolds/100692.Chr_scaffolds.fa', '100693': '/tmp/global2/ssushko/TE_evolution/1001Gp_TE_ANNOT/1001G_fasta_Chr_scaffolds/100693.Chr_scaffolds.fa', '100694': '/tmp/global2/ssushko/TE_evolution/1001Gp_TE_ANNOT/1001G_fasta_Chr_scaffolds/100694.Chr_scaffolds.fa', '100695': '/tmp/global2/ssushko/TE_evolution/1001Gp_TE_ANNOT/1001G_fasta_Chr_scaffolds/100695.Chr_scaffolds.fa', '100696': '/tmp/global2/ssushko/TE_evolution/1001Gp_TE_ANNOT/1001G_fasta_Chr_scaffolds/100696.Chr_scaffolds.fa', '100697': '/tmp/global2/ssushko/TE_evolution/1001Gp_TE_ANNOT/1001G_fasta_Chr_scaffolds/100697.Chr_scaffolds.fa', '100698': '/tmp/global2/ssushko/TE_evolution/1001Gp_TE_ANNOT/1001G_fasta_Chr_scaffolds/100698.Chr_scaffolds.fa', '100699': '/tmp/global2/ssushko/TE_evolution/1001Gp_TE_ANNOT/1001G_fasta_Chr_scaffolds/100699.Chr_scaffolds.fa', '100700': '/tmp/global2/ssushko/TE_evolution/1001Gp_TE_ANNOT/1001G_fasta_Chr_scaffolds/100700.Chr_scaffolds.fa', '100701': '/tmp/global2/ssushko/TE_evolution/1001Gp_TE_ANNOT/1001G_fasta_Chr_scaffolds/100701.Chr_scaffolds.fa', '100702': '/tmp/global2/ssushko/TE_evolution/1001Gp_TE_ANNOT/1001G_fasta_Chr_scaffolds/100702.Chr_scaffolds.fa', '100703': '/tmp/global2/ssushko/TE_evolution/1001Gp_TE_ANNOT/1001G_fasta_Chr_scaffolds/100703.Chr_scaffolds.fa', '100704': '/tmp/global2/ssushko/TE_evolution/1001Gp_TE_ANNOT/1001G_fasta_Chr_scaffolds/100704.Chr_scaffolds.fa', '100705': '/tmp/global2/ssushko/TE_evolution/1001Gp_TE_ANNOT/1001G_fasta_Chr_scaffolds/100705.Chr_scaffolds.fa', '100706': '/tmp/global2/ssushko/TE_evolution/1001Gp_TE_ANNOT/1001G_fasta_Chr_scaffolds/100706.Chr_scaffolds.fa', '100707': '/tmp/global2/ssushko/TE_evolution/1001Gp_TE_ANNOT/1001G_fasta_Chr_scaffolds/100707.Chr_scaffolds.fa', '100708': '/tmp/global2/ssushko/TE_evolution/1001Gp_TE_ANNOT/1001G_fasta_Chr_scaffolds/100708.Chr_scaffolds.fa', '100709': '/tmp/global2/ssushko/TE_evolution/1001Gp_TE_ANNOT/1001G_fasta_Chr_scaffolds/100709.Chr_scaffolds.fa', '100710': '/tmp/global2/ssushko/TE_evolution/1001Gp_TE_ANNOT/1001G_fasta_Chr_scaffolds/100710.Chr_scaffolds.fa', '100711': '/tmp/global2/ssushko/TE_evolution/1001Gp_TE_ANNOT/1001G_fasta_Chr_scaffolds/100711.Chr_scaffolds.fa', '100712': '/tmp/global2/ssushko/TE_evolution/1001Gp_TE_ANNOT/1001G_fasta_Chr_scaffolds/100712.Chr_scaffolds.fa', '100713': '/tmp/global2/ssushko/TE_evolution/1001Gp_TE_ANNOT/1001G_fasta_Chr_scaffolds/100713.Chr_scaffolds.fa', '100714': '/tmp/global2/ssushko/TE_evolution/1001Gp_TE_ANNOT/1001G_fasta_Chr_scaffolds/100714.Chr_scaffolds.fa', '100715': '/tmp/global2/ssushko/TE_evolution/1001Gp_TE_ANNOT/1001G_fasta_Chr_scaffolds/100715.Chr_scaffolds.fa', '100716': '/tmp/global2/ssushko/TE_evolution/1001Gp_TE_ANNOT/1001G_fasta_Chr_scaffolds/100716.Chr_scaffolds.fa', '100717': '/tmp/global2/ssushko/TE_evolution/1001Gp_TE_ANNOT/1001G_fasta_Chr_scaffolds/100717.Chr_scaffolds.fa', '100718': '/tmp/global2/ssushko/TE_evolution/1001Gp_TE_ANNOT/1001G_fasta_Chr_scaffolds/100718.Chr_scaffolds.fa', '100719': '/tmp/global2/ssushko/TE_evolution/1001Gp_TE_ANNOT/1001G_fasta_Chr_scaffolds/100719.Chr_scaffolds.fa', '100720': '/tmp/global2/ssushko/TE_evolution/1001Gp_TE_ANNOT/1001G_fasta_Chr_scaffolds/100720.Chr_scaffolds.fa', '100721': '/tmp/global2/ssushko/TE_evolution/1001Gp_TE_ANNOT/1001G_fasta_Chr_scaffolds/100721.Chr_scaffolds.fa', '100722': '/tmp/global2/ssushko/TE_evolution/1001Gp_TE_ANNOT/1001G_fasta_Chr_scaffolds/100722.Chr_scaffolds.fa', '100723': '/tmp/global2/ssushko/TE_evolution/1001Gp_TE_ANNOT/1001G_fasta_Chr_scaffolds/100723.Chr_scaffolds.fa', '100724': '/tmp/global2/ssushko/TE_evolution/1001Gp_TE_ANNOT/1001G_fasta_Chr_scaffolds/100724.Chr_scaffolds.fa', '100725': '/tmp/global2/ssushko/TE_evolution/1001Gp_TE_ANNOT/1001G_fasta_Chr_scaffolds/100725.Chr_scaffolds.fa', '100726': '/tmp/global2/ssushko/TE_evolution/1001Gp_TE_ANNOT/1001G_fasta_Chr_scaffolds/100726.Chr_scaffolds.fa', '100727': '/tmp/global2/ssushko/TE_evolution/1001Gp_TE_ANNOT/1001G_fasta_Chr_scaffolds/100727.Chr_scaffolds.fa', '100728': '/tmp/global2/ssushko/TE_evolution/1001Gp_TE_ANNOT/1001G_fasta_Chr_scaffolds/100728.Chr_scaffolds.fa', '100729': '/tmp/global2/ssushko/TE_evolution/1001Gp_TE_ANNOT/1001G_fasta_Chr_scaffolds/100729.Chr_scaffolds.fa', '100730': '/tmp/global2/ssushko/TE_evolution/1001Gp_TE_ANNOT/1001G_fasta_Chr_scaffolds/100730.Chr_scaffolds.fa', '100731': '/tmp/global2/ssushko/TE_evolution/1001Gp_TE_ANNOT/1001G_fasta_Chr_scaffolds/100731.Chr_scaffolds.fa', '100732': '/tmp/global2/ssushko/TE_evolution/1001Gp_TE_ANNOT/1001G_fasta_Chr_scaffolds/100732.Chr_scaffolds.fa', '100733': '/tmp/global2/ssushko/TE_evolution/1001Gp_TE_ANNOT/1001G_fasta_Chr_scaffolds/100733.Chr_scaffolds.fa', '100734': '/tmp/global2/ssushko/TE_evolution/1001Gp_TE_ANNOT/1001G_fasta_Chr_scaffolds/100734.Chr_scaffolds.fa', '100735': '/tmp/global2/ssushko/TE_evolution/1001Gp_TE_ANNOT/1001G_fasta_Chr_scaffolds/100735.Chr_scaffolds.fa', '100736': '/tmp/global2/ssushko/TE_evolution/1001Gp_TE_ANNOT/1001G_fasta_Chr_scaffolds/100736.Chr_scaffolds.fa', '100737': '/tmp/global2/ssushko/TE_evolution/1001Gp_TE_ANNOT/1001G_fasta_Chr_scaffolds/100737.Chr_scaffolds.fa', '100738': '/tmp/global2/ssushko/TE_evolution/1001Gp_TE_ANNOT/1001G_fasta_Chr_scaffolds/100738.Chr_scaffolds.fa', '100739': '/tmp/global2/ssushko/TE_evolution/1001Gp_TE_ANNOT/1001G_fasta_Chr_scaffolds/100739.Chr_scaffolds.fa', '100740': '/tmp/global2/ssushko/TE_evolution/1001Gp_TE_ANNOT/1001G_fasta_Chr_scaffolds/100740.Chr_scaffolds.fa', '100741': '/tmp/global2/ssushko/TE_evolution/1001Gp_TE_ANNOT/1001G_fasta_Chr_scaffolds/100741.Chr_scaffolds.fa', '100742': '/tmp/global2/ssushko/TE_evolution/1001Gp_TE_ANNOT/1001G_fasta_Chr_scaffolds/100742.Chr_scaffolds.fa', '100743': '/tmp/global2/ssushko/TE_evolution/1001Gp_TE_ANNOT/1001G_fasta_Chr_scaffolds/100743.Chr_scaffolds.fa', '100744': '/tmp/global2/ssushko/TE_evolution/1001Gp_TE_ANNOT/1001G_fasta_Chr_scaffolds/100744.Chr_scaffolds.fa', '100745': '/tmp/global2/ssushko/TE_evolution/1001Gp_TE_ANNOT/1001G_fasta_Chr_scaffolds/100745.Chr_scaffolds.fa', '100746': '/tmp/global2/ssushko/TE_evolution/1001Gp_TE_ANNOT/1001G_fasta_Chr_scaffolds/100746.Chr_scaffolds.fa', '100747': '/tmp/global2/ssushko/TE_evolution/1001Gp_TE_ANNOT/1001G_fasta_Chr_scaffolds/100747.Chr_scaffolds.fa', '100748': '/tmp/global2/ssushko/TE_evolution/1001Gp_TE_ANNOT/1001G_fasta_Chr_scaffolds/100748.Chr_scaffolds.fa', '100749': '/tmp/global2/ssushko/TE_evolution/1001Gp_TE_ANNOT/1001G_fasta_Chr_scaffolds/100749.Chr_scaffolds.fa', '100750': '/tmp/global2/ssushko/TE_evolution/1001Gp_TE_ANNOT/1001G_fasta_Chr_scaffolds/100750.Chr_scaffolds.fa', '100751': '/tmp/global2/ssushko/TE_evolution/1001Gp_TE_ANNOT/1001G_fasta_Chr_scaffolds/100751.Chr_scaffolds.fa', '100752': '/tmp/global2/ssushko/TE_evolution/1001Gp_TE_ANNOT/1001G_fasta_Chr_scaffolds/100752.Chr_scaffolds.fa', '100753': '/tmp/global2/ssushko/TE_evolution/1001Gp_TE_ANNOT/1001G_fasta_Chr_scaffolds/100753.Chr_scaffolds.fa', '100754': '/tmp/global2/ssushko/TE_evolution/1001Gp_TE_ANNOT/1001G_fasta_Chr_scaffolds/100754.Chr_scaffolds.fa', '100755': '/tmp/global2/ssushko/TE_evolution/1001Gp_TE_ANNOT/1001G_fasta_Chr_scaffolds/100755.Chr_scaffolds.fa', '100756': '/tmp/global2/ssushko/TE_evolution/1001Gp_TE_ANNOT/1001G_fasta_Chr_scaffolds/100756.Chr_scaffolds.fa', '100757': '/tmp/global2/ssushko/TE_evolution/1001Gp_TE_ANNOT/1001G_fasta_Chr_scaffolds/100757.Chr_scaffolds.fa', '100758': '/tmp/global2/ssushko/TE_evolution/1001Gp_TE_ANNOT/1001G_fasta_Chr_scaffolds/100758.Chr_scaffolds.fa', '100759': '/tmp/global2/ssushko/TE_evolution/1001Gp_TE_ANNOT/1001G_fasta_Chr_scaffolds/100759.Chr_scaffolds.fa', '100760': '/tmp/global2/ssushko/TE_evolution/1001Gp_TE_ANNOT/1001G_fasta_Chr_scaffolds/100760.Chr_scaffolds.fa', '100761': '/tmp/global2/ssushko/TE_evolution/1001Gp_TE_ANNOT/1001G_fasta_Chr_scaffolds/100761.Chr_scaffolds.fa', '100762': '/tmp/global2/ssushko/TE_evolution/1001Gp_TE_ANNOT/1001G_fasta_Chr_scaffolds/100762.Chr_scaffolds.fa', '100763': '/tmp/global2/ssushko/TE_evolution/1001Gp_TE_ANNOT/1001G_fasta_Chr_scaffolds/100763.Chr_scaffolds.fa', '100764': '/tmp/global2/ssushko/TE_evolution/1001Gp_TE_ANNOT/1001G_fasta_Chr_scaffolds/100764.Chr_scaffolds.fa', '100765': '/tmp/global2/ssushko/TE_evolution/1001Gp_TE_ANNOT/1001G_fasta_Chr_scaffolds/100765.Chr_scaffolds.fa', '100766': '/tmp/global2/ssushko/TE_evolution/1001Gp_TE_ANNOT/1001G_fasta_Chr_scaffolds/100766.Chr_scaffolds.fa', '100767': '/tmp/global2/ssushko/TE_evolution/1001Gp_TE_ANNOT/1001G_fasta_Chr_scaffolds/100767.Chr_scaffolds.fa', '100768': '/tmp/global2/ssushko/TE_evolution/1001Gp_TE_ANNOT/1001G_fasta_Chr_scaffolds/100768.Chr_scaffolds.fa', '100769': '/tmp/global2/ssushko/TE_evolution/1001Gp_TE_ANNOT/1001G_fasta_Chr_scaffolds/100769.Chr_scaffolds.fa', '100770': '/tmp/global2/ssushko/TE_evolution/1001Gp_TE_ANNOT/1001G_fasta_Chr_scaffolds/100770.Chr_scaffolds.fa', '100772': '/tmp/global2/ssushko/TE_evolution/1001Gp_TE_ANNOT/1001G_fasta_Chr_scaffolds/100772.Chr_scaffolds.fa', '100773': '/tmp/global2/ssushko/TE_evolution/1001Gp_TE_ANNOT/1001G_fasta_Chr_scaffolds/100773.Chr_scaffolds.fa', '100774': '/tmp/global2/ssushko/TE_evolution/1001Gp_TE_ANNOT/1001G_fasta_Chr_scaffolds/100774.Chr_scaffolds.fa', '100775': '/tmp/global2/ssushko/TE_evolution/1001Gp_TE_ANNOT/1001G_fasta_Chr_scaffolds/100775.Chr_scaffolds.fa', '100776': '/tmp/global2/ssushko/TE_evolution/1001Gp_TE_ANNOT/1001G_fasta_Chr_scaffolds/100776.Chr_scaffolds.fa', '100777': '/tmp/global2/ssushko/TE_evolution/1001Gp_TE_ANNOT/1001G_fasta_Chr_scaffolds/100777.Chr_scaffolds.fa', '100778': '/tmp/global2/ssushko/TE_evolution/1001Gp_TE_ANNOT/1001G_fasta_Chr_scaffolds/100778.Chr_scaffolds.fa', '100779': '/tmp/global2/ssushko/TE_evolution/1001Gp_TE_ANNOT/1001G_fasta_Chr_scaffolds/100779.Chr_scaffolds.fa', '100780': '/tmp/global2/ssushko/TE_evolution/1001Gp_TE_ANNOT/1001G_fasta_Chr_scaffolds/100780.Chr_scaffolds.fa', '100781': '/tmp/global2/ssushko/TE_evolution/1001Gp_TE_ANNOT/1001G_fasta_Chr_scaffolds/100781.Chr_scaffolds.fa', '100782': '/tmp/global2/ssushko/TE_evolution/1001Gp_TE_ANNOT/1001G_fasta_Chr_scaffolds/100782.Chr_scaffolds.fa', '100783': '/tmp/global2/ssushko/TE_evolution/1001Gp_TE_ANNOT/1001G_fasta_Chr_scaffolds/100783.Chr_scaffolds.fa', '100784': '/tmp/global2/ssushko/TE_evolution/1001Gp_TE_ANNOT/1001G_fasta_Chr_scaffolds/100784.Chr_scaffolds.fa', '100785': '/tmp/global2/ssushko/TE_evolution/1001Gp_TE_ANNOT/1001G_fasta_Chr_scaffolds/100785.Chr_scaffolds.fa', '100786': '/tmp/global2/ssushko/TE_evolution/1001Gp_TE_ANNOT/1001G_fasta_Chr_scaffolds/100786.Chr_scaffolds.fa', '100787': '/tmp/global2/ssushko/TE_evolution/1001Gp_TE_ANNOT/1001G_fasta_Chr_scaffolds/100787.Chr_scaffolds.fa', '100788': '/tmp/global2/ssushko/TE_evolution/1001Gp_TE_ANNOT/1001G_fasta_Chr_scaffolds/100788.Chr_scaffolds.fa', '100789': '/tmp/global2/ssushko/TE_evolution/1001Gp_TE_ANNOT/1001G_fasta_Chr_scaffolds/100789.Chr_scaffolds.fa', '100790': '/tmp/global2/ssushko/TE_evolution/1001Gp_TE_ANNOT/1001G_fasta_Chr_scaffolds/100790.Chr_scaffolds.fa', '100791': '/tmp/global2/ssushko/TE_evolution/1001Gp_TE_ANNOT/1001G_fasta_Chr_scaffolds/100791.Chr_scaffolds.fa', '100792': '/tmp/global2/ssushko/TE_evolution/1001Gp_TE_ANNOT/1001G_fasta_Chr_scaffolds/100792.Chr_scaffolds.fa', '100793': '/tmp/global2/ssushko/TE_evolution/1001Gp_TE_ANNOT/1001G_fasta_Chr_scaffolds/100793.Chr_scaffolds.fa', '100794': '/tmp/global2/ssushko/TE_evolution/1001Gp_TE_ANNOT/1001G_fasta_Chr_scaffolds/100794.Chr_scaffolds.fa', '100795': '/tmp/global2/ssushko/TE_evolution/1001Gp_TE_ANNOT/1001G_fasta_Chr_scaffolds/100795.Chr_scaffolds.fa', '100796': '/tmp/global2/ssushko/TE_evolution/1001Gp_TE_ANNOT/1001G_fasta_Chr_scaffolds/100796.Chr_scaffolds.fa', '100797': '/tmp/global2/ssushko/TE_evolution/1001Gp_TE_ANNOT/1001G_fasta_Chr_scaffolds/100797.Chr_scaffolds.fa', '100798': '/tmp/global2/ssushko/TE_evolution/1001Gp_TE_ANNOT/1001G_fasta_Chr_scaffolds/100798.Chr_scaffolds.fa', '100799': '/tmp/global2/ssushko/TE_evolution/1001Gp_TE_ANNOT/1001G_fasta_Chr_scaffolds/100799.Chr_scaffolds.fa', '100800': '/tmp/global2/ssushko/TE_evolution/1001Gp_TE_ANNOT/1001G_fasta_Chr_scaffolds/100800.Chr_scaffolds.fa', '100801': '/tmp/global2/ssushko/TE_evolution/1001Gp_TE_ANNOT/1001G_fasta_Chr_scaffolds/100801.Chr_scaffolds.fa', '100802': '/tmp/global2/ssushko/TE_evolution/1001Gp_TE_ANNOT/1001G_fasta_Chr_scaffolds/100802.Chr_scaffolds.fa', '100803': '/tmp/global2/ssushko/TE_evolution/1001Gp_TE_ANNOT/1001G_fasta_Chr_scaffolds/100803.Chr_scaffolds.fa', '100804': '/tmp/global2/ssushko/TE_evolution/1001Gp_TE_ANNOT/1001G_fasta_Chr_scaffolds/100804.Chr_scaffolds.fa', '100805': '/tmp/global2/ssushko/TE_evolution/1001Gp_TE_ANNOT/1001G_fasta_Chr_scaffolds/100805.Chr_scaffolds.fa', '100806': '/tmp/global2/ssushko/TE_evolution/1001Gp_TE_ANNOT/1001G_fasta_Chr_scaffolds/100806.Chr_scaffolds.fa', '100807': '/tmp/global2/ssushko/TE_evolution/1001Gp_TE_ANNOT/1001G_fasta_Chr_scaffolds/100807.Chr_scaffolds.fa', '100808': '/tmp/global2/ssushko/TE_evolution/1001Gp_TE_ANNOT/1001G_fasta_Chr_scaffolds/100808.Chr_scaffolds.fa', '100809': '/tmp/global2/ssushko/TE_evolution/1001Gp_TE_ANNOT/1001G_fasta_Chr_scaffolds/100809.Chr_scaffolds.fa', '100810': '/tmp/global2/ssushko/TE_evolution/1001Gp_TE_ANNOT/1001G_fasta_Chr_scaffolds/100810.Chr_scaffolds.fa', '100811': '/tmp/global2/ssushko/TE_evolution/1001Gp_TE_ANNOT/1001G_fasta_Chr_scaffolds/100811.Chr_scaffolds.fa', '100812': '/tmp/global2/ssushko/TE_evolution/1001Gp_TE_ANNOT/1001G_fasta_Chr_scaffolds/100812.Chr_scaffolds.fa', '100813': '/tmp/global2/ssushko/TE_evolution/1001Gp_TE_ANNOT/1001G_fasta_Chr_scaffolds/100813.Chr_scaffolds.fa', '100814': '/tmp/global2/ssushko/TE_evolution/1001Gp_TE_ANNOT/1001G_fasta_Chr_scaffolds/100814.Chr_scaffolds.fa', '100815': '/tmp/global2/ssushko/TE_evolution/1001Gp_TE_ANNOT/1001G_fasta_Chr_scaffolds/100815.Chr_scaffolds.fa', '100816': '/tmp/global2/ssushko/TE_evolution/1001Gp_TE_ANNOT/1001G_fasta_Chr_scaffolds/100816.Chr_scaffolds.fa', '100817': '/tmp/global2/ssushko/TE_evolution/1001Gp_TE_ANNOT/1001G_fasta_Chr_scaffolds/100817.Chr_scaffolds.fa', '100818': '/tmp/global2/ssushko/TE_evolution/1001Gp_TE_ANNOT/1001G_fasta_Chr_scaffolds/100818.Chr_scaffolds.fa', '100819': '/tmp/global2/ssushko/TE_evolution/1001Gp_TE_ANNOT/1001G_fasta_Chr_scaffolds/100819.Chr_scaffolds.fa', '100820': '/tmp/global2/ssushko/TE_evolution/1001Gp_TE_ANNOT/1001G_fasta_Chr_scaffolds/100820.Chr_scaffolds.fa', '100821': '/tmp/global2/ssushko/TE_evolution/1001Gp_TE_ANNOT/1001G_fasta_Chr_scaffolds/100821.Chr_scaffolds.fa', '100822': '/tmp/global2/ssushko/TE_evolution/1001Gp_TE_ANNOT/1001G_fasta_Chr_scaffolds/100822.Chr_scaffolds.fa', '100823': '/tmp/global2/ssushko/TE_evolution/1001Gp_TE_ANNOT/1001G_fasta_Chr_scaffolds/100823.Chr_scaffolds.fa', '100824': '/tmp/global2/ssushko/TE_evolution/1001Gp_TE_ANNOT/1001G_fasta_Chr_scaffolds/100824.Chr_scaffolds.fa', '100825': '/tmp/global2/ssushko/TE_evolution/1001Gp_TE_ANNOT/1001G_fasta_Chr_scaffolds/100825.Chr_scaffolds.fa', '100826': '/tmp/global2/ssushko/TE_evolution/1001Gp_TE_ANNOT/1001G_fasta_Chr_scaffolds/100826.Chr_scaffolds.fa', '100827': '/tmp/global2/ssushko/TE_evolution/1001Gp_TE_ANNOT/1001G_fasta_Chr_scaffolds/100827.Chr_scaffolds.fa', '100828': '/tmp/global2/ssushko/TE_evolution/1001Gp_TE_ANNOT/1001G_fasta_Chr_scaffolds/100828.Chr_scaffolds.fa', '100829': '/tmp/global2/ssushko/TE_evolution/1001Gp_TE_ANNOT/1001G_fasta_Chr_scaffolds/100829.Chr_scaffolds.fa', '100830': '/tmp/global2/ssushko/TE_evolution/1001Gp_TE_ANNOT/1001G_fasta_Chr_scaffolds/100830.Chr_scaffolds.fa', '100831': '/tmp/global2/ssushko/TE_evolution/1001Gp_TE_ANNOT/1001G_fasta_Chr_scaffolds/100831.Chr_scaffolds.fa', '100832': '/tmp/global2/ssushko/TE_evolution/1001Gp_TE_ANNOT/1001G_fasta_Chr_scaffolds/100832.Chr_scaffolds.fa', '100833': '/tmp/global2/ssushko/TE_evolution/1001Gp_TE_ANNOT/1001G_fasta_Chr_scaffolds/100833.Chr_scaffolds.fa', '100834': '/tmp/global2/ssushko/TE_evolution/1001Gp_TE_ANNOT/1001G_fasta_Chr_scaffolds/100834.Chr_scaffolds.fa', '100835': '/tmp/global2/ssushko/TE_evolution/1001Gp_TE_ANNOT/1001G_fasta_Chr_scaffolds/100835.Chr_scaffolds.fa', '100836': '/tmp/global2/ssushko/TE_evolution/1001Gp_TE_ANNOT/1001G_fasta_Chr_scaffolds/100836.Chr_scaffolds.fa', '100837': '/tmp/global2/ssushko/TE_evolution/1001Gp_TE_ANNOT/1001G_fasta_Chr_scaffolds/100837.Chr_scaffolds.fa', '100838': '/tmp/global2/ssushko/TE_evolution/1001Gp_TE_ANNOT/1001G_fasta_Chr_scaffolds/100838.Chr_scaffolds.fa', '100839': '/tmp/global2/ssushko/TE_evolution/1001Gp_TE_ANNOT/1001G_fasta_Chr_scaffolds/100839.Chr_scaffolds.fa', '100840': '/tmp/global2/ssushko/TE_evolution/1001Gp_TE_ANNOT/1001G_fasta_Chr_scaffolds/100840.Chr_scaffolds.fa', '100841': '/tmp/global2/ssushko/TE_evolution/1001Gp_TE_ANNOT/1001G_fasta_Chr_scaffolds/100841.Chr_scaffolds.fa', '100842': '/tmp/global2/ssushko/TE_evolution/1001Gp_TE_ANNOT/1001G_fasta_Chr_scaffolds/100842.Chr_scaffolds.fa', '100843': '/tmp/global2/ssushko/TE_evolution/1001Gp_TE_ANNOT/1001G_fasta_Chr_scaffolds/100843.Chr_scaffolds.fa', '100844': '/tmp/global2/ssushko/TE_evolution/1001Gp_TE_ANNOT/1001G_fasta_Chr_scaffolds/100844.Chr_scaffolds.fa', '100845': '/tmp/global2/ssushko/TE_evolution/1001Gp_TE_ANNOT/1001G_fasta_Chr_scaffolds/100845.Chr_scaffolds.fa', '100846': '/tmp/global2/ssushko/TE_evolution/1001Gp_TE_ANNOT/1001G_fasta_Chr_scaffolds/100846.Chr_scaffolds.fa', '100847': '/tmp/global2/ssushko/TE_evolution/1001Gp_TE_ANNOT/1001G_fasta_Chr_scaffolds/100847.Chr_scaffolds.fa', '100848': '/tmp/global2/ssushko/TE_evolution/1001Gp_TE_ANNOT/1001G_fasta_Chr_scaffolds/100848.Chr_scaffolds.fa', '100849': '/tmp/global2/ssushko/TE_evolution/1001Gp_TE_ANNOT/1001G_fasta_Chr_scaffolds/100849.Chr_scaffolds.fa', '100850': '/tmp/global2/ssushko/TE_evolution/1001Gp_TE_ANNOT/1001G_fasta_Chr_scaffolds/100850.Chr_scaffolds.fa', '100851': '/tmp/global2/ssushko/TE_evolution/1001Gp_TE_ANNOT/1001G_fasta_Chr_scaffolds/100851.Chr_scaffolds.fa', '100852': '/tmp/global2/ssushko/TE_evolution/1001Gp_TE_ANNOT/1001G_fasta_Chr_scaffolds/100852.Chr_scaffolds.fa', '100853': '/tmp/global2/ssushko/TE_evolution/1001Gp_TE_ANNOT/1001G_fasta_Chr_scaffolds/100853.Chr_scaffolds.fa', '100854': '/tmp/global2/ssushko/TE_evolution/1001Gp_TE_ANNOT/1001G_fasta_Chr_scaffolds/100854.Chr_scaffolds.fa', '100855': '/tmp/global2/ssushko/TE_evolution/1001Gp_TE_ANNOT/1001G_fasta_Chr_scaffolds/100855.Chr_scaffolds.fa', '100856': '/tmp/global2/ssushko/TE_evolution/1001Gp_TE_ANNOT/1001G_fasta_Chr_scaffolds/100856.Chr_scaffolds.fa', '100857': '/tmp/global2/ssushko/TE_evolution/1001Gp_TE_ANNOT/1001G_fasta_Chr_scaffolds/100857.Chr_scaffolds.fa', '100858': '/tmp/global2/ssushko/TE_evolution/1001Gp_TE_ANNOT/1001G_fasta_Chr_scaffolds/100858.Chr_scaffolds.fa', '100859': '/tmp/global2/ssushko/TE_evolution/1001Gp_TE_ANNOT/1001G_fasta_Chr_scaffolds/100859.Chr_scaffolds.fa', '100860': '/tmp/global2/ssushko/TE_evolution/1001Gp_TE_ANNOT/1001G_fasta_Chr_scaffolds/100860.Chr_scaffolds.fa', '100861': '/tmp/global2/ssushko/TE_evolution/1001Gp_TE_ANNOT/1001G_fasta_Chr_scaffolds/100861.Chr_scaffolds.fa', '100862': '/tmp/global2/ssushko/TE_evolution/1001Gp_TE_ANNOT/1001G_fasta_Chr_scaffolds/100862.Chr_scaffolds.fa', '100863': '/tmp/global2/ssushko/TE_evolution/1001Gp_TE_ANNOT/1001G_fasta_Chr_scaffolds/100863.Chr_scaffolds.fa', '100864': '/tmp/global2/ssushko/TE_evolution/1001Gp_TE_ANNOT/1001G_fasta_Chr_scaffolds/100864.Chr_scaffolds.fa', '100865': '/tmp/global2/ssushko/TE_evolution/1001Gp_TE_ANNOT/1001G_fasta_Chr_scaffolds/100865.Chr_scaffolds.fa', '100866': '/tmp/global2/ssushko/TE_evolution/1001Gp_TE_ANNOT/1001G_fasta_Chr_scaffolds/100866.Chr_scaffolds.fa', '100867': '/tmp/global2/ssushko/TE_evolution/1001Gp_TE_ANNOT/1001G_fasta_Chr_scaffolds/100867.Chr_scaffolds.fa', '100868': '/tmp/global2/ssushko/TE_evolution/1001Gp_TE_ANNOT/1001G_fasta_Chr_scaffolds/100868.Chr_scaffolds.fa', '100869': '/tmp/global2/ssushko/TE_evolution/1001Gp_TE_ANNOT/1001G_fasta_Chr_scaffolds/100869.Chr_scaffolds.fa', '100870': '/tmp/global2/ssushko/TE_evolution/1001Gp_TE_ANNOT/1001G_fasta_Chr_scaffolds/100870.Chr_scaffolds.fa', '100871': '/tmp/global2/ssushko/TE_evolution/1001Gp_TE_ANNOT/1001G_fasta_Chr_scaffolds/100871.Chr_scaffolds.fa', '100872': '/tmp/global2/ssushko/TE_evolution/1001Gp_TE_ANNOT/1001G_fasta_Chr_scaffolds/100872.Chr_scaffolds.fa', '100873': '/tmp/global2/ssushko/TE_evolution/1001Gp_TE_ANNOT/1001G_fasta_Chr_scaffolds/100873.Chr_scaffolds.fa', '100874': '/tmp/global2/ssushko/TE_evolution/1001Gp_TE_ANNOT/1001G_fasta_Chr_scaffolds/100874.Chr_scaffolds.fa', '100875': '/tmp/global2/ssushko/TE_evolution/1001Gp_TE_ANNOT/1001G_fasta_Chr_scaffolds/100875.Chr_scaffolds.fa', '100876': '/tmp/global2/ssushko/TE_evolution/1001Gp_TE_ANNOT/1001G_fasta_Chr_scaffolds/100876.Chr_scaffolds.fa', '100877': '/tmp/global2/ssushko/TE_evolution/1001Gp_TE_ANNOT/1001G_fasta_Chr_scaffolds/100877.Chr_scaffolds.fa', '100878': '/tmp/global2/ssushko/TE_evolution/1001Gp_TE_ANNOT/1001G_fasta_Chr_scaffolds/100878.Chr_scaffolds.fa', '100879': '/tmp/global2/ssushko/TE_evolution/1001Gp_TE_ANNOT/1001G_fasta_Chr_scaffolds/100879.Chr_scaffolds.fa', '100880': '/tmp/global2/ssushko/TE_evolution/1001Gp_TE_ANNOT/1001G_fasta_Chr_scaffolds/100880.Chr_scaffolds.fa', '100881': '/tmp/global2/ssushko/TE_evolution/1001Gp_TE_ANNOT/1001G_fasta_Chr_scaffolds/100881.Chr_scaffolds.fa', '100882': '/tmp/global2/ssushko/TE_evolution/1001Gp_TE_ANNOT/1001G_fasta_Chr_scaffolds/100882.Chr_scaffolds.fa', '100883': '/tmp/global2/ssushko/TE_evolution/1001Gp_TE_ANNOT/1001G_fasta_Chr_scaffolds/100883.Chr_scaffolds.fa', '100884': '/tmp/global2/ssushko/TE_evolution/1001Gp_TE_ANNOT/1001G_fasta_Chr_scaffolds/100884.Chr_scaffolds.fa', '100885': '/tmp/global2/ssushko/TE_evolution/1001Gp_TE_ANNOT/1001G_fasta_Chr_scaffolds/100885.Chr_scaffolds.fa', '100886': '/tmp/global2/ssushko/TE_evolution/1001Gp_TE_ANNOT/1001G_fasta_Chr_scaffolds/100886.Chr_scaffolds.fa', '100887': '/tmp/global2/ssushko/TE_evolution/1001Gp_TE_ANNOT/1001G_fasta_Chr_scaffolds/100887.Chr_scaffolds.fa', '100888': '/tmp/global2/ssushko/TE_evolution/1001Gp_TE_ANNOT/1001G_fasta_Chr_scaffolds/100888.Chr_scaffolds.fa', '100889': '/tmp/global2/ssushko/TE_evolution/1001Gp_TE_ANNOT/1001G_fasta_Chr_scaffolds/100889.Chr_scaffolds.fa', '100890': '/tmp/global2/ssushko/TE_evolution/1001Gp_TE_ANNOT/1001G_fasta_Chr_scaffolds/100890.Chr_scaffolds.fa', '100891': '/tmp/global2/ssushko/TE_evolution/1001Gp_TE_ANNOT/1001G_fasta_Chr_scaffolds/100891.Chr_scaffolds.fa', '100892': '/tmp/global2/ssushko/TE_evolution/1001Gp_TE_ANNOT/1001G_fasta_Chr_scaffolds/100892.Chr_scaffolds.fa', '100893': '/tmp/global2/ssushko/TE_evolution/1001Gp_TE_ANNOT/1001G_fasta_Chr_scaffolds/100893.Chr_scaffolds.fa', '100894': '/tmp/global2/ssushko/TE_evolution/1001Gp_TE_ANNOT/1001G_fasta_Chr_scaffolds/100894.Chr_scaffolds.fa', '100895': '/tmp/global2/ssushko/TE_evolution/1001Gp_TE_ANNOT/1001G_fasta_Chr_scaffolds/100895.Chr_scaffolds.fa', '100896': '/tmp/global2/ssushko/TE_evolution/1001Gp_TE_ANNOT/1001G_fasta_Chr_scaffolds/100896.Chr_scaffolds.fa', '100897': '/tmp/global2/ssushko/TE_evolution/1001Gp_TE_ANNOT/1001G_fasta_Chr_scaffolds/100897.Chr_scaffolds.fa', '100898': '/tmp/global2/ssushko/TE_evolution/1001Gp_TE_ANNOT/1001G_fasta_Chr_scaffolds/100898.Chr_scaffolds.fa', '100899': '/tmp/global2/ssushko/TE_evolution/1001Gp_TE_ANNOT/1001G_fasta_Chr_scaffolds/100899.Chr_scaffolds.fa', '100900': '/tmp/global2/ssushko/TE_evolution/1001Gp_TE_ANNOT/1001G_fasta_Chr_scaffolds/100900.Chr_scaffolds.fa', '100901': '/tmp/global2/ssushko/TE_evolution/1001Gp_TE_ANNOT/1001G_fasta_Chr_scaffolds/100901.Chr_scaffolds.fa', '100902': '/tmp/global2/ssushko/TE_evolution/1001Gp_TE_ANNOT/1001G_fasta_Chr_scaffolds/100902.Chr_scaffolds.fa', '100903': '/tmp/global2/ssushko/TE_evolution/1001Gp_TE_ANNOT/1001G_fasta_Chr_scaffolds/100903.Chr_scaffolds.fa', '100904': '/tmp/global2/ssushko/TE_evolution/1001Gp_TE_ANNOT/1001G_fasta_Chr_scaffolds/100904.Chr_scaffolds.fa', '100905': '/tmp/global2/ssushko/TE_evolution/1001Gp_TE_ANNOT/1001G_fasta_Chr_scaffolds/100905.Chr_scaffolds.fa', '100906': '/tmp/global2/ssushko/TE_evolution/1001Gp_TE_ANNOT/1001G_fasta_Chr_scaffolds/100906.Chr_scaffolds.fa', '100907': '/tmp/global2/ssushko/TE_evolution/1001Gp_TE_ANNOT/1001G_fasta_Chr_scaffolds/100907.Chr_scaffolds.fa', '100908': '/tmp/global2/ssushko/TE_evolution/1001Gp_TE_ANNOT/1001G_fasta_Chr_scaffolds/100908.Chr_scaffolds.fa', '100909': '/tmp/global2/ssushko/TE_evolution/1001Gp_TE_ANNOT/1001G_fasta_Chr_scaffolds/100909.Chr_scaffolds.fa', '100910': '/tmp/global2/ssushko/TE_evolution/1001Gp_TE_ANNOT/1001G_fasta_Chr_scaffolds/100910.Chr_scaffolds.fa', '100911': '/tmp/global2/ssushko/TE_evolution/1001Gp_TE_ANNOT/1001G_fasta_Chr_scaffolds/100911.Chr_scaffolds.fa', '100912': '/tmp/global2/ssushko/TE_evolution/1001Gp_TE_ANNOT/1001G_fasta_Chr_scaffolds/100912.Chr_scaffolds.fa', '100913': '/tmp/global2/ssushko/TE_evolution/1001Gp_TE_ANNOT/1001G_fasta_Chr_scaffolds/100913.Chr_scaffolds.fa', '100914': '/tmp/global2/ssushko/TE_evolution/1001Gp_TE_ANNOT/1001G_fasta_Chr_scaffolds/100914.Chr_scaffolds.fa', '100915': '/tmp/global2/ssushko/TE_evolution/1001Gp_TE_ANNOT/1001G_fasta_Chr_scaffolds/100915.Chr_scaffolds.fa', '100916': '/tmp/global2/ssushko/TE_evolution/1001Gp_TE_ANNOT/1001G_fasta_Chr_scaffolds/100916.Chr_scaffolds.fa', '100917': '/tmp/global2/ssushko/TE_evolution/1001Gp_TE_ANNOT/1001G_fasta_Chr_scaffolds/100917.Chr_scaffolds.fa', '100918': '/tmp/global2/ssushko/TE_evolution/1001Gp_TE_ANNOT/1001G_fasta_Chr_scaffolds/100918.Chr_scaffolds.fa', '100919': '/tmp/global2/ssushko/TE_evolution/1001Gp_TE_ANNOT/1001G_fasta_Chr_scaffolds/100919.Chr_scaffolds.fa', '100920': '/tmp/global2/ssushko/TE_evolution/1001Gp_TE_ANNOT/1001G_fasta_Chr_scaffolds/100920.Chr_scaffolds.fa', '100921': '/tmp/global2/ssushko/TE_evolution/1001Gp_TE_ANNOT/1001G_fasta_Chr_scaffolds/100921.Chr_scaffolds.fa', '100922': '/tmp/global2/ssushko/TE_evolution/1001Gp_TE_ANNOT/1001G_fasta_Chr_scaffolds/100922.Chr_scaffolds.fa', '100923': '/tmp/global2/ssushko/TE_evolution/1001Gp_TE_ANNOT/1001G_fasta_Chr_scaffolds/100923.Chr_scaffolds.fa', '100924': '/tmp/global2/ssushko/TE_evolution/1001Gp_TE_ANNOT/1001G_fasta_Chr_scaffolds/100924.Chr_scaffolds.fa', '100925': '/tmp/global2/ssushko/TE_evolution/1001Gp_TE_ANNOT/1001G_fasta_Chr_scaffolds/100925.Chr_scaffolds.fa', '100926': '/tmp/global2/ssushko/TE_evolution/1001Gp_TE_ANNOT/1001G_fasta_Chr_scaffolds/100926.Chr_scaffolds.fa', '100927': '/tmp/global2/ssushko/TE_evolution/1001Gp_TE_ANNOT/1001G_fasta_Chr_scaffolds/100927.Chr_scaffolds.fa', '100928': '/tmp/global2/ssushko/TE_evolution/1001Gp_TE_ANNOT/1001G_fasta_Chr_scaffolds/100928.Chr_scaffolds.fa', '100929': '/tmp/global2/ssushko/TE_evolution/1001Gp_TE_ANNOT/1001G_fasta_Chr_scaffolds/100929.Chr_scaffolds.fa', '100930': '/tmp/global2/ssushko/TE_evolution/1001Gp_TE_ANNOT/1001G_fasta_Chr_scaffolds/100930.Chr_scaffolds.fa', '100931': '/tmp/global2/ssushko/TE_evolution/1001Gp_TE_ANNOT/1001G_fasta_Chr_scaffolds/100931.Chr_scaffolds.fa', '100932': '/tmp/global2/ssushko/TE_evolution/1001Gp_TE_ANNOT/1001G_fasta_Chr_scaffolds/100932.Chr_scaffolds.fa', '100933': '/tmp/global2/ssushko/TE_evolution/1001Gp_TE_ANNOT/1001G_fasta_Chr_scaffolds/100933.Chr_scaffolds.fa', '100934': '/tmp/global2/ssushko/TE_evolution/1001Gp_TE_ANNOT/1001G_fasta_Chr_scaffolds/100934.Chr_scaffolds.fa', '100935': '/tmp/global2/ssushko/TE_evolution/1001Gp_TE_ANNOT/1001G_fasta_Chr_scaffolds/100935.Chr_scaffolds.fa', '100936': '/tmp/global2/ssushko/TE_evolution/1001Gp_TE_ANNOT/1001G_fasta_Chr_scaffolds/100936.Chr_scaffolds.fa', '100937': '/tmp/global2/ssushko/TE_evolution/1001Gp_TE_ANNOT/1001G_fasta_Chr_scaffolds/100937.Chr_scaffolds.fa', '100938': '/tmp/global2/ssushko/TE_evolution/1001Gp_TE_ANNOT/1001G_fasta_Chr_scaffolds/100938.Chr_scaffolds.fa', '100939': '/tmp/global2/ssushko/TE_evolution/1001Gp_TE_ANNOT/1001G_fasta_Chr_scaffolds/100939.Chr_scaffolds.fa', '100940': '/tmp/global2/ssushko/TE_evolution/1001Gp_TE_ANNOT/1001G_fasta_Chr_scaffolds/100940.Chr_scaffolds.fa', '100941': '/tmp/global2/ssushko/TE_evolution/1001Gp_TE_ANNOT/1001G_fasta_Chr_scaffolds/100941.Chr_scaffolds.fa', '100942': '/tmp/global2/ssushko/TE_evolution/1001Gp_TE_ANNOT/1001G_fasta_Chr_scaffolds/100942.Chr_scaffolds.fa', '100943': '/tmp/global2/ssushko/TE_evolution/1001Gp_TE_ANNOT/1001G_fasta_Chr_scaffolds/100943.Chr_scaffolds.fa', '100944': '/tmp/global2/ssushko/TE_evolution/1001Gp_TE_ANNOT/1001G_fasta_Chr_scaffolds/100944.Chr_scaffolds.fa', '100945': '/tmp/global2/ssushko/TE_evolution/1001Gp_TE_ANNOT/1001G_fasta_Chr_scaffolds/100945.Chr_scaffolds.fa', '100946': '/tmp/global2/ssushko/TE_evolution/1001Gp_TE_ANNOT/1001G_fasta_Chr_scaffolds/100946.Chr_scaffolds.fa', '100947': '/tmp/global2/ssushko/TE_evolution/1001Gp_TE_ANNOT/1001G_fasta_Chr_scaffolds/100947.Chr_scaffolds.fa', '100948': '/tmp/global2/ssushko/TE_evolution/1001Gp_TE_ANNOT/1001G_fasta_Chr_scaffolds/100948.Chr_scaffolds.fa', '100949': '/tmp/global2/ssushko/TE_evolution/1001Gp_TE_ANNOT/1001G_fasta_Chr_scaffolds/100949.Chr_scaffolds.fa', '100950': '/tmp/global2/ssushko/TE_evolution/1001Gp_TE_ANNOT/1001G_fasta_Chr_scaffolds/100950.Chr_scaffolds.fa', '100951': '/tmp/global2/ssushko/TE_evolution/1001Gp_TE_ANNOT/1001G_fasta_Chr_scaffolds/100951.Chr_scaffolds.fa', '100952': '/tmp/global2/ssushko/TE_evolution/1001Gp_TE_ANNOT/1001G_fasta_Chr_scaffolds/100952.Chr_scaffolds.fa', '100953': '/tmp/global2/ssushko/TE_evolution/1001Gp_TE_ANNOT/1001G_fasta_Chr_scaffolds/100953.Chr_scaffolds.fa', '100954': '/tmp/global2/ssushko/TE_evolution/1001Gp_TE_ANNOT/1001G_fasta_Chr_scaffolds/100954.Chr_scaffolds.fa', '100955': '/tmp/global2/ssushko/TE_evolution/1001Gp_TE_ANNOT/1001G_fasta_Chr_scaffolds/100955.Chr_scaffolds.fa', '100956': '/tmp/global2/ssushko/TE_evolution/1001Gp_TE_ANNOT/1001G_fasta_Chr_scaffolds/100956.Chr_scaffolds.fa', '100957': '/tmp/global2/ssushko/TE_evolution/1001Gp_TE_ANNOT/1001G_fasta_Chr_scaffolds/100957.Chr_scaffolds.fa', '100958': '/tmp/global2/ssushko/TE_evolution/1001Gp_TE_ANNOT/1001G_fasta_Chr_scaffolds/100958.Chr_scaffolds.fa', '100959': '/tmp/global2/ssushko/TE_evolution/1001Gp_TE_ANNOT/1001G_fasta_Chr_scaffolds/100959.Chr_scaffolds.fa', '100960': '/tmp/global2/ssushko/TE_evolution/1001Gp_TE_ANNOT/1001G_fasta_Chr_scaffolds/100960.Chr_scaffolds.fa', '100961': '/tmp/global2/ssushko/TE_evolution/1001Gp_TE_ANNOT/1001G_fasta_Chr_scaffolds/100961.Chr_scaffolds.fa', '100962': '/tmp/global2/ssushko/TE_evolution/1001Gp_TE_ANNOT/1001G_fasta_Chr_scaffolds/100962.Chr_scaffolds.fa', '100963': '/tmp/global2/ssushko/TE_evolution/1001Gp_TE_ANNOT/1001G_fasta_Chr_scaffolds/100963.Chr_scaffolds.fa', '100964': '/tmp/global2/ssushko/TE_evolution/1001Gp_TE_ANNOT/1001G_fasta_Chr_scaffolds/100964.Chr_scaffolds.fa', '100965': '/tmp/global2/ssushko/TE_evolution/1001Gp_TE_ANNOT/1001G_fasta_Chr_scaffolds/100965.Chr_scaffolds.fa', '100966': '/tmp/global2/ssushko/TE_evolution/1001Gp_TE_ANNOT/1001G_fasta_Chr_scaffolds/100966.Chr_scaffolds.fa', '100967': '/tmp/global2/ssushko/TE_evolution/1001Gp_TE_ANNOT/1001G_fasta_Chr_scaffolds/100967.Chr_scaffolds.fa', '100968': '/tmp/global2/ssushko/TE_evolution/1001Gp_TE_ANNOT/1001G_fasta_Chr_scaffolds/100968.Chr_scaffolds.fa', '100969': '/tmp/global2/ssushko/TE_evolution/1001Gp_TE_ANNOT/1001G_fasta_Chr_scaffolds/100969.Chr_scaffolds.fa', '100970': '/tmp/global2/ssushko/TE_evolution/1001Gp_TE_ANNOT/1001G_fasta_Chr_scaffolds/100970.Chr_scaffolds.fa', '100971': '/tmp/global2/ssushko/TE_evolution/1001Gp_TE_ANNOT/1001G_fasta_Chr_scaffolds/100971.Chr_scaffolds.fa', '100972': '/tmp/global2/ssushko/TE_evolution/1001Gp_TE_ANNOT/1001G_fasta_Chr_scaffolds/100972.Chr_scaffolds.fa', '100973': '/tmp/global2/ssushko/TE_evolution/1001Gp_TE_ANNOT/1001G_fasta_Chr_scaffolds/100973.Chr_scaffolds.fa', '100974': '/tmp/global2/ssushko/TE_evolution/1001Gp_TE_ANNOT/1001G_fasta_Chr_scaffolds/100974.Chr_scaffolds.fa', '100975': '/tmp/global2/ssushko/TE_evolution/1001Gp_TE_ANNOT/1001G_fasta_Chr_scaffolds/100975.Chr_scaffolds.fa', '100976': '/tmp/global2/ssushko/TE_evolution/1001Gp_TE_ANNOT/1001G_fasta_Chr_scaffolds/100976.Chr_scaffolds.fa', '100977': '/tmp/global2/ssushko/TE_evolution/1001Gp_TE_ANNOT/1001G_fasta_Chr_scaffolds/100977.Chr_scaffolds.fa', '100978': '/tmp/global2/ssushko/TE_evolution/1001Gp_TE_ANNOT/1001G_fasta_Chr_scaffolds/100978.Chr_scaffolds.fa', '100979': '/tmp/global2/ssushko/TE_evolution/1001Gp_TE_ANNOT/1001G_fasta_Chr_scaffolds/100979.Chr_scaffolds.fa', '100980': '/tmp/global2/ssushko/TE_evolution/1001Gp_TE_ANNOT/1001G_fasta_Chr_scaffolds/100980.Chr_scaffolds.fa', '100981': '/tmp/global2/ssushko/TE_evolution/1001Gp_TE_ANNOT/1001G_fasta_Chr_scaffolds/100981.Chr_scaffolds.fa', '100982': '/tmp/global2/ssushko/TE_evolution/1001Gp_TE_ANNOT/1001G_fasta_Chr_scaffolds/100982.Chr_scaffolds.fa', '100983': '/tmp/global2/ssushko/TE_evolution/1001Gp_TE_ANNOT/1001G_fasta_Chr_scaffolds/100983.Chr_scaffolds.fa', '100984': '/tmp/global2/ssushko/TE_evolution/1001Gp_TE_ANNOT/1001G_fasta_Chr_scaffolds/100984.Chr_scaffolds.fa', '100985': '/tmp/global2/ssushko/TE_evolution/1001Gp_TE_ANNOT/1001G_fasta_Chr_scaffolds/100985.Chr_scaffolds.fa', '100986': '/tmp/global2/ssushko/TE_evolution/1001Gp_TE_ANNOT/1001G_fasta_Chr_scaffolds/100986.Chr_scaffolds.fa', '100987': '/tmp/global2/ssushko/TE_evolution/1001Gp_TE_ANNOT/1001G_fasta_Chr_scaffolds/100987.Chr_scaffolds.fa', '100988': '/tmp/global2/ssushko/TE_evolution/1001Gp_TE_ANNOT/1001G_fasta_Chr_scaffolds/100988.Chr_scaffolds.fa', '100989': '/tmp/global2/ssushko/TE_evolution/1001Gp_TE_ANNOT/1001G_fasta_Chr_scaffolds/100989.Chr_scaffolds.fa', '100990': '/tmp/global2/ssushko/TE_evolution/1001Gp_TE_ANNOT/1001G_fasta_Chr_scaffolds/100990.Chr_scaffolds.fa', '100991': '/tmp/global2/ssushko/TE_evolution/1001Gp_TE_ANNOT/1001G_fasta_Chr_scaffolds/100991.Chr_scaffolds.fa', '100992': '/tmp/global2/ssushko/TE_evolution/1001Gp_TE_ANNOT/1001G_fasta_Chr_scaffolds/100992.Chr_scaffolds.fa', '100993': '/tmp/global2/ssushko/TE_evolution/1001Gp_TE_ANNOT/1001G_fasta_Chr_scaffolds/100993.Chr_scaffolds.fa', '100994': '/tmp/global2/ssushko/TE_evolution/1001Gp_TE_ANNOT/1001G_fasta_Chr_scaffolds/100994.Chr_scaffolds.fa', '100995': '/tmp/global2/ssushko/TE_evolution/1001Gp_TE_ANNOT/1001G_fasta_Chr_scaffolds/100995.Chr_scaffolds.fa', '100996': '/tmp/global2/ssushko/TE_evolution/1001Gp_TE_ANNOT/1001G_fasta_Chr_scaffolds/100996.Chr_scaffolds.fa', '100997': '/tmp/global2/ssushko/TE_evolution/1001Gp_TE_ANNOT/1001G_fasta_Chr_scaffolds/100997.Chr_scaffolds.fa', '100998': '/tmp/global2/ssushko/TE_evolution/1001Gp_TE_ANNOT/1001G_fasta_Chr_scaffolds/100998.Chr_scaffolds.fa', '100999': '/tmp/global2/ssushko/TE_evolution/1001Gp_TE_ANNOT/1001G_fasta_Chr_scaffolds/100999.Chr_scaffolds.fa', '101000': '/tmp/global2/ssushko/TE_evolution/1001Gp_TE_ANNOT/1001G_fasta_Chr_scaffolds/101000.Chr_scaffolds.fa', '101001': '/tmp/global2/ssushko/TE_evolution/1001Gp_TE_ANNOT/1001G_fasta_Chr_scaffolds/101001.Chr_scaffolds.fa', '101002': '/tmp/global2/ssushko/TE_evolution/1001Gp_TE_ANNOT/1001G_fasta_Chr_scaffolds/101002.Chr_scaffolds.fa', '101003': '/tmp/global2/ssushko/TE_evolution/1001Gp_TE_ANNOT/1001G_fasta_Chr_scaffolds/101003.Chr_scaffolds.fa', '101004': '/tmp/global2/ssushko/TE_evolution/1001Gp_TE_ANNOT/1001G_fasta_Chr_scaffolds/101004.Chr_scaffolds.fa', '101005': '/tmp/global2/ssushko/TE_evolution/1001Gp_TE_ANNOT/1001G_fasta_Chr_scaffolds/101005.Chr_scaffolds.fa', '101006': '/tmp/global2/ssushko/TE_evolution/1001Gp_TE_ANNOT/1001G_fasta_Chr_scaffolds/101006.Chr_scaffolds.fa', '101007': '/tmp/global2/ssushko/TE_evolution/1001Gp_TE_ANNOT/1001G_fasta_Chr_scaffolds/101007.Chr_scaffolds.fa', '101008': '/tmp/global2/ssushko/TE_evolution/1001Gp_TE_ANNOT/1001G_fasta_Chr_scaffolds/101008.Chr_scaffolds.fa', '101009': '/tmp/global2/ssushko/TE_evolution/1001Gp_TE_ANNOT/1001G_fasta_Chr_scaffolds/101009.Chr_scaffolds.fa', '101010': '/tmp/global2/ssushko/TE_evolution/1001Gp_TE_ANNOT/1001G_fasta_Chr_scaffolds/101010.Chr_scaffolds.fa', '101011': '/tmp/global2/ssushko/TE_evolution/1001Gp_TE_ANNOT/1001G_fasta_Chr_scaffolds/101011.Chr_scaffolds.fa', '101012': '/tmp/global2/ssushko/TE_evolution/1001Gp_TE_ANNOT/1001G_fasta_Chr_scaffolds/101012.Chr_scaffolds.fa', '101013': '/tmp/global2/ssushko/TE_evolution/1001Gp_TE_ANNOT/1001G_fasta_Chr_scaffolds/101013.Chr_scaffolds.fa', '101014': '/tmp/global2/ssushko/TE_evolution/1001Gp_TE_ANNOT/1001G_fasta_Chr_scaffolds/101014.Chr_scaffolds.fa', '101015': '/tmp/global2/ssushko/TE_evolution/1001Gp_TE_ANNOT/1001G_fasta_Chr_scaffolds/101015.Chr_scaffolds.fa', '101016': '/tmp/global2/ssushko/TE_evolution/1001Gp_TE_ANNOT/1001G_fasta_Chr_scaffolds/101016.Chr_scaffolds.fa', '101017': '/tmp/global2/ssushko/TE_evolution/1001Gp_TE_ANNOT/1001G_fasta_Chr_scaffolds/101017.Chr_scaffolds.fa', '101018': '/tmp/global2/ssushko/TE_evolution/1001Gp_TE_ANNOT/1001G_fasta_Chr_scaffolds/101018.Chr_scaffolds.fa', '101019': '/tmp/global2/ssushko/TE_evolution/1001Gp_TE_ANNOT/1001G_fasta_Chr_scaffolds/101019.Chr_scaffolds.fa', '101020': '/tmp/global2/ssushko/TE_evolution/1001Gp_TE_ANNOT/1001G_fasta_Chr_scaffolds/101020.Chr_scaffolds.fa', '101021': '/tmp/global2/ssushko/TE_evolution/1001Gp_TE_ANNOT/1001G_fasta_Chr_scaffolds/101021.Chr_scaffolds.fa', '101022': '/tmp/global2/ssushko/TE_evolution/1001Gp_TE_ANNOT/1001G_fasta_Chr_scaffolds/101022.Chr_scaffolds.fa', '101023': '/tmp/global2/ssushko/TE_evolution/1001Gp_TE_ANNOT/1001G_fasta_Chr_scaffolds/101023.Chr_scaffolds.fa', '101024': '/tmp/global2/ssushko/TE_evolution/1001Gp_TE_ANNOT/1001G_fasta_Chr_scaffolds/101024.Chr_scaffolds.fa', '101025': '/tmp/global2/ssushko/TE_evolution/1001Gp_TE_ANNOT/1001G_fasta_Chr_scaffolds/101025.Chr_scaffolds.fa', '101026': '/tmp/global2/ssushko/TE_evolution/1001Gp_TE_ANNOT/1001G_fasta_Chr_scaffolds/101026.Chr_scaffolds.fa', '101027': '/tmp/global2/ssushko/TE_evolution/1001Gp_TE_ANNOT/1001G_fasta_Chr_scaffolds/101027.Chr_scaffolds.fa', '101028': '/tmp/global2/ssushko/TE_evolution/1001Gp_TE_ANNOT/1001G_fasta_Chr_scaffolds/101028.Chr_scaffolds.fa', '101029': '/tmp/global2/ssushko/TE_evolution/1001Gp_TE_ANNOT/1001G_fasta_Chr_scaffolds/101029.Chr_scaffolds.fa', '101030': '/tmp/global2/ssushko/TE_evolution/1001Gp_TE_ANNOT/1001G_fasta_Chr_scaffolds/101030.Chr_scaffolds.fa', '101031': '/tmp/global2/ssushko/TE_evolution/1001Gp_TE_ANNOT/1001G_fasta_Chr_scaffolds/101031.Chr_scaffolds.fa', '101032': '/tmp/global2/ssushko/TE_evolution/1001Gp_TE_ANNOT/1001G_fasta_Chr_scaffolds/101032.Chr_scaffolds.fa', '101033': '/tmp/global2/ssushko/TE_evolution/1001Gp_TE_ANNOT/1001G_fasta_Chr_scaffolds/101033.Chr_scaffolds.fa', '101034': '/tmp/global2/ssushko/TE_evolution/1001Gp_TE_ANNOT/1001G_fasta_Chr_scaffolds/101034.Chr_scaffolds.fa', '101035': '/tmp/global2/ssushko/TE_evolution/1001Gp_TE_ANNOT/1001G_fasta_Chr_scaffolds/101035.Chr_scaffolds.fa', '101036': '/tmp/global2/ssushko/TE_evolution/1001Gp_TE_ANNOT/1001G_fasta_Chr_scaffolds/101036.Chr_scaffolds.fa', '101037': '/tmp/global2/ssushko/TE_evolution/1001Gp_TE_ANNOT/1001G_fasta_Chr_scaffolds/101037.Chr_scaffolds.fa', '101038': '/tmp/global2/ssushko/TE_evolution/1001Gp_TE_ANNOT/1001G_fasta_Chr_scaffolds/101038.Chr_scaffolds.fa', '101039': '/tmp/global2/ssushko/TE_evolution/1001Gp_TE_ANNOT/1001G_fasta_Chr_scaffolds/101039.Chr_scaffolds.fa', '101040': '/tmp/global2/ssushko/TE_evolution/1001Gp_TE_ANNOT/1001G_fasta_Chr_scaffolds/101040.Chr_scaffolds.fa', '101041': '/tmp/global2/ssushko/TE_evolution/1001Gp_TE_ANNOT/1001G_fasta_Chr_scaffolds/101041.Chr_scaffolds.fa', '101042': '/tmp/global2/ssushko/TE_evolution/1001Gp_TE_ANNOT/1001G_fasta_Chr_scaffolds/101042.Chr_scaffolds.fa', '101043': '/tmp/global2/ssushko/TE_evolution/1001Gp_TE_ANNOT/1001G_fasta_Chr_scaffolds/101043.Chr_scaffolds.fa', '101044': '/tmp/global2/ssushko/TE_evolution/1001Gp_TE_ANNOT/1001G_fasta_Chr_scaffolds/101044.Chr_scaffolds.fa', '101045': '/tmp/global2/ssushko/TE_evolution/1001Gp_TE_ANNOT/1001G_fasta_Chr_scaffolds/101045.Chr_scaffolds.fa', '101046': '/tmp/global2/ssushko/TE_evolution/1001Gp_TE_ANNOT/1001G_fasta_Chr_scaffolds/101046.Chr_scaffolds.fa', '101054': '/tmp/global2/ssushko/TE_evolution/1001Gp_TE_ANNOT/1001G_fasta_Chr_scaffolds/101054.Chr_scaffolds.fa', '101055': '/tmp/global2/ssushko/TE_evolution/1001Gp_TE_ANNOT/1001G_fasta_Chr_scaffolds/101055.Chr_scaffolds.fa', '101056': '/tmp/global2/ssushko/TE_evolution/1001Gp_TE_ANNOT/1001G_fasta_Chr_scaffolds/101056.Chr_scaffolds.fa', '101057': '/tmp/global2/ssushko/TE_evolution/1001Gp_TE_ANNOT/1001G_fasta_Chr_scaffolds/101057.Chr_scaffolds.fa', '101058': '/tmp/global2/ssushko/TE_evolution/1001Gp_TE_ANNOT/1001G_fasta_Chr_scaffolds/101058.Chr_scaffolds.fa', '101059': '/tmp/global2/ssushko/TE_evolution/1001Gp_TE_ANNOT/1001G_fasta_Chr_scaffolds/101059.Chr_scaffolds.fa', '101060': '/tmp/global2/ssushko/TE_evolution/1001Gp_TE_ANNOT/1001G_fasta_Chr_scaffolds/101060.Chr_scaffolds.fa', '101061': '/tmp/global2/ssushko/TE_evolution/1001Gp_TE_ANNOT/1001G_fasta_Chr_scaffolds/101061.Chr_scaffolds.fa'}
Building DAG of jobs...
Job stats:
job                        count
-----------------------  -------
all                            1
concat_all_telibs              1
extract_min_n_fl_copies      622
make_panTElib                  1
total                        625


[Fri Sep  5 14:44:39 2025]
rule extract_min_n_fl_copies:
    input: /tmp/global2/ssushko/TE_evolution/1001Gp_TE_ANNOT/panTEome_v3_1001Gp/annotation_chr_s/single_genome_EDTA/100267/100267.Chr_scaffolds.fa.mod.EDTA.TEanno.sgannot.gff3, /tmp/global2/ssushko/TE_evolution/1001Gp_TE_ANNOT/panTEome_v3_1001Gp/annotation_chr_s/single_genome_EDTA/100267/100267.Chr_scaffolds.fa.mod.EDTA.anno/100267.Chr_scaffolds.fa.mod.EDTA.RM.out
    output: /tmp/global2/ssushko/TE_evolution/1001Gp_TE_ANNOT/panTEome_v3_1001Gp/annotation_chr_s/single_genome_EDTA/100267/100267.Chr_scaffolds.fa.mod.EDTA.TElib.fa.keep.list, /tmp/global2/ssushko/TE_evolution/1001Gp_TE_ANNOT/panTEome_v3_1001Gp/annotation_chr_s/single_genome_EDTA/100267/100267.Chr_scaffolds.fa.mod.EDTA.TElib.mincopyfiltered.fa
    log: logs/100267_extr_minnflcop.log
    jobid: 551
    reason: Missing output files: /tmp/global2/ssushko/TE_evolution/1001Gp_TE_ANNOT/panTEome_v3_1001Gp/annotation_chr_s/single_genome_EDTA/100267/100267.Chr_scaffolds.fa.mod.EDTA.TElib.mincopyfiltered.fa
    wildcards: sample=100267
    resources: mem_mb=1000, mem_mib=954, disk_mb=1000, disk_mib=954, tmpdir=<TBD>


[Fri Sep  5 14:44:39 2025]
rule extract_min_n_fl_copies:
    input: /tmp/global2/ssushko/TE_evolution/1001Gp_TE_ANNOT/panTEome_v3_1001Gp/annotation_chr_s/single_genome_EDTA/100280/100280.Chr_scaffolds.fa.mod.EDTA.TEanno.sgannot.gff3, /tmp/global2/ssushko/TE_evolution/1001Gp_TE_ANNOT/panTEome_v3_1001Gp/annotation_chr_s/single_genome_EDTA/100280/100280.Chr_scaffolds.fa.mod.EDTA.anno/100280.Chr_scaffolds.fa.mod.EDTA.RM.out
    output: /tmp/global2/ssushko/TE_evolution/1001Gp_TE_ANNOT/panTEome_v3_1001Gp/annotation_chr_s/single_genome_EDTA/100280/100280.Chr_scaffolds.fa.mod.EDTA.TElib.fa.keep.list, /tmp/global2/ssushko/TE_evolution/1001Gp_TE_ANNOT/panTEome_v3_1001Gp/annotation_chr_s/single_genome_EDTA/100280/100280.Chr_scaffolds.fa.mod.EDTA.TElib.mincopyfiltered.fa
    log: logs/100280_extr_minnflcop.log
    jobid: 579
    reason: Missing output files: /tmp/global2/ssushko/TE_evolution/1001Gp_TE_ANNOT/panTEome_v3_1001Gp/annotation_chr_s/single_genome_EDTA/100280/100280.Chr_scaffolds.fa.mod.EDTA.TElib.mincopyfiltered.fa
    wildcards: sample=100280
    resources: mem_mb=1000, mem_mib=954, disk_mb=1000, disk_mib=954, tmpdir=<TBD>


[Fri Sep  5 14:44:39 2025]
rule extract_min_n_fl_copies:
    input: /tmp/global2/ssushko/TE_evolution/1001Gp_TE_ANNOT/panTEome_v3_1001Gp/annotation_chr_s/single_genome_EDTA/100854/100854.Chr_scaffolds.fa.mod.EDTA.TEanno.sgannot.gff3, /tmp/global2/ssushko/TE_evolution/1001Gp_TE_ANNOT/panTEome_v3_1001Gp/annotation_chr_s/single_genome_EDTA/100854/100854.Chr_scaffolds.fa.mod.EDTA.anno/100854.Chr_scaffolds.fa.mod.EDTA.RM.out
    output: /tmp/global2/ssushko/TE_evolution/1001Gp_TE_ANNOT/panTEome_v3_1001Gp/annotation_chr_s/single_genome_EDTA/100854/100854.Chr_scaffolds.fa.mod.EDTA.TElib.fa.keep.list, /tmp/global2/ssushko/TE_evolution/1001Gp_TE_ANNOT/panTEome_v3_1001Gp/annotation_chr_s/single_genome_EDTA/100854/100854.Chr_scaffolds.fa.mod.EDTA.TElib.mincopyfiltered.fa
    log: logs/100854_extr_minnflcop.log
    jobid: 1687
    reason: Missing output files: /tmp/global2/ssushko/TE_evolution/1001Gp_TE_ANNOT/panTEome_v3_1001Gp/annotation_chr_s/single_genome_EDTA/100854/100854.Chr_scaffolds.fa.mod.EDTA.TElib.mincopyfiltered.fa
    wildcards: sample=100854
    resources: mem_mb=1000, mem_mib=954, disk_mb=1000, disk_mib=954, tmpdir=<TBD>


[Fri Sep  5 14:44:39 2025]
rule extract_min_n_fl_copies:
    input: /tmp/global2/ssushko/TE_evolution/1001Gp_TE_ANNOT/panTEome_v3_1001Gp/annotation_chr_s/single_genome_EDTA/100655/100655.Chr_scaffolds.fa.mod.EDTA.TEanno.sgannot.gff3, /tmp/global2/ssushko/TE_evolution/1001Gp_TE_ANNOT/panTEome_v3_1001Gp/annotation_chr_s/single_genome_EDTA/100655/100655.Chr_scaffolds.fa.mod.EDTA.anno/100655.Chr_scaffolds.fa.mod.EDTA.RM.out
    output: /tmp/global2/ssushko/TE_evolution/1001Gp_TE_ANNOT/panTEome_v3_1001Gp/annotation_chr_s/single_genome_EDTA/100655/100655.Chr_scaffolds.fa.mod.EDTA.TElib.fa.keep.list, /tmp/global2/ssushko/TE_evolution/1001Gp_TE_ANNOT/panTEome_v3_1001Gp/annotation_chr_s/single_genome_EDTA/100655/100655.Chr_scaffolds.fa.mod.EDTA.TElib.mincopyfiltered.fa
    log: logs/100655_extr_minnflcop.log
    jobid: 915
    reason: Missing output files: /tmp/global2/ssushko/TE_evolution/1001Gp_TE_ANNOT/panTEome_v3_1001Gp/annotation_chr_s/single_genome_EDTA/100655/100655.Chr_scaffolds.fa.mod.EDTA.TElib.mincopyfiltered.fa
    wildcards: sample=100655
    resources: mem_mb=1000, mem_mib=954, disk_mb=1000, disk_mib=954, tmpdir=<TBD>


[Fri Sep  5 14:44:39 2025]
rule extract_min_n_fl_copies:
    input: /tmp/global2/ssushko/TE_evolution/1001Gp_TE_ANNOT/panTEome_v3_1001Gp/annotation_chr_s/single_genome_EDTA/100695/100695.Chr_scaffolds.fa.mod.EDTA.TEanno.sgannot.gff3, /tmp/global2/ssushko/TE_evolution/1001Gp_TE_ANNOT/panTEome_v3_1001Gp/annotation_chr_s/single_genome_EDTA/100695/100695.Chr_scaffolds.fa.mod.EDTA.anno/100695.Chr_scaffolds.fa.mod.EDTA.RM.out
    output: /tmp/global2/ssushko/TE_evolution/1001Gp_TE_ANNOT/panTEome_v3_1001Gp/annotation_chr_s/single_genome_EDTA/100695/100695.Chr_scaffolds.fa.mod.EDTA.TElib.fa.keep.list, /tmp/global2/ssushko/TE_evolution/1001Gp_TE_ANNOT/panTEome_v3_1001Gp/annotation_chr_s/single_genome_EDTA/100695/100695.Chr_scaffolds.fa.mod.EDTA.TElib.mincopyfiltered.fa
    log: logs/100695_extr_minnflcop.log
    jobid: 1055
    reason: Missing output files: /tmp/global2/ssushko/TE_evolution/1001Gp_TE_ANNOT/panTEome_v3_1001Gp/annotation_chr_s/single_genome_EDTA/100695/100695.Chr_scaffolds.fa.mod.EDTA.TElib.mincopyfiltered.fa
    wildcards: sample=100695
    resources: mem_mb=1000, mem_mib=954, disk_mb=1000, disk_mib=954, tmpdir=<TBD>


[Fri Sep  5 14:44:39 2025]
rule extract_min_n_fl_copies:
    input: /tmp/global2/ssushko/TE_evolution/1001Gp_TE_ANNOT/panTEome_v3_1001Gp/annotation_chr_s/single_genome_EDTA/100765/100765.Chr_scaffolds.fa.mod.EDTA.TEanno.sgannot.gff3, /tmp/global2/ssushko/TE_evolution/1001Gp_TE_ANNOT/panTEome_v3_1001Gp/annotation_chr_s/single_genome_EDTA/100765/100765.Chr_scaffolds.fa.mod.EDTA.anno/100765.Chr_scaffolds.fa.mod.EDTA.RM.out
    output: /tmp/global2/ssushko/TE_evolution/1001Gp_TE_ANNOT/panTEome_v3_1001Gp/annotation_chr_s/single_genome_EDTA/100765/100765.Chr_scaffolds.fa.mod.EDTA.TElib.fa.keep.list, /tmp/global2/ssushko/TE_evolution/1001Gp_TE_ANNOT/panTEome_v3_1001Gp/annotation_chr_s/single_genome_EDTA/100765/100765.Chr_scaffolds.fa.mod.EDTA.TElib.mincopyfiltered.fa
    log: logs/100765_extr_minnflcop.log
    jobid: 1335
    reason: Missing output files: /tmp/global2/ssushko/TE_evolution/1001Gp_TE_ANNOT/panTEome_v3_1001Gp/annotation_chr_s/single_genome_EDTA/100765/100765.Chr_scaffolds.fa.mod.EDTA.TElib.mincopyfiltered.fa
    wildcards: sample=100765
    resources: mem_mb=1000, mem_mib=954, disk_mb=1000, disk_mib=954, tmpdir=<TBD>


[Fri Sep  5 14:44:39 2025]
rule extract_min_n_fl_copies:
    input: /tmp/global2/ssushko/TE_evolution/1001Gp_TE_ANNOT/panTEome_v3_1001Gp/annotation_chr_s/single_genome_EDTA/100794/100794.Chr_scaffolds.fa.mod.EDTA.TEanno.sgannot.gff3, /tmp/global2/ssushko/TE_evolution/1001Gp_TE_ANNOT/panTEome_v3_1001Gp/annotation_chr_s/single_genome_EDTA/100794/100794.Chr_scaffolds.fa.mod.EDTA.anno/100794.Chr_scaffolds.fa.mod.EDTA.RM.out
    output: /tmp/global2/ssushko/TE_evolution/1001Gp_TE_ANNOT/panTEome_v3_1001Gp/annotation_chr_s/single_genome_EDTA/100794/100794.Chr_scaffolds.fa.mod.EDTA.TElib.fa.keep.list, /tmp/global2/ssushko/TE_evolution/1001Gp_TE_ANNOT/panTEome_v3_1001Gp/annotation_chr_s/single_genome_EDTA/100794/100794.Chr_scaffolds.fa.mod.EDTA.TElib.mincopyfiltered.fa
    log: logs/100794_extr_minnflcop.log
    jobid: 1447
    reason: Missing output files: /tmp/global2/ssushko/TE_evolution/1001Gp_TE_ANNOT/panTEome_v3_1001Gp/annotation_chr_s/single_genome_EDTA/100794/100794.Chr_scaffolds.fa.mod.EDTA.TElib.mincopyfiltered.fa
    wildcards: sample=100794
    resources: mem_mb=1000, mem_mib=954, disk_mb=1000, disk_mib=954, tmpdir=<TBD>


[Fri Sep  5 14:44:39 2025]
rule extract_min_n_fl_copies:
    input: /tmp/global2/ssushko/TE_evolution/1001Gp_TE_ANNOT/panTEome_v3_1001Gp/annotation_chr_s/single_genome_EDTA/100899/100899.Chr_scaffolds.fa.mod.EDTA.TEanno.sgannot.gff3, /tmp/global2/ssushko/TE_evolution/1001Gp_TE_ANNOT/panTEome_v3_1001Gp/annotation_chr_s/single_genome_EDTA/100899/100899.Chr_scaffolds.fa.mod.EDTA.anno/100899.Chr_scaffolds.fa.mod.EDTA.RM.out
    output: /tmp/global2/ssushko/TE_evolution/1001Gp_TE_ANNOT/panTEome_v3_1001Gp/annotation_chr_s/single_genome_EDTA/100899/100899.Chr_scaffolds.fa.mod.EDTA.TElib.fa.keep.list, /tmp/global2/ssushko/TE_evolution/1001Gp_TE_ANNOT/panTEome_v3_1001Gp/annotation_chr_s/single_genome_EDTA/100899/100899.Chr_scaffolds.fa.mod.EDTA.TElib.mincopyfiltered.fa
    log: logs/100899_extr_minnflcop.log
    jobid: 1867
    reason: Missing output files: /tmp/global2/ssushko/TE_evolution/1001Gp_TE_ANNOT/panTEome_v3_1001Gp/annotation_chr_s/single_genome_EDTA/100899/100899.Chr_scaffolds.fa.mod.EDTA.TElib.mincopyfiltered.fa
    wildcards: sample=100899
    resources: mem_mb=1000, mem_mib=954, disk_mb=1000, disk_mib=954, tmpdir=<TBD>


[Fri Sep  5 14:44:39 2025]
rule extract_min_n_fl_copies:
    input: /tmp/global2/ssushko/TE_evolution/1001Gp_TE_ANNOT/panTEome_v3_1001Gp/annotation_chr_s/single_genome_EDTA/100997/100997.Chr_scaffolds.fa.mod.EDTA.TEanno.sgannot.gff3, /tmp/global2/ssushko/TE_evolution/1001Gp_TE_ANNOT/panTEome_v3_1001Gp/annotation_chr_s/single_genome_EDTA/100997/100997.Chr_scaffolds.fa.mod.EDTA.anno/100997.Chr_scaffolds.fa.mod.EDTA.RM.out
    output: /tmp/global2/ssushko/TE_evolution/1001Gp_TE_ANNOT/panTEome_v3_1001Gp/annotation_chr_s/single_genome_EDTA/100997/100997.Chr_scaffolds.fa.mod.EDTA.TElib.fa.keep.list, /tmp/global2/ssushko/TE_evolution/1001Gp_TE_ANNOT/panTEome_v3_1001Gp/annotation_chr_s/single_genome_EDTA/100997/100997.Chr_scaffolds.fa.mod.EDTA.TElib.mincopyfiltered.fa
    log: logs/100997_extr_minnflcop.log
    jobid: 2259
    reason: Missing output files: /tmp/global2/ssushko/TE_evolution/1001Gp_TE_ANNOT/panTEome_v3_1001Gp/annotation_chr_s/single_genome_EDTA/100997/100997.Chr_scaffolds.fa.mod.EDTA.TElib.mincopyfiltered.fa
    wildcards: sample=100997
    resources: mem_mb=1000, mem_mib=954, disk_mb=1000, disk_mib=954, tmpdir=<TBD>


[Fri Sep  5 14:44:39 2025]
rule extract_min_n_fl_copies:
    input: /tmp/global2/ssushko/TE_evolution/1001Gp_TE_ANNOT/panTEome_v3_1001Gp/annotation_chr_s/single_genome_EDTA/101004/101004.Chr_scaffolds.fa.mod.EDTA.TEanno.sgannot.gff3, /tmp/global2/ssushko/TE_evolution/1001Gp_TE_ANNOT/panTEome_v3_1001Gp/annotation_chr_s/single_genome_EDTA/101004/101004.Chr_scaffolds.fa.mod.EDTA.anno/101004.Chr_scaffolds.fa.mod.EDTA.RM.out
    output: /tmp/global2/ssushko/TE_evolution/1001Gp_TE_ANNOT/panTEome_v3_1001Gp/annotation_chr_s/single_genome_EDTA/101004/101004.Chr_scaffolds.fa.mod.EDTA.TElib.fa.keep.list, /tmp/global2/ssushko/TE_evolution/1001Gp_TE_ANNOT/panTEome_v3_1001Gp/annotation_chr_s/single_genome_EDTA/101004/101004.Chr_scaffolds.fa.mod.EDTA.TElib.mincopyfiltered.fa
    log: logs/101004_extr_minnflcop.log
    jobid: 2287
    reason: Missing output files: /tmp/global2/ssushko/TE_evolution/1001Gp_TE_ANNOT/panTEome_v3_1001Gp/annotation_chr_s/single_genome_EDTA/101004/101004.Chr_scaffolds.fa.mod.EDTA.TElib.mincopyfiltered.fa
    wildcards: sample=101004
    resources: mem_mb=1000, mem_mib=954, disk_mb=1000, disk_mib=954, tmpdir=<TBD>


[Fri Sep  5 14:44:39 2025]
rule extract_min_n_fl_copies:
    input: /tmp/global2/ssushko/TE_evolution/1001Gp_TE_ANNOT/panTEome_v3_1001Gp/annotation_chr_s/single_genome_EDTA/101032/101032.Chr_scaffolds.fa.mod.EDTA.TEanno.sgannot.gff3, /tmp/global2/ssushko/TE_evolution/1001Gp_TE_ANNOT/panTEome_v3_1001Gp/annotation_chr_s/single_genome_EDTA/101032/101032.Chr_scaffolds.fa.mod.EDTA.anno/101032.Chr_scaffolds.fa.mod.EDTA.RM.out
    output: /tmp/global2/ssushko/TE_evolution/1001Gp_TE_ANNOT/panTEome_v3_1001Gp/annotation_chr_s/single_genome_EDTA/101032/101032.Chr_scaffolds.fa.mod.EDTA.TElib.fa.keep.list, /tmp/global2/ssushko/TE_evolution/1001Gp_TE_ANNOT/panTEome_v3_1001Gp/annotation_chr_s/single_genome_EDTA/101032/101032.Chr_scaffolds.fa.mod.EDTA.TElib.mincopyfiltered.fa
    log: logs/101032_extr_minnflcop.log
    jobid: 2399
    reason: Missing output files: /tmp/global2/ssushko/TE_evolution/1001Gp_TE_ANNOT/panTEome_v3_1001Gp/annotation_chr_s/single_genome_EDTA/101032/101032.Chr_scaffolds.fa.mod.EDTA.TElib.mincopyfiltered.fa
    wildcards: sample=101032
    resources: mem_mb=1000, mem_mib=954, disk_mb=1000, disk_mib=954, tmpdir=<TBD>


[Fri Sep  5 14:44:39 2025]
rule extract_min_n_fl_copies:
    input: /tmp/global2/ssushko/TE_evolution/1001Gp_TE_ANNOT/panTEome_v3_1001Gp/annotation_chr_s/single_genome_EDTA/100862/100862.Chr_scaffolds.fa.mod.EDTA.TEanno.sgannot.gff3, /tmp/global2/ssushko/TE_evolution/1001Gp_TE_ANNOT/panTEome_v3_1001Gp/annotation_chr_s/single_genome_EDTA/100862/100862.Chr_scaffolds.fa.mod.EDTA.anno/100862.Chr_scaffolds.fa.mod.EDTA.RM.out
    output: /tmp/global2/ssushko/TE_evolution/1001Gp_TE_ANNOT/panTEome_v3_1001Gp/annotation_chr_s/single_genome_EDTA/100862/100862.Chr_scaffolds.fa.mod.EDTA.TElib.fa.keep.list, /tmp/global2/ssushko/TE_evolution/1001Gp_TE_ANNOT/panTEome_v3_1001Gp/annotation_chr_s/single_genome_EDTA/100862/100862.Chr_scaffolds.fa.mod.EDTA.TElib.mincopyfiltered.fa
    log: logs/100862_extr_minnflcop.log
    jobid: 1719
    reason: Missing output files: /tmp/global2/ssushko/TE_evolution/1001Gp_TE_ANNOT/panTEome_v3_1001Gp/annotation_chr_s/single_genome_EDTA/100862/100862.Chr_scaffolds.fa.mod.EDTA.TElib.mincopyfiltered.fa
    wildcards: sample=100862
    resources: mem_mb=1000, mem_mib=954, disk_mb=1000, disk_mib=954, tmpdir=<TBD>


[Fri Sep  5 14:44:39 2025]
rule extract_min_n_fl_copies:
    input: /tmp/global2/ssushko/TE_evolution/1001Gp_TE_ANNOT/panTEome_v3_1001Gp/annotation_chr_s/single_genome_EDTA/100296/100296.Chr_scaffolds.fa.mod.EDTA.TEanno.sgannot.gff3, /tmp/global2/ssushko/TE_evolution/1001Gp_TE_ANNOT/panTEome_v3_1001Gp/annotation_chr_s/single_genome_EDTA/100296/100296.Chr_scaffolds.fa.mod.EDTA.anno/100296.Chr_scaffolds.fa.mod.EDTA.RM.out
    output: /tmp/global2/ssushko/TE_evolution/1001Gp_TE_ANNOT/panTEome_v3_1001Gp/annotation_chr_s/single_genome_EDTA/100296/100296.Chr_scaffolds.fa.mod.EDTA.TElib.fa.keep.list, /tmp/global2/ssushko/TE_evolution/1001Gp_TE_ANNOT/panTEome_v3_1001Gp/annotation_chr_s/single_genome_EDTA/100296/100296.Chr_scaffolds.fa.mod.EDTA.TElib.mincopyfiltered.fa
    log: logs/100296_extr_minnflcop.log
    jobid: 623
    reason: Missing output files: /tmp/global2/ssushko/TE_evolution/1001Gp_TE_ANNOT/panTEome_v3_1001Gp/annotation_chr_s/single_genome_EDTA/100296/100296.Chr_scaffolds.fa.mod.EDTA.TElib.mincopyfiltered.fa
    wildcards: sample=100296
    resources: mem_mb=1000, mem_mib=954, disk_mb=1000, disk_mib=954, tmpdir=<TBD>


[Fri Sep  5 14:44:39 2025]
rule extract_min_n_fl_copies:
    input: /tmp/global2/ssushko/TE_evolution/1001Gp_TE_ANNOT/panTEome_v3_1001Gp/annotation_chr_s/single_genome_EDTA/100305/100305.Chr_scaffolds.fa.mod.EDTA.TEanno.sgannot.gff3, /tmp/global2/ssushko/TE_evolution/1001Gp_TE_ANNOT/panTEome_v3_1001Gp/annotation_chr_s/single_genome_EDTA/100305/100305.Chr_scaffolds.fa.mod.EDTA.anno/100305.Chr_scaffolds.fa.mod.EDTA.RM.out
    output: /tmp/global2/ssushko/TE_evolution/1001Gp_TE_ANNOT/panTEome_v3_1001Gp/annotation_chr_s/single_genome_EDTA/100305/100305.Chr_scaffolds.fa.mod.EDTA.TElib.fa.keep.list, /tmp/global2/ssushko/TE_evolution/1001Gp_TE_ANNOT/panTEome_v3_1001Gp/annotation_chr_s/single_genome_EDTA/100305/100305.Chr_scaffolds.fa.mod.EDTA.TElib.mincopyfiltered.fa
    log: logs/100305_extr_minnflcop.log
    jobid: 651
    reason: Missing output files: /tmp/global2/ssushko/TE_evolution/1001Gp_TE_ANNOT/panTEome_v3_1001Gp/annotation_chr_s/single_genome_EDTA/100305/100305.Chr_scaffolds.fa.mod.EDTA.TElib.mincopyfiltered.fa
    wildcards: sample=100305
    resources: mem_mb=1000, mem_mib=954, disk_mb=1000, disk_mib=954, tmpdir=<TBD>


[Fri Sep  5 14:44:39 2025]
rule extract_min_n_fl_copies:
    input: /tmp/global2/ssushko/TE_evolution/1001Gp_TE_ANNOT/panTEome_v3_1001Gp/annotation_chr_s/single_genome_EDTA/100671/100671.Chr_scaffolds.fa.mod.EDTA.TEanno.sgannot.gff3, /tmp/global2/ssushko/TE_evolution/1001Gp_TE_ANNOT/panTEome_v3_1001Gp/annotation_chr_s/single_genome_EDTA/100671/100671.Chr_scaffolds.fa.mod.EDTA.anno/100671.Chr_scaffolds.fa.mod.EDTA.RM.out
    output: /tmp/global2/ssushko/TE_evolution/1001Gp_TE_ANNOT/panTEome_v3_1001Gp/annotation_chr_s/single_genome_EDTA/100671/100671.Chr_scaffolds.fa.mod.EDTA.TElib.fa.keep.list, /tmp/global2/ssushko/TE_evolution/1001Gp_TE_ANNOT/panTEome_v3_1001Gp/annotation_chr_s/single_genome_EDTA/100671/100671.Chr_scaffolds.fa.mod.EDTA.TElib.mincopyfiltered.fa
    log: logs/100671_extr_minnflcop.log
    jobid: 959
    reason: Missing output files: /tmp/global2/ssushko/TE_evolution/1001Gp_TE_ANNOT/panTEome_v3_1001Gp/annotation_chr_s/single_genome_EDTA/100671/100671.Chr_scaffolds.fa.mod.EDTA.TElib.mincopyfiltered.fa
    wildcards: sample=100671
    resources: mem_mb=1000, mem_mib=954, disk_mb=1000, disk_mib=954, tmpdir=<TBD>


[Fri Sep  5 14:44:39 2025]
rule extract_min_n_fl_copies:
    input: /tmp/global2/ssushko/TE_evolution/1001Gp_TE_ANNOT/panTEome_v3_1001Gp/annotation_chr_s/single_genome_EDTA/100720/100720.Chr_scaffolds.fa.mod.EDTA.TEanno.sgannot.gff3, /tmp/global2/ssushko/TE_evolution/1001Gp_TE_ANNOT/panTEome_v3_1001Gp/annotation_chr_s/single_genome_EDTA/100720/100720.Chr_scaffolds.fa.mod.EDTA.anno/100720.Chr_scaffolds.fa.mod.EDTA.RM.out
    output: /tmp/global2/ssushko/TE_evolution/1001Gp_TE_ANNOT/panTEome_v3_1001Gp/annotation_chr_s/single_genome_EDTA/100720/100720.Chr_scaffolds.fa.mod.EDTA.TElib.fa.keep.list, /tmp/global2/ssushko/TE_evolution/1001Gp_TE_ANNOT/panTEome_v3_1001Gp/annotation_chr_s/single_genome_EDTA/100720/100720.Chr_scaffolds.fa.mod.EDTA.TElib.mincopyfiltered.fa
    log: logs/100720_extr_minnflcop.log
    jobid: 1155
    reason: Missing output files: /tmp/global2/ssushko/TE_evolution/1001Gp_TE_ANNOT/panTEome_v3_1001Gp/annotation_chr_s/single_genome_EDTA/100720/100720.Chr_scaffolds.fa.mod.EDTA.TElib.mincopyfiltered.fa
    wildcards: sample=100720
    resources: mem_mb=1000, mem_mib=954, disk_mb=1000, disk_mib=954, tmpdir=<TBD>


[Fri Sep  5 14:44:39 2025]
rule extract_min_n_fl_copies:
    input: /tmp/global2/ssushko/TE_evolution/1001Gp_TE_ANNOT/panTEome_v3_1001Gp/annotation_chr_s/single_genome_EDTA/100777/100777.Chr_scaffolds.fa.mod.EDTA.TEanno.sgannot.gff3, /tmp/global2/ssushko/TE_evolution/1001Gp_TE_ANNOT/panTEome_v3_1001Gp/annotation_chr_s/single_genome_EDTA/100777/100777.Chr_scaffolds.fa.mod.EDTA.anno/100777.Chr_scaffolds.fa.mod.EDTA.RM.out
    output: /tmp/global2/ssushko/TE_evolution/1001Gp_TE_ANNOT/panTEome_v3_1001Gp/annotation_chr_s/single_genome_EDTA/100777/100777.Chr_scaffolds.fa.mod.EDTA.TElib.fa.keep.list, /tmp/global2/ssushko/TE_evolution/1001Gp_TE_ANNOT/panTEome_v3_1001Gp/annotation_chr_s/single_genome_EDTA/100777/100777.Chr_scaffolds.fa.mod.EDTA.TElib.mincopyfiltered.fa
    log: logs/100777_extr_minnflcop.log
    jobid: 1379
    reason: Missing output files: /tmp/global2/ssushko/TE_evolution/1001Gp_TE_ANNOT/panTEome_v3_1001Gp/annotation_chr_s/single_genome_EDTA/100777/100777.Chr_scaffolds.fa.mod.EDTA.TElib.mincopyfiltered.fa
    wildcards: sample=100777
    resources: mem_mb=1000, mem_mib=954, disk_mb=1000, disk_mib=954, tmpdir=<TBD>


[Fri Sep  5 14:44:39 2025]
rule extract_min_n_fl_copies:
    input: /tmp/global2/ssushko/TE_evolution/1001Gp_TE_ANNOT/panTEome_v3_1001Gp/annotation_chr_s/single_genome_EDTA/100805/100805.Chr_scaffolds.fa.mod.EDTA.TEanno.sgannot.gff3, /tmp/global2/ssushko/TE_evolution/1001Gp_TE_ANNOT/panTEome_v3_1001Gp/annotation_chr_s/single_genome_EDTA/100805/100805.Chr_scaffolds.fa.mod.EDTA.anno/100805.Chr_scaffolds.fa.mod.EDTA.RM.out
    output: /tmp/global2/ssushko/TE_evolution/1001Gp_TE_ANNOT/panTEome_v3_1001Gp/annotation_chr_s/single_genome_EDTA/100805/100805.Chr_scaffolds.fa.mod.EDTA.TElib.fa.keep.list, /tmp/global2/ssushko/TE_evolution/1001Gp_TE_ANNOT/panTEome_v3_1001Gp/annotation_chr_s/single_genome_EDTA/100805/100805.Chr_scaffolds.fa.mod.EDTA.TElib.mincopyfiltered.fa
    log: logs/100805_extr_minnflcop.log
    jobid: 1491
    reason: Missing output files: /tmp/global2/ssushko/TE_evolution/1001Gp_TE_ANNOT/panTEome_v3_1001Gp/annotation_chr_s/single_genome_EDTA/100805/100805.Chr_scaffolds.fa.mod.EDTA.TElib.mincopyfiltered.fa
    wildcards: sample=100805
    resources: mem_mb=1000, mem_mib=954, disk_mb=1000, disk_mib=954, tmpdir=<TBD>


[Fri Sep  5 14:44:39 2025]
rule extract_min_n_fl_copies:
    input: /tmp/global2/ssushko/TE_evolution/1001Gp_TE_ANNOT/panTEome_v3_1001Gp/annotation_chr_s/single_genome_EDTA/100875/100875.Chr_scaffolds.fa.mod.EDTA.TEanno.sgannot.gff3, /tmp/global2/ssushko/TE_evolution/1001Gp_TE_ANNOT/panTEome_v3_1001Gp/annotation_chr_s/single_genome_EDTA/100875/100875.Chr_scaffolds.fa.mod.EDTA.anno/100875.Chr_scaffolds.fa.mod.EDTA.RM.out
    output: /tmp/global2/ssushko/TE_evolution/1001Gp_TE_ANNOT/panTEome_v3_1001Gp/annotation_chr_s/single_genome_EDTA/100875/100875.Chr_scaffolds.fa.mod.EDTA.TElib.fa.keep.list, /tmp/global2/ssushko/TE_evolution/1001Gp_TE_ANNOT/panTEome_v3_1001Gp/annotation_chr_s/single_genome_EDTA/100875/100875.Chr_scaffolds.fa.mod.EDTA.TElib.mincopyfiltered.fa
    log: logs/100875_extr_minnflcop.log
    jobid: 1771
    reason: Missing output files: /tmp/global2/ssushko/TE_evolution/1001Gp_TE_ANNOT/panTEome_v3_1001Gp/annotation_chr_s/single_genome_EDTA/100875/100875.Chr_scaffolds.fa.mod.EDTA.TElib.mincopyfiltered.fa
    wildcards: sample=100875
    resources: mem_mb=1000, mem_mib=954, disk_mb=1000, disk_mib=954, tmpdir=<TBD>


[Fri Sep  5 14:44:39 2025]
rule extract_min_n_fl_copies:
    input: /tmp/global2/ssushko/TE_evolution/1001Gp_TE_ANNOT/panTEome_v3_1001Gp/annotation_chr_s/single_genome_EDTA/100144/100144.Chr_scaffolds.fa.mod.EDTA.TEanno.sgannot.gff3, /tmp/global2/ssushko/TE_evolution/1001Gp_TE_ANNOT/panTEome_v3_1001Gp/annotation_chr_s/single_genome_EDTA/100144/100144.Chr_scaffolds.fa.mod.EDTA.anno/100144.Chr_scaffolds.fa.mod.EDTA.RM.out
    output: /tmp/global2/ssushko/TE_evolution/1001Gp_TE_ANNOT/panTEome_v3_1001Gp/annotation_chr_s/single_genome_EDTA/100144/100144.Chr_scaffolds.fa.mod.EDTA.TElib.fa.keep.list, /tmp/global2/ssushko/TE_evolution/1001Gp_TE_ANNOT/panTEome_v3_1001Gp/annotation_chr_s/single_genome_EDTA/100144/100144.Chr_scaffolds.fa.mod.EDTA.TElib.mincopyfiltered.fa
    log: logs/100144_extr_minnflcop.log
    jobid: 443
    reason: Missing output files: /tmp/global2/ssushko/TE_evolution/1001Gp_TE_ANNOT/panTEome_v3_1001Gp/annotation_chr_s/single_genome_EDTA/100144/100144.Chr_scaffolds.fa.mod.EDTA.TElib.mincopyfiltered.fa
    wildcards: sample=100144
    resources: mem_mb=1000, mem_mib=954, disk_mb=1000, disk_mib=954, tmpdir=<TBD>


[Fri Sep  5 14:44:39 2025]
rule extract_min_n_fl_copies:
    input: /tmp/global2/ssushko/TE_evolution/1001Gp_TE_ANNOT/panTEome_v3_1001Gp/annotation_chr_s/single_genome_EDTA/100522/100522.Chr_scaffolds.fa.mod.EDTA.TEanno.sgannot.gff3, /tmp/global2/ssushko/TE_evolution/1001Gp_TE_ANNOT/panTEome_v3_1001Gp/annotation_chr_s/single_genome_EDTA/100522/100522.Chr_scaffolds.fa.mod.EDTA.anno/100522.Chr_scaffolds.fa.mod.EDTA.RM.out
    output: /tmp/global2/ssushko/TE_evolution/1001Gp_TE_ANNOT/panTEome_v3_1001Gp/annotation_chr_s/single_genome_EDTA/100522/100522.Chr_scaffolds.fa.mod.EDTA.TElib.fa.keep.list, /tmp/global2/ssushko/TE_evolution/1001Gp_TE_ANNOT/panTEome_v3_1001Gp/annotation_chr_s/single_genome_EDTA/100522/100522.Chr_scaffolds.fa.mod.EDTA.TElib.mincopyfiltered.fa
    log: logs/100522_extr_minnflcop.log
    jobid: 819
    reason: Missing output files: /tmp/global2/ssushko/TE_evolution/1001Gp_TE_ANNOT/panTEome_v3_1001Gp/annotation_chr_s/single_genome_EDTA/100522/100522.Chr_scaffolds.fa.mod.EDTA.TElib.mincopyfiltered.fa
    wildcards: sample=100522
    resources: mem_mb=1000, mem_mib=954, disk_mb=1000, disk_mib=954, tmpdir=<TBD>


[Fri Sep  5 14:44:39 2025]
rule extract_min_n_fl_copies:
    input: /tmp/global2/ssushko/TE_evolution/1001Gp_TE_ANNOT/panTEome_v3_1001Gp/annotation_chr_s/single_genome_EDTA/100938/100938.Chr_scaffolds.fa.mod.EDTA.TEanno.sgannot.gff3, /tmp/global2/ssushko/TE_evolution/1001Gp_TE_ANNOT/panTEome_v3_1001Gp/annotation_chr_s/single_genome_EDTA/100938/100938.Chr_scaffolds.fa.mod.EDTA.anno/100938.Chr_scaffolds.fa.mod.EDTA.RM.out
    output: /tmp/global2/ssushko/TE_evolution/1001Gp_TE_ANNOT/panTEome_v3_1001Gp/annotation_chr_s/single_genome_EDTA/100938/100938.Chr_scaffolds.fa.mod.EDTA.TElib.fa.keep.list, /tmp/global2/ssushko/TE_evolution/1001Gp_TE_ANNOT/panTEome_v3_1001Gp/annotation_chr_s/single_genome_EDTA/100938/100938.Chr_scaffolds.fa.mod.EDTA.TElib.mincopyfiltered.fa
    log: logs/100938_extr_minnflcop.log
    jobid: 2023
    reason: Missing output files: /tmp/global2/ssushko/TE_evolution/1001Gp_TE_ANNOT/panTEome_v3_1001Gp/annotation_chr_s/single_genome_EDTA/100938/100938.Chr_scaffolds.fa.mod.EDTA.TElib.mincopyfiltered.fa
    wildcards: sample=100938
    resources: mem_mb=1000, mem_mib=954, disk_mb=1000, disk_mib=954, tmpdir=<TBD>


[Fri Sep  5 14:44:39 2025]
rule extract_min_n_fl_copies:
    input: /tmp/global2/ssushko/TE_evolution/1001Gp_TE_ANNOT/panTEome_v3_1001Gp/annotation_chr_s/single_genome_EDTA/100980/100980.Chr_scaffolds.fa.mod.EDTA.TEanno.sgannot.gff3, /tmp/global2/ssushko/TE_evolution/1001Gp_TE_ANNOT/panTEome_v3_1001Gp/annotation_chr_s/single_genome_EDTA/100980/100980.Chr_scaffolds.fa.mod.EDTA.anno/100980.Chr_scaffolds.fa.mod.EDTA.RM.out
    output: /tmp/global2/ssushko/TE_evolution/1001Gp_TE_ANNOT/panTEome_v3_1001Gp/annotation_chr_s/single_genome_EDTA/100980/100980.Chr_scaffolds.fa.mod.EDTA.TElib.fa.keep.list, /tmp/global2/ssushko/TE_evolution/1001Gp_TE_ANNOT/panTEome_v3_1001Gp/annotation_chr_s/single_genome_EDTA/100980/100980.Chr_scaffolds.fa.mod.EDTA.TElib.mincopyfiltered.fa
    log: logs/100980_extr_minnflcop.log
    jobid: 2191
    reason: Missing output files: /tmp/global2/ssushko/TE_evolution/1001Gp_TE_ANNOT/panTEome_v3_1001Gp/annotation_chr_s/single_genome_EDTA/100980/100980.Chr_scaffolds.fa.mod.EDTA.TElib.mincopyfiltered.fa
    wildcards: sample=100980
    resources: mem_mb=1000, mem_mib=954, disk_mb=1000, disk_mib=954, tmpdir=<TBD>


[Fri Sep  5 14:44:39 2025]
rule extract_min_n_fl_copies:
    input: /tmp/global2/ssushko/TE_evolution/1001Gp_TE_ANNOT/panTEome_v3_1001Gp/annotation_chr_s/single_genome_EDTA/100987/100987.Chr_scaffolds.fa.mod.EDTA.TEanno.sgannot.gff3, /tmp/global2/ssushko/TE_evolution/1001Gp_TE_ANNOT/panTEome_v3_1001Gp/annotation_chr_s/single_genome_EDTA/100987/100987.Chr_scaffolds.fa.mod.EDTA.anno/100987.Chr_scaffolds.fa.mod.EDTA.RM.out
    output: /tmp/global2/ssushko/TE_evolution/1001Gp_TE_ANNOT/panTEome_v3_1001Gp/annotation_chr_s/single_genome_EDTA/100987/100987.Chr_scaffolds.fa.mod.EDTA.TElib.fa.keep.list, /tmp/global2/ssushko/TE_evolution/1001Gp_TE_ANNOT/panTEome_v3_1001Gp/annotation_chr_s/single_genome_EDTA/100987/100987.Chr_scaffolds.fa.mod.EDTA.TElib.mincopyfiltered.fa
    log: logs/100987_extr_minnflcop.log
    jobid: 2219
    reason: Missing output files: /tmp/global2/ssushko/TE_evolution/1001Gp_TE_ANNOT/panTEome_v3_1001Gp/annotation_chr_s/single_genome_EDTA/100987/100987.Chr_scaffolds.fa.mod.EDTA.TElib.mincopyfiltered.fa
    wildcards: sample=100987
    resources: mem_mb=1000, mem_mib=954, disk_mb=1000, disk_mib=954, tmpdir=<TBD>


[Fri Sep  5 14:44:39 2025]
rule extract_min_n_fl_copies:
    input: /tmp/global2/ssushko/TE_evolution/1001Gp_TE_ANNOT/panTEome_v3_1001Gp/annotation_chr_s/single_genome_EDTA/100270/100270.Chr_scaffolds.fa.mod.EDTA.TEanno.sgannot.gff3, /tmp/global2/ssushko/TE_evolution/1001Gp_TE_ANNOT/panTEome_v3_1001Gp/annotation_chr_s/single_genome_EDTA/100270/100270.Chr_scaffolds.fa.mod.EDTA.anno/100270.Chr_scaffolds.fa.mod.EDTA.RM.out
    output: /tmp/global2/ssushko/TE_evolution/1001Gp_TE_ANNOT/panTEome_v3_1001Gp/annotation_chr_s/single_genome_EDTA/100270/100270.Chr_scaffolds.fa.mod.EDTA.TElib.fa.keep.list, /tmp/global2/ssushko/TE_evolution/1001Gp_TE_ANNOT/panTEome_v3_1001Gp/annotation_chr_s/single_genome_EDTA/100270/100270.Chr_scaffolds.fa.mod.EDTA.TElib.mincopyfiltered.fa
    log: logs/100270_extr_minnflcop.log
    jobid: 555
    reason: Missing output files: /tmp/global2/ssushko/TE_evolution/1001Gp_TE_ANNOT/panTEome_v3_1001Gp/annotation_chr_s/single_genome_EDTA/100270/100270.Chr_scaffolds.fa.mod.EDTA.TElib.mincopyfiltered.fa
    wildcards: sample=100270
    resources: mem_mb=1000, mem_mib=954, disk_mb=1000, disk_mib=954, tmpdir=<TBD>


[Fri Sep  5 14:44:39 2025]
rule extract_min_n_fl_copies:
    input: /tmp/global2/ssushko/TE_evolution/1001Gp_TE_ANNOT/panTEome_v3_1001Gp/annotation_chr_s/single_genome_EDTA/100281/100281.Chr_scaffolds.fa.mod.EDTA.TEanno.sgannot.gff3, /tmp/global2/ssushko/TE_evolution/1001Gp_TE_ANNOT/panTEome_v3_1001Gp/annotation_chr_s/single_genome_EDTA/100281/100281.Chr_scaffolds.fa.mod.EDTA.anno/100281.Chr_scaffolds.fa.mod.EDTA.RM.out
    output: /tmp/global2/ssushko/TE_evolution/1001Gp_TE_ANNOT/panTEome_v3_1001Gp/annotation_chr_s/single_genome_EDTA/100281/100281.Chr_scaffolds.fa.mod.EDTA.TElib.fa.keep.list, /tmp/global2/ssushko/TE_evolution/1001Gp_TE_ANNOT/panTEome_v3_1001Gp/annotation_chr_s/single_genome_EDTA/100281/100281.Chr_scaffolds.fa.mod.EDTA.TElib.mincopyfiltered.fa
    log: logs/100281_extr_minnflcop.log
    jobid: 583
    reason: Missing output files: /tmp/global2/ssushko/TE_evolution/1001Gp_TE_ANNOT/panTEome_v3_1001Gp/annotation_chr_s/single_genome_EDTA/100281/100281.Chr_scaffolds.fa.mod.EDTA.TElib.mincopyfiltered.fa
    wildcards: sample=100281
    resources: mem_mb=1000, mem_mib=954, disk_mb=1000, disk_mib=954, tmpdir=<TBD>


[Fri Sep  5 14:44:39 2025]
rule extract_min_n_fl_copies:
    input: /tmp/global2/ssushko/TE_evolution/1001Gp_TE_ANNOT/panTEome_v3_1001Gp/annotation_chr_s/single_genome_EDTA/100696/100696.Chr_scaffolds.fa.mod.EDTA.TEanno.sgannot.gff3, /tmp/global2/ssushko/TE_evolution/1001Gp_TE_ANNOT/panTEome_v3_1001Gp/annotation_chr_s/single_genome_EDTA/100696/100696.Chr_scaffolds.fa.mod.EDTA.anno/100696.Chr_scaffolds.fa.mod.EDTA.RM.out
    output: /tmp/global2/ssushko/TE_evolution/1001Gp_TE_ANNOT/panTEome_v3_1001Gp/annotation_chr_s/single_genome_EDTA/100696/100696.Chr_scaffolds.fa.mod.EDTA.TElib.fa.keep.list, /tmp/global2/ssushko/TE_evolution/1001Gp_TE_ANNOT/panTEome_v3_1001Gp/annotation_chr_s/single_genome_EDTA/100696/100696.Chr_scaffolds.fa.mod.EDTA.TElib.mincopyfiltered.fa
    log: logs/100696_extr_minnflcop.log
    jobid: 1059
    reason: Missing output files: /tmp/global2/ssushko/TE_evolution/1001Gp_TE_ANNOT/panTEome_v3_1001Gp/annotation_chr_s/single_genome_EDTA/100696/100696.Chr_scaffolds.fa.mod.EDTA.TElib.mincopyfiltered.fa
    wildcards: sample=100696
    resources: mem_mb=1000, mem_mib=954, disk_mb=1000, disk_mib=954, tmpdir=<TBD>


[Fri Sep  5 14:44:39 2025]
rule extract_min_n_fl_copies:
    input: /tmp/global2/ssushko/TE_evolution/1001Gp_TE_ANNOT/panTEome_v3_1001Gp/annotation_chr_s/single_genome_EDTA/100657/100657.Chr_scaffolds.fa.mod.EDTA.TEanno.sgannot.gff3, /tmp/global2/ssushko/TE_evolution/1001Gp_TE_ANNOT/panTEome_v3_1001Gp/annotation_chr_s/single_genome_EDTA/100657/100657.Chr_scaffolds.fa.mod.EDTA.anno/100657.Chr_scaffolds.fa.mod.EDTA.RM.out
    output: /tmp/global2/ssushko/TE_evolution/1001Gp_TE_ANNOT/panTEome_v3_1001Gp/annotation_chr_s/single_genome_EDTA/100657/100657.Chr_scaffolds.fa.mod.EDTA.TElib.fa.keep.list, /tmp/global2/ssushko/TE_evolution/1001Gp_TE_ANNOT/panTEome_v3_1001Gp/annotation_chr_s/single_genome_EDTA/100657/100657.Chr_scaffolds.fa.mod.EDTA.TElib.mincopyfiltered.fa
    log: logs/100657_extr_minnflcop.log
    jobid: 919
    reason: Missing output files: /tmp/global2/ssushko/TE_evolution/1001Gp_TE_ANNOT/panTEome_v3_1001Gp/annotation_chr_s/single_genome_EDTA/100657/100657.Chr_scaffolds.fa.mod.EDTA.TElib.mincopyfiltered.fa
    wildcards: sample=100657
    resources: mem_mb=1000, mem_mib=954, disk_mb=1000, disk_mib=954, tmpdir=<TBD>


[Fri Sep  5 14:44:39 2025]
rule extract_min_n_fl_copies:
    input: /tmp/global2/ssushko/TE_evolution/1001Gp_TE_ANNOT/panTEome_v3_1001Gp/annotation_chr_s/single_genome_EDTA/100766/100766.Chr_scaffolds.fa.mod.EDTA.TEanno.sgannot.gff3, /tmp/global2/ssushko/TE_evolution/1001Gp_TE_ANNOT/panTEome_v3_1001Gp/annotation_chr_s/single_genome_EDTA/100766/100766.Chr_scaffolds.fa.mod.EDTA.anno/100766.Chr_scaffolds.fa.mod.EDTA.RM.out
    output: /tmp/global2/ssushko/TE_evolution/1001Gp_TE_ANNOT/panTEome_v3_1001Gp/annotation_chr_s/single_genome_EDTA/100766/100766.Chr_scaffolds.fa.mod.EDTA.TElib.fa.keep.list, /tmp/global2/ssushko/TE_evolution/1001Gp_TE_ANNOT/panTEome_v3_1001Gp/annotation_chr_s/single_genome_EDTA/100766/100766.Chr_scaffolds.fa.mod.EDTA.TElib.mincopyfiltered.fa
    log: logs/100766_extr_minnflcop.log
    jobid: 1339
    reason: Missing output files: /tmp/global2/ssushko/TE_evolution/1001Gp_TE_ANNOT/panTEome_v3_1001Gp/annotation_chr_s/single_genome_EDTA/100766/100766.Chr_scaffolds.fa.mod.EDTA.TElib.mincopyfiltered.fa
    wildcards: sample=100766
    resources: mem_mb=1000, mem_mib=954, disk_mb=1000, disk_mib=954, tmpdir=<TBD>


[Fri Sep  5 14:44:39 2025]
rule extract_min_n_fl_copies:
    input: /tmp/global2/ssushko/TE_evolution/1001Gp_TE_ANNOT/panTEome_v3_1001Gp/annotation_chr_s/single_genome_EDTA/100795/100795.Chr_scaffolds.fa.mod.EDTA.TEanno.sgannot.gff3, /tmp/global2/ssushko/TE_evolution/1001Gp_TE_ANNOT/panTEome_v3_1001Gp/annotation_chr_s/single_genome_EDTA/100795/100795.Chr_scaffolds.fa.mod.EDTA.anno/100795.Chr_scaffolds.fa.mod.EDTA.RM.out
    output: /tmp/global2/ssushko/TE_evolution/1001Gp_TE_ANNOT/panTEome_v3_1001Gp/annotation_chr_s/single_genome_EDTA/100795/100795.Chr_scaffolds.fa.mod.EDTA.TElib.fa.keep.list, /tmp/global2/ssushko/TE_evolution/1001Gp_TE_ANNOT/panTEome_v3_1001Gp/annotation_chr_s/single_genome_EDTA/100795/100795.Chr_scaffolds.fa.mod.EDTA.TElib.mincopyfiltered.fa
    log: logs/100795_extr_minnflcop.log
    jobid: 1451
    reason: Missing output files: /tmp/global2/ssushko/TE_evolution/1001Gp_TE_ANNOT/panTEome_v3_1001Gp/annotation_chr_s/single_genome_EDTA/100795/100795.Chr_scaffolds.fa.mod.EDTA.TElib.mincopyfiltered.fa
    wildcards: sample=100795
    resources: mem_mb=1000, mem_mib=954, disk_mb=1000, disk_mib=954, tmpdir=<TBD>


[Fri Sep  5 14:44:39 2025]
rule extract_min_n_fl_copies:
    input: /tmp/global2/ssushko/TE_evolution/1001Gp_TE_ANNOT/panTEome_v3_1001Gp/annotation_chr_s/single_genome_EDTA/100900/100900.Chr_scaffolds.fa.mod.EDTA.TEanno.sgannot.gff3, /tmp/global2/ssushko/TE_evolution/1001Gp_TE_ANNOT/panTEome_v3_1001Gp/annotation_chr_s/single_genome_EDTA/100900/100900.Chr_scaffolds.fa.mod.EDTA.anno/100900.Chr_scaffolds.fa.mod.EDTA.RM.out
    output: /tmp/global2/ssushko/TE_evolution/1001Gp_TE_ANNOT/panTEome_v3_1001Gp/annotation_chr_s/single_genome_EDTA/100900/100900.Chr_scaffolds.fa.mod.EDTA.TElib.fa.keep.list, /tmp/global2/ssushko/TE_evolution/1001Gp_TE_ANNOT/panTEome_v3_1001Gp/annotation_chr_s/single_genome_EDTA/100900/100900.Chr_scaffolds.fa.mod.EDTA.TElib.mincopyfiltered.fa
    log: logs/100900_extr_minnflcop.log
    jobid: 1871
    reason: Missing output files: /tmp/global2/ssushko/TE_evolution/1001Gp_TE_ANNOT/panTEome_v3_1001Gp/annotation_chr_s/single_genome_EDTA/100900/100900.Chr_scaffolds.fa.mod.EDTA.TElib.mincopyfiltered.fa
    wildcards: sample=100900
    resources: mem_mb=1000, mem_mib=954, disk_mb=1000, disk_mib=954, tmpdir=<TBD>


[Fri Sep  5 14:44:39 2025]
rule extract_min_n_fl_copies:
    input: /tmp/global2/ssushko/TE_evolution/1001Gp_TE_ANNOT/panTEome_v3_1001Gp/annotation_chr_s/single_genome_EDTA/100998/100998.Chr_scaffolds.fa.mod.EDTA.TEanno.sgannot.gff3, /tmp/global2/ssushko/TE_evolution/1001Gp_TE_ANNOT/panTEome_v3_1001Gp/annotation_chr_s/single_genome_EDTA/100998/100998.Chr_scaffolds.fa.mod.EDTA.anno/100998.Chr_scaffolds.fa.mod.EDTA.RM.out
    output: /tmp/global2/ssushko/TE_evolution/1001Gp_TE_ANNOT/panTEome_v3_1001Gp/annotation_chr_s/single_genome_EDTA/100998/100998.Chr_scaffolds.fa.mod.EDTA.TElib.fa.keep.list, /tmp/global2/ssushko/TE_evolution/1001Gp_TE_ANNOT/panTEome_v3_1001Gp/annotation_chr_s/single_genome_EDTA/100998/100998.Chr_scaffolds.fa.mod.EDTA.TElib.mincopyfiltered.fa
    log: logs/100998_extr_minnflcop.log
    jobid: 2263
    reason: Missing output files: /tmp/global2/ssushko/TE_evolution/1001Gp_TE_ANNOT/panTEome_v3_1001Gp/annotation_chr_s/single_genome_EDTA/100998/100998.Chr_scaffolds.fa.mod.EDTA.TElib.mincopyfiltered.fa
    wildcards: sample=100998
    resources: mem_mb=1000, mem_mib=954, disk_mb=1000, disk_mib=954, tmpdir=<TBD>


[Fri Sep  5 14:44:39 2025]
rule extract_min_n_fl_copies:
    input: /tmp/global2/ssushko/TE_evolution/1001Gp_TE_ANNOT/panTEome_v3_1001Gp/annotation_chr_s/single_genome_EDTA/101005/101005.Chr_scaffolds.fa.mod.EDTA.TEanno.sgannot.gff3, /tmp/global2/ssushko/TE_evolution/1001Gp_TE_ANNOT/panTEome_v3_1001Gp/annotation_chr_s/single_genome_EDTA/101005/101005.Chr_scaffolds.fa.mod.EDTA.anno/101005.Chr_scaffolds.fa.mod.EDTA.RM.out
    output: /tmp/global2/ssushko/TE_evolution/1001Gp_TE_ANNOT/panTEome_v3_1001Gp/annotation_chr_s/single_genome_EDTA/101005/101005.Chr_scaffolds.fa.mod.EDTA.TElib.fa.keep.list, /tmp/global2/ssushko/TE_evolution/1001Gp_TE_ANNOT/panTEome_v3_1001Gp/annotation_chr_s/single_genome_EDTA/101005/101005.Chr_scaffolds.fa.mod.EDTA.TElib.mincopyfiltered.fa
    log: logs/101005_extr_minnflcop.log
    jobid: 2291
    reason: Missing output files: /tmp/global2/ssushko/TE_evolution/1001Gp_TE_ANNOT/panTEome_v3_1001Gp/annotation_chr_s/single_genome_EDTA/101005/101005.Chr_scaffolds.fa.mod.EDTA.TElib.mincopyfiltered.fa
    wildcards: sample=101005
    resources: mem_mb=1000, mem_mib=954, disk_mb=1000, disk_mib=954, tmpdir=<TBD>


[Fri Sep  5 14:44:39 2025]
rule extract_min_n_fl_copies:
    input: /tmp/global2/ssushko/TE_evolution/1001Gp_TE_ANNOT/panTEome_v3_1001Gp/annotation_chr_s/single_genome_EDTA/101033/101033.Chr_scaffolds.fa.mod.EDTA.TEanno.sgannot.gff3, /tmp/global2/ssushko/TE_evolution/1001Gp_TE_ANNOT/panTEome_v3_1001Gp/annotation_chr_s/single_genome_EDTA/101033/101033.Chr_scaffolds.fa.mod.EDTA.anno/101033.Chr_scaffolds.fa.mod.EDTA.RM.out
    output: /tmp/global2/ssushko/TE_evolution/1001Gp_TE_ANNOT/panTEome_v3_1001Gp/annotation_chr_s/single_genome_EDTA/101033/101033.Chr_scaffolds.fa.mod.EDTA.TElib.fa.keep.list, /tmp/global2/ssushko/TE_evolution/1001Gp_TE_ANNOT/panTEome_v3_1001Gp/annotation_chr_s/single_genome_EDTA/101033/101033.Chr_scaffolds.fa.mod.EDTA.TElib.mincopyfiltered.fa
    log: logs/101033_extr_minnflcop.log
    jobid: 2403
    reason: Missing output files: /tmp/global2/ssushko/TE_evolution/1001Gp_TE_ANNOT/panTEome_v3_1001Gp/annotation_chr_s/single_genome_EDTA/101033/101033.Chr_scaffolds.fa.mod.EDTA.TElib.mincopyfiltered.fa
    wildcards: sample=101033
    resources: mem_mb=1000, mem_mib=954, disk_mb=1000, disk_mib=954, tmpdir=<TBD>


[Fri Sep  5 14:44:39 2025]
rule extract_min_n_fl_copies:
    input: /tmp/global2/ssushko/TE_evolution/1001Gp_TE_ANNOT/panTEome_v3_1001Gp/annotation_chr_s/single_genome_EDTA/100297/100297.Chr_scaffolds.fa.mod.EDTA.TEanno.sgannot.gff3, /tmp/global2/ssushko/TE_evolution/1001Gp_TE_ANNOT/panTEome_v3_1001Gp/annotation_chr_s/single_genome_EDTA/100297/100297.Chr_scaffolds.fa.mod.EDTA.anno/100297.Chr_scaffolds.fa.mod.EDTA.RM.out
    output: /tmp/global2/ssushko/TE_evolution/1001Gp_TE_ANNOT/panTEome_v3_1001Gp/annotation_chr_s/single_genome_EDTA/100297/100297.Chr_scaffolds.fa.mod.EDTA.TElib.fa.keep.list, /tmp/global2/ssushko/TE_evolution/1001Gp_TE_ANNOT/panTEome_v3_1001Gp/annotation_chr_s/single_genome_EDTA/100297/100297.Chr_scaffolds.fa.mod.EDTA.TElib.mincopyfiltered.fa
    log: logs/100297_extr_minnflcop.log
    jobid: 627
    reason: Missing output files: /tmp/global2/ssushko/TE_evolution/1001Gp_TE_ANNOT/panTEome_v3_1001Gp/annotation_chr_s/single_genome_EDTA/100297/100297.Chr_scaffolds.fa.mod.EDTA.TElib.mincopyfiltered.fa
    wildcards: sample=100297
    resources: mem_mb=1000, mem_mib=954, disk_mb=1000, disk_mib=954, tmpdir=<TBD>


[Fri Sep  5 14:44:39 2025]
rule extract_min_n_fl_copies:
    input: /tmp/global2/ssushko/TE_evolution/1001Gp_TE_ANNOT/panTEome_v3_1001Gp/annotation_chr_s/single_genome_EDTA/100306/100306.Chr_scaffolds.fa.mod.EDTA.TEanno.sgannot.gff3, /tmp/global2/ssushko/TE_evolution/1001Gp_TE_ANNOT/panTEome_v3_1001Gp/annotation_chr_s/single_genome_EDTA/100306/100306.Chr_scaffolds.fa.mod.EDTA.anno/100306.Chr_scaffolds.fa.mod.EDTA.RM.out
    output: /tmp/global2/ssushko/TE_evolution/1001Gp_TE_ANNOT/panTEome_v3_1001Gp/annotation_chr_s/single_genome_EDTA/100306/100306.Chr_scaffolds.fa.mod.EDTA.TElib.fa.keep.list, /tmp/global2/ssushko/TE_evolution/1001Gp_TE_ANNOT/panTEome_v3_1001Gp/annotation_chr_s/single_genome_EDTA/100306/100306.Chr_scaffolds.fa.mod.EDTA.TElib.mincopyfiltered.fa
    log: logs/100306_extr_minnflcop.log
    jobid: 655
    reason: Missing output files: /tmp/global2/ssushko/TE_evolution/1001Gp_TE_ANNOT/panTEome_v3_1001Gp/annotation_chr_s/single_genome_EDTA/100306/100306.Chr_scaffolds.fa.mod.EDTA.TElib.mincopyfiltered.fa
    wildcards: sample=100306
    resources: mem_mb=1000, mem_mib=954, disk_mb=1000, disk_mib=954, tmpdir=<TBD>


[Fri Sep  5 14:44:39 2025]
rule extract_min_n_fl_copies:
    input: /tmp/global2/ssushko/TE_evolution/1001Gp_TE_ANNOT/panTEome_v3_1001Gp/annotation_chr_s/single_genome_EDTA/100721/100721.Chr_scaffolds.fa.mod.EDTA.TEanno.sgannot.gff3, /tmp/global2/ssushko/TE_evolution/1001Gp_TE_ANNOT/panTEome_v3_1001Gp/annotation_chr_s/single_genome_EDTA/100721/100721.Chr_scaffolds.fa.mod.EDTA.anno/100721.Chr_scaffolds.fa.mod.EDTA.RM.out
    output: /tmp/global2/ssushko/TE_evolution/1001Gp_TE_ANNOT/panTEome_v3_1001Gp/annotation_chr_s/single_genome_EDTA/100721/100721.Chr_scaffolds.fa.mod.EDTA.TElib.fa.keep.list, /tmp/global2/ssushko/TE_evolution/1001Gp_TE_ANNOT/panTEome_v3_1001Gp/annotation_chr_s/single_genome_EDTA/100721/100721.Chr_scaffolds.fa.mod.EDTA.TElib.mincopyfiltered.fa
    log: logs/100721_extr_minnflcop.log
    jobid: 1159
    reason: Missing output files: /tmp/global2/ssushko/TE_evolution/1001Gp_TE_ANNOT/panTEome_v3_1001Gp/annotation_chr_s/single_genome_EDTA/100721/100721.Chr_scaffolds.fa.mod.EDTA.TElib.mincopyfiltered.fa
    wildcards: sample=100721
    resources: mem_mb=1000, mem_mib=954, disk_mb=1000, disk_mib=954, tmpdir=<TBD>


[Fri Sep  5 14:44:39 2025]
rule extract_min_n_fl_copies:
    input: /tmp/global2/ssushko/TE_evolution/1001Gp_TE_ANNOT/panTEome_v3_1001Gp/annotation_chr_s/single_genome_EDTA/100672/100672.Chr_scaffolds.fa.mod.EDTA.TEanno.sgannot.gff3, /tmp/global2/ssushko/TE_evolution/1001Gp_TE_ANNOT/panTEome_v3_1001Gp/annotation_chr_s/single_genome_EDTA/100672/100672.Chr_scaffolds.fa.mod.EDTA.anno/100672.Chr_scaffolds.fa.mod.EDTA.RM.out
    output: /tmp/global2/ssushko/TE_evolution/1001Gp_TE_ANNOT/panTEome_v3_1001Gp/annotation_chr_s/single_genome_EDTA/100672/100672.Chr_scaffolds.fa.mod.EDTA.TElib.fa.keep.list, /tmp/global2/ssushko/TE_evolution/1001Gp_TE_ANNOT/panTEome_v3_1001Gp/annotation_chr_s/single_genome_EDTA/100672/100672.Chr_scaffolds.fa.mod.EDTA.TElib.mincopyfiltered.fa
    log: logs/100672_extr_minnflcop.log
    jobid: 963
    reason: Missing output files: /tmp/global2/ssushko/TE_evolution/1001Gp_TE_ANNOT/panTEome_v3_1001Gp/annotation_chr_s/single_genome_EDTA/100672/100672.Chr_scaffolds.fa.mod.EDTA.TElib.mincopyfiltered.fa
    wildcards: sample=100672
    resources: mem_mb=1000, mem_mib=954, disk_mb=1000, disk_mib=954, tmpdir=<TBD>


[Fri Sep  5 14:44:39 2025]
rule extract_min_n_fl_copies:
    input: /tmp/global2/ssushko/TE_evolution/1001Gp_TE_ANNOT/panTEome_v3_1001Gp/annotation_chr_s/single_genome_EDTA/100523/100523.Chr_scaffolds.fa.mod.EDTA.TEanno.sgannot.gff3, /tmp/global2/ssushko/TE_evolution/1001Gp_TE_ANNOT/panTEome_v3_1001Gp/annotation_chr_s/single_genome_EDTA/100523/100523.Chr_scaffolds.fa.mod.EDTA.anno/100523.Chr_scaffolds.fa.mod.EDTA.RM.out
    output: /tmp/global2/ssushko/TE_evolution/1001Gp_TE_ANNOT/panTEome_v3_1001Gp/annotation_chr_s/single_genome_EDTA/100523/100523.Chr_scaffolds.fa.mod.EDTA.TElib.fa.keep.list, /tmp/global2/ssushko/TE_evolution/1001Gp_TE_ANNOT/panTEome_v3_1001Gp/annotation_chr_s/single_genome_EDTA/100523/100523.Chr_scaffolds.fa.mod.EDTA.TElib.mincopyfiltered.fa
    log: logs/100523_extr_minnflcop.log
    jobid: 823
    reason: Missing output files: /tmp/global2/ssushko/TE_evolution/1001Gp_TE_ANNOT/panTEome_v3_1001Gp/annotation_chr_s/single_genome_EDTA/100523/100523.Chr_scaffolds.fa.mod.EDTA.TElib.mincopyfiltered.fa
    wildcards: sample=100523
    resources: mem_mb=1000, mem_mib=954, disk_mb=1000, disk_mib=954, tmpdir=<TBD>


[Fri Sep  5 14:44:39 2025]
rule extract_min_n_fl_copies:
    input: /tmp/global2/ssushko/TE_evolution/1001Gp_TE_ANNOT/panTEome_v3_1001Gp/annotation_chr_s/single_genome_EDTA/100778/100778.Chr_scaffolds.fa.mod.EDTA.TEanno.sgannot.gff3, /tmp/global2/ssushko/TE_evolution/1001Gp_TE_ANNOT/panTEome_v3_1001Gp/annotation_chr_s/single_genome_EDTA/100778/100778.Chr_scaffolds.fa.mod.EDTA.anno/100778.Chr_scaffolds.fa.mod.EDTA.RM.out
    output: /tmp/global2/ssushko/TE_evolution/1001Gp_TE_ANNOT/panTEome_v3_1001Gp/annotation_chr_s/single_genome_EDTA/100778/100778.Chr_scaffolds.fa.mod.EDTA.TElib.fa.keep.list, /tmp/global2/ssushko/TE_evolution/1001Gp_TE_ANNOT/panTEome_v3_1001Gp/annotation_chr_s/single_genome_EDTA/100778/100778.Chr_scaffolds.fa.mod.EDTA.TElib.mincopyfiltered.fa
    log: logs/100778_extr_minnflcop.log
    jobid: 1383
    reason: Missing output files: /tmp/global2/ssushko/TE_evolution/1001Gp_TE_ANNOT/panTEome_v3_1001Gp/annotation_chr_s/single_genome_EDTA/100778/100778.Chr_scaffolds.fa.mod.EDTA.TElib.mincopyfiltered.fa
    wildcards: sample=100778
    resources: mem_mb=1000, mem_mib=954, disk_mb=1000, disk_mib=954, tmpdir=<TBD>


[Fri Sep  5 14:44:39 2025]
rule extract_min_n_fl_copies:
    input: /tmp/global2/ssushko/TE_evolution/1001Gp_TE_ANNOT/panTEome_v3_1001Gp/annotation_chr_s/single_genome_EDTA/100939/100939.Chr_scaffolds.fa.mod.EDTA.TEanno.sgannot.gff3, /tmp/global2/ssushko/TE_evolution/1001Gp_TE_ANNOT/panTEome_v3_1001Gp/annotation_chr_s/single_genome_EDTA/100939/100939.Chr_scaffolds.fa.mod.EDTA.anno/100939.Chr_scaffolds.fa.mod.EDTA.RM.out
    output: /tmp/global2/ssushko/TE_evolution/1001Gp_TE_ANNOT/panTEome_v3_1001Gp/annotation_chr_s/single_genome_EDTA/100939/100939.Chr_scaffolds.fa.mod.EDTA.TElib.fa.keep.list, /tmp/global2/ssushko/TE_evolution/1001Gp_TE_ANNOT/panTEome_v3_1001Gp/annotation_chr_s/single_genome_EDTA/100939/100939.Chr_scaffolds.fa.mod.EDTA.TElib.mincopyfiltered.fa
    log: logs/100939_extr_minnflcop.log
    jobid: 2027
    reason: Missing output files: /tmp/global2/ssushko/TE_evolution/1001Gp_TE_ANNOT/panTEome_v3_1001Gp/annotation_chr_s/single_genome_EDTA/100939/100939.Chr_scaffolds.fa.mod.EDTA.TElib.mincopyfiltered.fa
    wildcards: sample=100939
    resources: mem_mb=1000, mem_mib=954, disk_mb=1000, disk_mib=954, tmpdir=<TBD>


[Fri Sep  5 14:44:39 2025]
rule extract_min_n_fl_copies:
    input: /tmp/global2/ssushko/TE_evolution/1001Gp_TE_ANNOT/panTEome_v3_1001Gp/annotation_chr_s/single_genome_EDTA/100145/100145.Chr_scaffolds.fa.mod.EDTA.TEanno.sgannot.gff3, /tmp/global2/ssushko/TE_evolution/1001Gp_TE_ANNOT/panTEome_v3_1001Gp/annotation_chr_s/single_genome_EDTA/100145/100145.Chr_scaffolds.fa.mod.EDTA.anno/100145.Chr_scaffolds.fa.mod.EDTA.RM.out
    output: /tmp/global2/ssushko/TE_evolution/1001Gp_TE_ANNOT/panTEome_v3_1001Gp/annotation_chr_s/single_genome_EDTA/100145/100145.Chr_scaffolds.fa.mod.EDTA.TElib.fa.keep.list, /tmp/global2/ssushko/TE_evolution/1001Gp_TE_ANNOT/panTEome_v3_1001Gp/annotation_chr_s/single_genome_EDTA/100145/100145.Chr_scaffolds.fa.mod.EDTA.TElib.mincopyfiltered.fa
    log: logs/100145_extr_minnflcop.log
    jobid: 447
    reason: Missing output files: /tmp/global2/ssushko/TE_evolution/1001Gp_TE_ANNOT/panTEome_v3_1001Gp/annotation_chr_s/single_genome_EDTA/100145/100145.Chr_scaffolds.fa.mod.EDTA.TElib.mincopyfiltered.fa
    wildcards: sample=100145
    resources: mem_mb=1000, mem_mib=954, disk_mb=1000, disk_mib=954, tmpdir=<TBD>


[Fri Sep  5 14:44:39 2025]
rule extract_min_n_fl_copies:
    input: /tmp/global2/ssushko/TE_evolution/1001Gp_TE_ANNOT/panTEome_v3_1001Gp/annotation_chr_s/single_genome_EDTA/100806/100806.Chr_scaffolds.fa.mod.EDTA.TEanno.sgannot.gff3, /tmp/global2/ssushko/TE_evolution/1001Gp_TE_ANNOT/panTEome_v3_1001Gp/annotation_chr_s/single_genome_EDTA/100806/100806.Chr_scaffolds.fa.mod.EDTA.anno/100806.Chr_scaffolds.fa.mod.EDTA.RM.out
    output: /tmp/global2/ssushko/TE_evolution/1001Gp_TE_ANNOT/panTEome_v3_1001Gp/annotation_chr_s/single_genome_EDTA/100806/100806.Chr_scaffolds.fa.mod.EDTA.TElib.fa.keep.list, /tmp/global2/ssushko/TE_evolution/1001Gp_TE_ANNOT/panTEome_v3_1001Gp/annotation_chr_s/single_genome_EDTA/100806/100806.Chr_scaffolds.fa.mod.EDTA.TElib.mincopyfiltered.fa
    log: logs/100806_extr_minnflcop.log
    jobid: 1495
    reason: Missing output files: /tmp/global2/ssushko/TE_evolution/1001Gp_TE_ANNOT/panTEome_v3_1001Gp/annotation_chr_s/single_genome_EDTA/100806/100806.Chr_scaffolds.fa.mod.EDTA.TElib.mincopyfiltered.fa
    wildcards: sample=100806
    resources: mem_mb=1000, mem_mib=954, disk_mb=1000, disk_mib=954, tmpdir=<TBD>


[Fri Sep  5 14:44:39 2025]
rule extract_min_n_fl_copies:
    input: /tmp/global2/ssushko/TE_evolution/1001Gp_TE_ANNOT/panTEome_v3_1001Gp/annotation_chr_s/single_genome_EDTA/100876/100876.Chr_scaffolds.fa.mod.EDTA.TEanno.sgannot.gff3, /tmp/global2/ssushko/TE_evolution/1001Gp_TE_ANNOT/panTEome_v3_1001Gp/annotation_chr_s/single_genome_EDTA/100876/100876.Chr_scaffolds.fa.mod.EDTA.anno/100876.Chr_scaffolds.fa.mod.EDTA.RM.out
    output: /tmp/global2/ssushko/TE_evolution/1001Gp_TE_ANNOT/panTEome_v3_1001Gp/annotation_chr_s/single_genome_EDTA/100876/100876.Chr_scaffolds.fa.mod.EDTA.TElib.fa.keep.list, /tmp/global2/ssushko/TE_evolution/1001Gp_TE_ANNOT/panTEome_v3_1001Gp/annotation_chr_s/single_genome_EDTA/100876/100876.Chr_scaffolds.fa.mod.EDTA.TElib.mincopyfiltered.fa
    log: logs/100876_extr_minnflcop.log
    jobid: 1775
    reason: Missing output files: /tmp/global2/ssushko/TE_evolution/1001Gp_TE_ANNOT/panTEome_v3_1001Gp/annotation_chr_s/single_genome_EDTA/100876/100876.Chr_scaffolds.fa.mod.EDTA.TElib.mincopyfiltered.fa
    wildcards: sample=100876
    resources: mem_mb=1000, mem_mib=954, disk_mb=1000, disk_mib=954, tmpdir=<TBD>


[Fri Sep  5 14:44:39 2025]
rule extract_min_n_fl_copies:
    input: /tmp/global2/ssushko/TE_evolution/1001Gp_TE_ANNOT/panTEome_v3_1001Gp/annotation_chr_s/single_genome_EDTA/100981/100981.Chr_scaffolds.fa.mod.EDTA.TEanno.sgannot.gff3, /tmp/global2/ssushko/TE_evolution/1001Gp_TE_ANNOT/panTEome_v3_1001Gp/annotation_chr_s/single_genome_EDTA/100981/100981.Chr_scaffolds.fa.mod.EDTA.anno/100981.Chr_scaffolds.fa.mod.EDTA.RM.out
    output: /tmp/global2/ssushko/TE_evolution/1001Gp_TE_ANNOT/panTEome_v3_1001Gp/annotation_chr_s/single_genome_EDTA/100981/100981.Chr_scaffolds.fa.mod.EDTA.TElib.fa.keep.list, /tmp/global2/ssushko/TE_evolution/1001Gp_TE_ANNOT/panTEome_v3_1001Gp/annotation_chr_s/single_genome_EDTA/100981/100981.Chr_scaffolds.fa.mod.EDTA.TElib.mincopyfiltered.fa
    log: logs/100981_extr_minnflcop.log
    jobid: 2195
    reason: Missing output files: /tmp/global2/ssushko/TE_evolution/1001Gp_TE_ANNOT/panTEome_v3_1001Gp/annotation_chr_s/single_genome_EDTA/100981/100981.Chr_scaffolds.fa.mod.EDTA.TElib.mincopyfiltered.fa
    wildcards: sample=100981
    resources: mem_mb=1000, mem_mib=954, disk_mb=1000, disk_mib=954, tmpdir=<TBD>


[Fri Sep  5 14:44:39 2025]
rule extract_min_n_fl_copies:
    input: /tmp/global2/ssushko/TE_evolution/1001Gp_TE_ANNOT/panTEome_v3_1001Gp/annotation_chr_s/single_genome_EDTA/100988/100988.Chr_scaffolds.fa.mod.EDTA.TEanno.sgannot.gff3, /tmp/global2/ssushko/TE_evolution/1001Gp_TE_ANNOT/panTEome_v3_1001Gp/annotation_chr_s/single_genome_EDTA/100988/100988.Chr_scaffolds.fa.mod.EDTA.anno/100988.Chr_scaffolds.fa.mod.EDTA.RM.out
    output: /tmp/global2/ssushko/TE_evolution/1001Gp_TE_ANNOT/panTEome_v3_1001Gp/annotation_chr_s/single_genome_EDTA/100988/100988.Chr_scaffolds.fa.mod.EDTA.TElib.fa.keep.list, /tmp/global2/ssushko/TE_evolution/1001Gp_TE_ANNOT/panTEome_v3_1001Gp/annotation_chr_s/single_genome_EDTA/100988/100988.Chr_scaffolds.fa.mod.EDTA.TElib.mincopyfiltered.fa
    log: logs/100988_extr_minnflcop.log
    jobid: 2223
    reason: Missing output files: /tmp/global2/ssushko/TE_evolution/1001Gp_TE_ANNOT/panTEome_v3_1001Gp/annotation_chr_s/single_genome_EDTA/100988/100988.Chr_scaffolds.fa.mod.EDTA.TElib.mincopyfiltered.fa
    wildcards: sample=100988
    resources: mem_mb=1000, mem_mib=954, disk_mb=1000, disk_mib=954, tmpdir=<TBD>


[Fri Sep  5 14:44:39 2025]
rule extract_min_n_fl_copies:
    input: /tmp/global2/ssushko/TE_evolution/1001Gp_TE_ANNOT/panTEome_v3_1001Gp/annotation_chr_s/single_genome_EDTA/100271/100271.Chr_scaffolds.fa.mod.EDTA.TEanno.sgannot.gff3, /tmp/global2/ssushko/TE_evolution/1001Gp_TE_ANNOT/panTEome_v3_1001Gp/annotation_chr_s/single_genome_EDTA/100271/100271.Chr_scaffolds.fa.mod.EDTA.anno/100271.Chr_scaffolds.fa.mod.EDTA.RM.out
    output: /tmp/global2/ssushko/TE_evolution/1001Gp_TE_ANNOT/panTEome_v3_1001Gp/annotation_chr_s/single_genome_EDTA/100271/100271.Chr_scaffolds.fa.mod.EDTA.TElib.fa.keep.list, /tmp/global2/ssushko/TE_evolution/1001Gp_TE_ANNOT/panTEome_v3_1001Gp/annotation_chr_s/single_genome_EDTA/100271/100271.Chr_scaffolds.fa.mod.EDTA.TElib.mincopyfiltered.fa
    log: logs/100271_extr_minnflcop.log
    jobid: 559
    reason: Missing output files: /tmp/global2/ssushko/TE_evolution/1001Gp_TE_ANNOT/panTEome_v3_1001Gp/annotation_chr_s/single_genome_EDTA/100271/100271.Chr_scaffolds.fa.mod.EDTA.TElib.mincopyfiltered.fa
    wildcards: sample=100271
    resources: mem_mb=1000, mem_mib=954, disk_mb=1000, disk_mib=954, tmpdir=<TBD>


[Fri Sep  5 14:44:39 2025]
rule extract_min_n_fl_copies:
    input: /tmp/global2/ssushko/TE_evolution/1001Gp_TE_ANNOT/panTEome_v3_1001Gp/annotation_chr_s/single_genome_EDTA/100282/100282.Chr_scaffolds.fa.mod.EDTA.TEanno.sgannot.gff3, /tmp/global2/ssushko/TE_evolution/1001Gp_TE_ANNOT/panTEome_v3_1001Gp/annotation_chr_s/single_genome_EDTA/100282/100282.Chr_scaffolds.fa.mod.EDTA.anno/100282.Chr_scaffolds.fa.mod.EDTA.RM.out
    output: /tmp/global2/ssushko/TE_evolution/1001Gp_TE_ANNOT/panTEome_v3_1001Gp/annotation_chr_s/single_genome_EDTA/100282/100282.Chr_scaffolds.fa.mod.EDTA.TElib.fa.keep.list, /tmp/global2/ssushko/TE_evolution/1001Gp_TE_ANNOT/panTEome_v3_1001Gp/annotation_chr_s/single_genome_EDTA/100282/100282.Chr_scaffolds.fa.mod.EDTA.TElib.mincopyfiltered.fa
    log: logs/100282_extr_minnflcop.log
    jobid: 587
    reason: Missing output files: /tmp/global2/ssushko/TE_evolution/1001Gp_TE_ANNOT/panTEome_v3_1001Gp/annotation_chr_s/single_genome_EDTA/100282/100282.Chr_scaffolds.fa.mod.EDTA.TElib.mincopyfiltered.fa
    wildcards: sample=100282
    resources: mem_mb=1000, mem_mib=954, disk_mb=1000, disk_mib=954, tmpdir=<TBD>


[Fri Sep  5 14:44:39 2025]
rule extract_min_n_fl_copies:
    input: /tmp/global2/ssushko/TE_evolution/1001Gp_TE_ANNOT/panTEome_v3_1001Gp/annotation_chr_s/single_genome_EDTA/100697/100697.Chr_scaffolds.fa.mod.EDTA.TEanno.sgannot.gff3, /tmp/global2/ssushko/TE_evolution/1001Gp_TE_ANNOT/panTEome_v3_1001Gp/annotation_chr_s/single_genome_EDTA/100697/100697.Chr_scaffolds.fa.mod.EDTA.anno/100697.Chr_scaffolds.fa.mod.EDTA.RM.out
    output: /tmp/global2/ssushko/TE_evolution/1001Gp_TE_ANNOT/panTEome_v3_1001Gp/annotation_chr_s/single_genome_EDTA/100697/100697.Chr_scaffolds.fa.mod.EDTA.TElib.fa.keep.list, /tmp/global2/ssushko/TE_evolution/1001Gp_TE_ANNOT/panTEome_v3_1001Gp/annotation_chr_s/single_genome_EDTA/100697/100697.Chr_scaffolds.fa.mod.EDTA.TElib.mincopyfiltered.fa
    log: logs/100697_extr_minnflcop.log
    jobid: 1063
    reason: Missing output files: /tmp/global2/ssushko/TE_evolution/1001Gp_TE_ANNOT/panTEome_v3_1001Gp/annotation_chr_s/single_genome_EDTA/100697/100697.Chr_scaffolds.fa.mod.EDTA.TElib.mincopyfiltered.fa
    wildcards: sample=100697
    resources: mem_mb=1000, mem_mib=954, disk_mb=1000, disk_mib=954, tmpdir=<TBD>


[Fri Sep  5 14:44:39 2025]
rule extract_min_n_fl_copies:
    input: /tmp/global2/ssushko/TE_evolution/1001Gp_TE_ANNOT/panTEome_v3_1001Gp/annotation_chr_s/single_genome_EDTA/100660/100660.Chr_scaffolds.fa.mod.EDTA.TEanno.sgannot.gff3, /tmp/global2/ssushko/TE_evolution/1001Gp_TE_ANNOT/panTEome_v3_1001Gp/annotation_chr_s/single_genome_EDTA/100660/100660.Chr_scaffolds.fa.mod.EDTA.anno/100660.Chr_scaffolds.fa.mod.EDTA.RM.out
    output: /tmp/global2/ssushko/TE_evolution/1001Gp_TE_ANNOT/panTEome_v3_1001Gp/annotation_chr_s/single_genome_EDTA/100660/100660.Chr_scaffolds.fa.mod.EDTA.TElib.fa.keep.list, /tmp/global2/ssushko/TE_evolution/1001Gp_TE_ANNOT/panTEome_v3_1001Gp/annotation_chr_s/single_genome_EDTA/100660/100660.Chr_scaffolds.fa.mod.EDTA.TElib.mincopyfiltered.fa
    log: logs/100660_extr_minnflcop.log
    jobid: 923
    reason: Missing output files: /tmp/global2/ssushko/TE_evolution/1001Gp_TE_ANNOT/panTEome_v3_1001Gp/annotation_chr_s/single_genome_EDTA/100660/100660.Chr_scaffolds.fa.mod.EDTA.TElib.mincopyfiltered.fa
    wildcards: sample=100660
    resources: mem_mb=1000, mem_mib=954, disk_mb=1000, disk_mib=954, tmpdir=<TBD>


[Fri Sep  5 14:44:39 2025]
rule extract_min_n_fl_copies:
    input: /tmp/global2/ssushko/TE_evolution/1001Gp_TE_ANNOT/panTEome_v3_1001Gp/annotation_chr_s/single_genome_EDTA/100767/100767.Chr_scaffolds.fa.mod.EDTA.TEanno.sgannot.gff3, /tmp/global2/ssushko/TE_evolution/1001Gp_TE_ANNOT/panTEome_v3_1001Gp/annotation_chr_s/single_genome_EDTA/100767/100767.Chr_scaffolds.fa.mod.EDTA.anno/100767.Chr_scaffolds.fa.mod.EDTA.RM.out
    output: /tmp/global2/ssushko/TE_evolution/1001Gp_TE_ANNOT/panTEome_v3_1001Gp/annotation_chr_s/single_genome_EDTA/100767/100767.Chr_scaffolds.fa.mod.EDTA.TElib.fa.keep.list, /tmp/global2/ssushko/TE_evolution/1001Gp_TE_ANNOT/panTEome_v3_1001Gp/annotation_chr_s/single_genome_EDTA/100767/100767.Chr_scaffolds.fa.mod.EDTA.TElib.mincopyfiltered.fa
    log: logs/100767_extr_minnflcop.log
    jobid: 1343
    reason: Missing output files: /tmp/global2/ssushko/TE_evolution/1001Gp_TE_ANNOT/panTEome_v3_1001Gp/annotation_chr_s/single_genome_EDTA/100767/100767.Chr_scaffolds.fa.mod.EDTA.TElib.mincopyfiltered.fa
    wildcards: sample=100767
    resources: mem_mb=1000, mem_mib=954, disk_mb=1000, disk_mib=954, tmpdir=<TBD>


[Fri Sep  5 14:44:39 2025]
rule extract_min_n_fl_copies:
    input: /tmp/global2/ssushko/TE_evolution/1001Gp_TE_ANNOT/panTEome_v3_1001Gp/annotation_chr_s/single_genome_EDTA/100796/100796.Chr_scaffolds.fa.mod.EDTA.TEanno.sgannot.gff3, /tmp/global2/ssushko/TE_evolution/1001Gp_TE_ANNOT/panTEome_v3_1001Gp/annotation_chr_s/single_genome_EDTA/100796/100796.Chr_scaffolds.fa.mod.EDTA.anno/100796.Chr_scaffolds.fa.mod.EDTA.RM.out
    output: /tmp/global2/ssushko/TE_evolution/1001Gp_TE_ANNOT/panTEome_v3_1001Gp/annotation_chr_s/single_genome_EDTA/100796/100796.Chr_scaffolds.fa.mod.EDTA.TElib.fa.keep.list, /tmp/global2/ssushko/TE_evolution/1001Gp_TE_ANNOT/panTEome_v3_1001Gp/annotation_chr_s/single_genome_EDTA/100796/100796.Chr_scaffolds.fa.mod.EDTA.TElib.mincopyfiltered.fa
    log: logs/100796_extr_minnflcop.log
    jobid: 1455
    reason: Missing output files: /tmp/global2/ssushko/TE_evolution/1001Gp_TE_ANNOT/panTEome_v3_1001Gp/annotation_chr_s/single_genome_EDTA/100796/100796.Chr_scaffolds.fa.mod.EDTA.TElib.mincopyfiltered.fa
    wildcards: sample=100796
    resources: mem_mb=1000, mem_mib=954, disk_mb=1000, disk_mib=954, tmpdir=<TBD>


[Fri Sep  5 14:44:39 2025]
rule extract_min_n_fl_copies:
    input: /tmp/global2/ssushko/TE_evolution/1001Gp_TE_ANNOT/panTEome_v3_1001Gp/annotation_chr_s/single_genome_EDTA/100901/100901.Chr_scaffolds.fa.mod.EDTA.TEanno.sgannot.gff3, /tmp/global2/ssushko/TE_evolution/1001Gp_TE_ANNOT/panTEome_v3_1001Gp/annotation_chr_s/single_genome_EDTA/100901/100901.Chr_scaffolds.fa.mod.EDTA.anno/100901.Chr_scaffolds.fa.mod.EDTA.RM.out
    output: /tmp/global2/ssushko/TE_evolution/1001Gp_TE_ANNOT/panTEome_v3_1001Gp/annotation_chr_s/single_genome_EDTA/100901/100901.Chr_scaffolds.fa.mod.EDTA.TElib.fa.keep.list, /tmp/global2/ssushko/TE_evolution/1001Gp_TE_ANNOT/panTEome_v3_1001Gp/annotation_chr_s/single_genome_EDTA/100901/100901.Chr_scaffolds.fa.mod.EDTA.TElib.mincopyfiltered.fa
    log: logs/100901_extr_minnflcop.log
    jobid: 1875
    reason: Missing output files: /tmp/global2/ssushko/TE_evolution/1001Gp_TE_ANNOT/panTEome_v3_1001Gp/annotation_chr_s/single_genome_EDTA/100901/100901.Chr_scaffolds.fa.mod.EDTA.TElib.mincopyfiltered.fa
    wildcards: sample=100901
    resources: mem_mb=1000, mem_mib=954, disk_mb=1000, disk_mib=954, tmpdir=<TBD>


[Fri Sep  5 14:44:39 2025]
rule extract_min_n_fl_copies:
    input: /tmp/global2/ssushko/TE_evolution/1001Gp_TE_ANNOT/panTEome_v3_1001Gp/annotation_chr_s/single_genome_EDTA/100999/100999.Chr_scaffolds.fa.mod.EDTA.TEanno.sgannot.gff3, /tmp/global2/ssushko/TE_evolution/1001Gp_TE_ANNOT/panTEome_v3_1001Gp/annotation_chr_s/single_genome_EDTA/100999/100999.Chr_scaffolds.fa.mod.EDTA.anno/100999.Chr_scaffolds.fa.mod.EDTA.RM.out
    output: /tmp/global2/ssushko/TE_evolution/1001Gp_TE_ANNOT/panTEome_v3_1001Gp/annotation_chr_s/single_genome_EDTA/100999/100999.Chr_scaffolds.fa.mod.EDTA.TElib.fa.keep.list, /tmp/global2/ssushko/TE_evolution/1001Gp_TE_ANNOT/panTEome_v3_1001Gp/annotation_chr_s/single_genome_EDTA/100999/100999.Chr_scaffolds.fa.mod.EDTA.TElib.mincopyfiltered.fa
    log: logs/100999_extr_minnflcop.log
    jobid: 2267
    reason: Missing output files: /tmp/global2/ssushko/TE_evolution/1001Gp_TE_ANNOT/panTEome_v3_1001Gp/annotation_chr_s/single_genome_EDTA/100999/100999.Chr_scaffolds.fa.mod.EDTA.TElib.mincopyfiltered.fa
    wildcards: sample=100999
    resources: mem_mb=1000, mem_mib=954, disk_mb=1000, disk_mib=954, tmpdir=<TBD>


[Fri Sep  5 14:44:39 2025]
rule extract_min_n_fl_copies:
    input: /tmp/global2/ssushko/TE_evolution/1001Gp_TE_ANNOT/panTEome_v3_1001Gp/annotation_chr_s/single_genome_EDTA/101006/101006.Chr_scaffolds.fa.mod.EDTA.TEanno.sgannot.gff3, /tmp/global2/ssushko/TE_evolution/1001Gp_TE_ANNOT/panTEome_v3_1001Gp/annotation_chr_s/single_genome_EDTA/101006/101006.Chr_scaffolds.fa.mod.EDTA.anno/101006.Chr_scaffolds.fa.mod.EDTA.RM.out
    output: /tmp/global2/ssushko/TE_evolution/1001Gp_TE_ANNOT/panTEome_v3_1001Gp/annotation_chr_s/single_genome_EDTA/101006/101006.Chr_scaffolds.fa.mod.EDTA.TElib.fa.keep.list, /tmp/global2/ssushko/TE_evolution/1001Gp_TE_ANNOT/panTEome_v3_1001Gp/annotation_chr_s/single_genome_EDTA/101006/101006.Chr_scaffolds.fa.mod.EDTA.TElib.mincopyfiltered.fa
    log: logs/101006_extr_minnflcop.log
    jobid: 2295
    reason: Missing output files: /tmp/global2/ssushko/TE_evolution/1001Gp_TE_ANNOT/panTEome_v3_1001Gp/annotation_chr_s/single_genome_EDTA/101006/101006.Chr_scaffolds.fa.mod.EDTA.TElib.mincopyfiltered.fa
    wildcards: sample=101006
    resources: mem_mb=1000, mem_mib=954, disk_mb=1000, disk_mib=954, tmpdir=<TBD>


[Fri Sep  5 14:44:39 2025]
rule extract_min_n_fl_copies:
    input: /tmp/global2/ssushko/TE_evolution/1001Gp_TE_ANNOT/panTEome_v3_1001Gp/annotation_chr_s/single_genome_EDTA/101034/101034.Chr_scaffolds.fa.mod.EDTA.TEanno.sgannot.gff3, /tmp/global2/ssushko/TE_evolution/1001Gp_TE_ANNOT/panTEome_v3_1001Gp/annotation_chr_s/single_genome_EDTA/101034/101034.Chr_scaffolds.fa.mod.EDTA.anno/101034.Chr_scaffolds.fa.mod.EDTA.RM.out
    output: /tmp/global2/ssushko/TE_evolution/1001Gp_TE_ANNOT/panTEome_v3_1001Gp/annotation_chr_s/single_genome_EDTA/101034/101034.Chr_scaffolds.fa.mod.EDTA.TElib.fa.keep.list, /tmp/global2/ssushko/TE_evolution/1001Gp_TE_ANNOT/panTEome_v3_1001Gp/annotation_chr_s/single_genome_EDTA/101034/101034.Chr_scaffolds.fa.mod.EDTA.TElib.mincopyfiltered.fa
    log: logs/101034_extr_minnflcop.log
    jobid: 2407
    reason: Missing output files: /tmp/global2/ssushko/TE_evolution/1001Gp_TE_ANNOT/panTEome_v3_1001Gp/annotation_chr_s/single_genome_EDTA/101034/101034.Chr_scaffolds.fa.mod.EDTA.TElib.mincopyfiltered.fa
    wildcards: sample=101034
    resources: mem_mb=1000, mem_mib=954, disk_mb=1000, disk_mib=954, tmpdir=<TBD>


[Fri Sep  5 14:44:39 2025]
rule extract_min_n_fl_copies:
    input: /tmp/global2/ssushko/TE_evolution/1001Gp_TE_ANNOT/panTEome_v3_1001Gp/annotation_chr_s/single_genome_EDTA/100000/100000.Chr_scaffolds.fa.mod.EDTA.TEanno.sgannot.gff3, /tmp/global2/ssushko/TE_evolution/1001Gp_TE_ANNOT/panTEome_v3_1001Gp/annotation_chr_s/single_genome_EDTA/100000/100000.Chr_scaffolds.fa.mod.EDTA.anno/100000.Chr_scaffolds.fa.mod.EDTA.RM.out
    output: /tmp/global2/ssushko/TE_evolution/1001Gp_TE_ANNOT/panTEome_v3_1001Gp/annotation_chr_s/single_genome_EDTA/100000/100000.Chr_scaffolds.fa.mod.EDTA.TElib.fa.keep.list, /tmp/global2/ssushko/TE_evolution/1001Gp_TE_ANNOT/panTEome_v3_1001Gp/annotation_chr_s/single_genome_EDTA/100000/100000.Chr_scaffolds.fa.mod.EDTA.TElib.mincopyfiltered.fa
    log: logs/100000_extr_minnflcop.log
    jobid: 3
    reason: Missing output files: /tmp/global2/ssushko/TE_evolution/1001Gp_TE_ANNOT/panTEome_v3_1001Gp/annotation_chr_s/single_genome_EDTA/100000/100000.Chr_scaffolds.fa.mod.EDTA.TElib.mincopyfiltered.fa
    wildcards: sample=100000
    resources: mem_mb=1000, mem_mib=954, disk_mb=1000, disk_mib=954, tmpdir=<TBD>


[Fri Sep  5 14:44:39 2025]
rule extract_min_n_fl_copies:
    input: /tmp/global2/ssushko/TE_evolution/1001Gp_TE_ANNOT/panTEome_v3_1001Gp/annotation_chr_s/single_genome_EDTA/100298/100298.Chr_scaffolds.fa.mod.EDTA.TEanno.sgannot.gff3, /tmp/global2/ssushko/TE_evolution/1001Gp_TE_ANNOT/panTEome_v3_1001Gp/annotation_chr_s/single_genome_EDTA/100298/100298.Chr_scaffolds.fa.mod.EDTA.anno/100298.Chr_scaffolds.fa.mod.EDTA.RM.out
    output: /tmp/global2/ssushko/TE_evolution/1001Gp_TE_ANNOT/panTEome_v3_1001Gp/annotation_chr_s/single_genome_EDTA/100298/100298.Chr_scaffolds.fa.mod.EDTA.TElib.fa.keep.list, /tmp/global2/ssushko/TE_evolution/1001Gp_TE_ANNOT/panTEome_v3_1001Gp/annotation_chr_s/single_genome_EDTA/100298/100298.Chr_scaffolds.fa.mod.EDTA.TElib.mincopyfiltered.fa
    log: logs/100298_extr_minnflcop.log
    jobid: 631
    reason: Missing output files: /tmp/global2/ssushko/TE_evolution/1001Gp_TE_ANNOT/panTEome_v3_1001Gp/annotation_chr_s/single_genome_EDTA/100298/100298.Chr_scaffolds.fa.mod.EDTA.TElib.mincopyfiltered.fa
    wildcards: sample=100298
    resources: mem_mb=1000, mem_mib=954, disk_mb=1000, disk_mib=954, tmpdir=<TBD>


[Fri Sep  5 14:44:39 2025]
rule extract_min_n_fl_copies:
    input: /tmp/global2/ssushko/TE_evolution/1001Gp_TE_ANNOT/panTEome_v3_1001Gp/annotation_chr_s/single_genome_EDTA/100307/100307.Chr_scaffolds.fa.mod.EDTA.TEanno.sgannot.gff3, /tmp/global2/ssushko/TE_evolution/1001Gp_TE_ANNOT/panTEome_v3_1001Gp/annotation_chr_s/single_genome_EDTA/100307/100307.Chr_scaffolds.fa.mod.EDTA.anno/100307.Chr_scaffolds.fa.mod.EDTA.RM.out
    output: /tmp/global2/ssushko/TE_evolution/1001Gp_TE_ANNOT/panTEome_v3_1001Gp/annotation_chr_s/single_genome_EDTA/100307/100307.Chr_scaffolds.fa.mod.EDTA.TElib.fa.keep.list, /tmp/global2/ssushko/TE_evolution/1001Gp_TE_ANNOT/panTEome_v3_1001Gp/annotation_chr_s/single_genome_EDTA/100307/100307.Chr_scaffolds.fa.mod.EDTA.TElib.mincopyfiltered.fa
    log: logs/100307_extr_minnflcop.log
    jobid: 659
    reason: Missing output files: /tmp/global2/ssushko/TE_evolution/1001Gp_TE_ANNOT/panTEome_v3_1001Gp/annotation_chr_s/single_genome_EDTA/100307/100307.Chr_scaffolds.fa.mod.EDTA.TElib.mincopyfiltered.fa
    wildcards: sample=100307
    resources: mem_mb=1000, mem_mib=954, disk_mb=1000, disk_mib=954, tmpdir=<TBD>


[Fri Sep  5 14:44:39 2025]
rule extract_min_n_fl_copies:
    input: /tmp/global2/ssushko/TE_evolution/1001Gp_TE_ANNOT/panTEome_v3_1001Gp/annotation_chr_s/single_genome_EDTA/100940/100940.Chr_scaffolds.fa.mod.EDTA.TEanno.sgannot.gff3, /tmp/global2/ssushko/TE_evolution/1001Gp_TE_ANNOT/panTEome_v3_1001Gp/annotation_chr_s/single_genome_EDTA/100940/100940.Chr_scaffolds.fa.mod.EDTA.anno/100940.Chr_scaffolds.fa.mod.EDTA.RM.out
    output: /tmp/global2/ssushko/TE_evolution/1001Gp_TE_ANNOT/panTEome_v3_1001Gp/annotation_chr_s/single_genome_EDTA/100940/100940.Chr_scaffolds.fa.mod.EDTA.TElib.fa.keep.list, /tmp/global2/ssushko/TE_evolution/1001Gp_TE_ANNOT/panTEome_v3_1001Gp/annotation_chr_s/single_genome_EDTA/100940/100940.Chr_scaffolds.fa.mod.EDTA.TElib.mincopyfiltered.fa
    log: logs/100940_extr_minnflcop.log
    jobid: 2031
    reason: Missing output files: /tmp/global2/ssushko/TE_evolution/1001Gp_TE_ANNOT/panTEome_v3_1001Gp/annotation_chr_s/single_genome_EDTA/100940/100940.Chr_scaffolds.fa.mod.EDTA.TElib.mincopyfiltered.fa
    wildcards: sample=100940
    resources: mem_mb=1000, mem_mib=954, disk_mb=1000, disk_mib=954, tmpdir=<TBD>


[Fri Sep  5 14:44:39 2025]
rule extract_min_n_fl_copies:
    input: /tmp/global2/ssushko/TE_evolution/1001Gp_TE_ANNOT/panTEome_v3_1001Gp/annotation_chr_s/single_genome_EDTA/100989/100989.Chr_scaffolds.fa.mod.EDTA.TEanno.sgannot.gff3, /tmp/global2/ssushko/TE_evolution/1001Gp_TE_ANNOT/panTEome_v3_1001Gp/annotation_chr_s/single_genome_EDTA/100989/100989.Chr_scaffolds.fa.mod.EDTA.anno/100989.Chr_scaffolds.fa.mod.EDTA.RM.out
    output: /tmp/global2/ssushko/TE_evolution/1001Gp_TE_ANNOT/panTEome_v3_1001Gp/annotation_chr_s/single_genome_EDTA/100989/100989.Chr_scaffolds.fa.mod.EDTA.TElib.fa.keep.list, /tmp/global2/ssushko/TE_evolution/1001Gp_TE_ANNOT/panTEome_v3_1001Gp/annotation_chr_s/single_genome_EDTA/100989/100989.Chr_scaffolds.fa.mod.EDTA.TElib.mincopyfiltered.fa
    log: logs/100989_extr_minnflcop.log
    jobid: 2227
    reason: Missing output files: /tmp/global2/ssushko/TE_evolution/1001Gp_TE_ANNOT/panTEome_v3_1001Gp/annotation_chr_s/single_genome_EDTA/100989/100989.Chr_scaffolds.fa.mod.EDTA.TElib.mincopyfiltered.fa
    wildcards: sample=100989
    resources: mem_mb=1000, mem_mib=954, disk_mb=1000, disk_mib=954, tmpdir=<TBD>


[Fri Sep  5 14:44:39 2025]
rule extract_min_n_fl_copies:
    input: /tmp/global2/ssushko/TE_evolution/1001Gp_TE_ANNOT/panTEome_v3_1001Gp/annotation_chr_s/single_genome_EDTA/100673/100673.Chr_scaffolds.fa.mod.EDTA.TEanno.sgannot.gff3, /tmp/global2/ssushko/TE_evolution/1001Gp_TE_ANNOT/panTEome_v3_1001Gp/annotation_chr_s/single_genome_EDTA/100673/100673.Chr_scaffolds.fa.mod.EDTA.anno/100673.Chr_scaffolds.fa.mod.EDTA.RM.out
    output: /tmp/global2/ssushko/TE_evolution/1001Gp_TE_ANNOT/panTEome_v3_1001Gp/annotation_chr_s/single_genome_EDTA/100673/100673.Chr_scaffolds.fa.mod.EDTA.TElib.fa.keep.list, /tmp/global2/ssushko/TE_evolution/1001Gp_TE_ANNOT/panTEome_v3_1001Gp/annotation_chr_s/single_genome_EDTA/100673/100673.Chr_scaffolds.fa.mod.EDTA.TElib.mincopyfiltered.fa
    log: logs/100673_extr_minnflcop.log
    jobid: 967
    reason: Missing output files: /tmp/global2/ssushko/TE_evolution/1001Gp_TE_ANNOT/panTEome_v3_1001Gp/annotation_chr_s/single_genome_EDTA/100673/100673.Chr_scaffolds.fa.mod.EDTA.TElib.mincopyfiltered.fa
    wildcards: sample=100673
    resources: mem_mb=1000, mem_mib=954, disk_mb=1000, disk_mib=954, tmpdir=<TBD>


[Fri Sep  5 14:44:39 2025]
rule extract_min_n_fl_copies:
    input: /tmp/global2/ssushko/TE_evolution/1001Gp_TE_ANNOT/panTEome_v3_1001Gp/annotation_chr_s/single_genome_EDTA/100146/100146.Chr_scaffolds.fa.mod.EDTA.TEanno.sgannot.gff3, /tmp/global2/ssushko/TE_evolution/1001Gp_TE_ANNOT/panTEome_v3_1001Gp/annotation_chr_s/single_genome_EDTA/100146/100146.Chr_scaffolds.fa.mod.EDTA.anno/100146.Chr_scaffolds.fa.mod.EDTA.RM.out
    output: /tmp/global2/ssushko/TE_evolution/1001Gp_TE_ANNOT/panTEome_v3_1001Gp/annotation_chr_s/single_genome_EDTA/100146/100146.Chr_scaffolds.fa.mod.EDTA.TElib.fa.keep.list, /tmp/global2/ssushko/TE_evolution/1001Gp_TE_ANNOT/panTEome_v3_1001Gp/annotation_chr_s/single_genome_EDTA/100146/100146.Chr_scaffolds.fa.mod.EDTA.TElib.mincopyfiltered.fa
    log: logs/100146_extr_minnflcop.log
    jobid: 451
    reason: Missing output files: /tmp/global2/ssushko/TE_evolution/1001Gp_TE_ANNOT/panTEome_v3_1001Gp/annotation_chr_s/single_genome_EDTA/100146/100146.Chr_scaffolds.fa.mod.EDTA.TElib.mincopyfiltered.fa
    wildcards: sample=100146
    resources: mem_mb=1000, mem_mib=954, disk_mb=1000, disk_mib=954, tmpdir=<TBD>


[Fri Sep  5 14:44:39 2025]
rule extract_min_n_fl_copies:
    input: /tmp/global2/ssushko/TE_evolution/1001Gp_TE_ANNOT/panTEome_v3_1001Gp/annotation_chr_s/single_genome_EDTA/100532/100532.Chr_scaffolds.fa.mod.EDTA.TEanno.sgannot.gff3, /tmp/global2/ssushko/TE_evolution/1001Gp_TE_ANNOT/panTEome_v3_1001Gp/annotation_chr_s/single_genome_EDTA/100532/100532.Chr_scaffolds.fa.mod.EDTA.anno/100532.Chr_scaffolds.fa.mod.EDTA.RM.out
    output: /tmp/global2/ssushko/TE_evolution/1001Gp_TE_ANNOT/panTEome_v3_1001Gp/annotation_chr_s/single_genome_EDTA/100532/100532.Chr_scaffolds.fa.mod.EDTA.TElib.fa.keep.list, /tmp/global2/ssushko/TE_evolution/1001Gp_TE_ANNOT/panTEome_v3_1001Gp/annotation_chr_s/single_genome_EDTA/100532/100532.Chr_scaffolds.fa.mod.EDTA.TElib.mincopyfiltered.fa
    log: logs/100532_extr_minnflcop.log
    jobid: 827
    reason: Missing output files: /tmp/global2/ssushko/TE_evolution/1001Gp_TE_ANNOT/panTEome_v3_1001Gp/annotation_chr_s/single_genome_EDTA/100532/100532.Chr_scaffolds.fa.mod.EDTA.TElib.mincopyfiltered.fa
    wildcards: sample=100532
    resources: mem_mb=1000, mem_mib=954, disk_mb=1000, disk_mib=954, tmpdir=<TBD>


[Fri Sep  5 14:44:39 2025]
rule extract_min_n_fl_copies:
    input: /tmp/global2/ssushko/TE_evolution/1001Gp_TE_ANNOT/panTEome_v3_1001Gp/annotation_chr_s/single_genome_EDTA/100722/100722.Chr_scaffolds.fa.mod.EDTA.TEanno.sgannot.gff3, /tmp/global2/ssushko/TE_evolution/1001Gp_TE_ANNOT/panTEome_v3_1001Gp/annotation_chr_s/single_genome_EDTA/100722/100722.Chr_scaffolds.fa.mod.EDTA.anno/100722.Chr_scaffolds.fa.mod.EDTA.RM.out
    output: /tmp/global2/ssushko/TE_evolution/1001Gp_TE_ANNOT/panTEome_v3_1001Gp/annotation_chr_s/single_genome_EDTA/100722/100722.Chr_scaffolds.fa.mod.EDTA.TElib.fa.keep.list, /tmp/global2/ssushko/TE_evolution/1001Gp_TE_ANNOT/panTEome_v3_1001Gp/annotation_chr_s/single_genome_EDTA/100722/100722.Chr_scaffolds.fa.mod.EDTA.TElib.mincopyfiltered.fa
    log: logs/100722_extr_minnflcop.log
    jobid: 1163
    reason: Missing output files: /tmp/global2/ssushko/TE_evolution/1001Gp_TE_ANNOT/panTEome_v3_1001Gp/annotation_chr_s/single_genome_EDTA/100722/100722.Chr_scaffolds.fa.mod.EDTA.TElib.mincopyfiltered.fa
    wildcards: sample=100722
    resources: mem_mb=1000, mem_mib=954, disk_mb=1000, disk_mib=954, tmpdir=<TBD>


[Fri Sep  5 14:44:39 2025]
rule extract_min_n_fl_copies:
    input: /tmp/global2/ssushko/TE_evolution/1001Gp_TE_ANNOT/panTEome_v3_1001Gp/annotation_chr_s/single_genome_EDTA/100779/100779.Chr_scaffolds.fa.mod.EDTA.TEanno.sgannot.gff3, /tmp/global2/ssushko/TE_evolution/1001Gp_TE_ANNOT/panTEome_v3_1001Gp/annotation_chr_s/single_genome_EDTA/100779/100779.Chr_scaffolds.fa.mod.EDTA.anno/100779.Chr_scaffolds.fa.mod.EDTA.RM.out
    output: /tmp/global2/ssushko/TE_evolution/1001Gp_TE_ANNOT/panTEome_v3_1001Gp/annotation_chr_s/single_genome_EDTA/100779/100779.Chr_scaffolds.fa.mod.EDTA.TElib.fa.keep.list, /tmp/global2/ssushko/TE_evolution/1001Gp_TE_ANNOT/panTEome_v3_1001Gp/annotation_chr_s/single_genome_EDTA/100779/100779.Chr_scaffolds.fa.mod.EDTA.TElib.mincopyfiltered.fa
    log: logs/100779_extr_minnflcop.log
    jobid: 1387
    reason: Missing output files: /tmp/global2/ssushko/TE_evolution/1001Gp_TE_ANNOT/panTEome_v3_1001Gp/annotation_chr_s/single_genome_EDTA/100779/100779.Chr_scaffolds.fa.mod.EDTA.TElib.mincopyfiltered.fa
    wildcards: sample=100779
    resources: mem_mb=1000, mem_mib=954, disk_mb=1000, disk_mib=954, tmpdir=<TBD>


[Fri Sep  5 14:44:39 2025]
rule extract_min_n_fl_copies:
    input: /tmp/global2/ssushko/TE_evolution/1001Gp_TE_ANNOT/panTEome_v3_1001Gp/annotation_chr_s/single_genome_EDTA/100807/100807.Chr_scaffolds.fa.mod.EDTA.TEanno.sgannot.gff3, /tmp/global2/ssushko/TE_evolution/1001Gp_TE_ANNOT/panTEome_v3_1001Gp/annotation_chr_s/single_genome_EDTA/100807/100807.Chr_scaffolds.fa.mod.EDTA.anno/100807.Chr_scaffolds.fa.mod.EDTA.RM.out
    output: /tmp/global2/ssushko/TE_evolution/1001Gp_TE_ANNOT/panTEome_v3_1001Gp/annotation_chr_s/single_genome_EDTA/100807/100807.Chr_scaffolds.fa.mod.EDTA.TElib.fa.keep.list, /tmp/global2/ssushko/TE_evolution/1001Gp_TE_ANNOT/panTEome_v3_1001Gp/annotation_chr_s/single_genome_EDTA/100807/100807.Chr_scaffolds.fa.mod.EDTA.TElib.mincopyfiltered.fa
    log: logs/100807_extr_minnflcop.log
    jobid: 1499
    reason: Missing output files: /tmp/global2/ssushko/TE_evolution/1001Gp_TE_ANNOT/panTEome_v3_1001Gp/annotation_chr_s/single_genome_EDTA/100807/100807.Chr_scaffolds.fa.mod.EDTA.TElib.mincopyfiltered.fa
    wildcards: sample=100807
    resources: mem_mb=1000, mem_mib=954, disk_mb=1000, disk_mib=954, tmpdir=<TBD>


[Fri Sep  5 14:44:39 2025]
rule extract_min_n_fl_copies:
    input: /tmp/global2/ssushko/TE_evolution/1001Gp_TE_ANNOT/panTEome_v3_1001Gp/annotation_chr_s/single_genome_EDTA/100877/100877.Chr_scaffolds.fa.mod.EDTA.TEanno.sgannot.gff3, /tmp/global2/ssushko/TE_evolution/1001Gp_TE_ANNOT/panTEome_v3_1001Gp/annotation_chr_s/single_genome_EDTA/100877/100877.Chr_scaffolds.fa.mod.EDTA.anno/100877.Chr_scaffolds.fa.mod.EDTA.RM.out
    output: /tmp/global2/ssushko/TE_evolution/1001Gp_TE_ANNOT/panTEome_v3_1001Gp/annotation_chr_s/single_genome_EDTA/100877/100877.Chr_scaffolds.fa.mod.EDTA.TElib.fa.keep.list, /tmp/global2/ssushko/TE_evolution/1001Gp_TE_ANNOT/panTEome_v3_1001Gp/annotation_chr_s/single_genome_EDTA/100877/100877.Chr_scaffolds.fa.mod.EDTA.TElib.mincopyfiltered.fa
    log: logs/100877_extr_minnflcop.log
    jobid: 1779
    reason: Missing output files: /tmp/global2/ssushko/TE_evolution/1001Gp_TE_ANNOT/panTEome_v3_1001Gp/annotation_chr_s/single_genome_EDTA/100877/100877.Chr_scaffolds.fa.mod.EDTA.TElib.mincopyfiltered.fa
    wildcards: sample=100877
    resources: mem_mb=1000, mem_mib=954, disk_mb=1000, disk_mib=954, tmpdir=<TBD>


[Fri Sep  5 14:44:39 2025]
rule extract_min_n_fl_copies:
    input: /tmp/global2/ssushko/TE_evolution/1001Gp_TE_ANNOT/panTEome_v3_1001Gp/annotation_chr_s/single_genome_EDTA/100982/100982.Chr_scaffolds.fa.mod.EDTA.TEanno.sgannot.gff3, /tmp/global2/ssushko/TE_evolution/1001Gp_TE_ANNOT/panTEome_v3_1001Gp/annotation_chr_s/single_genome_EDTA/100982/100982.Chr_scaffolds.fa.mod.EDTA.anno/100982.Chr_scaffolds.fa.mod.EDTA.RM.out
    output: /tmp/global2/ssushko/TE_evolution/1001Gp_TE_ANNOT/panTEome_v3_1001Gp/annotation_chr_s/single_genome_EDTA/100982/100982.Chr_scaffolds.fa.mod.EDTA.TElib.fa.keep.list, /tmp/global2/ssushko/TE_evolution/1001Gp_TE_ANNOT/panTEome_v3_1001Gp/annotation_chr_s/single_genome_EDTA/100982/100982.Chr_scaffolds.fa.mod.EDTA.TElib.mincopyfiltered.fa
    log: logs/100982_extr_minnflcop.log
    jobid: 2199
    reason: Missing output files: /tmp/global2/ssushko/TE_evolution/1001Gp_TE_ANNOT/panTEome_v3_1001Gp/annotation_chr_s/single_genome_EDTA/100982/100982.Chr_scaffolds.fa.mod.EDTA.TElib.mincopyfiltered.fa
    wildcards: sample=100982
    resources: mem_mb=1000, mem_mib=954, disk_mb=1000, disk_mib=954, tmpdir=<TBD>


[Fri Sep  5 14:44:39 2025]
rule extract_min_n_fl_copies:
    input: /tmp/global2/ssushko/TE_evolution/1001Gp_TE_ANNOT/panTEome_v3_1001Gp/annotation_chr_s/single_genome_EDTA/100272/100272.Chr_scaffolds.fa.mod.EDTA.TEanno.sgannot.gff3, /tmp/global2/ssushko/TE_evolution/1001Gp_TE_ANNOT/panTEome_v3_1001Gp/annotation_chr_s/single_genome_EDTA/100272/100272.Chr_scaffolds.fa.mod.EDTA.anno/100272.Chr_scaffolds.fa.mod.EDTA.RM.out
    output: /tmp/global2/ssushko/TE_evolution/1001Gp_TE_ANNOT/panTEome_v3_1001Gp/annotation_chr_s/single_genome_EDTA/100272/100272.Chr_scaffolds.fa.mod.EDTA.TElib.fa.keep.list, /tmp/global2/ssushko/TE_evolution/1001Gp_TE_ANNOT/panTEome_v3_1001Gp/annotation_chr_s/single_genome_EDTA/100272/100272.Chr_scaffolds.fa.mod.EDTA.TElib.mincopyfiltered.fa
    log: logs/100272_extr_minnflcop.log
    jobid: 563
    reason: Missing output files: /tmp/global2/ssushko/TE_evolution/1001Gp_TE_ANNOT/panTEome_v3_1001Gp/annotation_chr_s/single_genome_EDTA/100272/100272.Chr_scaffolds.fa.mod.EDTA.TElib.mincopyfiltered.fa
    wildcards: sample=100272
    resources: mem_mb=1000, mem_mib=954, disk_mb=1000, disk_mib=954, tmpdir=<TBD>


[Fri Sep  5 14:44:39 2025]
rule extract_min_n_fl_copies:
    input: /tmp/global2/ssushko/TE_evolution/1001Gp_TE_ANNOT/panTEome_v3_1001Gp/annotation_chr_s/single_genome_EDTA/100285/100285.Chr_scaffolds.fa.mod.EDTA.TEanno.sgannot.gff3, /tmp/global2/ssushko/TE_evolution/1001Gp_TE_ANNOT/panTEome_v3_1001Gp/annotation_chr_s/single_genome_EDTA/100285/100285.Chr_scaffolds.fa.mod.EDTA.anno/100285.Chr_scaffolds.fa.mod.EDTA.RM.out
    output: /tmp/global2/ssushko/TE_evolution/1001Gp_TE_ANNOT/panTEome_v3_1001Gp/annotation_chr_s/single_genome_EDTA/100285/100285.Chr_scaffolds.fa.mod.EDTA.TElib.fa.keep.list, /tmp/global2/ssushko/TE_evolution/1001Gp_TE_ANNOT/panTEome_v3_1001Gp/annotation_chr_s/single_genome_EDTA/100285/100285.Chr_scaffolds.fa.mod.EDTA.TElib.mincopyfiltered.fa
    log: logs/100285_extr_minnflcop.log
    jobid: 591
    reason: Missing output files: /tmp/global2/ssushko/TE_evolution/1001Gp_TE_ANNOT/panTEome_v3_1001Gp/annotation_chr_s/single_genome_EDTA/100285/100285.Chr_scaffolds.fa.mod.EDTA.TElib.mincopyfiltered.fa
    wildcards: sample=100285
    resources: mem_mb=1000, mem_mib=954, disk_mb=1000, disk_mib=954, tmpdir=<TBD>


[Fri Sep  5 14:44:39 2025]
rule extract_min_n_fl_copies:
    input: /tmp/global2/ssushko/TE_evolution/1001Gp_TE_ANNOT/panTEome_v3_1001Gp/annotation_chr_s/single_genome_EDTA/100698/100698.Chr_scaffolds.fa.mod.EDTA.TEanno.sgannot.gff3, /tmp/global2/ssushko/TE_evolution/1001Gp_TE_ANNOT/panTEome_v3_1001Gp/annotation_chr_s/single_genome_EDTA/100698/100698.Chr_scaffolds.fa.mod.EDTA.anno/100698.Chr_scaffolds.fa.mod.EDTA.RM.out
    output: /tmp/global2/ssushko/TE_evolution/1001Gp_TE_ANNOT/panTEome_v3_1001Gp/annotation_chr_s/single_genome_EDTA/100698/100698.Chr_scaffolds.fa.mod.EDTA.TElib.fa.keep.list, /tmp/global2/ssushko/TE_evolution/1001Gp_TE_ANNOT/panTEome_v3_1001Gp/annotation_chr_s/single_genome_EDTA/100698/100698.Chr_scaffolds.fa.mod.EDTA.TElib.mincopyfiltered.fa
    log: logs/100698_extr_minnflcop.log
    jobid: 1067
    reason: Missing output files: /tmp/global2/ssushko/TE_evolution/1001Gp_TE_ANNOT/panTEome_v3_1001Gp/annotation_chr_s/single_genome_EDTA/100698/100698.Chr_scaffolds.fa.mod.EDTA.TElib.mincopyfiltered.fa
    wildcards: sample=100698
    resources: mem_mb=1000, mem_mib=954, disk_mb=1000, disk_mib=954, tmpdir=<TBD>


[Fri Sep  5 14:44:39 2025]
rule extract_min_n_fl_copies:
    input: /tmp/global2/ssushko/TE_evolution/1001Gp_TE_ANNOT/panTEome_v3_1001Gp/annotation_chr_s/single_genome_EDTA/100663/100663.Chr_scaffolds.fa.mod.EDTA.TEanno.sgannot.gff3, /tmp/global2/ssushko/TE_evolution/1001Gp_TE_ANNOT/panTEome_v3_1001Gp/annotation_chr_s/single_genome_EDTA/100663/100663.Chr_scaffolds.fa.mod.EDTA.anno/100663.Chr_scaffolds.fa.mod.EDTA.RM.out
    output: /tmp/global2/ssushko/TE_evolution/1001Gp_TE_ANNOT/panTEome_v3_1001Gp/annotation_chr_s/single_genome_EDTA/100663/100663.Chr_scaffolds.fa.mod.EDTA.TElib.fa.keep.list, /tmp/global2/ssushko/TE_evolution/1001Gp_TE_ANNOT/panTEome_v3_1001Gp/annotation_chr_s/single_genome_EDTA/100663/100663.Chr_scaffolds.fa.mod.EDTA.TElib.mincopyfiltered.fa
    log: logs/100663_extr_minnflcop.log
    jobid: 927
    reason: Missing output files: /tmp/global2/ssushko/TE_evolution/1001Gp_TE_ANNOT/panTEome_v3_1001Gp/annotation_chr_s/single_genome_EDTA/100663/100663.Chr_scaffolds.fa.mod.EDTA.TElib.mincopyfiltered.fa
    wildcards: sample=100663
    resources: mem_mb=1000, mem_mib=954, disk_mb=1000, disk_mib=954, tmpdir=<TBD>


[Fri Sep  5 14:44:39 2025]
rule extract_min_n_fl_copies:
    input: /tmp/global2/ssushko/TE_evolution/1001Gp_TE_ANNOT/panTEome_v3_1001Gp/annotation_chr_s/single_genome_EDTA/100768/100768.Chr_scaffolds.fa.mod.EDTA.TEanno.sgannot.gff3, /tmp/global2/ssushko/TE_evolution/1001Gp_TE_ANNOT/panTEome_v3_1001Gp/annotation_chr_s/single_genome_EDTA/100768/100768.Chr_scaffolds.fa.mod.EDTA.anno/100768.Chr_scaffolds.fa.mod.EDTA.RM.out
    output: /tmp/global2/ssushko/TE_evolution/1001Gp_TE_ANNOT/panTEome_v3_1001Gp/annotation_chr_s/single_genome_EDTA/100768/100768.Chr_scaffolds.fa.mod.EDTA.TElib.fa.keep.list, /tmp/global2/ssushko/TE_evolution/1001Gp_TE_ANNOT/panTEome_v3_1001Gp/annotation_chr_s/single_genome_EDTA/100768/100768.Chr_scaffolds.fa.mod.EDTA.TElib.mincopyfiltered.fa
    log: logs/100768_extr_minnflcop.log
    jobid: 1347
    reason: Missing output files: /tmp/global2/ssushko/TE_evolution/1001Gp_TE_ANNOT/panTEome_v3_1001Gp/annotation_chr_s/single_genome_EDTA/100768/100768.Chr_scaffolds.fa.mod.EDTA.TElib.mincopyfiltered.fa
    wildcards: sample=100768
    resources: mem_mb=1000, mem_mib=954, disk_mb=1000, disk_mib=954, tmpdir=<TBD>


[Fri Sep  5 14:44:39 2025]
rule extract_min_n_fl_copies:
    input: /tmp/global2/ssushko/TE_evolution/1001Gp_TE_ANNOT/panTEome_v3_1001Gp/annotation_chr_s/single_genome_EDTA/100797/100797.Chr_scaffolds.fa.mod.EDTA.TEanno.sgannot.gff3, /tmp/global2/ssushko/TE_evolution/1001Gp_TE_ANNOT/panTEome_v3_1001Gp/annotation_chr_s/single_genome_EDTA/100797/100797.Chr_scaffolds.fa.mod.EDTA.anno/100797.Chr_scaffolds.fa.mod.EDTA.RM.out
    output: /tmp/global2/ssushko/TE_evolution/1001Gp_TE_ANNOT/panTEome_v3_1001Gp/annotation_chr_s/single_genome_EDTA/100797/100797.Chr_scaffolds.fa.mod.EDTA.TElib.fa.keep.list, /tmp/global2/ssushko/TE_evolution/1001Gp_TE_ANNOT/panTEome_v3_1001Gp/annotation_chr_s/single_genome_EDTA/100797/100797.Chr_scaffolds.fa.mod.EDTA.TElib.mincopyfiltered.fa
    log: logs/100797_extr_minnflcop.log
    jobid: 1459
    reason: Missing output files: /tmp/global2/ssushko/TE_evolution/1001Gp_TE_ANNOT/panTEome_v3_1001Gp/annotation_chr_s/single_genome_EDTA/100797/100797.Chr_scaffolds.fa.mod.EDTA.TElib.mincopyfiltered.fa
    wildcards: sample=100797
    resources: mem_mb=1000, mem_mib=954, disk_mb=1000, disk_mib=954, tmpdir=<TBD>


[Fri Sep  5 14:44:39 2025]
rule extract_min_n_fl_copies:
    input: /tmp/global2/ssushko/TE_evolution/1001Gp_TE_ANNOT/panTEome_v3_1001Gp/annotation_chr_s/single_genome_EDTA/100902/100902.Chr_scaffolds.fa.mod.EDTA.TEanno.sgannot.gff3, /tmp/global2/ssushko/TE_evolution/1001Gp_TE_ANNOT/panTEome_v3_1001Gp/annotation_chr_s/single_genome_EDTA/100902/100902.Chr_scaffolds.fa.mod.EDTA.anno/100902.Chr_scaffolds.fa.mod.EDTA.RM.out
    output: /tmp/global2/ssushko/TE_evolution/1001Gp_TE_ANNOT/panTEome_v3_1001Gp/annotation_chr_s/single_genome_EDTA/100902/100902.Chr_scaffolds.fa.mod.EDTA.TElib.fa.keep.list, /tmp/global2/ssushko/TE_evolution/1001Gp_TE_ANNOT/panTEome_v3_1001Gp/annotation_chr_s/single_genome_EDTA/100902/100902.Chr_scaffolds.fa.mod.EDTA.TElib.mincopyfiltered.fa
    log: logs/100902_extr_minnflcop.log
    jobid: 1879
    reason: Missing output files: /tmp/global2/ssushko/TE_evolution/1001Gp_TE_ANNOT/panTEome_v3_1001Gp/annotation_chr_s/single_genome_EDTA/100902/100902.Chr_scaffolds.fa.mod.EDTA.TElib.mincopyfiltered.fa
    wildcards: sample=100902
    resources: mem_mb=1000, mem_mib=954, disk_mb=1000, disk_mib=954, tmpdir=<TBD>


[Fri Sep  5 14:44:39 2025]
rule extract_min_n_fl_copies:
    input: /tmp/global2/ssushko/TE_evolution/1001Gp_TE_ANNOT/panTEome_v3_1001Gp/annotation_chr_s/single_genome_EDTA/101000/101000.Chr_scaffolds.fa.mod.EDTA.TEanno.sgannot.gff3, /tmp/global2/ssushko/TE_evolution/1001Gp_TE_ANNOT/panTEome_v3_1001Gp/annotation_chr_s/single_genome_EDTA/101000/101000.Chr_scaffolds.fa.mod.EDTA.anno/101000.Chr_scaffolds.fa.mod.EDTA.RM.out
    output: /tmp/global2/ssushko/TE_evolution/1001Gp_TE_ANNOT/panTEome_v3_1001Gp/annotation_chr_s/single_genome_EDTA/101000/101000.Chr_scaffolds.fa.mod.EDTA.TElib.fa.keep.list, /tmp/global2/ssushko/TE_evolution/1001Gp_TE_ANNOT/panTEome_v3_1001Gp/annotation_chr_s/single_genome_EDTA/101000/101000.Chr_scaffolds.fa.mod.EDTA.TElib.mincopyfiltered.fa
    log: logs/101000_extr_minnflcop.log
    jobid: 2271
    reason: Missing output files: /tmp/global2/ssushko/TE_evolution/1001Gp_TE_ANNOT/panTEome_v3_1001Gp/annotation_chr_s/single_genome_EDTA/101000/101000.Chr_scaffolds.fa.mod.EDTA.TElib.mincopyfiltered.fa
    wildcards: sample=101000
    resources: mem_mb=1000, mem_mib=954, disk_mb=1000, disk_mib=954, tmpdir=<TBD>


[Fri Sep  5 14:44:39 2025]
rule extract_min_n_fl_copies:
    input: /tmp/global2/ssushko/TE_evolution/1001Gp_TE_ANNOT/panTEome_v3_1001Gp/annotation_chr_s/single_genome_EDTA/101007/101007.Chr_scaffolds.fa.mod.EDTA.TEanno.sgannot.gff3, /tmp/global2/ssushko/TE_evolution/1001Gp_TE_ANNOT/panTEome_v3_1001Gp/annotation_chr_s/single_genome_EDTA/101007/101007.Chr_scaffolds.fa.mod.EDTA.anno/101007.Chr_scaffolds.fa.mod.EDTA.RM.out
    output: /tmp/global2/ssushko/TE_evolution/1001Gp_TE_ANNOT/panTEome_v3_1001Gp/annotation_chr_s/single_genome_EDTA/101007/101007.Chr_scaffolds.fa.mod.EDTA.TElib.fa.keep.list, /tmp/global2/ssushko/TE_evolution/1001Gp_TE_ANNOT/panTEome_v3_1001Gp/annotation_chr_s/single_genome_EDTA/101007/101007.Chr_scaffolds.fa.mod.EDTA.TElib.mincopyfiltered.fa
    log: logs/101007_extr_minnflcop.log
    jobid: 2299
    reason: Missing output files: /tmp/global2/ssushko/TE_evolution/1001Gp_TE_ANNOT/panTEome_v3_1001Gp/annotation_chr_s/single_genome_EDTA/101007/101007.Chr_scaffolds.fa.mod.EDTA.TElib.mincopyfiltered.fa
    wildcards: sample=101007
    resources: mem_mb=1000, mem_mib=954, disk_mb=1000, disk_mib=954, tmpdir=<TBD>


[Fri Sep  5 14:44:39 2025]
rule extract_min_n_fl_copies:
    input: /tmp/global2/ssushko/TE_evolution/1001Gp_TE_ANNOT/panTEome_v3_1001Gp/annotation_chr_s/single_genome_EDTA/101035/101035.Chr_scaffolds.fa.mod.EDTA.TEanno.sgannot.gff3, /tmp/global2/ssushko/TE_evolution/1001Gp_TE_ANNOT/panTEome_v3_1001Gp/annotation_chr_s/single_genome_EDTA/101035/101035.Chr_scaffolds.fa.mod.EDTA.anno/101035.Chr_scaffolds.fa.mod.EDTA.RM.out
    output: /tmp/global2/ssushko/TE_evolution/1001Gp_TE_ANNOT/panTEome_v3_1001Gp/annotation_chr_s/single_genome_EDTA/101035/101035.Chr_scaffolds.fa.mod.EDTA.TElib.fa.keep.list, /tmp/global2/ssushko/TE_evolution/1001Gp_TE_ANNOT/panTEome_v3_1001Gp/annotation_chr_s/single_genome_EDTA/101035/101035.Chr_scaffolds.fa.mod.EDTA.TElib.mincopyfiltered.fa
    log: logs/101035_extr_minnflcop.log
    jobid: 2411
    reason: Missing output files: /tmp/global2/ssushko/TE_evolution/1001Gp_TE_ANNOT/panTEome_v3_1001Gp/annotation_chr_s/single_genome_EDTA/101035/101035.Chr_scaffolds.fa.mod.EDTA.TElib.mincopyfiltered.fa
    wildcards: sample=101035
    resources: mem_mb=1000, mem_mib=954, disk_mb=1000, disk_mib=954, tmpdir=<TBD>


[Fri Sep  5 14:44:39 2025]
rule extract_min_n_fl_copies:
    input: /tmp/global2/ssushko/TE_evolution/1001Gp_TE_ANNOT/panTEome_v3_1001Gp/annotation_chr_s/single_genome_EDTA/100060/100060.Chr_scaffolds.fa.mod.EDTA.TEanno.sgannot.gff3, /tmp/global2/ssushko/TE_evolution/1001Gp_TE_ANNOT/panTEome_v3_1001Gp/annotation_chr_s/single_genome_EDTA/100060/100060.Chr_scaffolds.fa.mod.EDTA.anno/100060.Chr_scaffolds.fa.mod.EDTA.RM.out
    output: /tmp/global2/ssushko/TE_evolution/1001Gp_TE_ANNOT/panTEome_v3_1001Gp/annotation_chr_s/single_genome_EDTA/100060/100060.Chr_scaffolds.fa.mod.EDTA.TElib.fa.keep.list, /tmp/global2/ssushko/TE_evolution/1001Gp_TE_ANNOT/panTEome_v3_1001Gp/annotation_chr_s/single_genome_EDTA/100060/100060.Chr_scaffolds.fa.mod.EDTA.TElib.mincopyfiltered.fa
    log: logs/100060_extr_minnflcop.log
    jobid: 119
    reason: Missing output files: /tmp/global2/ssushko/TE_evolution/1001Gp_TE_ANNOT/panTEome_v3_1001Gp/annotation_chr_s/single_genome_EDTA/100060/100060.Chr_scaffolds.fa.mod.EDTA.TElib.mincopyfiltered.fa
    wildcards: sample=100060
    resources: mem_mb=1000, mem_mib=954, disk_mb=1000, disk_mib=954, tmpdir=<TBD>


[Fri Sep  5 14:44:39 2025]
rule extract_min_n_fl_copies:
    input: /tmp/global2/ssushko/TE_evolution/1001Gp_TE_ANNOT/panTEome_v3_1001Gp/annotation_chr_s/single_genome_EDTA/100088/100088.Chr_scaffolds.fa.mod.EDTA.TEanno.sgannot.gff3, /tmp/global2/ssushko/TE_evolution/1001Gp_TE_ANNOT/panTEome_v3_1001Gp/annotation_chr_s/single_genome_EDTA/100088/100088.Chr_scaffolds.fa.mod.EDTA.anno/100088.Chr_scaffolds.fa.mod.EDTA.RM.out
    output: /tmp/global2/ssushko/TE_evolution/1001Gp_TE_ANNOT/panTEome_v3_1001Gp/annotation_chr_s/single_genome_EDTA/100088/100088.Chr_scaffolds.fa.mod.EDTA.TElib.fa.keep.list, /tmp/global2/ssushko/TE_evolution/1001Gp_TE_ANNOT/panTEome_v3_1001Gp/annotation_chr_s/single_genome_EDTA/100088/100088.Chr_scaffolds.fa.mod.EDTA.TElib.mincopyfiltered.fa
    log: logs/100088_extr_minnflcop.log
    jobid: 231
    reason: Missing output files: /tmp/global2/ssushko/TE_evolution/1001Gp_TE_ANNOT/panTEome_v3_1001Gp/annotation_chr_s/single_genome_EDTA/100088/100088.Chr_scaffolds.fa.mod.EDTA.TElib.mincopyfiltered.fa
    wildcards: sample=100088
    resources: mem_mb=1000, mem_mib=954, disk_mb=1000, disk_mib=954, tmpdir=<TBD>


[Fri Sep  5 14:44:39 2025]
rule extract_min_n_fl_copies:
    input: /tmp/global2/ssushko/TE_evolution/1001Gp_TE_ANNOT/panTEome_v3_1001Gp/annotation_chr_s/single_genome_EDTA/100095/100095.Chr_scaffolds.fa.mod.EDTA.TEanno.sgannot.gff3, /tmp/global2/ssushko/TE_evolution/1001Gp_TE_ANNOT/panTEome_v3_1001Gp/annotation_chr_s/single_genome_EDTA/100095/100095.Chr_scaffolds.fa.mod.EDTA.anno/100095.Chr_scaffolds.fa.mod.EDTA.RM.out
    output: /tmp/global2/ssushko/TE_evolution/1001Gp_TE_ANNOT/panTEome_v3_1001Gp/annotation_chr_s/single_genome_EDTA/100095/100095.Chr_scaffolds.fa.mod.EDTA.TElib.fa.keep.list, /tmp/global2/ssushko/TE_evolution/1001Gp_TE_ANNOT/panTEome_v3_1001Gp/annotation_chr_s/single_genome_EDTA/100095/100095.Chr_scaffolds.fa.mod.EDTA.TElib.mincopyfiltered.fa
    log: logs/100095_extr_minnflcop.log
    jobid: 259
    reason: Missing output files: /tmp/global2/ssushko/TE_evolution/1001Gp_TE_ANNOT/panTEome_v3_1001Gp/annotation_chr_s/single_genome_EDTA/100095/100095.Chr_scaffolds.fa.mod.EDTA.TElib.mincopyfiltered.fa
    wildcards: sample=100095
    resources: mem_mb=1000, mem_mib=954, disk_mb=1000, disk_mib=954, tmpdir=<TBD>


[Fri Sep  5 14:44:39 2025]
rule extract_min_n_fl_copies:
    input: /tmp/global2/ssushko/TE_evolution/1001Gp_TE_ANNOT/panTEome_v3_1001Gp/annotation_chr_s/single_genome_EDTA/100132/100132.Chr_scaffolds.fa.mod.EDTA.TEanno.sgannot.gff3, /tmp/global2/ssushko/TE_evolution/1001Gp_TE_ANNOT/panTEome_v3_1001Gp/annotation_chr_s/single_genome_EDTA/100132/100132.Chr_scaffolds.fa.mod.EDTA.anno/100132.Chr_scaffolds.fa.mod.EDTA.RM.out
    output: /tmp/global2/ssushko/TE_evolution/1001Gp_TE_ANNOT/panTEome_v3_1001Gp/annotation_chr_s/single_genome_EDTA/100132/100132.Chr_scaffolds.fa.mod.EDTA.TElib.fa.keep.list, /tmp/global2/ssushko/TE_evolution/1001Gp_TE_ANNOT/panTEome_v3_1001Gp/annotation_chr_s/single_genome_EDTA/100132/100132.Chr_scaffolds.fa.mod.EDTA.TElib.mincopyfiltered.fa
    log: logs/100132_extr_minnflcop.log
    jobid: 399
    reason: Missing output files: /tmp/global2/ssushko/TE_evolution/1001Gp_TE_ANNOT/panTEome_v3_1001Gp/annotation_chr_s/single_genome_EDTA/100132/100132.Chr_scaffolds.fa.mod.EDTA.TElib.mincopyfiltered.fa
    wildcards: sample=100132
    resources: mem_mb=1000, mem_mib=954, disk_mb=1000, disk_mib=954, tmpdir=<TBD>


[Fri Sep  5 14:44:39 2025]
rule extract_min_n_fl_copies:
    input: /tmp/global2/ssushko/TE_evolution/1001Gp_TE_ANNOT/panTEome_v3_1001Gp/annotation_chr_s/single_genome_EDTA/100395/100395.Chr_scaffolds.fa.mod.EDTA.TEanno.sgannot.gff3, /tmp/global2/ssushko/TE_evolution/1001Gp_TE_ANNOT/panTEome_v3_1001Gp/annotation_chr_s/single_genome_EDTA/100395/100395.Chr_scaffolds.fa.mod.EDTA.anno/100395.Chr_scaffolds.fa.mod.EDTA.RM.out
    output: /tmp/global2/ssushko/TE_evolution/1001Gp_TE_ANNOT/panTEome_v3_1001Gp/annotation_chr_s/single_genome_EDTA/100395/100395.Chr_scaffolds.fa.mod.EDTA.TElib.fa.keep.list, /tmp/global2/ssushko/TE_evolution/1001Gp_TE_ANNOT/panTEome_v3_1001Gp/annotation_chr_s/single_genome_EDTA/100395/100395.Chr_scaffolds.fa.mod.EDTA.TElib.mincopyfiltered.fa
    log: logs/100395_extr_minnflcop.log
    jobid: 747
    reason: Missing output files: /tmp/global2/ssushko/TE_evolution/1001Gp_TE_ANNOT/panTEome_v3_1001Gp/annotation_chr_s/single_genome_EDTA/100395/100395.Chr_scaffolds.fa.mod.EDTA.TElib.mincopyfiltered.fa
    wildcards: sample=100395
    resources: mem_mb=1000, mem_mib=954, disk_mb=1000, disk_mib=954, tmpdir=<TBD>


[Fri Sep  5 14:44:39 2025]
rule extract_min_n_fl_copies:
    input: /tmp/global2/ssushko/TE_evolution/1001Gp_TE_ANNOT/panTEome_v3_1001Gp/annotation_chr_s/single_genome_EDTA/100801/100801.Chr_scaffolds.fa.mod.EDTA.TEanno.sgannot.gff3, /tmp/global2/ssushko/TE_evolution/1001Gp_TE_ANNOT/panTEome_v3_1001Gp/annotation_chr_s/single_genome_EDTA/100801/100801.Chr_scaffolds.fa.mod.EDTA.anno/100801.Chr_scaffolds.fa.mod.EDTA.RM.out
    output: /tmp/global2/ssushko/TE_evolution/1001Gp_TE_ANNOT/panTEome_v3_1001Gp/annotation_chr_s/single_genome_EDTA/100801/100801.Chr_scaffolds.fa.mod.EDTA.TElib.fa.keep.list, /tmp/global2/ssushko/TE_evolution/1001Gp_TE_ANNOT/panTEome_v3_1001Gp/annotation_chr_s/single_genome_EDTA/100801/100801.Chr_scaffolds.fa.mod.EDTA.TElib.mincopyfiltered.fa
    log: logs/100801_extr_minnflcop.log
    jobid: 1475
    reason: Missing output files: /tmp/global2/ssushko/TE_evolution/1001Gp_TE_ANNOT/panTEome_v3_1001Gp/annotation_chr_s/single_genome_EDTA/100801/100801.Chr_scaffolds.fa.mod.EDTA.TElib.mincopyfiltered.fa
    wildcards: sample=100801
    resources: mem_mb=1000, mem_mib=954, disk_mb=1000, disk_mib=954, tmpdir=<TBD>


[Fri Sep  5 14:44:39 2025]
rule extract_min_n_fl_copies:
    input: /tmp/global2/ssushko/TE_evolution/1001Gp_TE_ANNOT/panTEome_v3_1001Gp/annotation_chr_s/single_genome_EDTA/100864/100864.Chr_scaffolds.fa.mod.EDTA.TEanno.sgannot.gff3, /tmp/global2/ssushko/TE_evolution/1001Gp_TE_ANNOT/panTEome_v3_1001Gp/annotation_chr_s/single_genome_EDTA/100864/100864.Chr_scaffolds.fa.mod.EDTA.anno/100864.Chr_scaffolds.fa.mod.EDTA.RM.out
    output: /tmp/global2/ssushko/TE_evolution/1001Gp_TE_ANNOT/panTEome_v3_1001Gp/annotation_chr_s/single_genome_EDTA/100864/100864.Chr_scaffolds.fa.mod.EDTA.TElib.fa.keep.list, /tmp/global2/ssushko/TE_evolution/1001Gp_TE_ANNOT/panTEome_v3_1001Gp/annotation_chr_s/single_genome_EDTA/100864/100864.Chr_scaffolds.fa.mod.EDTA.TElib.mincopyfiltered.fa
    log: logs/100864_extr_minnflcop.log
    jobid: 1727
    reason: Missing output files: /tmp/global2/ssushko/TE_evolution/1001Gp_TE_ANNOT/panTEome_v3_1001Gp/annotation_chr_s/single_genome_EDTA/100864/100864.Chr_scaffolds.fa.mod.EDTA.TElib.mincopyfiltered.fa
    wildcards: sample=100864
    resources: mem_mb=1000, mem_mib=954, disk_mb=1000, disk_mib=954, tmpdir=<TBD>


[Fri Sep  5 14:44:39 2025]
rule extract_min_n_fl_copies:
    input: /tmp/global2/ssushko/TE_evolution/1001Gp_TE_ANNOT/panTEome_v3_1001Gp/annotation_chr_s/single_genome_EDTA/100962/100962.Chr_scaffolds.fa.mod.EDTA.TEanno.sgannot.gff3, /tmp/global2/ssushko/TE_evolution/1001Gp_TE_ANNOT/panTEome_v3_1001Gp/annotation_chr_s/single_genome_EDTA/100962/100962.Chr_scaffolds.fa.mod.EDTA.anno/100962.Chr_scaffolds.fa.mod.EDTA.RM.out
    output: /tmp/global2/ssushko/TE_evolution/1001Gp_TE_ANNOT/panTEome_v3_1001Gp/annotation_chr_s/single_genome_EDTA/100962/100962.Chr_scaffolds.fa.mod.EDTA.TElib.fa.keep.list, /tmp/global2/ssushko/TE_evolution/1001Gp_TE_ANNOT/panTEome_v3_1001Gp/annotation_chr_s/single_genome_EDTA/100962/100962.Chr_scaffolds.fa.mod.EDTA.TElib.mincopyfiltered.fa
    log: logs/100962_extr_minnflcop.log
    jobid: 2119
    reason: Missing output files: /tmp/global2/ssushko/TE_evolution/1001Gp_TE_ANNOT/panTEome_v3_1001Gp/annotation_chr_s/single_genome_EDTA/100962/100962.Chr_scaffolds.fa.mod.EDTA.TElib.mincopyfiltered.fa
    wildcards: sample=100962
    resources: mem_mb=1000, mem_mib=954, disk_mb=1000, disk_mib=954, tmpdir=<TBD>


[Fri Sep  5 14:44:39 2025]
rule extract_min_n_fl_copies:
    input: /tmp/global2/ssushko/TE_evolution/1001Gp_TE_ANNOT/panTEome_v3_1001Gp/annotation_chr_s/single_genome_EDTA/101025/101025.Chr_scaffolds.fa.mod.EDTA.TEanno.sgannot.gff3, /tmp/global2/ssushko/TE_evolution/1001Gp_TE_ANNOT/panTEome_v3_1001Gp/annotation_chr_s/single_genome_EDTA/101025/101025.Chr_scaffolds.fa.mod.EDTA.anno/101025.Chr_scaffolds.fa.mod.EDTA.RM.out
    output: /tmp/global2/ssushko/TE_evolution/1001Gp_TE_ANNOT/panTEome_v3_1001Gp/annotation_chr_s/single_genome_EDTA/101025/101025.Chr_scaffolds.fa.mod.EDTA.TElib.fa.keep.list, /tmp/global2/ssushko/TE_evolution/1001Gp_TE_ANNOT/panTEome_v3_1001Gp/annotation_chr_s/single_genome_EDTA/101025/101025.Chr_scaffolds.fa.mod.EDTA.TElib.mincopyfiltered.fa
    log: logs/101025_extr_minnflcop.log
    jobid: 2371
    reason: Missing output files: /tmp/global2/ssushko/TE_evolution/1001Gp_TE_ANNOT/panTEome_v3_1001Gp/annotation_chr_s/single_genome_EDTA/101025/101025.Chr_scaffolds.fa.mod.EDTA.TElib.mincopyfiltered.fa
    wildcards: sample=101025
    resources: mem_mb=1000, mem_mib=954, disk_mb=1000, disk_mib=954, tmpdir=<TBD>


[Fri Sep  5 14:44:39 2025]
rule extract_min_n_fl_copies:
    input: /tmp/global2/ssushko/TE_evolution/1001Gp_TE_ANNOT/panTEome_v3_1001Gp/annotation_chr_s/single_genome_EDTA/101057/101057.Chr_scaffolds.fa.mod.EDTA.TEanno.sgannot.gff3, /tmp/global2/ssushko/TE_evolution/1001Gp_TE_ANNOT/panTEome_v3_1001Gp/annotation_chr_s/single_genome_EDTA/101057/101057.Chr_scaffolds.fa.mod.EDTA.anno/101057.Chr_scaffolds.fa.mod.EDTA.RM.out
    output: /tmp/global2/ssushko/TE_evolution/1001Gp_TE_ANNOT/panTEome_v3_1001Gp/annotation_chr_s/single_genome_EDTA/101057/101057.Chr_scaffolds.fa.mod.EDTA.TElib.fa.keep.list, /tmp/global2/ssushko/TE_evolution/1001Gp_TE_ANNOT/panTEome_v3_1001Gp/annotation_chr_s/single_genome_EDTA/101057/101057.Chr_scaffolds.fa.mod.EDTA.TElib.mincopyfiltered.fa
    log: logs/101057_extr_minnflcop.log
    jobid: 2471
    reason: Missing output files: /tmp/global2/ssushko/TE_evolution/1001Gp_TE_ANNOT/panTEome_v3_1001Gp/annotation_chr_s/single_genome_EDTA/101057/101057.Chr_scaffolds.fa.mod.EDTA.TElib.mincopyfiltered.fa
    wildcards: sample=101057
    resources: mem_mb=1000, mem_mib=954, disk_mb=1000, disk_mib=954, tmpdir=<TBD>


[Fri Sep  5 14:44:39 2025]
rule extract_min_n_fl_copies:
    input: /tmp/global2/ssushko/TE_evolution/1001Gp_TE_ANNOT/panTEome_v3_1001Gp/annotation_chr_s/single_genome_EDTA/100099/100099.Chr_scaffolds.fa.mod.EDTA.TEanno.sgannot.gff3, /tmp/global2/ssushko/TE_evolution/1001Gp_TE_ANNOT/panTEome_v3_1001Gp/annotation_chr_s/single_genome_EDTA/100099/100099.Chr_scaffolds.fa.mod.EDTA.anno/100099.Chr_scaffolds.fa.mod.EDTA.RM.out
    output: /tmp/global2/ssushko/TE_evolution/1001Gp_TE_ANNOT/panTEome_v3_1001Gp/annotation_chr_s/single_genome_EDTA/100099/100099.Chr_scaffolds.fa.mod.EDTA.TElib.fa.keep.list, /tmp/global2/ssushko/TE_evolution/1001Gp_TE_ANNOT/panTEome_v3_1001Gp/annotation_chr_s/single_genome_EDTA/100099/100099.Chr_scaffolds.fa.mod.EDTA.TElib.mincopyfiltered.fa
    log: logs/100099_extr_minnflcop.log
    jobid: 275
    reason: Missing output files: /tmp/global2/ssushko/TE_evolution/1001Gp_TE_ANNOT/panTEome_v3_1001Gp/annotation_chr_s/single_genome_EDTA/100099/100099.Chr_scaffolds.fa.mod.EDTA.TElib.mincopyfiltered.fa
    wildcards: sample=100099
    resources: mem_mb=1000, mem_mib=954, disk_mb=1000, disk_mib=954, tmpdir=<TBD>


[Fri Sep  5 14:44:39 2025]
rule extract_min_n_fl_copies:
    input: /tmp/global2/ssushko/TE_evolution/1001Gp_TE_ANNOT/panTEome_v3_1001Gp/annotation_chr_s/single_genome_EDTA/100324/100324.Chr_scaffolds.fa.mod.EDTA.TEanno.sgannot.gff3, /tmp/global2/ssushko/TE_evolution/1001Gp_TE_ANNOT/panTEome_v3_1001Gp/annotation_chr_s/single_genome_EDTA/100324/100324.Chr_scaffolds.fa.mod.EDTA.anno/100324.Chr_scaffolds.fa.mod.EDTA.RM.out
    output: /tmp/global2/ssushko/TE_evolution/1001Gp_TE_ANNOT/panTEome_v3_1001Gp/annotation_chr_s/single_genome_EDTA/100324/100324.Chr_scaffolds.fa.mod.EDTA.TElib.fa.keep.list, /tmp/global2/ssushko/TE_evolution/1001Gp_TE_ANNOT/panTEome_v3_1001Gp/annotation_chr_s/single_genome_EDTA/100324/100324.Chr_scaffolds.fa.mod.EDTA.TElib.mincopyfiltered.fa
    log: logs/100324_extr_minnflcop.log
    jobid: 707
    reason: Missing output files: /tmp/global2/ssushko/TE_evolution/1001Gp_TE_ANNOT/panTEome_v3_1001Gp/annotation_chr_s/single_genome_EDTA/100324/100324.Chr_scaffolds.fa.mod.EDTA.TElib.mincopyfiltered.fa
    wildcards: sample=100324
    resources: mem_mb=1000, mem_mib=954, disk_mb=1000, disk_mib=954, tmpdir=<TBD>


[Fri Sep  5 14:44:39 2025]
rule extract_min_n_fl_copies:
    input: /tmp/global2/ssushko/TE_evolution/1001Gp_TE_ANNOT/panTEome_v3_1001Gp/annotation_chr_s/single_genome_EDTA/100706/100706.Chr_scaffolds.fa.mod.EDTA.TEanno.sgannot.gff3, /tmp/global2/ssushko/TE_evolution/1001Gp_TE_ANNOT/panTEome_v3_1001Gp/annotation_chr_s/single_genome_EDTA/100706/100706.Chr_scaffolds.fa.mod.EDTA.anno/100706.Chr_scaffolds.fa.mod.EDTA.RM.out
    output: /tmp/global2/ssushko/TE_evolution/1001Gp_TE_ANNOT/panTEome_v3_1001Gp/annotation_chr_s/single_genome_EDTA/100706/100706.Chr_scaffolds.fa.mod.EDTA.TElib.fa.keep.list, /tmp/global2/ssushko/TE_evolution/1001Gp_TE_ANNOT/panTEome_v3_1001Gp/annotation_chr_s/single_genome_EDTA/100706/100706.Chr_scaffolds.fa.mod.EDTA.TElib.mincopyfiltered.fa
    log: logs/100706_extr_minnflcop.log
    jobid: 1099
    reason: Missing output files: /tmp/global2/ssushko/TE_evolution/1001Gp_TE_ANNOT/panTEome_v3_1001Gp/annotation_chr_s/single_genome_EDTA/100706/100706.Chr_scaffolds.fa.mod.EDTA.TElib.mincopyfiltered.fa
    wildcards: sample=100706
    resources: mem_mb=1000, mem_mib=954, disk_mb=1000, disk_mib=954, tmpdir=<TBD>


[Fri Sep  5 14:44:39 2025]
rule extract_min_n_fl_copies:
    input: /tmp/global2/ssushko/TE_evolution/1001Gp_TE_ANNOT/panTEome_v3_1001Gp/annotation_chr_s/single_genome_EDTA/100699/100699.Chr_scaffolds.fa.mod.EDTA.TEanno.sgannot.gff3, /tmp/global2/ssushko/TE_evolution/1001Gp_TE_ANNOT/panTEome_v3_1001Gp/annotation_chr_s/single_genome_EDTA/100699/100699.Chr_scaffolds.fa.mod.EDTA.anno/100699.Chr_scaffolds.fa.mod.EDTA.RM.out
    output: /tmp/global2/ssushko/TE_evolution/1001Gp_TE_ANNOT/panTEome_v3_1001Gp/annotation_chr_s/single_genome_EDTA/100699/100699.Chr_scaffolds.fa.mod.EDTA.TElib.fa.keep.list, /tmp/global2/ssushko/TE_evolution/1001Gp_TE_ANNOT/panTEome_v3_1001Gp/annotation_chr_s/single_genome_EDTA/100699/100699.Chr_scaffolds.fa.mod.EDTA.TElib.mincopyfiltered.fa
    log: logs/100699_extr_minnflcop.log
    jobid: 1071
    reason: Missing output files: /tmp/global2/ssushko/TE_evolution/1001Gp_TE_ANNOT/panTEome_v3_1001Gp/annotation_chr_s/single_genome_EDTA/100699/100699.Chr_scaffolds.fa.mod.EDTA.TElib.mincopyfiltered.fa
    wildcards: sample=100699
    resources: mem_mb=1000, mem_mib=954, disk_mb=1000, disk_mib=954, tmpdir=<TBD>


[Fri Sep  5 14:44:39 2025]
rule extract_min_n_fl_copies:
    input: /tmp/global2/ssushko/TE_evolution/1001Gp_TE_ANNOT/panTEome_v3_1001Gp/annotation_chr_s/single_genome_EDTA/100840/100840.Chr_scaffolds.fa.mod.EDTA.TEanno.sgannot.gff3, /tmp/global2/ssushko/TE_evolution/1001Gp_TE_ANNOT/panTEome_v3_1001Gp/annotation_chr_s/single_genome_EDTA/100840/100840.Chr_scaffolds.fa.mod.EDTA.anno/100840.Chr_scaffolds.fa.mod.EDTA.RM.out
    output: /tmp/global2/ssushko/TE_evolution/1001Gp_TE_ANNOT/panTEome_v3_1001Gp/annotation_chr_s/single_genome_EDTA/100840/100840.Chr_scaffolds.fa.mod.EDTA.TElib.fa.keep.list, /tmp/global2/ssushko/TE_evolution/1001Gp_TE_ANNOT/panTEome_v3_1001Gp/annotation_chr_s/single_genome_EDTA/100840/100840.Chr_scaffolds.fa.mod.EDTA.TElib.mincopyfiltered.fa
    log: logs/100840_extr_minnflcop.log
    jobid: 1631
    reason: Missing output files: /tmp/global2/ssushko/TE_evolution/1001Gp_TE_ANNOT/panTEome_v3_1001Gp/annotation_chr_s/single_genome_EDTA/100840/100840.Chr_scaffolds.fa.mod.EDTA.TElib.mincopyfiltered.fa
    wildcards: sample=100840
    resources: mem_mb=1000, mem_mib=954, disk_mb=1000, disk_mib=954, tmpdir=<TBD>


[Fri Sep  5 14:44:39 2025]
rule extract_min_n_fl_copies:
    input: /tmp/global2/ssushko/TE_evolution/1001Gp_TE_ANNOT/panTEome_v3_1001Gp/annotation_chr_s/single_genome_EDTA/100847/100847.Chr_scaffolds.fa.mod.EDTA.TEanno.sgannot.gff3, /tmp/global2/ssushko/TE_evolution/1001Gp_TE_ANNOT/panTEome_v3_1001Gp/annotation_chr_s/single_genome_EDTA/100847/100847.Chr_scaffolds.fa.mod.EDTA.anno/100847.Chr_scaffolds.fa.mod.EDTA.RM.out
    output: /tmp/global2/ssushko/TE_evolution/1001Gp_TE_ANNOT/panTEome_v3_1001Gp/annotation_chr_s/single_genome_EDTA/100847/100847.Chr_scaffolds.fa.mod.EDTA.TElib.fa.keep.list, /tmp/global2/ssushko/TE_evolution/1001Gp_TE_ANNOT/panTEome_v3_1001Gp/annotation_chr_s/single_genome_EDTA/100847/100847.Chr_scaffolds.fa.mod.EDTA.TElib.mincopyfiltered.fa
    log: logs/100847_extr_minnflcop.log
    jobid: 1659
    reason: Missing output files: /tmp/global2/ssushko/TE_evolution/1001Gp_TE_ANNOT/panTEome_v3_1001Gp/annotation_chr_s/single_genome_EDTA/100847/100847.Chr_scaffolds.fa.mod.EDTA.TElib.mincopyfiltered.fa
    wildcards: sample=100847
    resources: mem_mb=1000, mem_mib=954, disk_mb=1000, disk_mib=954, tmpdir=<TBD>


[Fri Sep  5 14:44:39 2025]
rule extract_min_n_fl_copies:
    input: /tmp/global2/ssushko/TE_evolution/1001Gp_TE_ANNOT/panTEome_v3_1001Gp/annotation_chr_s/single_genome_EDTA/100910/100910.Chr_scaffolds.fa.mod.EDTA.TEanno.sgannot.gff3, /tmp/global2/ssushko/TE_evolution/1001Gp_TE_ANNOT/panTEome_v3_1001Gp/annotation_chr_s/single_genome_EDTA/100910/100910.Chr_scaffolds.fa.mod.EDTA.anno/100910.Chr_scaffolds.fa.mod.EDTA.RM.out
    output: /tmp/global2/ssushko/TE_evolution/1001Gp_TE_ANNOT/panTEome_v3_1001Gp/annotation_chr_s/single_genome_EDTA/100910/100910.Chr_scaffolds.fa.mod.EDTA.TElib.fa.keep.list, /tmp/global2/ssushko/TE_evolution/1001Gp_TE_ANNOT/panTEome_v3_1001Gp/annotation_chr_s/single_genome_EDTA/100910/100910.Chr_scaffolds.fa.mod.EDTA.TElib.mincopyfiltered.fa
    log: logs/100910_extr_minnflcop.log
    jobid: 1911
    reason: Missing output files: /tmp/global2/ssushko/TE_evolution/1001Gp_TE_ANNOT/panTEome_v3_1001Gp/annotation_chr_s/single_genome_EDTA/100910/100910.Chr_scaffolds.fa.mod.EDTA.TElib.mincopyfiltered.fa
    wildcards: sample=100910
    resources: mem_mb=1000, mem_mib=954, disk_mb=1000, disk_mib=954, tmpdir=<TBD>


[Fri Sep  5 14:44:39 2025]
rule extract_min_n_fl_copies:
    input: /tmp/global2/ssushko/TE_evolution/1001Gp_TE_ANNOT/panTEome_v3_1001Gp/annotation_chr_s/single_genome_EDTA/100917/100917.Chr_scaffolds.fa.mod.EDTA.TEanno.sgannot.gff3, /tmp/global2/ssushko/TE_evolution/1001Gp_TE_ANNOT/panTEome_v3_1001Gp/annotation_chr_s/single_genome_EDTA/100917/100917.Chr_scaffolds.fa.mod.EDTA.anno/100917.Chr_scaffolds.fa.mod.EDTA.RM.out
    output: /tmp/global2/ssushko/TE_evolution/1001Gp_TE_ANNOT/panTEome_v3_1001Gp/annotation_chr_s/single_genome_EDTA/100917/100917.Chr_scaffolds.fa.mod.EDTA.TElib.fa.keep.list, /tmp/global2/ssushko/TE_evolution/1001Gp_TE_ANNOT/panTEome_v3_1001Gp/annotation_chr_s/single_genome_EDTA/100917/100917.Chr_scaffolds.fa.mod.EDTA.TElib.mincopyfiltered.fa
    log: logs/100917_extr_minnflcop.log
    jobid: 1939
    reason: Missing output files: /tmp/global2/ssushko/TE_evolution/1001Gp_TE_ANNOT/panTEome_v3_1001Gp/annotation_chr_s/single_genome_EDTA/100917/100917.Chr_scaffolds.fa.mod.EDTA.TElib.mincopyfiltered.fa
    wildcards: sample=100917
    resources: mem_mb=1000, mem_mib=954, disk_mb=1000, disk_mib=954, tmpdir=<TBD>


[Fri Sep  5 14:44:39 2025]
rule extract_min_n_fl_copies:
    input: /tmp/global2/ssushko/TE_evolution/1001Gp_TE_ANNOT/panTEome_v3_1001Gp/annotation_chr_s/single_genome_EDTA/100409/100409.Chr_scaffolds.fa.mod.EDTA.TEanno.sgannot.gff3, /tmp/global2/ssushko/TE_evolution/1001Gp_TE_ANNOT/panTEome_v3_1001Gp/annotation_chr_s/single_genome_EDTA/100409/100409.Chr_scaffolds.fa.mod.EDTA.anno/100409.Chr_scaffolds.fa.mod.EDTA.RM.out
    output: /tmp/global2/ssushko/TE_evolution/1001Gp_TE_ANNOT/panTEome_v3_1001Gp/annotation_chr_s/single_genome_EDTA/100409/100409.Chr_scaffolds.fa.mod.EDTA.TElib.fa.keep.list, /tmp/global2/ssushko/TE_evolution/1001Gp_TE_ANNOT/panTEome_v3_1001Gp/annotation_chr_s/single_genome_EDTA/100409/100409.Chr_scaffolds.fa.mod.EDTA.TElib.mincopyfiltered.fa
    log: logs/100409_extr_minnflcop.log
    jobid: 751
    reason: Missing output files: /tmp/global2/ssushko/TE_evolution/1001Gp_TE_ANNOT/panTEome_v3_1001Gp/annotation_chr_s/single_genome_EDTA/100409/100409.Chr_scaffolds.fa.mod.EDTA.TElib.mincopyfiltered.fa
    wildcards: sample=100409
    resources: mem_mb=1000, mem_mib=954, disk_mb=1000, disk_mib=954, tmpdir=<TBD>


[Fri Sep  5 14:44:39 2025]
rule extract_min_n_fl_copies:
    input: /tmp/global2/ssushko/TE_evolution/1001Gp_TE_ANNOT/panTEome_v3_1001Gp/annotation_chr_s/single_genome_EDTA/100089/100089.Chr_scaffolds.fa.mod.EDTA.TEanno.sgannot.gff3, /tmp/global2/ssushko/TE_evolution/1001Gp_TE_ANNOT/panTEome_v3_1001Gp/annotation_chr_s/single_genome_EDTA/100089/100089.Chr_scaffolds.fa.mod.EDTA.anno/100089.Chr_scaffolds.fa.mod.EDTA.RM.out
    output: /tmp/global2/ssushko/TE_evolution/1001Gp_TE_ANNOT/panTEome_v3_1001Gp/annotation_chr_s/single_genome_EDTA/100089/100089.Chr_scaffolds.fa.mod.EDTA.TElib.fa.keep.list, /tmp/global2/ssushko/TE_evolution/1001Gp_TE_ANNOT/panTEome_v3_1001Gp/annotation_chr_s/single_genome_EDTA/100089/100089.Chr_scaffolds.fa.mod.EDTA.TElib.mincopyfiltered.fa
    log: logs/100089_extr_minnflcop.log
    jobid: 235
    reason: Missing output files: /tmp/global2/ssushko/TE_evolution/1001Gp_TE_ANNOT/panTEome_v3_1001Gp/annotation_chr_s/single_genome_EDTA/100089/100089.Chr_scaffolds.fa.mod.EDTA.TElib.mincopyfiltered.fa
    wildcards: sample=100089
    resources: mem_mb=1000, mem_mib=954, disk_mb=1000, disk_mib=954, tmpdir=<TBD>


[Fri Sep  5 14:44:39 2025]
rule extract_min_n_fl_copies:
    input: /tmp/global2/ssushko/TE_evolution/1001Gp_TE_ANNOT/panTEome_v3_1001Gp/annotation_chr_s/single_genome_EDTA/100096/100096.Chr_scaffolds.fa.mod.EDTA.TEanno.sgannot.gff3, /tmp/global2/ssushko/TE_evolution/1001Gp_TE_ANNOT/panTEome_v3_1001Gp/annotation_chr_s/single_genome_EDTA/100096/100096.Chr_scaffolds.fa.mod.EDTA.anno/100096.Chr_scaffolds.fa.mod.EDTA.RM.out
    output: /tmp/global2/ssushko/TE_evolution/1001Gp_TE_ANNOT/panTEome_v3_1001Gp/annotation_chr_s/single_genome_EDTA/100096/100096.Chr_scaffolds.fa.mod.EDTA.TElib.fa.keep.list, /tmp/global2/ssushko/TE_evolution/1001Gp_TE_ANNOT/panTEome_v3_1001Gp/annotation_chr_s/single_genome_EDTA/100096/100096.Chr_scaffolds.fa.mod.EDTA.TElib.mincopyfiltered.fa
    log: logs/100096_extr_minnflcop.log
    jobid: 263
    reason: Missing output files: /tmp/global2/ssushko/TE_evolution/1001Gp_TE_ANNOT/panTEome_v3_1001Gp/annotation_chr_s/single_genome_EDTA/100096/100096.Chr_scaffolds.fa.mod.EDTA.TElib.mincopyfiltered.fa
    wildcards: sample=100096
    resources: mem_mb=1000, mem_mib=954, disk_mb=1000, disk_mib=954, tmpdir=<TBD>


[Fri Sep  5 14:44:39 2025]
rule extract_min_n_fl_copies:
    input: /tmp/global2/ssushko/TE_evolution/1001Gp_TE_ANNOT/panTEome_v3_1001Gp/annotation_chr_s/single_genome_EDTA/100061/100061.Chr_scaffolds.fa.mod.EDTA.TEanno.sgannot.gff3, /tmp/global2/ssushko/TE_evolution/1001Gp_TE_ANNOT/panTEome_v3_1001Gp/annotation_chr_s/single_genome_EDTA/100061/100061.Chr_scaffolds.fa.mod.EDTA.anno/100061.Chr_scaffolds.fa.mod.EDTA.RM.out
    output: /tmp/global2/ssushko/TE_evolution/1001Gp_TE_ANNOT/panTEome_v3_1001Gp/annotation_chr_s/single_genome_EDTA/100061/100061.Chr_scaffolds.fa.mod.EDTA.TElib.fa.keep.list, /tmp/global2/ssushko/TE_evolution/1001Gp_TE_ANNOT/panTEome_v3_1001Gp/annotation_chr_s/single_genome_EDTA/100061/100061.Chr_scaffolds.fa.mod.EDTA.TElib.mincopyfiltered.fa
    log: logs/100061_extr_minnflcop.log
    jobid: 123
    reason: Missing output files: /tmp/global2/ssushko/TE_evolution/1001Gp_TE_ANNOT/panTEome_v3_1001Gp/annotation_chr_s/single_genome_EDTA/100061/100061.Chr_scaffolds.fa.mod.EDTA.TElib.mincopyfiltered.fa
    wildcards: sample=100061
    resources: mem_mb=1000, mem_mib=954, disk_mb=1000, disk_mib=954, tmpdir=<TBD>


[Fri Sep  5 14:44:39 2025]
rule extract_min_n_fl_copies:
    input: /tmp/global2/ssushko/TE_evolution/1001Gp_TE_ANNOT/panTEome_v3_1001Gp/annotation_chr_s/single_genome_EDTA/100133/100133.Chr_scaffolds.fa.mod.EDTA.TEanno.sgannot.gff3, /tmp/global2/ssushko/TE_evolution/1001Gp_TE_ANNOT/panTEome_v3_1001Gp/annotation_chr_s/single_genome_EDTA/100133/100133.Chr_scaffolds.fa.mod.EDTA.anno/100133.Chr_scaffolds.fa.mod.EDTA.RM.out
    output: /tmp/global2/ssushko/TE_evolution/1001Gp_TE_ANNOT/panTEome_v3_1001Gp/annotation_chr_s/single_genome_EDTA/100133/100133.Chr_scaffolds.fa.mod.EDTA.TElib.fa.keep.list, /tmp/global2/ssushko/TE_evolution/1001Gp_TE_ANNOT/panTEome_v3_1001Gp/annotation_chr_s/single_genome_EDTA/100133/100133.Chr_scaffolds.fa.mod.EDTA.TElib.mincopyfiltered.fa
    log: logs/100133_extr_minnflcop.log
    jobid: 403
    reason: Missing output files: /tmp/global2/ssushko/TE_evolution/1001Gp_TE_ANNOT/panTEome_v3_1001Gp/annotation_chr_s/single_genome_EDTA/100133/100133.Chr_scaffolds.fa.mod.EDTA.TElib.mincopyfiltered.fa
    wildcards: sample=100133
    resources: mem_mb=1000, mem_mib=954, disk_mb=1000, disk_mib=954, tmpdir=<TBD>


[Fri Sep  5 14:44:39 2025]
rule extract_min_n_fl_copies:
    input: /tmp/global2/ssushko/TE_evolution/1001Gp_TE_ANNOT/panTEome_v3_1001Gp/annotation_chr_s/single_genome_EDTA/100802/100802.Chr_scaffolds.fa.mod.EDTA.TEanno.sgannot.gff3, /tmp/global2/ssushko/TE_evolution/1001Gp_TE_ANNOT/panTEome_v3_1001Gp/annotation_chr_s/single_genome_EDTA/100802/100802.Chr_scaffolds.fa.mod.EDTA.anno/100802.Chr_scaffolds.fa.mod.EDTA.RM.out
    output: /tmp/global2/ssushko/TE_evolution/1001Gp_TE_ANNOT/panTEome_v3_1001Gp/annotation_chr_s/single_genome_EDTA/100802/100802.Chr_scaffolds.fa.mod.EDTA.TElib.fa.keep.list, /tmp/global2/ssushko/TE_evolution/1001Gp_TE_ANNOT/panTEome_v3_1001Gp/annotation_chr_s/single_genome_EDTA/100802/100802.Chr_scaffolds.fa.mod.EDTA.TElib.mincopyfiltered.fa
    log: logs/100802_extr_minnflcop.log
    jobid: 1479
    reason: Missing output files: /tmp/global2/ssushko/TE_evolution/1001Gp_TE_ANNOT/panTEome_v3_1001Gp/annotation_chr_s/single_genome_EDTA/100802/100802.Chr_scaffolds.fa.mod.EDTA.TElib.mincopyfiltered.fa
    wildcards: sample=100802
    resources: mem_mb=1000, mem_mib=954, disk_mb=1000, disk_mib=954, tmpdir=<TBD>


[Fri Sep  5 14:44:39 2025]
rule extract_min_n_fl_copies:
    input: /tmp/global2/ssushko/TE_evolution/1001Gp_TE_ANNOT/panTEome_v3_1001Gp/annotation_chr_s/single_genome_EDTA/100865/100865.Chr_scaffolds.fa.mod.EDTA.TEanno.sgannot.gff3, /tmp/global2/ssushko/TE_evolution/1001Gp_TE_ANNOT/panTEome_v3_1001Gp/annotation_chr_s/single_genome_EDTA/100865/100865.Chr_scaffolds.fa.mod.EDTA.anno/100865.Chr_scaffolds.fa.mod.EDTA.RM.out
    output: /tmp/global2/ssushko/TE_evolution/1001Gp_TE_ANNOT/panTEome_v3_1001Gp/annotation_chr_s/single_genome_EDTA/100865/100865.Chr_scaffolds.fa.mod.EDTA.TElib.fa.keep.list, /tmp/global2/ssushko/TE_evolution/1001Gp_TE_ANNOT/panTEome_v3_1001Gp/annotation_chr_s/single_genome_EDTA/100865/100865.Chr_scaffolds.fa.mod.EDTA.TElib.mincopyfiltered.fa
    log: logs/100865_extr_minnflcop.log
    jobid: 1731
    reason: Missing output files: /tmp/global2/ssushko/TE_evolution/1001Gp_TE_ANNOT/panTEome_v3_1001Gp/annotation_chr_s/single_genome_EDTA/100865/100865.Chr_scaffolds.fa.mod.EDTA.TElib.mincopyfiltered.fa
    wildcards: sample=100865
    resources: mem_mb=1000, mem_mib=954, disk_mb=1000, disk_mib=954, tmpdir=<TBD>


[Fri Sep  5 14:44:39 2025]
rule extract_min_n_fl_copies:
    input: /tmp/global2/ssushko/TE_evolution/1001Gp_TE_ANNOT/panTEome_v3_1001Gp/annotation_chr_s/single_genome_EDTA/100963/100963.Chr_scaffolds.fa.mod.EDTA.TEanno.sgannot.gff3, /tmp/global2/ssushko/TE_evolution/1001Gp_TE_ANNOT/panTEome_v3_1001Gp/annotation_chr_s/single_genome_EDTA/100963/100963.Chr_scaffolds.fa.mod.EDTA.anno/100963.Chr_scaffolds.fa.mod.EDTA.RM.out
    output: /tmp/global2/ssushko/TE_evolution/1001Gp_TE_ANNOT/panTEome_v3_1001Gp/annotation_chr_s/single_genome_EDTA/100963/100963.Chr_scaffolds.fa.mod.EDTA.TElib.fa.keep.list, /tmp/global2/ssushko/TE_evolution/1001Gp_TE_ANNOT/panTEome_v3_1001Gp/annotation_chr_s/single_genome_EDTA/100963/100963.Chr_scaffolds.fa.mod.EDTA.TElib.mincopyfiltered.fa
    log: logs/100963_extr_minnflcop.log
    jobid: 2123
    reason: Missing output files: /tmp/global2/ssushko/TE_evolution/1001Gp_TE_ANNOT/panTEome_v3_1001Gp/annotation_chr_s/single_genome_EDTA/100963/100963.Chr_scaffolds.fa.mod.EDTA.TElib.mincopyfiltered.fa
    wildcards: sample=100963
    resources: mem_mb=1000, mem_mib=954, disk_mb=1000, disk_mib=954, tmpdir=<TBD>


[Fri Sep  5 14:44:39 2025]
rule extract_min_n_fl_copies:
    input: /tmp/global2/ssushko/TE_evolution/1001Gp_TE_ANNOT/panTEome_v3_1001Gp/annotation_chr_s/single_genome_EDTA/101026/101026.Chr_scaffolds.fa.mod.EDTA.TEanno.sgannot.gff3, /tmp/global2/ssushko/TE_evolution/1001Gp_TE_ANNOT/panTEome_v3_1001Gp/annotation_chr_s/single_genome_EDTA/101026/101026.Chr_scaffolds.fa.mod.EDTA.anno/101026.Chr_scaffolds.fa.mod.EDTA.RM.out
    output: /tmp/global2/ssushko/TE_evolution/1001Gp_TE_ANNOT/panTEome_v3_1001Gp/annotation_chr_s/single_genome_EDTA/101026/101026.Chr_scaffolds.fa.mod.EDTA.TElib.fa.keep.list, /tmp/global2/ssushko/TE_evolution/1001Gp_TE_ANNOT/panTEome_v3_1001Gp/annotation_chr_s/single_genome_EDTA/101026/101026.Chr_scaffolds.fa.mod.EDTA.TElib.mincopyfiltered.fa
    log: logs/101026_extr_minnflcop.log
    jobid: 2375
    reason: Missing output files: /tmp/global2/ssushko/TE_evolution/1001Gp_TE_ANNOT/panTEome_v3_1001Gp/annotation_chr_s/single_genome_EDTA/101026/101026.Chr_scaffolds.fa.mod.EDTA.TElib.mincopyfiltered.fa
    wildcards: sample=101026
    resources: mem_mb=1000, mem_mib=954, disk_mb=1000, disk_mib=954, tmpdir=<TBD>


[Fri Sep  5 14:44:39 2025]
rule extract_min_n_fl_copies:
    input: /tmp/global2/ssushko/TE_evolution/1001Gp_TE_ANNOT/panTEome_v3_1001Gp/annotation_chr_s/single_genome_EDTA/100855/100855.Chr_scaffolds.fa.mod.EDTA.TEanno.sgannot.gff3, /tmp/global2/ssushko/TE_evolution/1001Gp_TE_ANNOT/panTEome_v3_1001Gp/annotation_chr_s/single_genome_EDTA/100855/100855.Chr_scaffolds.fa.mod.EDTA.anno/100855.Chr_scaffolds.fa.mod.EDTA.RM.out
    output: /tmp/global2/ssushko/TE_evolution/1001Gp_TE_ANNOT/panTEome_v3_1001Gp/annotation_chr_s/single_genome_EDTA/100855/100855.Chr_scaffolds.fa.mod.EDTA.TElib.fa.keep.list, /tmp/global2/ssushko/TE_evolution/1001Gp_TE_ANNOT/panTEome_v3_1001Gp/annotation_chr_s/single_genome_EDTA/100855/100855.Chr_scaffolds.fa.mod.EDTA.TElib.mincopyfiltered.fa
    log: logs/100855_extr_minnflcop.log
    jobid: 1691
    reason: Missing output files: /tmp/global2/ssushko/TE_evolution/1001Gp_TE_ANNOT/panTEome_v3_1001Gp/annotation_chr_s/single_genome_EDTA/100855/100855.Chr_scaffolds.fa.mod.EDTA.TElib.mincopyfiltered.fa
    wildcards: sample=100855
    resources: mem_mb=1000, mem_mib=954, disk_mb=1000, disk_mib=954, tmpdir=<TBD>


[Fri Sep  5 14:44:39 2025]
rule extract_min_n_fl_copies:
    input: /tmp/global2/ssushko/TE_evolution/1001Gp_TE_ANNOT/panTEome_v3_1001Gp/annotation_chr_s/single_genome_EDTA/100863/100863.Chr_scaffolds.fa.mod.EDTA.TEanno.sgannot.gff3, /tmp/global2/ssushko/TE_evolution/1001Gp_TE_ANNOT/panTEome_v3_1001Gp/annotation_chr_s/single_genome_EDTA/100863/100863.Chr_scaffolds.fa.mod.EDTA.anno/100863.Chr_scaffolds.fa.mod.EDTA.RM.out
    output: /tmp/global2/ssushko/TE_evolution/1001Gp_TE_ANNOT/panTEome_v3_1001Gp/annotation_chr_s/single_genome_EDTA/100863/100863.Chr_scaffolds.fa.mod.EDTA.TElib.fa.keep.list, /tmp/global2/ssushko/TE_evolution/1001Gp_TE_ANNOT/panTEome_v3_1001Gp/annotation_chr_s/single_genome_EDTA/100863/100863.Chr_scaffolds.fa.mod.EDTA.TElib.mincopyfiltered.fa
    log: logs/100863_extr_minnflcop.log
    jobid: 1723
    reason: Missing output files: /tmp/global2/ssushko/TE_evolution/1001Gp_TE_ANNOT/panTEome_v3_1001Gp/annotation_chr_s/single_genome_EDTA/100863/100863.Chr_scaffolds.fa.mod.EDTA.TElib.mincopyfiltered.fa
    wildcards: sample=100863
    resources: mem_mb=1000, mem_mib=954, disk_mb=1000, disk_mib=954, tmpdir=<TBD>


[Fri Sep  5 14:44:39 2025]
rule extract_min_n_fl_copies:
    input: /tmp/global2/ssushko/TE_evolution/1001Gp_TE_ANNOT/panTEome_v3_1001Gp/annotation_chr_s/single_genome_EDTA/100700/100700.Chr_scaffolds.fa.mod.EDTA.TEanno.sgannot.gff3, /tmp/global2/ssushko/TE_evolution/1001Gp_TE_ANNOT/panTEome_v3_1001Gp/annotation_chr_s/single_genome_EDTA/100700/100700.Chr_scaffolds.fa.mod.EDTA.anno/100700.Chr_scaffolds.fa.mod.EDTA.RM.out
    output: /tmp/global2/ssushko/TE_evolution/1001Gp_TE_ANNOT/panTEome_v3_1001Gp/annotation_chr_s/single_genome_EDTA/100700/100700.Chr_scaffolds.fa.mod.EDTA.TElib.fa.keep.list, /tmp/global2/ssushko/TE_evolution/1001Gp_TE_ANNOT/panTEome_v3_1001Gp/annotation_chr_s/single_genome_EDTA/100700/100700.Chr_scaffolds.fa.mod.EDTA.TElib.mincopyfiltered.fa
    log: logs/100700_extr_minnflcop.log
    jobid: 1075
    reason: Missing output files: /tmp/global2/ssushko/TE_evolution/1001Gp_TE_ANNOT/panTEome_v3_1001Gp/annotation_chr_s/single_genome_EDTA/100700/100700.Chr_scaffolds.fa.mod.EDTA.TElib.mincopyfiltered.fa
    wildcards: sample=100700
    resources: mem_mb=1000, mem_mib=954, disk_mb=1000, disk_mib=954, tmpdir=<TBD>


[Fri Sep  5 14:44:39 2025]
rule extract_min_n_fl_copies:
    input: /tmp/global2/ssushko/TE_evolution/1001Gp_TE_ANNOT/panTEome_v3_1001Gp/annotation_chr_s/single_genome_EDTA/100100/100100.Chr_scaffolds.fa.mod.EDTA.TEanno.sgannot.gff3, /tmp/global2/ssushko/TE_evolution/1001Gp_TE_ANNOT/panTEome_v3_1001Gp/annotation_chr_s/single_genome_EDTA/100100/100100.Chr_scaffolds.fa.mod.EDTA.anno/100100.Chr_scaffolds.fa.mod.EDTA.RM.out
    output: /tmp/global2/ssushko/TE_evolution/1001Gp_TE_ANNOT/panTEome_v3_1001Gp/annotation_chr_s/single_genome_EDTA/100100/100100.Chr_scaffolds.fa.mod.EDTA.TElib.fa.keep.list, /tmp/global2/ssushko/TE_evolution/1001Gp_TE_ANNOT/panTEome_v3_1001Gp/annotation_chr_s/single_genome_EDTA/100100/100100.Chr_scaffolds.fa.mod.EDTA.TElib.mincopyfiltered.fa
    log: logs/100100_extr_minnflcop.log
    jobid: 279
    reason: Missing output files: /tmp/global2/ssushko/TE_evolution/1001Gp_TE_ANNOT/panTEome_v3_1001Gp/annotation_chr_s/single_genome_EDTA/100100/100100.Chr_scaffolds.fa.mod.EDTA.TElib.mincopyfiltered.fa
    wildcards: sample=100100
    resources: mem_mb=1000, mem_mib=954, disk_mb=1000, disk_mib=954, tmpdir=<TBD>


[Fri Sep  5 14:44:39 2025]
rule extract_min_n_fl_copies:
    input: /tmp/global2/ssushko/TE_evolution/1001Gp_TE_ANNOT/panTEome_v3_1001Gp/annotation_chr_s/single_genome_EDTA/100325/100325.Chr_scaffolds.fa.mod.EDTA.TEanno.sgannot.gff3, /tmp/global2/ssushko/TE_evolution/1001Gp_TE_ANNOT/panTEome_v3_1001Gp/annotation_chr_s/single_genome_EDTA/100325/100325.Chr_scaffolds.fa.mod.EDTA.anno/100325.Chr_scaffolds.fa.mod.EDTA.RM.out
    output: /tmp/global2/ssushko/TE_evolution/1001Gp_TE_ANNOT/panTEome_v3_1001Gp/annotation_chr_s/single_genome_EDTA/100325/100325.Chr_scaffolds.fa.mod.EDTA.TElib.fa.keep.list, /tmp/global2/ssushko/TE_evolution/1001Gp_TE_ANNOT/panTEome_v3_1001Gp/annotation_chr_s/single_genome_EDTA/100325/100325.Chr_scaffolds.fa.mod.EDTA.TElib.mincopyfiltered.fa
    log: logs/100325_extr_minnflcop.log
    jobid: 711
    reason: Missing output files: /tmp/global2/ssushko/TE_evolution/1001Gp_TE_ANNOT/panTEome_v3_1001Gp/annotation_chr_s/single_genome_EDTA/100325/100325.Chr_scaffolds.fa.mod.EDTA.TElib.mincopyfiltered.fa
    wildcards: sample=100325
    resources: mem_mb=1000, mem_mib=954, disk_mb=1000, disk_mib=954, tmpdir=<TBD>


[Fri Sep  5 14:44:39 2025]
rule extract_min_n_fl_copies:
    input: /tmp/global2/ssushko/TE_evolution/1001Gp_TE_ANNOT/panTEome_v3_1001Gp/annotation_chr_s/single_genome_EDTA/100707/100707.Chr_scaffolds.fa.mod.EDTA.TEanno.sgannot.gff3, /tmp/global2/ssushko/TE_evolution/1001Gp_TE_ANNOT/panTEome_v3_1001Gp/annotation_chr_s/single_genome_EDTA/100707/100707.Chr_scaffolds.fa.mod.EDTA.anno/100707.Chr_scaffolds.fa.mod.EDTA.RM.out
    output: /tmp/global2/ssushko/TE_evolution/1001Gp_TE_ANNOT/panTEome_v3_1001Gp/annotation_chr_s/single_genome_EDTA/100707/100707.Chr_scaffolds.fa.mod.EDTA.TElib.fa.keep.list, /tmp/global2/ssushko/TE_evolution/1001Gp_TE_ANNOT/panTEome_v3_1001Gp/annotation_chr_s/single_genome_EDTA/100707/100707.Chr_scaffolds.fa.mod.EDTA.TElib.mincopyfiltered.fa
    log: logs/100707_extr_minnflcop.log
    jobid: 1103
    reason: Missing output files: /tmp/global2/ssushko/TE_evolution/1001Gp_TE_ANNOT/panTEome_v3_1001Gp/annotation_chr_s/single_genome_EDTA/100707/100707.Chr_scaffolds.fa.mod.EDTA.TElib.mincopyfiltered.fa
    wildcards: sample=100707
    resources: mem_mb=1000, mem_mib=954, disk_mb=1000, disk_mib=954, tmpdir=<TBD>


[Fri Sep  5 14:44:39 2025]
rule extract_min_n_fl_copies:
    input: /tmp/global2/ssushko/TE_evolution/1001Gp_TE_ANNOT/panTEome_v3_1001Gp/annotation_chr_s/single_genome_EDTA/100841/100841.Chr_scaffolds.fa.mod.EDTA.TEanno.sgannot.gff3, /tmp/global2/ssushko/TE_evolution/1001Gp_TE_ANNOT/panTEome_v3_1001Gp/annotation_chr_s/single_genome_EDTA/100841/100841.Chr_scaffolds.fa.mod.EDTA.anno/100841.Chr_scaffolds.fa.mod.EDTA.RM.out
    output: /tmp/global2/ssushko/TE_evolution/1001Gp_TE_ANNOT/panTEome_v3_1001Gp/annotation_chr_s/single_genome_EDTA/100841/100841.Chr_scaffolds.fa.mod.EDTA.TElib.fa.keep.list, /tmp/global2/ssushko/TE_evolution/1001Gp_TE_ANNOT/panTEome_v3_1001Gp/annotation_chr_s/single_genome_EDTA/100841/100841.Chr_scaffolds.fa.mod.EDTA.TElib.mincopyfiltered.fa
    log: logs/100841_extr_minnflcop.log
    jobid: 1635
    reason: Missing output files: /tmp/global2/ssushko/TE_evolution/1001Gp_TE_ANNOT/panTEome_v3_1001Gp/annotation_chr_s/single_genome_EDTA/100841/100841.Chr_scaffolds.fa.mod.EDTA.TElib.mincopyfiltered.fa
    wildcards: sample=100841
    resources: mem_mb=1000, mem_mib=954, disk_mb=1000, disk_mib=954, tmpdir=<TBD>


[Fri Sep  5 14:44:39 2025]
rule extract_min_n_fl_copies:
    input: /tmp/global2/ssushko/TE_evolution/1001Gp_TE_ANNOT/panTEome_v3_1001Gp/annotation_chr_s/single_genome_EDTA/100848/100848.Chr_scaffolds.fa.mod.EDTA.TEanno.sgannot.gff3, /tmp/global2/ssushko/TE_evolution/1001Gp_TE_ANNOT/panTEome_v3_1001Gp/annotation_chr_s/single_genome_EDTA/100848/100848.Chr_scaffolds.fa.mod.EDTA.anno/100848.Chr_scaffolds.fa.mod.EDTA.RM.out
    output: /tmp/global2/ssushko/TE_evolution/1001Gp_TE_ANNOT/panTEome_v3_1001Gp/annotation_chr_s/single_genome_EDTA/100848/100848.Chr_scaffolds.fa.mod.EDTA.TElib.fa.keep.list, /tmp/global2/ssushko/TE_evolution/1001Gp_TE_ANNOT/panTEome_v3_1001Gp/annotation_chr_s/single_genome_EDTA/100848/100848.Chr_scaffolds.fa.mod.EDTA.TElib.mincopyfiltered.fa
    log: logs/100848_extr_minnflcop.log
    jobid: 1663
    reason: Missing output files: /tmp/global2/ssushko/TE_evolution/1001Gp_TE_ANNOT/panTEome_v3_1001Gp/annotation_chr_s/single_genome_EDTA/100848/100848.Chr_scaffolds.fa.mod.EDTA.TElib.mincopyfiltered.fa
    wildcards: sample=100848
    resources: mem_mb=1000, mem_mib=954, disk_mb=1000, disk_mib=954, tmpdir=<TBD>


[Fri Sep  5 14:44:39 2025]
rule extract_min_n_fl_copies:
    input: /tmp/global2/ssushko/TE_evolution/1001Gp_TE_ANNOT/panTEome_v3_1001Gp/annotation_chr_s/single_genome_EDTA/100911/100911.Chr_scaffolds.fa.mod.EDTA.TEanno.sgannot.gff3, /tmp/global2/ssushko/TE_evolution/1001Gp_TE_ANNOT/panTEome_v3_1001Gp/annotation_chr_s/single_genome_EDTA/100911/100911.Chr_scaffolds.fa.mod.EDTA.anno/100911.Chr_scaffolds.fa.mod.EDTA.RM.out
    output: /tmp/global2/ssushko/TE_evolution/1001Gp_TE_ANNOT/panTEome_v3_1001Gp/annotation_chr_s/single_genome_EDTA/100911/100911.Chr_scaffolds.fa.mod.EDTA.TElib.fa.keep.list, /tmp/global2/ssushko/TE_evolution/1001Gp_TE_ANNOT/panTEome_v3_1001Gp/annotation_chr_s/single_genome_EDTA/100911/100911.Chr_scaffolds.fa.mod.EDTA.TElib.mincopyfiltered.fa
    log: logs/100911_extr_minnflcop.log
    jobid: 1915
    reason: Missing output files: /tmp/global2/ssushko/TE_evolution/1001Gp_TE_ANNOT/panTEome_v3_1001Gp/annotation_chr_s/single_genome_EDTA/100911/100911.Chr_scaffolds.fa.mod.EDTA.TElib.mincopyfiltered.fa
    wildcards: sample=100911
    resources: mem_mb=1000, mem_mib=954, disk_mb=1000, disk_mib=954, tmpdir=<TBD>


[Fri Sep  5 14:44:39 2025]
rule extract_min_n_fl_copies:
    input: /tmp/global2/ssushko/TE_evolution/1001Gp_TE_ANNOT/panTEome_v3_1001Gp/annotation_chr_s/single_genome_EDTA/100918/100918.Chr_scaffolds.fa.mod.EDTA.TEanno.sgannot.gff3, /tmp/global2/ssushko/TE_evolution/1001Gp_TE_ANNOT/panTEome_v3_1001Gp/annotation_chr_s/single_genome_EDTA/100918/100918.Chr_scaffolds.fa.mod.EDTA.anno/100918.Chr_scaffolds.fa.mod.EDTA.RM.out
    output: /tmp/global2/ssushko/TE_evolution/1001Gp_TE_ANNOT/panTEome_v3_1001Gp/annotation_chr_s/single_genome_EDTA/100918/100918.Chr_scaffolds.fa.mod.EDTA.TElib.fa.keep.list, /tmp/global2/ssushko/TE_evolution/1001Gp_TE_ANNOT/panTEome_v3_1001Gp/annotation_chr_s/single_genome_EDTA/100918/100918.Chr_scaffolds.fa.mod.EDTA.TElib.mincopyfiltered.fa
    log: logs/100918_extr_minnflcop.log
    jobid: 1943
    reason: Missing output files: /tmp/global2/ssushko/TE_evolution/1001Gp_TE_ANNOT/panTEome_v3_1001Gp/annotation_chr_s/single_genome_EDTA/100918/100918.Chr_scaffolds.fa.mod.EDTA.TElib.mincopyfiltered.fa
    wildcards: sample=100918
    resources: mem_mb=1000, mem_mib=954, disk_mb=1000, disk_mib=954, tmpdir=<TBD>


[Fri Sep  5 14:44:39 2025]
rule extract_min_n_fl_copies:
    input: /tmp/global2/ssushko/TE_evolution/1001Gp_TE_ANNOT/panTEome_v3_1001Gp/annotation_chr_s/single_genome_EDTA/101058/101058.Chr_scaffolds.fa.mod.EDTA.TEanno.sgannot.gff3, /tmp/global2/ssushko/TE_evolution/1001Gp_TE_ANNOT/panTEome_v3_1001Gp/annotation_chr_s/single_genome_EDTA/101058/101058.Chr_scaffolds.fa.mod.EDTA.anno/101058.Chr_scaffolds.fa.mod.EDTA.RM.out
    output: /tmp/global2/ssushko/TE_evolution/1001Gp_TE_ANNOT/panTEome_v3_1001Gp/annotation_chr_s/single_genome_EDTA/101058/101058.Chr_scaffolds.fa.mod.EDTA.TElib.fa.keep.list, /tmp/global2/ssushko/TE_evolution/1001Gp_TE_ANNOT/panTEome_v3_1001Gp/annotation_chr_s/single_genome_EDTA/101058/101058.Chr_scaffolds.fa.mod.EDTA.TElib.mincopyfiltered.fa
    log: logs/101058_extr_minnflcop.log
    jobid: 2475
    reason: Missing output files: /tmp/global2/ssushko/TE_evolution/1001Gp_TE_ANNOT/panTEome_v3_1001Gp/annotation_chr_s/single_genome_EDTA/101058/101058.Chr_scaffolds.fa.mod.EDTA.TElib.mincopyfiltered.fa
    wildcards: sample=101058
    resources: mem_mb=1000, mem_mib=954, disk_mb=1000, disk_mib=954, tmpdir=<TBD>


[Fri Sep  5 14:44:39 2025]
rule extract_min_n_fl_copies:
    input: /tmp/global2/ssushko/TE_evolution/1001Gp_TE_ANNOT/panTEome_v3_1001Gp/annotation_chr_s/single_genome_EDTA/100889/100889.Chr_scaffolds.fa.mod.EDTA.TEanno.sgannot.gff3, /tmp/global2/ssushko/TE_evolution/1001Gp_TE_ANNOT/panTEome_v3_1001Gp/annotation_chr_s/single_genome_EDTA/100889/100889.Chr_scaffolds.fa.mod.EDTA.anno/100889.Chr_scaffolds.fa.mod.EDTA.RM.out
    output: /tmp/global2/ssushko/TE_evolution/1001Gp_TE_ANNOT/panTEome_v3_1001Gp/annotation_chr_s/single_genome_EDTA/100889/100889.Chr_scaffolds.fa.mod.EDTA.TElib.fa.keep.list, /tmp/global2/ssushko/TE_evolution/1001Gp_TE_ANNOT/panTEome_v3_1001Gp/annotation_chr_s/single_genome_EDTA/100889/100889.Chr_scaffolds.fa.mod.EDTA.TElib.mincopyfiltered.fa
    log: logs/100889_extr_minnflcop.log
    jobid: 1827
    reason: Missing output files: /tmp/global2/ssushko/TE_evolution/1001Gp_TE_ANNOT/panTEome_v3_1001Gp/annotation_chr_s/single_genome_EDTA/100889/100889.Chr_scaffolds.fa.mod.EDTA.TElib.mincopyfiltered.fa
    wildcards: sample=100889
    resources: mem_mb=1000, mem_mib=954, disk_mb=1000, disk_mib=954, tmpdir=<TBD>


[Fri Sep  5 14:44:39 2025]
rule extract_min_n_fl_copies:
    input: /tmp/global2/ssushko/TE_evolution/1001Gp_TE_ANNOT/panTEome_v3_1001Gp/annotation_chr_s/single_genome_EDTA/100459/100459.Chr_scaffolds.fa.mod.EDTA.TEanno.sgannot.gff3, /tmp/global2/ssushko/TE_evolution/1001Gp_TE_ANNOT/panTEome_v3_1001Gp/annotation_chr_s/single_genome_EDTA/100459/100459.Chr_scaffolds.fa.mod.EDTA.anno/100459.Chr_scaffolds.fa.mod.EDTA.RM.out
    output: /tmp/global2/ssushko/TE_evolution/1001Gp_TE_ANNOT/panTEome_v3_1001Gp/annotation_chr_s/single_genome_EDTA/100459/100459.Chr_scaffolds.fa.mod.EDTA.TElib.fa.keep.list, /tmp/global2/ssushko/TE_evolution/1001Gp_TE_ANNOT/panTEome_v3_1001Gp/annotation_chr_s/single_genome_EDTA/100459/100459.Chr_scaffolds.fa.mod.EDTA.TElib.mincopyfiltered.fa
    log: logs/100459_extr_minnflcop.log
    jobid: 755
    reason: Missing output files: /tmp/global2/ssushko/TE_evolution/1001Gp_TE_ANNOT/panTEome_v3_1001Gp/annotation_chr_s/single_genome_EDTA/100459/100459.Chr_scaffolds.fa.mod.EDTA.TElib.mincopyfiltered.fa
    wildcards: sample=100459
    resources: mem_mb=1000, mem_mib=954, disk_mb=1000, disk_mib=954, tmpdir=<TBD>


[Fri Sep  5 14:44:39 2025]
rule extract_min_n_fl_copies:
    input: /tmp/global2/ssushko/TE_evolution/1001Gp_TE_ANNOT/panTEome_v3_1001Gp/annotation_chr_s/single_genome_EDTA/100062/100062.Chr_scaffolds.fa.mod.EDTA.TEanno.sgannot.gff3, /tmp/global2/ssushko/TE_evolution/1001Gp_TE_ANNOT/panTEome_v3_1001Gp/annotation_chr_s/single_genome_EDTA/100062/100062.Chr_scaffolds.fa.mod.EDTA.anno/100062.Chr_scaffolds.fa.mod.EDTA.RM.out
    output: /tmp/global2/ssushko/TE_evolution/1001Gp_TE_ANNOT/panTEome_v3_1001Gp/annotation_chr_s/single_genome_EDTA/100062/100062.Chr_scaffolds.fa.mod.EDTA.TElib.fa.keep.list, /tmp/global2/ssushko/TE_evolution/1001Gp_TE_ANNOT/panTEome_v3_1001Gp/annotation_chr_s/single_genome_EDTA/100062/100062.Chr_scaffolds.fa.mod.EDTA.TElib.mincopyfiltered.fa
    log: logs/100062_extr_minnflcop.log
    jobid: 127
    reason: Missing output files: /tmp/global2/ssushko/TE_evolution/1001Gp_TE_ANNOT/panTEome_v3_1001Gp/annotation_chr_s/single_genome_EDTA/100062/100062.Chr_scaffolds.fa.mod.EDTA.TElib.mincopyfiltered.fa
    wildcards: sample=100062
    resources: mem_mb=1000, mem_mib=954, disk_mb=1000, disk_mib=954, tmpdir=<TBD>


[Fri Sep  5 14:44:39 2025]
rule extract_min_n_fl_copies:
    input: /tmp/global2/ssushko/TE_evolution/1001Gp_TE_ANNOT/panTEome_v3_1001Gp/annotation_chr_s/single_genome_EDTA/100090/100090.Chr_scaffolds.fa.mod.EDTA.TEanno.sgannot.gff3, /tmp/global2/ssushko/TE_evolution/1001Gp_TE_ANNOT/panTEome_v3_1001Gp/annotation_chr_s/single_genome_EDTA/100090/100090.Chr_scaffolds.fa.mod.EDTA.anno/100090.Chr_scaffolds.fa.mod.EDTA.RM.out
    output: /tmp/global2/ssushko/TE_evolution/1001Gp_TE_ANNOT/panTEome_v3_1001Gp/annotation_chr_s/single_genome_EDTA/100090/100090.Chr_scaffolds.fa.mod.EDTA.TElib.fa.keep.list, /tmp/global2/ssushko/TE_evolution/1001Gp_TE_ANNOT/panTEome_v3_1001Gp/annotation_chr_s/single_genome_EDTA/100090/100090.Chr_scaffolds.fa.mod.EDTA.TElib.mincopyfiltered.fa
    log: logs/100090_extr_minnflcop.log
    jobid: 239
    reason: Missing output files: /tmp/global2/ssushko/TE_evolution/1001Gp_TE_ANNOT/panTEome_v3_1001Gp/annotation_chr_s/single_genome_EDTA/100090/100090.Chr_scaffolds.fa.mod.EDTA.TElib.mincopyfiltered.fa
    wildcards: sample=100090
    resources: mem_mb=1000, mem_mib=954, disk_mb=1000, disk_mib=954, tmpdir=<TBD>


[Fri Sep  5 14:44:39 2025]
rule extract_min_n_fl_copies:
    input: /tmp/global2/ssushko/TE_evolution/1001Gp_TE_ANNOT/panTEome_v3_1001Gp/annotation_chr_s/single_genome_EDTA/100097/100097.Chr_scaffolds.fa.mod.EDTA.TEanno.sgannot.gff3, /tmp/global2/ssushko/TE_evolution/1001Gp_TE_ANNOT/panTEome_v3_1001Gp/annotation_chr_s/single_genome_EDTA/100097/100097.Chr_scaffolds.fa.mod.EDTA.anno/100097.Chr_scaffolds.fa.mod.EDTA.RM.out
    output: /tmp/global2/ssushko/TE_evolution/1001Gp_TE_ANNOT/panTEome_v3_1001Gp/annotation_chr_s/single_genome_EDTA/100097/100097.Chr_scaffolds.fa.mod.EDTA.TElib.fa.keep.list, /tmp/global2/ssushko/TE_evolution/1001Gp_TE_ANNOT/panTEome_v3_1001Gp/annotation_chr_s/single_genome_EDTA/100097/100097.Chr_scaffolds.fa.mod.EDTA.TElib.mincopyfiltered.fa
    log: logs/100097_extr_minnflcop.log
    jobid: 267
    reason: Missing output files: /tmp/global2/ssushko/TE_evolution/1001Gp_TE_ANNOT/panTEome_v3_1001Gp/annotation_chr_s/single_genome_EDTA/100097/100097.Chr_scaffolds.fa.mod.EDTA.TElib.mincopyfiltered.fa
    wildcards: sample=100097
    resources: mem_mb=1000, mem_mib=954, disk_mb=1000, disk_mib=954, tmpdir=<TBD>


[Fri Sep  5 14:44:39 2025]
rule extract_min_n_fl_copies:
    input: /tmp/global2/ssushko/TE_evolution/1001Gp_TE_ANNOT/panTEome_v3_1001Gp/annotation_chr_s/single_genome_EDTA/100134/100134.Chr_scaffolds.fa.mod.EDTA.TEanno.sgannot.gff3, /tmp/global2/ssushko/TE_evolution/1001Gp_TE_ANNOT/panTEome_v3_1001Gp/annotation_chr_s/single_genome_EDTA/100134/100134.Chr_scaffolds.fa.mod.EDTA.anno/100134.Chr_scaffolds.fa.mod.EDTA.RM.out
    output: /tmp/global2/ssushko/TE_evolution/1001Gp_TE_ANNOT/panTEome_v3_1001Gp/annotation_chr_s/single_genome_EDTA/100134/100134.Chr_scaffolds.fa.mod.EDTA.TElib.fa.keep.list, /tmp/global2/ssushko/TE_evolution/1001Gp_TE_ANNOT/panTEome_v3_1001Gp/annotation_chr_s/single_genome_EDTA/100134/100134.Chr_scaffolds.fa.mod.EDTA.TElib.mincopyfiltered.fa
    log: logs/100134_extr_minnflcop.log
    jobid: 407
    reason: Missing output files: /tmp/global2/ssushko/TE_evolution/1001Gp_TE_ANNOT/panTEome_v3_1001Gp/annotation_chr_s/single_genome_EDTA/100134/100134.Chr_scaffolds.fa.mod.EDTA.TElib.mincopyfiltered.fa
    wildcards: sample=100134
    resources: mem_mb=1000, mem_mib=954, disk_mb=1000, disk_mib=954, tmpdir=<TBD>


[Fri Sep  5 14:44:39 2025]
rule extract_min_n_fl_copies:
    input: /tmp/global2/ssushko/TE_evolution/1001Gp_TE_ANNOT/panTEome_v3_1001Gp/annotation_chr_s/single_genome_EDTA/100803/100803.Chr_scaffolds.fa.mod.EDTA.TEanno.sgannot.gff3, /tmp/global2/ssushko/TE_evolution/1001Gp_TE_ANNOT/panTEome_v3_1001Gp/annotation_chr_s/single_genome_EDTA/100803/100803.Chr_scaffolds.fa.mod.EDTA.anno/100803.Chr_scaffolds.fa.mod.EDTA.RM.out
    output: /tmp/global2/ssushko/TE_evolution/1001Gp_TE_ANNOT/panTEome_v3_1001Gp/annotation_chr_s/single_genome_EDTA/100803/100803.Chr_scaffolds.fa.mod.EDTA.TElib.fa.keep.list, /tmp/global2/ssushko/TE_evolution/1001Gp_TE_ANNOT/panTEome_v3_1001Gp/annotation_chr_s/single_genome_EDTA/100803/100803.Chr_scaffolds.fa.mod.EDTA.TElib.mincopyfiltered.fa
    log: logs/100803_extr_minnflcop.log
    jobid: 1483
    reason: Missing output files: /tmp/global2/ssushko/TE_evolution/1001Gp_TE_ANNOT/panTEome_v3_1001Gp/annotation_chr_s/single_genome_EDTA/100803/100803.Chr_scaffolds.fa.mod.EDTA.TElib.mincopyfiltered.fa
    wildcards: sample=100803
    resources: mem_mb=1000, mem_mib=954, disk_mb=1000, disk_mib=954, tmpdir=<TBD>


[Fri Sep  5 14:44:39 2025]
rule extract_min_n_fl_copies:
    input: /tmp/global2/ssushko/TE_evolution/1001Gp_TE_ANNOT/panTEome_v3_1001Gp/annotation_chr_s/single_genome_EDTA/100866/100866.Chr_scaffolds.fa.mod.EDTA.TEanno.sgannot.gff3, /tmp/global2/ssushko/TE_evolution/1001Gp_TE_ANNOT/panTEome_v3_1001Gp/annotation_chr_s/single_genome_EDTA/100866/100866.Chr_scaffolds.fa.mod.EDTA.anno/100866.Chr_scaffolds.fa.mod.EDTA.RM.out
    output: /tmp/global2/ssushko/TE_evolution/1001Gp_TE_ANNOT/panTEome_v3_1001Gp/annotation_chr_s/single_genome_EDTA/100866/100866.Chr_scaffolds.fa.mod.EDTA.TElib.fa.keep.list, /tmp/global2/ssushko/TE_evolution/1001Gp_TE_ANNOT/panTEome_v3_1001Gp/annotation_chr_s/single_genome_EDTA/100866/100866.Chr_scaffolds.fa.mod.EDTA.TElib.mincopyfiltered.fa
    log: logs/100866_extr_minnflcop.log
    jobid: 1735
    reason: Missing output files: /tmp/global2/ssushko/TE_evolution/1001Gp_TE_ANNOT/panTEome_v3_1001Gp/annotation_chr_s/single_genome_EDTA/100866/100866.Chr_scaffolds.fa.mod.EDTA.TElib.mincopyfiltered.fa
    wildcards: sample=100866
    resources: mem_mb=1000, mem_mib=954, disk_mb=1000, disk_mib=954, tmpdir=<TBD>


[Fri Sep  5 14:44:39 2025]
rule extract_min_n_fl_copies:
    input: /tmp/global2/ssushko/TE_evolution/1001Gp_TE_ANNOT/panTEome_v3_1001Gp/annotation_chr_s/single_genome_EDTA/100964/100964.Chr_scaffolds.fa.mod.EDTA.TEanno.sgannot.gff3, /tmp/global2/ssushko/TE_evolution/1001Gp_TE_ANNOT/panTEome_v3_1001Gp/annotation_chr_s/single_genome_EDTA/100964/100964.Chr_scaffolds.fa.mod.EDTA.anno/100964.Chr_scaffolds.fa.mod.EDTA.RM.out
    output: /tmp/global2/ssushko/TE_evolution/1001Gp_TE_ANNOT/panTEome_v3_1001Gp/annotation_chr_s/single_genome_EDTA/100964/100964.Chr_scaffolds.fa.mod.EDTA.TElib.fa.keep.list, /tmp/global2/ssushko/TE_evolution/1001Gp_TE_ANNOT/panTEome_v3_1001Gp/annotation_chr_s/single_genome_EDTA/100964/100964.Chr_scaffolds.fa.mod.EDTA.TElib.mincopyfiltered.fa
    log: logs/100964_extr_minnflcop.log
    jobid: 2127
    reason: Missing output files: /tmp/global2/ssushko/TE_evolution/1001Gp_TE_ANNOT/panTEome_v3_1001Gp/annotation_chr_s/single_genome_EDTA/100964/100964.Chr_scaffolds.fa.mod.EDTA.TElib.mincopyfiltered.fa
    wildcards: sample=100964
    resources: mem_mb=1000, mem_mib=954, disk_mb=1000, disk_mib=954, tmpdir=<TBD>


[Fri Sep  5 14:44:39 2025]
rule extract_min_n_fl_copies:
    input: /tmp/global2/ssushko/TE_evolution/1001Gp_TE_ANNOT/panTEome_v3_1001Gp/annotation_chr_s/single_genome_EDTA/101027/101027.Chr_scaffolds.fa.mod.EDTA.TEanno.sgannot.gff3, /tmp/global2/ssushko/TE_evolution/1001Gp_TE_ANNOT/panTEome_v3_1001Gp/annotation_chr_s/single_genome_EDTA/101027/101027.Chr_scaffolds.fa.mod.EDTA.anno/101027.Chr_scaffolds.fa.mod.EDTA.RM.out
    output: /tmp/global2/ssushko/TE_evolution/1001Gp_TE_ANNOT/panTEome_v3_1001Gp/annotation_chr_s/single_genome_EDTA/101027/101027.Chr_scaffolds.fa.mod.EDTA.TElib.fa.keep.list, /tmp/global2/ssushko/TE_evolution/1001Gp_TE_ANNOT/panTEome_v3_1001Gp/annotation_chr_s/single_genome_EDTA/101027/101027.Chr_scaffolds.fa.mod.EDTA.TElib.mincopyfiltered.fa
    log: logs/101027_extr_minnflcop.log
    jobid: 2379
    reason: Missing output files: /tmp/global2/ssushko/TE_evolution/1001Gp_TE_ANNOT/panTEome_v3_1001Gp/annotation_chr_s/single_genome_EDTA/101027/101027.Chr_scaffolds.fa.mod.EDTA.TElib.mincopyfiltered.fa
    wildcards: sample=101027
    resources: mem_mb=1000, mem_mib=954, disk_mb=1000, disk_mib=954, tmpdir=<TBD>


[Fri Sep  5 14:44:39 2025]
rule extract_min_n_fl_copies:
    input: /tmp/global2/ssushko/TE_evolution/1001Gp_TE_ANNOT/panTEome_v3_1001Gp/annotation_chr_s/single_genome_EDTA/100790/100790.Chr_scaffolds.fa.mod.EDTA.TEanno.sgannot.gff3, /tmp/global2/ssushko/TE_evolution/1001Gp_TE_ANNOT/panTEome_v3_1001Gp/annotation_chr_s/single_genome_EDTA/100790/100790.Chr_scaffolds.fa.mod.EDTA.anno/100790.Chr_scaffolds.fa.mod.EDTA.RM.out
    output: /tmp/global2/ssushko/TE_evolution/1001Gp_TE_ANNOT/panTEome_v3_1001Gp/annotation_chr_s/single_genome_EDTA/100790/100790.Chr_scaffolds.fa.mod.EDTA.TElib.fa.keep.list, /tmp/global2/ssushko/TE_evolution/1001Gp_TE_ANNOT/panTEome_v3_1001Gp/annotation_chr_s/single_genome_EDTA/100790/100790.Chr_scaffolds.fa.mod.EDTA.TElib.mincopyfiltered.fa
    log: logs/100790_extr_minnflcop.log
    jobid: 1431
    reason: Missing output files: /tmp/global2/ssushko/TE_evolution/1001Gp_TE_ANNOT/panTEome_v3_1001Gp/annotation_chr_s/single_genome_EDTA/100790/100790.Chr_scaffolds.fa.mod.EDTA.TElib.mincopyfiltered.fa
    wildcards: sample=100790
    resources: mem_mb=1000, mem_mib=954, disk_mb=1000, disk_mib=954, tmpdir=<TBD>


[Fri Sep  5 14:44:39 2025]
rule extract_min_n_fl_copies:
    input: /tmp/global2/ssushko/TE_evolution/1001Gp_TE_ANNOT/panTEome_v3_1001Gp/annotation_chr_s/single_genome_EDTA/100056/100056.Chr_scaffolds.fa.mod.EDTA.TEanno.sgannot.gff3, /tmp/global2/ssushko/TE_evolution/1001Gp_TE_ANNOT/panTEome_v3_1001Gp/annotation_chr_s/single_genome_EDTA/100056/100056.Chr_scaffolds.fa.mod.EDTA.anno/100056.Chr_scaffolds.fa.mod.EDTA.RM.out
    output: /tmp/global2/ssushko/TE_evolution/1001Gp_TE_ANNOT/panTEome_v3_1001Gp/annotation_chr_s/single_genome_EDTA/100056/100056.Chr_scaffolds.fa.mod.EDTA.TElib.fa.keep.list, /tmp/global2/ssushko/TE_evolution/1001Gp_TE_ANNOT/panTEome_v3_1001Gp/annotation_chr_s/single_genome_EDTA/100056/100056.Chr_scaffolds.fa.mod.EDTA.TElib.mincopyfiltered.fa
    log: logs/100056_extr_minnflcop.log
    jobid: 103
    reason: Missing output files: /tmp/global2/ssushko/TE_evolution/1001Gp_TE_ANNOT/panTEome_v3_1001Gp/annotation_chr_s/single_genome_EDTA/100056/100056.Chr_scaffolds.fa.mod.EDTA.TElib.mincopyfiltered.fa
    wildcards: sample=100056
    resources: mem_mb=1000, mem_mib=954, disk_mb=1000, disk_mib=954, tmpdir=<TBD>


[Fri Sep  5 14:44:39 2025]
rule extract_min_n_fl_copies:
    input: /tmp/global2/ssushko/TE_evolution/1001Gp_TE_ANNOT/panTEome_v3_1001Gp/annotation_chr_s/single_genome_EDTA/100701/100701.Chr_scaffolds.fa.mod.EDTA.TEanno.sgannot.gff3, /tmp/global2/ssushko/TE_evolution/1001Gp_TE_ANNOT/panTEome_v3_1001Gp/annotation_chr_s/single_genome_EDTA/100701/100701.Chr_scaffolds.fa.mod.EDTA.anno/100701.Chr_scaffolds.fa.mod.EDTA.RM.out
    output: /tmp/global2/ssushko/TE_evolution/1001Gp_TE_ANNOT/panTEome_v3_1001Gp/annotation_chr_s/single_genome_EDTA/100701/100701.Chr_scaffolds.fa.mod.EDTA.TElib.fa.keep.list, /tmp/global2/ssushko/TE_evolution/1001Gp_TE_ANNOT/panTEome_v3_1001Gp/annotation_chr_s/single_genome_EDTA/100701/100701.Chr_scaffolds.fa.mod.EDTA.TElib.mincopyfiltered.fa
    log: logs/100701_extr_minnflcop.log
    jobid: 1079
    reason: Missing output files: /tmp/global2/ssushko/TE_evolution/1001Gp_TE_ANNOT/panTEome_v3_1001Gp/annotation_chr_s/single_genome_EDTA/100701/100701.Chr_scaffolds.fa.mod.EDTA.TElib.mincopyfiltered.fa
    wildcards: sample=100701
    resources: mem_mb=1000, mem_mib=954, disk_mb=1000, disk_mib=954, tmpdir=<TBD>


[Fri Sep  5 14:44:39 2025]
rule extract_min_n_fl_copies:
    input: /tmp/global2/ssushko/TE_evolution/1001Gp_TE_ANNOT/panTEome_v3_1001Gp/annotation_chr_s/single_genome_EDTA/100708/100708.Chr_scaffolds.fa.mod.EDTA.TEanno.sgannot.gff3, /tmp/global2/ssushko/TE_evolution/1001Gp_TE_ANNOT/panTEome_v3_1001Gp/annotation_chr_s/single_genome_EDTA/100708/100708.Chr_scaffolds.fa.mod.EDTA.anno/100708.Chr_scaffolds.fa.mod.EDTA.RM.out
    output: /tmp/global2/ssushko/TE_evolution/1001Gp_TE_ANNOT/panTEome_v3_1001Gp/annotation_chr_s/single_genome_EDTA/100708/100708.Chr_scaffolds.fa.mod.EDTA.TElib.fa.keep.list, /tmp/global2/ssushko/TE_evolution/1001Gp_TE_ANNOT/panTEome_v3_1001Gp/annotation_chr_s/single_genome_EDTA/100708/100708.Chr_scaffolds.fa.mod.EDTA.TElib.mincopyfiltered.fa
    log: logs/100708_extr_minnflcop.log
    jobid: 1107
    reason: Missing output files: /tmp/global2/ssushko/TE_evolution/1001Gp_TE_ANNOT/panTEome_v3_1001Gp/annotation_chr_s/single_genome_EDTA/100708/100708.Chr_scaffolds.fa.mod.EDTA.TElib.mincopyfiltered.fa
    wildcards: sample=100708
    resources: mem_mb=1000, mem_mib=954, disk_mb=1000, disk_mib=954, tmpdir=<TBD>


[Fri Sep  5 14:44:39 2025]
rule extract_min_n_fl_copies:
    input: /tmp/global2/ssushko/TE_evolution/1001Gp_TE_ANNOT/panTEome_v3_1001Gp/annotation_chr_s/single_genome_EDTA/100101/100101.Chr_scaffolds.fa.mod.EDTA.TEanno.sgannot.gff3, /tmp/global2/ssushko/TE_evolution/1001Gp_TE_ANNOT/panTEome_v3_1001Gp/annotation_chr_s/single_genome_EDTA/100101/100101.Chr_scaffolds.fa.mod.EDTA.anno/100101.Chr_scaffolds.fa.mod.EDTA.RM.out
    output: /tmp/global2/ssushko/TE_evolution/1001Gp_TE_ANNOT/panTEome_v3_1001Gp/annotation_chr_s/single_genome_EDTA/100101/100101.Chr_scaffolds.fa.mod.EDTA.TElib.fa.keep.list, /tmp/global2/ssushko/TE_evolution/1001Gp_TE_ANNOT/panTEome_v3_1001Gp/annotation_chr_s/single_genome_EDTA/100101/100101.Chr_scaffolds.fa.mod.EDTA.TElib.mincopyfiltered.fa
    log: logs/100101_extr_minnflcop.log
    jobid: 283
    reason: Missing output files: /tmp/global2/ssushko/TE_evolution/1001Gp_TE_ANNOT/panTEome_v3_1001Gp/annotation_chr_s/single_genome_EDTA/100101/100101.Chr_scaffolds.fa.mod.EDTA.TElib.mincopyfiltered.fa
    wildcards: sample=100101
    resources: mem_mb=1000, mem_mib=954, disk_mb=1000, disk_mib=954, tmpdir=<TBD>


[Fri Sep  5 14:44:39 2025]
rule extract_min_n_fl_copies:
    input: /tmp/global2/ssushko/TE_evolution/1001Gp_TE_ANNOT/panTEome_v3_1001Gp/annotation_chr_s/single_genome_EDTA/100326/100326.Chr_scaffolds.fa.mod.EDTA.TEanno.sgannot.gff3, /tmp/global2/ssushko/TE_evolution/1001Gp_TE_ANNOT/panTEome_v3_1001Gp/annotation_chr_s/single_genome_EDTA/100326/100326.Chr_scaffolds.fa.mod.EDTA.anno/100326.Chr_scaffolds.fa.mod.EDTA.RM.out
    output: /tmp/global2/ssushko/TE_evolution/1001Gp_TE_ANNOT/panTEome_v3_1001Gp/annotation_chr_s/single_genome_EDTA/100326/100326.Chr_scaffolds.fa.mod.EDTA.TElib.fa.keep.list, /tmp/global2/ssushko/TE_evolution/1001Gp_TE_ANNOT/panTEome_v3_1001Gp/annotation_chr_s/single_genome_EDTA/100326/100326.Chr_scaffolds.fa.mod.EDTA.TElib.mincopyfiltered.fa
    log: logs/100326_extr_minnflcop.log
    jobid: 715
    reason: Missing output files: /tmp/global2/ssushko/TE_evolution/1001Gp_TE_ANNOT/panTEome_v3_1001Gp/annotation_chr_s/single_genome_EDTA/100326/100326.Chr_scaffolds.fa.mod.EDTA.TElib.mincopyfiltered.fa
    wildcards: sample=100326
    resources: mem_mb=1000, mem_mib=954, disk_mb=1000, disk_mib=954, tmpdir=<TBD>


[Fri Sep  5 14:44:39 2025]
rule extract_min_n_fl_copies:
    input: /tmp/global2/ssushko/TE_evolution/1001Gp_TE_ANNOT/panTEome_v3_1001Gp/annotation_chr_s/single_genome_EDTA/100842/100842.Chr_scaffolds.fa.mod.EDTA.TEanno.sgannot.gff3, /tmp/global2/ssushko/TE_evolution/1001Gp_TE_ANNOT/panTEome_v3_1001Gp/annotation_chr_s/single_genome_EDTA/100842/100842.Chr_scaffolds.fa.mod.EDTA.anno/100842.Chr_scaffolds.fa.mod.EDTA.RM.out
    output: /tmp/global2/ssushko/TE_evolution/1001Gp_TE_ANNOT/panTEome_v3_1001Gp/annotation_chr_s/single_genome_EDTA/100842/100842.Chr_scaffolds.fa.mod.EDTA.TElib.fa.keep.list, /tmp/global2/ssushko/TE_evolution/1001Gp_TE_ANNOT/panTEome_v3_1001Gp/annotation_chr_s/single_genome_EDTA/100842/100842.Chr_scaffolds.fa.mod.EDTA.TElib.mincopyfiltered.fa
    log: logs/100842_extr_minnflcop.log
    jobid: 1639
    reason: Missing output files: /tmp/global2/ssushko/TE_evolution/1001Gp_TE_ANNOT/panTEome_v3_1001Gp/annotation_chr_s/single_genome_EDTA/100842/100842.Chr_scaffolds.fa.mod.EDTA.TElib.mincopyfiltered.fa
    wildcards: sample=100842
    resources: mem_mb=1000, mem_mib=954, disk_mb=1000, disk_mib=954, tmpdir=<TBD>


[Fri Sep  5 14:44:39 2025]
rule extract_min_n_fl_copies:
    input: /tmp/global2/ssushko/TE_evolution/1001Gp_TE_ANNOT/panTEome_v3_1001Gp/annotation_chr_s/single_genome_EDTA/100849/100849.Chr_scaffolds.fa.mod.EDTA.TEanno.sgannot.gff3, /tmp/global2/ssushko/TE_evolution/1001Gp_TE_ANNOT/panTEome_v3_1001Gp/annotation_chr_s/single_genome_EDTA/100849/100849.Chr_scaffolds.fa.mod.EDTA.anno/100849.Chr_scaffolds.fa.mod.EDTA.RM.out
    output: /tmp/global2/ssushko/TE_evolution/1001Gp_TE_ANNOT/panTEome_v3_1001Gp/annotation_chr_s/single_genome_EDTA/100849/100849.Chr_scaffolds.fa.mod.EDTA.TElib.fa.keep.list, /tmp/global2/ssushko/TE_evolution/1001Gp_TE_ANNOT/panTEome_v3_1001Gp/annotation_chr_s/single_genome_EDTA/100849/100849.Chr_scaffolds.fa.mod.EDTA.TElib.mincopyfiltered.fa
    log: logs/100849_extr_minnflcop.log
    jobid: 1667
    reason: Missing output files: /tmp/global2/ssushko/TE_evolution/1001Gp_TE_ANNOT/panTEome_v3_1001Gp/annotation_chr_s/single_genome_EDTA/100849/100849.Chr_scaffolds.fa.mod.EDTA.TElib.mincopyfiltered.fa
    wildcards: sample=100849
    resources: mem_mb=1000, mem_mib=954, disk_mb=1000, disk_mib=954, tmpdir=<TBD>


[Fri Sep  5 14:44:39 2025]
rule extract_min_n_fl_copies:
    input: /tmp/global2/ssushko/TE_evolution/1001Gp_TE_ANNOT/panTEome_v3_1001Gp/annotation_chr_s/single_genome_EDTA/100912/100912.Chr_scaffolds.fa.mod.EDTA.TEanno.sgannot.gff3, /tmp/global2/ssushko/TE_evolution/1001Gp_TE_ANNOT/panTEome_v3_1001Gp/annotation_chr_s/single_genome_EDTA/100912/100912.Chr_scaffolds.fa.mod.EDTA.anno/100912.Chr_scaffolds.fa.mod.EDTA.RM.out
    output: /tmp/global2/ssushko/TE_evolution/1001Gp_TE_ANNOT/panTEome_v3_1001Gp/annotation_chr_s/single_genome_EDTA/100912/100912.Chr_scaffolds.fa.mod.EDTA.TElib.fa.keep.list, /tmp/global2/ssushko/TE_evolution/1001Gp_TE_ANNOT/panTEome_v3_1001Gp/annotation_chr_s/single_genome_EDTA/100912/100912.Chr_scaffolds.fa.mod.EDTA.TElib.mincopyfiltered.fa
    log: logs/100912_extr_minnflcop.log
    jobid: 1919
    reason: Missing output files: /tmp/global2/ssushko/TE_evolution/1001Gp_TE_ANNOT/panTEome_v3_1001Gp/annotation_chr_s/single_genome_EDTA/100912/100912.Chr_scaffolds.fa.mod.EDTA.TElib.mincopyfiltered.fa
    wildcards: sample=100912
    resources: mem_mb=1000, mem_mib=954, disk_mb=1000, disk_mib=954, tmpdir=<TBD>


[Fri Sep  5 14:44:39 2025]
rule extract_min_n_fl_copies:
    input: /tmp/global2/ssushko/TE_evolution/1001Gp_TE_ANNOT/panTEome_v3_1001Gp/annotation_chr_s/single_genome_EDTA/100919/100919.Chr_scaffolds.fa.mod.EDTA.TEanno.sgannot.gff3, /tmp/global2/ssushko/TE_evolution/1001Gp_TE_ANNOT/panTEome_v3_1001Gp/annotation_chr_s/single_genome_EDTA/100919/100919.Chr_scaffolds.fa.mod.EDTA.anno/100919.Chr_scaffolds.fa.mod.EDTA.RM.out
    output: /tmp/global2/ssushko/TE_evolution/1001Gp_TE_ANNOT/panTEome_v3_1001Gp/annotation_chr_s/single_genome_EDTA/100919/100919.Chr_scaffolds.fa.mod.EDTA.TElib.fa.keep.list, /tmp/global2/ssushko/TE_evolution/1001Gp_TE_ANNOT/panTEome_v3_1001Gp/annotation_chr_s/single_genome_EDTA/100919/100919.Chr_scaffolds.fa.mod.EDTA.TElib.mincopyfiltered.fa
    log: logs/100919_extr_minnflcop.log
    jobid: 1947
    reason: Missing output files: /tmp/global2/ssushko/TE_evolution/1001Gp_TE_ANNOT/panTEome_v3_1001Gp/annotation_chr_s/single_genome_EDTA/100919/100919.Chr_scaffolds.fa.mod.EDTA.TElib.mincopyfiltered.fa
    wildcards: sample=100919
    resources: mem_mb=1000, mem_mib=954, disk_mb=1000, disk_mib=954, tmpdir=<TBD>


[Fri Sep  5 14:44:39 2025]
rule extract_min_n_fl_copies:
    input: /tmp/global2/ssushko/TE_evolution/1001Gp_TE_ANNOT/panTEome_v3_1001Gp/annotation_chr_s/single_genome_EDTA/101059/101059.Chr_scaffolds.fa.mod.EDTA.TEanno.sgannot.gff3, /tmp/global2/ssushko/TE_evolution/1001Gp_TE_ANNOT/panTEome_v3_1001Gp/annotation_chr_s/single_genome_EDTA/101059/101059.Chr_scaffolds.fa.mod.EDTA.anno/101059.Chr_scaffolds.fa.mod.EDTA.RM.out
    output: /tmp/global2/ssushko/TE_evolution/1001Gp_TE_ANNOT/panTEome_v3_1001Gp/annotation_chr_s/single_genome_EDTA/101059/101059.Chr_scaffolds.fa.mod.EDTA.TElib.fa.keep.list, /tmp/global2/ssushko/TE_evolution/1001Gp_TE_ANNOT/panTEome_v3_1001Gp/annotation_chr_s/single_genome_EDTA/101059/101059.Chr_scaffolds.fa.mod.EDTA.TElib.mincopyfiltered.fa
    log: logs/101059_extr_minnflcop.log
    jobid: 2479
    reason: Missing output files: /tmp/global2/ssushko/TE_evolution/1001Gp_TE_ANNOT/panTEome_v3_1001Gp/annotation_chr_s/single_genome_EDTA/101059/101059.Chr_scaffolds.fa.mod.EDTA.TElib.mincopyfiltered.fa
    wildcards: sample=101059
    resources: mem_mb=1000, mem_mib=954, disk_mb=1000, disk_mib=954, tmpdir=<TBD>


[Fri Sep  5 14:44:39 2025]
rule extract_min_n_fl_copies:
    input: /tmp/global2/ssushko/TE_evolution/1001Gp_TE_ANNOT/panTEome_v3_1001Gp/annotation_chr_s/single_genome_EDTA/100063/100063.Chr_scaffolds.fa.mod.EDTA.TEanno.sgannot.gff3, /tmp/global2/ssushko/TE_evolution/1001Gp_TE_ANNOT/panTEome_v3_1001Gp/annotation_chr_s/single_genome_EDTA/100063/100063.Chr_scaffolds.fa.mod.EDTA.anno/100063.Chr_scaffolds.fa.mod.EDTA.RM.out
    output: /tmp/global2/ssushko/TE_evolution/1001Gp_TE_ANNOT/panTEome_v3_1001Gp/annotation_chr_s/single_genome_EDTA/100063/100063.Chr_scaffolds.fa.mod.EDTA.TElib.fa.keep.list, /tmp/global2/ssushko/TE_evolution/1001Gp_TE_ANNOT/panTEome_v3_1001Gp/annotation_chr_s/single_genome_EDTA/100063/100063.Chr_scaffolds.fa.mod.EDTA.TElib.mincopyfiltered.fa
    log: logs/100063_extr_minnflcop.log
    jobid: 131
    reason: Missing output files: /tmp/global2/ssushko/TE_evolution/1001Gp_TE_ANNOT/panTEome_v3_1001Gp/annotation_chr_s/single_genome_EDTA/100063/100063.Chr_scaffolds.fa.mod.EDTA.TElib.mincopyfiltered.fa
    wildcards: sample=100063
    resources: mem_mb=1000, mem_mib=954, disk_mb=1000, disk_mib=954, tmpdir=<TBD>


[Fri Sep  5 14:44:39 2025]
rule extract_min_n_fl_copies:
    input: /tmp/global2/ssushko/TE_evolution/1001Gp_TE_ANNOT/panTEome_v3_1001Gp/annotation_chr_s/single_genome_EDTA/100091/100091.Chr_scaffolds.fa.mod.EDTA.TEanno.sgannot.gff3, /tmp/global2/ssushko/TE_evolution/1001Gp_TE_ANNOT/panTEome_v3_1001Gp/annotation_chr_s/single_genome_EDTA/100091/100091.Chr_scaffolds.fa.mod.EDTA.anno/100091.Chr_scaffolds.fa.mod.EDTA.RM.out
    output: /tmp/global2/ssushko/TE_evolution/1001Gp_TE_ANNOT/panTEome_v3_1001Gp/annotation_chr_s/single_genome_EDTA/100091/100091.Chr_scaffolds.fa.mod.EDTA.TElib.fa.keep.list, /tmp/global2/ssushko/TE_evolution/1001Gp_TE_ANNOT/panTEome_v3_1001Gp/annotation_chr_s/single_genome_EDTA/100091/100091.Chr_scaffolds.fa.mod.EDTA.TElib.mincopyfiltered.fa
    log: logs/100091_extr_minnflcop.log
    jobid: 243
    reason: Missing output files: /tmp/global2/ssushko/TE_evolution/1001Gp_TE_ANNOT/panTEome_v3_1001Gp/annotation_chr_s/single_genome_EDTA/100091/100091.Chr_scaffolds.fa.mod.EDTA.TElib.mincopyfiltered.fa
    wildcards: sample=100091
    resources: mem_mb=1000, mem_mib=954, disk_mb=1000, disk_mib=954, tmpdir=<TBD>


[Fri Sep  5 14:44:39 2025]
rule extract_min_n_fl_copies:
    input: /tmp/global2/ssushko/TE_evolution/1001Gp_TE_ANNOT/panTEome_v3_1001Gp/annotation_chr_s/single_genome_EDTA/100098/100098.Chr_scaffolds.fa.mod.EDTA.TEanno.sgannot.gff3, /tmp/global2/ssushko/TE_evolution/1001Gp_TE_ANNOT/panTEome_v3_1001Gp/annotation_chr_s/single_genome_EDTA/100098/100098.Chr_scaffolds.fa.mod.EDTA.anno/100098.Chr_scaffolds.fa.mod.EDTA.RM.out
    output: /tmp/global2/ssushko/TE_evolution/1001Gp_TE_ANNOT/panTEome_v3_1001Gp/annotation_chr_s/single_genome_EDTA/100098/100098.Chr_scaffolds.fa.mod.EDTA.TElib.fa.keep.list, /tmp/global2/ssushko/TE_evolution/1001Gp_TE_ANNOT/panTEome_v3_1001Gp/annotation_chr_s/single_genome_EDTA/100098/100098.Chr_scaffolds.fa.mod.EDTA.TElib.mincopyfiltered.fa
    log: logs/100098_extr_minnflcop.log
    jobid: 271
    reason: Missing output files: /tmp/global2/ssushko/TE_evolution/1001Gp_TE_ANNOT/panTEome_v3_1001Gp/annotation_chr_s/single_genome_EDTA/100098/100098.Chr_scaffolds.fa.mod.EDTA.TElib.mincopyfiltered.fa
    wildcards: sample=100098
    resources: mem_mb=1000, mem_mib=954, disk_mb=1000, disk_mib=954, tmpdir=<TBD>


[Fri Sep  5 14:44:39 2025]
rule extract_min_n_fl_copies:
    input: /tmp/global2/ssushko/TE_evolution/1001Gp_TE_ANNOT/panTEome_v3_1001Gp/annotation_chr_s/single_genome_EDTA/100135/100135.Chr_scaffolds.fa.mod.EDTA.TEanno.sgannot.gff3, /tmp/global2/ssushko/TE_evolution/1001Gp_TE_ANNOT/panTEome_v3_1001Gp/annotation_chr_s/single_genome_EDTA/100135/100135.Chr_scaffolds.fa.mod.EDTA.anno/100135.Chr_scaffolds.fa.mod.EDTA.RM.out
    output: /tmp/global2/ssushko/TE_evolution/1001Gp_TE_ANNOT/panTEome_v3_1001Gp/annotation_chr_s/single_genome_EDTA/100135/100135.Chr_scaffolds.fa.mod.EDTA.TElib.fa.keep.list, /tmp/global2/ssushko/TE_evolution/1001Gp_TE_ANNOT/panTEome_v3_1001Gp/annotation_chr_s/single_genome_EDTA/100135/100135.Chr_scaffolds.fa.mod.EDTA.TElib.mincopyfiltered.fa
    log: logs/100135_extr_minnflcop.log
    jobid: 411
    reason: Missing output files: /tmp/global2/ssushko/TE_evolution/1001Gp_TE_ANNOT/panTEome_v3_1001Gp/annotation_chr_s/single_genome_EDTA/100135/100135.Chr_scaffolds.fa.mod.EDTA.TElib.mincopyfiltered.fa
    wildcards: sample=100135
    resources: mem_mb=1000, mem_mib=954, disk_mb=1000, disk_mib=954, tmpdir=<TBD>


[Fri Sep  5 14:44:39 2025]
rule extract_min_n_fl_copies:
    input: /tmp/global2/ssushko/TE_evolution/1001Gp_TE_ANNOT/panTEome_v3_1001Gp/annotation_chr_s/single_genome_EDTA/100460/100460.Chr_scaffolds.fa.mod.EDTA.TEanno.sgannot.gff3, /tmp/global2/ssushko/TE_evolution/1001Gp_TE_ANNOT/panTEome_v3_1001Gp/annotation_chr_s/single_genome_EDTA/100460/100460.Chr_scaffolds.fa.mod.EDTA.anno/100460.Chr_scaffolds.fa.mod.EDTA.RM.out
    output: /tmp/global2/ssushko/TE_evolution/1001Gp_TE_ANNOT/panTEome_v3_1001Gp/annotation_chr_s/single_genome_EDTA/100460/100460.Chr_scaffolds.fa.mod.EDTA.TElib.fa.keep.list, /tmp/global2/ssushko/TE_evolution/1001Gp_TE_ANNOT/panTEome_v3_1001Gp/annotation_chr_s/single_genome_EDTA/100460/100460.Chr_scaffolds.fa.mod.EDTA.TElib.mincopyfiltered.fa
    log: logs/100460_extr_minnflcop.log
    jobid: 759
    reason: Missing output files: /tmp/global2/ssushko/TE_evolution/1001Gp_TE_ANNOT/panTEome_v3_1001Gp/annotation_chr_s/single_genome_EDTA/100460/100460.Chr_scaffolds.fa.mod.EDTA.TElib.mincopyfiltered.fa
    wildcards: sample=100460
    resources: mem_mb=1000, mem_mib=954, disk_mb=1000, disk_mib=954, tmpdir=<TBD>


[Fri Sep  5 14:44:39 2025]
rule extract_min_n_fl_copies:
    input: /tmp/global2/ssushko/TE_evolution/1001Gp_TE_ANNOT/panTEome_v3_1001Gp/annotation_chr_s/single_genome_EDTA/100804/100804.Chr_scaffolds.fa.mod.EDTA.TEanno.sgannot.gff3, /tmp/global2/ssushko/TE_evolution/1001Gp_TE_ANNOT/panTEome_v3_1001Gp/annotation_chr_s/single_genome_EDTA/100804/100804.Chr_scaffolds.fa.mod.EDTA.anno/100804.Chr_scaffolds.fa.mod.EDTA.RM.out
    output: /tmp/global2/ssushko/TE_evolution/1001Gp_TE_ANNOT/panTEome_v3_1001Gp/annotation_chr_s/single_genome_EDTA/100804/100804.Chr_scaffolds.fa.mod.EDTA.TElib.fa.keep.list, /tmp/global2/ssushko/TE_evolution/1001Gp_TE_ANNOT/panTEome_v3_1001Gp/annotation_chr_s/single_genome_EDTA/100804/100804.Chr_scaffolds.fa.mod.EDTA.TElib.mincopyfiltered.fa
    log: logs/100804_extr_minnflcop.log
    jobid: 1487
    reason: Missing output files: /tmp/global2/ssushko/TE_evolution/1001Gp_TE_ANNOT/panTEome_v3_1001Gp/annotation_chr_s/single_genome_EDTA/100804/100804.Chr_scaffolds.fa.mod.EDTA.TElib.mincopyfiltered.fa
    wildcards: sample=100804
    resources: mem_mb=1000, mem_mib=954, disk_mb=1000, disk_mib=954, tmpdir=<TBD>


[Fri Sep  5 14:44:39 2025]
rule extract_min_n_fl_copies:
    input: /tmp/global2/ssushko/TE_evolution/1001Gp_TE_ANNOT/panTEome_v3_1001Gp/annotation_chr_s/single_genome_EDTA/100867/100867.Chr_scaffolds.fa.mod.EDTA.TEanno.sgannot.gff3, /tmp/global2/ssushko/TE_evolution/1001Gp_TE_ANNOT/panTEome_v3_1001Gp/annotation_chr_s/single_genome_EDTA/100867/100867.Chr_scaffolds.fa.mod.EDTA.anno/100867.Chr_scaffolds.fa.mod.EDTA.RM.out
    output: /tmp/global2/ssushko/TE_evolution/1001Gp_TE_ANNOT/panTEome_v3_1001Gp/annotation_chr_s/single_genome_EDTA/100867/100867.Chr_scaffolds.fa.mod.EDTA.TElib.fa.keep.list, /tmp/global2/ssushko/TE_evolution/1001Gp_TE_ANNOT/panTEome_v3_1001Gp/annotation_chr_s/single_genome_EDTA/100867/100867.Chr_scaffolds.fa.mod.EDTA.TElib.mincopyfiltered.fa
    log: logs/100867_extr_minnflcop.log
    jobid: 1739
    reason: Missing output files: /tmp/global2/ssushko/TE_evolution/1001Gp_TE_ANNOT/panTEome_v3_1001Gp/annotation_chr_s/single_genome_EDTA/100867/100867.Chr_scaffolds.fa.mod.EDTA.TElib.mincopyfiltered.fa
    wildcards: sample=100867
    resources: mem_mb=1000, mem_mib=954, disk_mb=1000, disk_mib=954, tmpdir=<TBD>


[Fri Sep  5 14:44:39 2025]
rule extract_min_n_fl_copies:
    input: /tmp/global2/ssushko/TE_evolution/1001Gp_TE_ANNOT/panTEome_v3_1001Gp/annotation_chr_s/single_genome_EDTA/100965/100965.Chr_scaffolds.fa.mod.EDTA.TEanno.sgannot.gff3, /tmp/global2/ssushko/TE_evolution/1001Gp_TE_ANNOT/panTEome_v3_1001Gp/annotation_chr_s/single_genome_EDTA/100965/100965.Chr_scaffolds.fa.mod.EDTA.anno/100965.Chr_scaffolds.fa.mod.EDTA.RM.out
    output: /tmp/global2/ssushko/TE_evolution/1001Gp_TE_ANNOT/panTEome_v3_1001Gp/annotation_chr_s/single_genome_EDTA/100965/100965.Chr_scaffolds.fa.mod.EDTA.TElib.fa.keep.list, /tmp/global2/ssushko/TE_evolution/1001Gp_TE_ANNOT/panTEome_v3_1001Gp/annotation_chr_s/single_genome_EDTA/100965/100965.Chr_scaffolds.fa.mod.EDTA.TElib.mincopyfiltered.fa
    log: logs/100965_extr_minnflcop.log
    jobid: 2131
    reason: Missing output files: /tmp/global2/ssushko/TE_evolution/1001Gp_TE_ANNOT/panTEome_v3_1001Gp/annotation_chr_s/single_genome_EDTA/100965/100965.Chr_scaffolds.fa.mod.EDTA.TElib.mincopyfiltered.fa
    wildcards: sample=100965
    resources: mem_mb=1000, mem_mib=954, disk_mb=1000, disk_mib=954, tmpdir=<TBD>


[Fri Sep  5 14:44:39 2025]
rule extract_min_n_fl_copies:
    input: /tmp/global2/ssushko/TE_evolution/1001Gp_TE_ANNOT/panTEome_v3_1001Gp/annotation_chr_s/single_genome_EDTA/101028/101028.Chr_scaffolds.fa.mod.EDTA.TEanno.sgannot.gff3, /tmp/global2/ssushko/TE_evolution/1001Gp_TE_ANNOT/panTEome_v3_1001Gp/annotation_chr_s/single_genome_EDTA/101028/101028.Chr_scaffolds.fa.mod.EDTA.anno/101028.Chr_scaffolds.fa.mod.EDTA.RM.out
    output: /tmp/global2/ssushko/TE_evolution/1001Gp_TE_ANNOT/panTEome_v3_1001Gp/annotation_chr_s/single_genome_EDTA/101028/101028.Chr_scaffolds.fa.mod.EDTA.TElib.fa.keep.list, /tmp/global2/ssushko/TE_evolution/1001Gp_TE_ANNOT/panTEome_v3_1001Gp/annotation_chr_s/single_genome_EDTA/101028/101028.Chr_scaffolds.fa.mod.EDTA.TElib.mincopyfiltered.fa
    log: logs/101028_extr_minnflcop.log
    jobid: 2383
    reason: Missing output files: /tmp/global2/ssushko/TE_evolution/1001Gp_TE_ANNOT/panTEome_v3_1001Gp/annotation_chr_s/single_genome_EDTA/101028/101028.Chr_scaffolds.fa.mod.EDTA.TElib.mincopyfiltered.fa
    wildcards: sample=101028
    resources: mem_mb=1000, mem_mib=954, disk_mb=1000, disk_mib=954, tmpdir=<TBD>


[Fri Sep  5 14:44:39 2025]
rule extract_min_n_fl_copies:
    input: /tmp/global2/ssushko/TE_evolution/1001Gp_TE_ANNOT/panTEome_v3_1001Gp/annotation_chr_s/single_genome_EDTA/100824/100824.Chr_scaffolds.fa.mod.EDTA.TEanno.sgannot.gff3, /tmp/global2/ssushko/TE_evolution/1001Gp_TE_ANNOT/panTEome_v3_1001Gp/annotation_chr_s/single_genome_EDTA/100824/100824.Chr_scaffolds.fa.mod.EDTA.anno/100824.Chr_scaffolds.fa.mod.EDTA.RM.out
    output: /tmp/global2/ssushko/TE_evolution/1001Gp_TE_ANNOT/panTEome_v3_1001Gp/annotation_chr_s/single_genome_EDTA/100824/100824.Chr_scaffolds.fa.mod.EDTA.TElib.fa.keep.list, /tmp/global2/ssushko/TE_evolution/1001Gp_TE_ANNOT/panTEome_v3_1001Gp/annotation_chr_s/single_genome_EDTA/100824/100824.Chr_scaffolds.fa.mod.EDTA.TElib.mincopyfiltered.fa
    log: logs/100824_extr_minnflcop.log
    jobid: 1567
    reason: Missing output files: /tmp/global2/ssushko/TE_evolution/1001Gp_TE_ANNOT/panTEome_v3_1001Gp/annotation_chr_s/single_genome_EDTA/100824/100824.Chr_scaffolds.fa.mod.EDTA.TElib.mincopyfiltered.fa
    wildcards: sample=100824
    resources: mem_mb=1000, mem_mib=954, disk_mb=1000, disk_mib=954, tmpdir=<TBD>


[Fri Sep  5 14:44:39 2025]
rule extract_min_n_fl_copies:
    input: /tmp/global2/ssushko/TE_evolution/1001Gp_TE_ANNOT/panTEome_v3_1001Gp/annotation_chr_s/single_genome_EDTA/100120/100120.Chr_scaffolds.fa.mod.EDTA.TEanno.sgannot.gff3, /tmp/global2/ssushko/TE_evolution/1001Gp_TE_ANNOT/panTEome_v3_1001Gp/annotation_chr_s/single_genome_EDTA/100120/100120.Chr_scaffolds.fa.mod.EDTA.anno/100120.Chr_scaffolds.fa.mod.EDTA.RM.out
    output: /tmp/global2/ssushko/TE_evolution/1001Gp_TE_ANNOT/panTEome_v3_1001Gp/annotation_chr_s/single_genome_EDTA/100120/100120.Chr_scaffolds.fa.mod.EDTA.TElib.fa.keep.list, /tmp/global2/ssushko/TE_evolution/1001Gp_TE_ANNOT/panTEome_v3_1001Gp/annotation_chr_s/single_genome_EDTA/100120/100120.Chr_scaffolds.fa.mod.EDTA.TElib.mincopyfiltered.fa
    log: logs/100120_extr_minnflcop.log
    jobid: 355
    reason: Missing output files: /tmp/global2/ssushko/TE_evolution/1001Gp_TE_ANNOT/panTEome_v3_1001Gp/annotation_chr_s/single_genome_EDTA/100120/100120.Chr_scaffolds.fa.mod.EDTA.TElib.mincopyfiltered.fa
    wildcards: sample=100120
    resources: mem_mb=1000, mem_mib=954, disk_mb=1000, disk_mib=954, tmpdir=<TBD>


[Fri Sep  5 14:44:39 2025]
rule extract_min_n_fl_copies:
    input: /tmp/global2/ssushko/TE_evolution/1001Gp_TE_ANNOT/panTEome_v3_1001Gp/annotation_chr_s/single_genome_EDTA/100309/100309.Chr_scaffolds.fa.mod.EDTA.TEanno.sgannot.gff3, /tmp/global2/ssushko/TE_evolution/1001Gp_TE_ANNOT/panTEome_v3_1001Gp/annotation_chr_s/single_genome_EDTA/100309/100309.Chr_scaffolds.fa.mod.EDTA.anno/100309.Chr_scaffolds.fa.mod.EDTA.RM.out
    output: /tmp/global2/ssushko/TE_evolution/1001Gp_TE_ANNOT/panTEome_v3_1001Gp/annotation_chr_s/single_genome_EDTA/100309/100309.Chr_scaffolds.fa.mod.EDTA.TElib.fa.keep.list, /tmp/global2/ssushko/TE_evolution/1001Gp_TE_ANNOT/panTEome_v3_1001Gp/annotation_chr_s/single_genome_EDTA/100309/100309.Chr_scaffolds.fa.mod.EDTA.TElib.mincopyfiltered.fa
    log: logs/100309_extr_minnflcop.log
    jobid: 663
    reason: Missing output files: /tmp/global2/ssushko/TE_evolution/1001Gp_TE_ANNOT/panTEome_v3_1001Gp/annotation_chr_s/single_genome_EDTA/100309/100309.Chr_scaffolds.fa.mod.EDTA.TElib.mincopyfiltered.fa
    wildcards: sample=100309
    resources: mem_mb=1000, mem_mib=954, disk_mb=1000, disk_mib=954, tmpdir=<TBD>


[Fri Sep  5 14:44:39 2025]
rule extract_min_n_fl_copies:
    input: /tmp/global2/ssushko/TE_evolution/1001Gp_TE_ANNOT/panTEome_v3_1001Gp/annotation_chr_s/single_genome_EDTA/100920/100920.Chr_scaffolds.fa.mod.EDTA.TEanno.sgannot.gff3, /tmp/global2/ssushko/TE_evolution/1001Gp_TE_ANNOT/panTEome_v3_1001Gp/annotation_chr_s/single_genome_EDTA/100920/100920.Chr_scaffolds.fa.mod.EDTA.anno/100920.Chr_scaffolds.fa.mod.EDTA.RM.out
    output: /tmp/global2/ssushko/TE_evolution/1001Gp_TE_ANNOT/panTEome_v3_1001Gp/annotation_chr_s/single_genome_EDTA/100920/100920.Chr_scaffolds.fa.mod.EDTA.TElib.fa.keep.list, /tmp/global2/ssushko/TE_evolution/1001Gp_TE_ANNOT/panTEome_v3_1001Gp/annotation_chr_s/single_genome_EDTA/100920/100920.Chr_scaffolds.fa.mod.EDTA.TElib.mincopyfiltered.fa
    log: logs/100920_extr_minnflcop.log
    jobid: 1951
    reason: Missing output files: /tmp/global2/ssushko/TE_evolution/1001Gp_TE_ANNOT/panTEome_v3_1001Gp/annotation_chr_s/single_genome_EDTA/100920/100920.Chr_scaffolds.fa.mod.EDTA.TElib.mincopyfiltered.fa
    wildcards: sample=100920
    resources: mem_mb=1000, mem_mib=954, disk_mb=1000, disk_mib=954, tmpdir=<TBD>


[Fri Sep  5 14:44:39 2025]
rule extract_min_n_fl_copies:
    input: /tmp/global2/ssushko/TE_evolution/1001Gp_TE_ANNOT/panTEome_v3_1001Gp/annotation_chr_s/single_genome_EDTA/100052/100052.Chr_scaffolds.fa.mod.EDTA.TEanno.sgannot.gff3, /tmp/global2/ssushko/TE_evolution/1001Gp_TE_ANNOT/panTEome_v3_1001Gp/annotation_chr_s/single_genome_EDTA/100052/100052.Chr_scaffolds.fa.mod.EDTA.anno/100052.Chr_scaffolds.fa.mod.EDTA.RM.out
    output: /tmp/global2/ssushko/TE_evolution/1001Gp_TE_ANNOT/panTEome_v3_1001Gp/annotation_chr_s/single_genome_EDTA/100052/100052.Chr_scaffolds.fa.mod.EDTA.TElib.fa.keep.list, /tmp/global2/ssushko/TE_evolution/1001Gp_TE_ANNOT/panTEome_v3_1001Gp/annotation_chr_s/single_genome_EDTA/100052/100052.Chr_scaffolds.fa.mod.EDTA.TElib.mincopyfiltered.fa
    log: logs/100052_extr_minnflcop.log
    jobid: 91
    reason: Missing output files: /tmp/global2/ssushko/TE_evolution/1001Gp_TE_ANNOT/panTEome_v3_1001Gp/annotation_chr_s/single_genome_EDTA/100052/100052.Chr_scaffolds.fa.mod.EDTA.TElib.mincopyfiltered.fa
    wildcards: sample=100052
    resources: mem_mb=1000, mem_mib=954, disk_mb=1000, disk_mib=954, tmpdir=<TBD>


[Fri Sep  5 14:44:39 2025]
rule extract_min_n_fl_copies:
    input: /tmp/global2/ssushko/TE_evolution/1001Gp_TE_ANNOT/panTEome_v3_1001Gp/annotation_chr_s/single_genome_EDTA/100829/100829.Chr_scaffolds.fa.mod.EDTA.TEanno.sgannot.gff3, /tmp/global2/ssushko/TE_evolution/1001Gp_TE_ANNOT/panTEome_v3_1001Gp/annotation_chr_s/single_genome_EDTA/100829/100829.Chr_scaffolds.fa.mod.EDTA.anno/100829.Chr_scaffolds.fa.mod.EDTA.RM.out
    output: /tmp/global2/ssushko/TE_evolution/1001Gp_TE_ANNOT/panTEome_v3_1001Gp/annotation_chr_s/single_genome_EDTA/100829/100829.Chr_scaffolds.fa.mod.EDTA.TElib.fa.keep.list, /tmp/global2/ssushko/TE_evolution/1001Gp_TE_ANNOT/panTEome_v3_1001Gp/annotation_chr_s/single_genome_EDTA/100829/100829.Chr_scaffolds.fa.mod.EDTA.TElib.mincopyfiltered.fa
    log: logs/100829_extr_minnflcop.log
    jobid: 1587
    reason: Missing output files: /tmp/global2/ssushko/TE_evolution/1001Gp_TE_ANNOT/panTEome_v3_1001Gp/annotation_chr_s/single_genome_EDTA/100829/100829.Chr_scaffolds.fa.mod.EDTA.TElib.mincopyfiltered.fa
    wildcards: sample=100829
    resources: mem_mb=1000, mem_mib=954, disk_mb=1000, disk_mib=954, tmpdir=<TBD>


[Fri Sep  5 14:44:39 2025]
rule extract_min_n_fl_copies:
    input: /tmp/global2/ssushko/TE_evolution/1001Gp_TE_ANNOT/panTEome_v3_1001Gp/annotation_chr_s/single_genome_EDTA/100125/100125.Chr_scaffolds.fa.mod.EDTA.TEanno.sgannot.gff3, /tmp/global2/ssushko/TE_evolution/1001Gp_TE_ANNOT/panTEome_v3_1001Gp/annotation_chr_s/single_genome_EDTA/100125/100125.Chr_scaffolds.fa.mod.EDTA.anno/100125.Chr_scaffolds.fa.mod.EDTA.RM.out
    output: /tmp/global2/ssushko/TE_evolution/1001Gp_TE_ANNOT/panTEome_v3_1001Gp/annotation_chr_s/single_genome_EDTA/100125/100125.Chr_scaffolds.fa.mod.EDTA.TElib.fa.keep.list, /tmp/global2/ssushko/TE_evolution/1001Gp_TE_ANNOT/panTEome_v3_1001Gp/annotation_chr_s/single_genome_EDTA/100125/100125.Chr_scaffolds.fa.mod.EDTA.TElib.mincopyfiltered.fa
    log: logs/100125_extr_minnflcop.log
    jobid: 371
    reason: Missing output files: /tmp/global2/ssushko/TE_evolution/1001Gp_TE_ANNOT/panTEome_v3_1001Gp/annotation_chr_s/single_genome_EDTA/100125/100125.Chr_scaffolds.fa.mod.EDTA.TElib.mincopyfiltered.fa
    wildcards: sample=100125
    resources: mem_mb=1000, mem_mib=954, disk_mb=1000, disk_mib=954, tmpdir=<TBD>


[Fri Sep  5 14:44:39 2025]
rule extract_min_n_fl_copies:
    input: /tmp/global2/ssushko/TE_evolution/1001Gp_TE_ANNOT/panTEome_v3_1001Gp/annotation_chr_s/single_genome_EDTA/100681/100681.Chr_scaffolds.fa.mod.EDTA.TEanno.sgannot.gff3, /tmp/global2/ssushko/TE_evolution/1001Gp_TE_ANNOT/panTEome_v3_1001Gp/annotation_chr_s/single_genome_EDTA/100681/100681.Chr_scaffolds.fa.mod.EDTA.anno/100681.Chr_scaffolds.fa.mod.EDTA.RM.out
    output: /tmp/global2/ssushko/TE_evolution/1001Gp_TE_ANNOT/panTEome_v3_1001Gp/annotation_chr_s/single_genome_EDTA/100681/100681.Chr_scaffolds.fa.mod.EDTA.TElib.fa.keep.list, /tmp/global2/ssushko/TE_evolution/1001Gp_TE_ANNOT/panTEome_v3_1001Gp/annotation_chr_s/single_genome_EDTA/100681/100681.Chr_scaffolds.fa.mod.EDTA.TElib.mincopyfiltered.fa
    log: logs/100681_extr_minnflcop.log
    jobid: 999
    reason: Missing output files: /tmp/global2/ssushko/TE_evolution/1001Gp_TE_ANNOT/panTEome_v3_1001Gp/annotation_chr_s/single_genome_EDTA/100681/100681.Chr_scaffolds.fa.mod.EDTA.TElib.mincopyfiltered.fa
    wildcards: sample=100681
    resources: mem_mb=1000, mem_mib=954, disk_mb=1000, disk_mib=954, tmpdir=<TBD>


[Fri Sep  5 14:44:39 2025]
rule extract_min_n_fl_copies:
    input: /tmp/global2/ssushko/TE_evolution/1001Gp_TE_ANNOT/panTEome_v3_1001Gp/annotation_chr_s/single_genome_EDTA/100822/100822.Chr_scaffolds.fa.mod.EDTA.TEanno.sgannot.gff3, /tmp/global2/ssushko/TE_evolution/1001Gp_TE_ANNOT/panTEome_v3_1001Gp/annotation_chr_s/single_genome_EDTA/100822/100822.Chr_scaffolds.fa.mod.EDTA.anno/100822.Chr_scaffolds.fa.mod.EDTA.RM.out
    output: /tmp/global2/ssushko/TE_evolution/1001Gp_TE_ANNOT/panTEome_v3_1001Gp/annotation_chr_s/single_genome_EDTA/100822/100822.Chr_scaffolds.fa.mod.EDTA.TElib.fa.keep.list, /tmp/global2/ssushko/TE_evolution/1001Gp_TE_ANNOT/panTEome_v3_1001Gp/annotation_chr_s/single_genome_EDTA/100822/100822.Chr_scaffolds.fa.mod.EDTA.TElib.mincopyfiltered.fa
    log: logs/100822_extr_minnflcop.log
    jobid: 1559
    reason: Missing output files: /tmp/global2/ssushko/TE_evolution/1001Gp_TE_ANNOT/panTEome_v3_1001Gp/annotation_chr_s/single_genome_EDTA/100822/100822.Chr_scaffolds.fa.mod.EDTA.TElib.mincopyfiltered.fa
    wildcards: sample=100822
    resources: mem_mb=1000, mem_mib=954, disk_mb=1000, disk_mib=954, tmpdir=<TBD>


[Fri Sep  5 14:44:39 2025]
rule extract_min_n_fl_copies:
    input: /tmp/global2/ssushko/TE_evolution/1001Gp_TE_ANNOT/panTEome_v3_1001Gp/annotation_chr_s/single_genome_EDTA/100723/100723.Chr_scaffolds.fa.mod.EDTA.TEanno.sgannot.gff3, /tmp/global2/ssushko/TE_evolution/1001Gp_TE_ANNOT/panTEome_v3_1001Gp/annotation_chr_s/single_genome_EDTA/100723/100723.Chr_scaffolds.fa.mod.EDTA.anno/100723.Chr_scaffolds.fa.mod.EDTA.RM.out
    output: /tmp/global2/ssushko/TE_evolution/1001Gp_TE_ANNOT/panTEome_v3_1001Gp/annotation_chr_s/single_genome_EDTA/100723/100723.Chr_scaffolds.fa.mod.EDTA.TElib.fa.keep.list, /tmp/global2/ssushko/TE_evolution/1001Gp_TE_ANNOT/panTEome_v3_1001Gp/annotation_chr_s/single_genome_EDTA/100723/100723.Chr_scaffolds.fa.mod.EDTA.TElib.mincopyfiltered.fa
    log: logs/100723_extr_minnflcop.log
    jobid: 1167
    reason: Missing output files: /tmp/global2/ssushko/TE_evolution/1001Gp_TE_ANNOT/panTEome_v3_1001Gp/annotation_chr_s/single_genome_EDTA/100723/100723.Chr_scaffolds.fa.mod.EDTA.TElib.mincopyfiltered.fa
    wildcards: sample=100723
    resources: mem_mb=1000, mem_mib=954, disk_mb=1000, disk_mib=954, tmpdir=<TBD>


[Fri Sep  5 14:44:39 2025]
rule extract_min_n_fl_copies:
    input: /tmp/global2/ssushko/TE_evolution/1001Gp_TE_ANNOT/panTEome_v3_1001Gp/annotation_chr_s/single_genome_EDTA/100074/100074.Chr_scaffolds.fa.mod.EDTA.TEanno.sgannot.gff3, /tmp/global2/ssushko/TE_evolution/1001Gp_TE_ANNOT/panTEome_v3_1001Gp/annotation_chr_s/single_genome_EDTA/100074/100074.Chr_scaffolds.fa.mod.EDTA.anno/100074.Chr_scaffolds.fa.mod.EDTA.RM.out
    output: /tmp/global2/ssushko/TE_evolution/1001Gp_TE_ANNOT/panTEome_v3_1001Gp/annotation_chr_s/single_genome_EDTA/100074/100074.Chr_scaffolds.fa.mod.EDTA.TElib.fa.keep.list, /tmp/global2/ssushko/TE_evolution/1001Gp_TE_ANNOT/panTEome_v3_1001Gp/annotation_chr_s/single_genome_EDTA/100074/100074.Chr_scaffolds.fa.mod.EDTA.TElib.mincopyfiltered.fa
    log: logs/100074_extr_minnflcop.log
    jobid: 175
    reason: Missing output files: /tmp/global2/ssushko/TE_evolution/1001Gp_TE_ANNOT/panTEome_v3_1001Gp/annotation_chr_s/single_genome_EDTA/100074/100074.Chr_scaffolds.fa.mod.EDTA.TElib.mincopyfiltered.fa
    wildcards: sample=100074
    resources: mem_mb=1000, mem_mib=954, disk_mb=1000, disk_mib=954, tmpdir=<TBD>


[Fri Sep  5 14:44:39 2025]
rule extract_min_n_fl_copies:
    input: /tmp/global2/ssushko/TE_evolution/1001Gp_TE_ANNOT/panTEome_v3_1001Gp/annotation_chr_s/single_genome_EDTA/100563/100563.Chr_scaffolds.fa.mod.EDTA.TEanno.sgannot.gff3, /tmp/global2/ssushko/TE_evolution/1001Gp_TE_ANNOT/panTEome_v3_1001Gp/annotation_chr_s/single_genome_EDTA/100563/100563.Chr_scaffolds.fa.mod.EDTA.anno/100563.Chr_scaffolds.fa.mod.EDTA.RM.out
    output: /tmp/global2/ssushko/TE_evolution/1001Gp_TE_ANNOT/panTEome_v3_1001Gp/annotation_chr_s/single_genome_EDTA/100563/100563.Chr_scaffolds.fa.mod.EDTA.TElib.fa.keep.list, /tmp/global2/ssushko/TE_evolution/1001Gp_TE_ANNOT/panTEome_v3_1001Gp/annotation_chr_s/single_genome_EDTA/100563/100563.Chr_scaffolds.fa.mod.EDTA.TElib.mincopyfiltered.fa
    log: logs/100563_extr_minnflcop.log
    jobid: 859
    reason: Missing output files: /tmp/global2/ssushko/TE_evolution/1001Gp_TE_ANNOT/panTEome_v3_1001Gp/annotation_chr_s/single_genome_EDTA/100563/100563.Chr_scaffolds.fa.mod.EDTA.TElib.mincopyfiltered.fa
    wildcards: sample=100563
    resources: mem_mb=1000, mem_mib=954, disk_mb=1000, disk_mib=954, tmpdir=<TBD>


[Fri Sep  5 14:44:39 2025]
rule extract_min_n_fl_copies:
    input: /tmp/global2/ssushko/TE_evolution/1001Gp_TE_ANNOT/panTEome_v3_1001Gp/annotation_chr_s/single_genome_EDTA/100787/100787.Chr_scaffolds.fa.mod.EDTA.TEanno.sgannot.gff3, /tmp/global2/ssushko/TE_evolution/1001Gp_TE_ANNOT/panTEome_v3_1001Gp/annotation_chr_s/single_genome_EDTA/100787/100787.Chr_scaffolds.fa.mod.EDTA.anno/100787.Chr_scaffolds.fa.mod.EDTA.RM.out
    output: /tmp/global2/ssushko/TE_evolution/1001Gp_TE_ANNOT/panTEome_v3_1001Gp/annotation_chr_s/single_genome_EDTA/100787/100787.Chr_scaffolds.fa.mod.EDTA.TElib.fa.keep.list, /tmp/global2/ssushko/TE_evolution/1001Gp_TE_ANNOT/panTEome_v3_1001Gp/annotation_chr_s/single_genome_EDTA/100787/100787.Chr_scaffolds.fa.mod.EDTA.TElib.mincopyfiltered.fa
    log: logs/100787_extr_minnflcop.log
    jobid: 1419
    reason: Missing output files: /tmp/global2/ssushko/TE_evolution/1001Gp_TE_ANNOT/panTEome_v3_1001Gp/annotation_chr_s/single_genome_EDTA/100787/100787.Chr_scaffolds.fa.mod.EDTA.TElib.mincopyfiltered.fa
    wildcards: sample=100787
    resources: mem_mb=1000, mem_mib=954, disk_mb=1000, disk_mib=954, tmpdir=<TBD>


[Fri Sep  5 14:44:39 2025]
rule extract_min_n_fl_copies:
    input: /tmp/global2/ssushko/TE_evolution/1001Gp_TE_ANNOT/panTEome_v3_1001Gp/annotation_chr_s/single_genome_EDTA/100941/100941.Chr_scaffolds.fa.mod.EDTA.TEanno.sgannot.gff3, /tmp/global2/ssushko/TE_evolution/1001Gp_TE_ANNOT/panTEome_v3_1001Gp/annotation_chr_s/single_genome_EDTA/100941/100941.Chr_scaffolds.fa.mod.EDTA.anno/100941.Chr_scaffolds.fa.mod.EDTA.RM.out
    output: /tmp/global2/ssushko/TE_evolution/1001Gp_TE_ANNOT/panTEome_v3_1001Gp/annotation_chr_s/single_genome_EDTA/100941/100941.Chr_scaffolds.fa.mod.EDTA.TElib.fa.keep.list, /tmp/global2/ssushko/TE_evolution/1001Gp_TE_ANNOT/panTEome_v3_1001Gp/annotation_chr_s/single_genome_EDTA/100941/100941.Chr_scaffolds.fa.mod.EDTA.TElib.mincopyfiltered.fa
    log: logs/100941_extr_minnflcop.log
    jobid: 2035
    reason: Missing output files: /tmp/global2/ssushko/TE_evolution/1001Gp_TE_ANNOT/panTEome_v3_1001Gp/annotation_chr_s/single_genome_EDTA/100941/100941.Chr_scaffolds.fa.mod.EDTA.TElib.mincopyfiltered.fa
    wildcards: sample=100941
    resources: mem_mb=1000, mem_mib=954, disk_mb=1000, disk_mib=954, tmpdir=<TBD>


[Fri Sep  5 14:44:39 2025]
rule extract_min_n_fl_copies:
    input: /tmp/global2/ssushko/TE_evolution/1001Gp_TE_ANNOT/panTEome_v3_1001Gp/annotation_chr_s/single_genome_EDTA/100286/100286.Chr_scaffolds.fa.mod.EDTA.TEanno.sgannot.gff3, /tmp/global2/ssushko/TE_evolution/1001Gp_TE_ANNOT/panTEome_v3_1001Gp/annotation_chr_s/single_genome_EDTA/100286/100286.Chr_scaffolds.fa.mod.EDTA.anno/100286.Chr_scaffolds.fa.mod.EDTA.RM.out
    output: /tmp/global2/ssushko/TE_evolution/1001Gp_TE_ANNOT/panTEome_v3_1001Gp/annotation_chr_s/single_genome_EDTA/100286/100286.Chr_scaffolds.fa.mod.EDTA.TElib.fa.keep.list, /tmp/global2/ssushko/TE_evolution/1001Gp_TE_ANNOT/panTEome_v3_1001Gp/annotation_chr_s/single_genome_EDTA/100286/100286.Chr_scaffolds.fa.mod.EDTA.TElib.mincopyfiltered.fa
    log: logs/100286_extr_minnflcop.log
    jobid: 595
    reason: Missing output files: /tmp/global2/ssushko/TE_evolution/1001Gp_TE_ANNOT/panTEome_v3_1001Gp/annotation_chr_s/single_genome_EDTA/100286/100286.Chr_scaffolds.fa.mod.EDTA.TElib.mincopyfiltered.fa
    wildcards: sample=100286
    resources: mem_mb=1000, mem_mib=954, disk_mb=1000, disk_mib=954, tmpdir=<TBD>


[Fri Sep  5 14:44:39 2025]
rule extract_min_n_fl_copies:
    input: /tmp/global2/ssushko/TE_evolution/1001Gp_TE_ANNOT/panTEome_v3_1001Gp/annotation_chr_s/single_genome_EDTA/100064/100064.Chr_scaffolds.fa.mod.EDTA.TEanno.sgannot.gff3, /tmp/global2/ssushko/TE_evolution/1001Gp_TE_ANNOT/panTEome_v3_1001Gp/annotation_chr_s/single_genome_EDTA/100064/100064.Chr_scaffolds.fa.mod.EDTA.anno/100064.Chr_scaffolds.fa.mod.EDTA.RM.out
    output: /tmp/global2/ssushko/TE_evolution/1001Gp_TE_ANNOT/panTEome_v3_1001Gp/annotation_chr_s/single_genome_EDTA/100064/100064.Chr_scaffolds.fa.mod.EDTA.TElib.fa.keep.list, /tmp/global2/ssushko/TE_evolution/1001Gp_TE_ANNOT/panTEome_v3_1001Gp/annotation_chr_s/single_genome_EDTA/100064/100064.Chr_scaffolds.fa.mod.EDTA.TElib.mincopyfiltered.fa
    log: logs/100064_extr_minnflcop.log
    jobid: 135
    reason: Missing output files: /tmp/global2/ssushko/TE_evolution/1001Gp_TE_ANNOT/panTEome_v3_1001Gp/annotation_chr_s/single_genome_EDTA/100064/100064.Chr_scaffolds.fa.mod.EDTA.TElib.mincopyfiltered.fa
    wildcards: sample=100064
    resources: mem_mb=1000, mem_mib=954, disk_mb=1000, disk_mib=954, tmpdir=<TBD>


[Fri Sep  5 14:44:39 2025]
rule extract_min_n_fl_copies:
    input: /tmp/global2/ssushko/TE_evolution/1001Gp_TE_ANNOT/panTEome_v3_1001Gp/annotation_chr_s/single_genome_EDTA/100106/100106.Chr_scaffolds.fa.mod.EDTA.TEanno.sgannot.gff3, /tmp/global2/ssushko/TE_evolution/1001Gp_TE_ANNOT/panTEome_v3_1001Gp/annotation_chr_s/single_genome_EDTA/100106/100106.Chr_scaffolds.fa.mod.EDTA.anno/100106.Chr_scaffolds.fa.mod.EDTA.RM.out
    output: /tmp/global2/ssushko/TE_evolution/1001Gp_TE_ANNOT/panTEome_v3_1001Gp/annotation_chr_s/single_genome_EDTA/100106/100106.Chr_scaffolds.fa.mod.EDTA.TElib.fa.keep.list, /tmp/global2/ssushko/TE_evolution/1001Gp_TE_ANNOT/panTEome_v3_1001Gp/annotation_chr_s/single_genome_EDTA/100106/100106.Chr_scaffolds.fa.mod.EDTA.TElib.mincopyfiltered.fa
    log: logs/100106_extr_minnflcop.log
    jobid: 303
    reason: Missing output files: /tmp/global2/ssushko/TE_evolution/1001Gp_TE_ANNOT/panTEome_v3_1001Gp/annotation_chr_s/single_genome_EDTA/100106/100106.Chr_scaffolds.fa.mod.EDTA.TElib.mincopyfiltered.fa
    wildcards: sample=100106
    resources: mem_mb=1000, mem_mib=954, disk_mb=1000, disk_mib=954, tmpdir=<TBD>


[Fri Sep  5 14:44:39 2025]
rule extract_min_n_fl_copies:
    input: /tmp/global2/ssushko/TE_evolution/1001Gp_TE_ANNOT/panTEome_v3_1001Gp/annotation_chr_s/single_genome_EDTA/100741/100741.Chr_scaffolds.fa.mod.EDTA.TEanno.sgannot.gff3, /tmp/global2/ssushko/TE_evolution/1001Gp_TE_ANNOT/panTEome_v3_1001Gp/annotation_chr_s/single_genome_EDTA/100741/100741.Chr_scaffolds.fa.mod.EDTA.anno/100741.Chr_scaffolds.fa.mod.EDTA.RM.out
    output: /tmp/global2/ssushko/TE_evolution/1001Gp_TE_ANNOT/panTEome_v3_1001Gp/annotation_chr_s/single_genome_EDTA/100741/100741.Chr_scaffolds.fa.mod.EDTA.TElib.fa.keep.list, /tmp/global2/ssushko/TE_evolution/1001Gp_TE_ANNOT/panTEome_v3_1001Gp/annotation_chr_s/single_genome_EDTA/100741/100741.Chr_scaffolds.fa.mod.EDTA.TElib.mincopyfiltered.fa
    log: logs/100741_extr_minnflcop.log
    jobid: 1239
    reason: Missing output files: /tmp/global2/ssushko/TE_evolution/1001Gp_TE_ANNOT/panTEome_v3_1001Gp/annotation_chr_s/single_genome_EDTA/100741/100741.Chr_scaffolds.fa.mod.EDTA.TElib.mincopyfiltered.fa
    wildcards: sample=100741
    resources: mem_mb=1000, mem_mib=954, disk_mb=1000, disk_mib=954, tmpdir=<TBD>


[Fri Sep  5 14:44:39 2025]
rule extract_min_n_fl_copies:
    input: /tmp/global2/ssushko/TE_evolution/1001Gp_TE_ANNOT/panTEome_v3_1001Gp/annotation_chr_s/single_genome_EDTA/100903/100903.Chr_scaffolds.fa.mod.EDTA.TEanno.sgannot.gff3, /tmp/global2/ssushko/TE_evolution/1001Gp_TE_ANNOT/panTEome_v3_1001Gp/annotation_chr_s/single_genome_EDTA/100903/100903.Chr_scaffolds.fa.mod.EDTA.anno/100903.Chr_scaffolds.fa.mod.EDTA.RM.out
    output: /tmp/global2/ssushko/TE_evolution/1001Gp_TE_ANNOT/panTEome_v3_1001Gp/annotation_chr_s/single_genome_EDTA/100903/100903.Chr_scaffolds.fa.mod.EDTA.TElib.fa.keep.list, /tmp/global2/ssushko/TE_evolution/1001Gp_TE_ANNOT/panTEome_v3_1001Gp/annotation_chr_s/single_genome_EDTA/100903/100903.Chr_scaffolds.fa.mod.EDTA.TElib.mincopyfiltered.fa
    log: logs/100903_extr_minnflcop.log
    jobid: 1883
    reason: Missing output files: /tmp/global2/ssushko/TE_evolution/1001Gp_TE_ANNOT/panTEome_v3_1001Gp/annotation_chr_s/single_genome_EDTA/100903/100903.Chr_scaffolds.fa.mod.EDTA.TElib.mincopyfiltered.fa
    wildcards: sample=100903
    resources: mem_mb=1000, mem_mib=954, disk_mb=1000, disk_mib=954, tmpdir=<TBD>


[Fri Sep  5 14:44:39 2025]
rule extract_min_n_fl_copies:
    input: /tmp/global2/ssushko/TE_evolution/1001Gp_TE_ANNOT/panTEome_v3_1001Gp/annotation_chr_s/single_genome_EDTA/100114/100114.Chr_scaffolds.fa.mod.EDTA.TEanno.sgannot.gff3, /tmp/global2/ssushko/TE_evolution/1001Gp_TE_ANNOT/panTEome_v3_1001Gp/annotation_chr_s/single_genome_EDTA/100114/100114.Chr_scaffolds.fa.mod.EDTA.anno/100114.Chr_scaffolds.fa.mod.EDTA.RM.out
    output: /tmp/global2/ssushko/TE_evolution/1001Gp_TE_ANNOT/panTEome_v3_1001Gp/annotation_chr_s/single_genome_EDTA/100114/100114.Chr_scaffolds.fa.mod.EDTA.TElib.fa.keep.list, /tmp/global2/ssushko/TE_evolution/1001Gp_TE_ANNOT/panTEome_v3_1001Gp/annotation_chr_s/single_genome_EDTA/100114/100114.Chr_scaffolds.fa.mod.EDTA.TElib.mincopyfiltered.fa
    log: logs/100114_extr_minnflcop.log
    jobid: 331
    reason: Missing output files: /tmp/global2/ssushko/TE_evolution/1001Gp_TE_ANNOT/panTEome_v3_1001Gp/annotation_chr_s/single_genome_EDTA/100114/100114.Chr_scaffolds.fa.mod.EDTA.TElib.mincopyfiltered.fa
    wildcards: sample=100114
    resources: mem_mb=1000, mem_mib=954, disk_mb=1000, disk_mib=954, tmpdir=<TBD>


[Fri Sep  5 14:44:39 2025]
rule extract_min_n_fl_copies:
    input: /tmp/global2/ssushko/TE_evolution/1001Gp_TE_ANNOT/panTEome_v3_1001Gp/annotation_chr_s/single_genome_EDTA/100664/100664.Chr_scaffolds.fa.mod.EDTA.TEanno.sgannot.gff3, /tmp/global2/ssushko/TE_evolution/1001Gp_TE_ANNOT/panTEome_v3_1001Gp/annotation_chr_s/single_genome_EDTA/100664/100664.Chr_scaffolds.fa.mod.EDTA.anno/100664.Chr_scaffolds.fa.mod.EDTA.RM.out
    output: /tmp/global2/ssushko/TE_evolution/1001Gp_TE_ANNOT/panTEome_v3_1001Gp/annotation_chr_s/single_genome_EDTA/100664/100664.Chr_scaffolds.fa.mod.EDTA.TElib.fa.keep.list, /tmp/global2/ssushko/TE_evolution/1001Gp_TE_ANNOT/panTEome_v3_1001Gp/annotation_chr_s/single_genome_EDTA/100664/100664.Chr_scaffolds.fa.mod.EDTA.TElib.mincopyfiltered.fa
    log: logs/100664_extr_minnflcop.log
    jobid: 931
    reason: Missing output files: /tmp/global2/ssushko/TE_evolution/1001Gp_TE_ANNOT/panTEome_v3_1001Gp/annotation_chr_s/single_genome_EDTA/100664/100664.Chr_scaffolds.fa.mod.EDTA.TElib.mincopyfiltered.fa
    wildcards: sample=100664
    resources: mem_mb=1000, mem_mib=954, disk_mb=1000, disk_mib=954, tmpdir=<TBD>


[Fri Sep  5 14:44:39 2025]
rule extract_min_n_fl_copies:
    input: /tmp/global2/ssushko/TE_evolution/1001Gp_TE_ANNOT/panTEome_v3_1001Gp/annotation_chr_s/single_genome_EDTA/100826/100826.Chr_scaffolds.fa.mod.EDTA.TEanno.sgannot.gff3, /tmp/global2/ssushko/TE_evolution/1001Gp_TE_ANNOT/panTEome_v3_1001Gp/annotation_chr_s/single_genome_EDTA/100826/100826.Chr_scaffolds.fa.mod.EDTA.anno/100826.Chr_scaffolds.fa.mod.EDTA.RM.out
    output: /tmp/global2/ssushko/TE_evolution/1001Gp_TE_ANNOT/panTEome_v3_1001Gp/annotation_chr_s/single_genome_EDTA/100826/100826.Chr_scaffolds.fa.mod.EDTA.TElib.fa.keep.list, /tmp/global2/ssushko/TE_evolution/1001Gp_TE_ANNOT/panTEome_v3_1001Gp/annotation_chr_s/single_genome_EDTA/100826/100826.Chr_scaffolds.fa.mod.EDTA.TElib.mincopyfiltered.fa
    log: logs/100826_extr_minnflcop.log
    jobid: 1575
    reason: Missing output files: /tmp/global2/ssushko/TE_evolution/1001Gp_TE_ANNOT/panTEome_v3_1001Gp/annotation_chr_s/single_genome_EDTA/100826/100826.Chr_scaffolds.fa.mod.EDTA.TElib.mincopyfiltered.fa
    wildcards: sample=100826
    resources: mem_mb=1000, mem_mib=954, disk_mb=1000, disk_mib=954, tmpdir=<TBD>


[Fri Sep  5 14:44:39 2025]
rule extract_min_n_fl_copies:
    input: /tmp/global2/ssushko/TE_evolution/1001Gp_TE_ANNOT/panTEome_v3_1001Gp/annotation_chr_s/single_genome_EDTA/100945/100945.Chr_scaffolds.fa.mod.EDTA.TEanno.sgannot.gff3, /tmp/global2/ssushko/TE_evolution/1001Gp_TE_ANNOT/panTEome_v3_1001Gp/annotation_chr_s/single_genome_EDTA/100945/100945.Chr_scaffolds.fa.mod.EDTA.anno/100945.Chr_scaffolds.fa.mod.EDTA.RM.out
    output: /tmp/global2/ssushko/TE_evolution/1001Gp_TE_ANNOT/panTEome_v3_1001Gp/annotation_chr_s/single_genome_EDTA/100945/100945.Chr_scaffolds.fa.mod.EDTA.TElib.fa.keep.list, /tmp/global2/ssushko/TE_evolution/1001Gp_TE_ANNOT/panTEome_v3_1001Gp/annotation_chr_s/single_genome_EDTA/100945/100945.Chr_scaffolds.fa.mod.EDTA.TElib.mincopyfiltered.fa
    log: logs/100945_extr_minnflcop.log
    jobid: 2051
    reason: Missing output files: /tmp/global2/ssushko/TE_evolution/1001Gp_TE_ANNOT/panTEome_v3_1001Gp/annotation_chr_s/single_genome_EDTA/100945/100945.Chr_scaffolds.fa.mod.EDTA.TElib.mincopyfiltered.fa
    wildcards: sample=100945
    resources: mem_mb=1000, mem_mib=954, disk_mb=1000, disk_mib=954, tmpdir=<TBD>


[Fri Sep  5 14:44:39 2025]
rule extract_min_n_fl_copies:
    input: /tmp/global2/ssushko/TE_evolution/1001Gp_TE_ANNOT/panTEome_v3_1001Gp/annotation_chr_s/single_genome_EDTA/100966/100966.Chr_scaffolds.fa.mod.EDTA.TEanno.sgannot.gff3, /tmp/global2/ssushko/TE_evolution/1001Gp_TE_ANNOT/panTEome_v3_1001Gp/annotation_chr_s/single_genome_EDTA/100966/100966.Chr_scaffolds.fa.mod.EDTA.anno/100966.Chr_scaffolds.fa.mod.EDTA.RM.out
    output: /tmp/global2/ssushko/TE_evolution/1001Gp_TE_ANNOT/panTEome_v3_1001Gp/annotation_chr_s/single_genome_EDTA/100966/100966.Chr_scaffolds.fa.mod.EDTA.TElib.fa.keep.list, /tmp/global2/ssushko/TE_evolution/1001Gp_TE_ANNOT/panTEome_v3_1001Gp/annotation_chr_s/single_genome_EDTA/100966/100966.Chr_scaffolds.fa.mod.EDTA.TElib.mincopyfiltered.fa
    log: logs/100966_extr_minnflcop.log
    jobid: 2135
    reason: Missing output files: /tmp/global2/ssushko/TE_evolution/1001Gp_TE_ANNOT/panTEome_v3_1001Gp/annotation_chr_s/single_genome_EDTA/100966/100966.Chr_scaffolds.fa.mod.EDTA.TElib.mincopyfiltered.fa
    wildcards: sample=100966
    resources: mem_mb=1000, mem_mib=954, disk_mb=1000, disk_mib=954, tmpdir=<TBD>


[Fri Sep  5 14:44:39 2025]
rule extract_min_n_fl_copies:
    input: /tmp/global2/ssushko/TE_evolution/1001Gp_TE_ANNOT/panTEome_v3_1001Gp/annotation_chr_s/single_genome_EDTA/101008/101008.Chr_scaffolds.fa.mod.EDTA.TEanno.sgannot.gff3, /tmp/global2/ssushko/TE_evolution/1001Gp_TE_ANNOT/panTEome_v3_1001Gp/annotation_chr_s/single_genome_EDTA/101008/101008.Chr_scaffolds.fa.mod.EDTA.anno/101008.Chr_scaffolds.fa.mod.EDTA.RM.out
    output: /tmp/global2/ssushko/TE_evolution/1001Gp_TE_ANNOT/panTEome_v3_1001Gp/annotation_chr_s/single_genome_EDTA/101008/101008.Chr_scaffolds.fa.mod.EDTA.TElib.fa.keep.list, /tmp/global2/ssushko/TE_evolution/1001Gp_TE_ANNOT/panTEome_v3_1001Gp/annotation_chr_s/single_genome_EDTA/101008/101008.Chr_scaffolds.fa.mod.EDTA.TElib.mincopyfiltered.fa
    log: logs/101008_extr_minnflcop.log
    jobid: 2303
    reason: Missing output files: /tmp/global2/ssushko/TE_evolution/1001Gp_TE_ANNOT/panTEome_v3_1001Gp/annotation_chr_s/single_genome_EDTA/101008/101008.Chr_scaffolds.fa.mod.EDTA.TElib.mincopyfiltered.fa
    wildcards: sample=101008
    resources: mem_mb=1000, mem_mib=954, disk_mb=1000, disk_mib=954, tmpdir=<TBD>


[Fri Sep  5 14:44:39 2025]
rule extract_min_n_fl_copies:
    input: /tmp/global2/ssushko/TE_evolution/1001Gp_TE_ANNOT/panTEome_v3_1001Gp/annotation_chr_s/single_genome_EDTA/100834/100834.Chr_scaffolds.fa.mod.EDTA.TEanno.sgannot.gff3, /tmp/global2/ssushko/TE_evolution/1001Gp_TE_ANNOT/panTEome_v3_1001Gp/annotation_chr_s/single_genome_EDTA/100834/100834.Chr_scaffolds.fa.mod.EDTA.anno/100834.Chr_scaffolds.fa.mod.EDTA.RM.out
    output: /tmp/global2/ssushko/TE_evolution/1001Gp_TE_ANNOT/panTEome_v3_1001Gp/annotation_chr_s/single_genome_EDTA/100834/100834.Chr_scaffolds.fa.mod.EDTA.TElib.fa.keep.list, /tmp/global2/ssushko/TE_evolution/1001Gp_TE_ANNOT/panTEome_v3_1001Gp/annotation_chr_s/single_genome_EDTA/100834/100834.Chr_scaffolds.fa.mod.EDTA.TElib.mincopyfiltered.fa
    log: logs/100834_extr_minnflcop.log
    jobid: 1607
    reason: Missing output files: /tmp/global2/ssushko/TE_evolution/1001Gp_TE_ANNOT/panTEome_v3_1001Gp/annotation_chr_s/single_genome_EDTA/100834/100834.Chr_scaffolds.fa.mod.EDTA.TElib.mincopyfiltered.fa
    wildcards: sample=100834
    resources: mem_mb=1000, mem_mib=954, disk_mb=1000, disk_mib=954, tmpdir=<TBD>


[Fri Sep  5 14:44:39 2025]
rule extract_min_n_fl_copies:
    input: /tmp/global2/ssushko/TE_evolution/1001Gp_TE_ANNOT/panTEome_v3_1001Gp/annotation_chr_s/single_genome_EDTA/100310/100310.Chr_scaffolds.fa.mod.EDTA.TEanno.sgannot.gff3, /tmp/global2/ssushko/TE_evolution/1001Gp_TE_ANNOT/panTEome_v3_1001Gp/annotation_chr_s/single_genome_EDTA/100310/100310.Chr_scaffolds.fa.mod.EDTA.anno/100310.Chr_scaffolds.fa.mod.EDTA.RM.out
    output: /tmp/global2/ssushko/TE_evolution/1001Gp_TE_ANNOT/panTEome_v3_1001Gp/annotation_chr_s/single_genome_EDTA/100310/100310.Chr_scaffolds.fa.mod.EDTA.TElib.fa.keep.list, /tmp/global2/ssushko/TE_evolution/1001Gp_TE_ANNOT/panTEome_v3_1001Gp/annotation_chr_s/single_genome_EDTA/100310/100310.Chr_scaffolds.fa.mod.EDTA.TElib.mincopyfiltered.fa
    log: logs/100310_extr_minnflcop.log
    jobid: 667
    reason: Missing output files: /tmp/global2/ssushko/TE_evolution/1001Gp_TE_ANNOT/panTEome_v3_1001Gp/annotation_chr_s/single_genome_EDTA/100310/100310.Chr_scaffolds.fa.mod.EDTA.TElib.mincopyfiltered.fa
    wildcards: sample=100310
    resources: mem_mb=1000, mem_mib=954, disk_mb=1000, disk_mib=954, tmpdir=<TBD>


[Fri Sep  5 14:44:39 2025]
rule extract_min_n_fl_copies:
    input: /tmp/global2/ssushko/TE_evolution/1001Gp_TE_ANNOT/panTEome_v3_1001Gp/annotation_chr_s/single_genome_EDTA/100126/100126.Chr_scaffolds.fa.mod.EDTA.TEanno.sgannot.gff3, /tmp/global2/ssushko/TE_evolution/1001Gp_TE_ANNOT/panTEome_v3_1001Gp/annotation_chr_s/single_genome_EDTA/100126/100126.Chr_scaffolds.fa.mod.EDTA.anno/100126.Chr_scaffolds.fa.mod.EDTA.RM.out
    output: /tmp/global2/ssushko/TE_evolution/1001Gp_TE_ANNOT/panTEome_v3_1001Gp/annotation_chr_s/single_genome_EDTA/100126/100126.Chr_scaffolds.fa.mod.EDTA.TElib.fa.keep.list, /tmp/global2/ssushko/TE_evolution/1001Gp_TE_ANNOT/panTEome_v3_1001Gp/annotation_chr_s/single_genome_EDTA/100126/100126.Chr_scaffolds.fa.mod.EDTA.TElib.mincopyfiltered.fa
    log: logs/100126_extr_minnflcop.log
    jobid: 375
    reason: Missing output files: /tmp/global2/ssushko/TE_evolution/1001Gp_TE_ANNOT/panTEome_v3_1001Gp/annotation_chr_s/single_genome_EDTA/100126/100126.Chr_scaffolds.fa.mod.EDTA.TElib.mincopyfiltered.fa
    wildcards: sample=100126
    resources: mem_mb=1000, mem_mib=954, disk_mb=1000, disk_mib=954, tmpdir=<TBD>


[Fri Sep  5 14:44:39 2025]
rule extract_min_n_fl_copies:
    input: /tmp/global2/ssushko/TE_evolution/1001Gp_TE_ANNOT/panTEome_v3_1001Gp/annotation_chr_s/single_genome_EDTA/100928/100928.Chr_scaffolds.fa.mod.EDTA.TEanno.sgannot.gff3, /tmp/global2/ssushko/TE_evolution/1001Gp_TE_ANNOT/panTEome_v3_1001Gp/annotation_chr_s/single_genome_EDTA/100928/100928.Chr_scaffolds.fa.mod.EDTA.anno/100928.Chr_scaffolds.fa.mod.EDTA.RM.out
    output: /tmp/global2/ssushko/TE_evolution/1001Gp_TE_ANNOT/panTEome_v3_1001Gp/annotation_chr_s/single_genome_EDTA/100928/100928.Chr_scaffolds.fa.mod.EDTA.TElib.fa.keep.list, /tmp/global2/ssushko/TE_evolution/1001Gp_TE_ANNOT/panTEome_v3_1001Gp/annotation_chr_s/single_genome_EDTA/100928/100928.Chr_scaffolds.fa.mod.EDTA.TElib.mincopyfiltered.fa
    log: logs/100928_extr_minnflcop.log
    jobid: 1983
    reason: Missing output files: /tmp/global2/ssushko/TE_evolution/1001Gp_TE_ANNOT/panTEome_v3_1001Gp/annotation_chr_s/single_genome_EDTA/100928/100928.Chr_scaffolds.fa.mod.EDTA.TElib.mincopyfiltered.fa
    wildcards: sample=100928
    resources: mem_mb=1000, mem_mib=954, disk_mb=1000, disk_mib=954, tmpdir=<TBD>


[Fri Sep  5 14:44:39 2025]
rule extract_min_n_fl_copies:
    input: /tmp/global2/ssushko/TE_evolution/1001Gp_TE_ANNOT/panTEome_v3_1001Gp/annotation_chr_s/single_genome_EDTA/100921/100921.Chr_scaffolds.fa.mod.EDTA.TEanno.sgannot.gff3, /tmp/global2/ssushko/TE_evolution/1001Gp_TE_ANNOT/panTEome_v3_1001Gp/annotation_chr_s/single_genome_EDTA/100921/100921.Chr_scaffolds.fa.mod.EDTA.anno/100921.Chr_scaffolds.fa.mod.EDTA.RM.out
    output: /tmp/global2/ssushko/TE_evolution/1001Gp_TE_ANNOT/panTEome_v3_1001Gp/annotation_chr_s/single_genome_EDTA/100921/100921.Chr_scaffolds.fa.mod.EDTA.TElib.fa.keep.list, /tmp/global2/ssushko/TE_evolution/1001Gp_TE_ANNOT/panTEome_v3_1001Gp/annotation_chr_s/single_genome_EDTA/100921/100921.Chr_scaffolds.fa.mod.EDTA.TElib.mincopyfiltered.fa
    log: logs/100921_extr_minnflcop.log
    jobid: 1955
    reason: Missing output files: /tmp/global2/ssushko/TE_evolution/1001Gp_TE_ANNOT/panTEome_v3_1001Gp/annotation_chr_s/single_genome_EDTA/100921/100921.Chr_scaffolds.fa.mod.EDTA.TElib.mincopyfiltered.fa
    wildcards: sample=100921
    resources: mem_mb=1000, mem_mib=954, disk_mb=1000, disk_mib=954, tmpdir=<TBD>


[Fri Sep  5 14:44:39 2025]
rule extract_min_n_fl_copies:
    input: /tmp/global2/ssushko/TE_evolution/1001Gp_TE_ANNOT/panTEome_v3_1001Gp/annotation_chr_s/single_genome_EDTA/100682/100682.Chr_scaffolds.fa.mod.EDTA.TEanno.sgannot.gff3, /tmp/global2/ssushko/TE_evolution/1001Gp_TE_ANNOT/panTEome_v3_1001Gp/annotation_chr_s/single_genome_EDTA/100682/100682.Chr_scaffolds.fa.mod.EDTA.anno/100682.Chr_scaffolds.fa.mod.EDTA.RM.out
    output: /tmp/global2/ssushko/TE_evolution/1001Gp_TE_ANNOT/panTEome_v3_1001Gp/annotation_chr_s/single_genome_EDTA/100682/100682.Chr_scaffolds.fa.mod.EDTA.TElib.fa.keep.list, /tmp/global2/ssushko/TE_evolution/1001Gp_TE_ANNOT/panTEome_v3_1001Gp/annotation_chr_s/single_genome_EDTA/100682/100682.Chr_scaffolds.fa.mod.EDTA.TElib.mincopyfiltered.fa
    log: logs/100682_extr_minnflcop.log
    jobid: 1003
    reason: Missing output files: /tmp/global2/ssushko/TE_evolution/1001Gp_TE_ANNOT/panTEome_v3_1001Gp/annotation_chr_s/single_genome_EDTA/100682/100682.Chr_scaffolds.fa.mod.EDTA.TElib.mincopyfiltered.fa
    wildcards: sample=100682
    resources: mem_mb=1000, mem_mib=954, disk_mb=1000, disk_mib=954, tmpdir=<TBD>


[Fri Sep  5 14:44:39 2025]
rule extract_min_n_fl_copies:
    input: /tmp/global2/ssushko/TE_evolution/1001Gp_TE_ANNOT/panTEome_v3_1001Gp/annotation_chr_s/single_genome_EDTA/100823/100823.Chr_scaffolds.fa.mod.EDTA.TEanno.sgannot.gff3, /tmp/global2/ssushko/TE_evolution/1001Gp_TE_ANNOT/panTEome_v3_1001Gp/annotation_chr_s/single_genome_EDTA/100823/100823.Chr_scaffolds.fa.mod.EDTA.anno/100823.Chr_scaffolds.fa.mod.EDTA.RM.out
    output: /tmp/global2/ssushko/TE_evolution/1001Gp_TE_ANNOT/panTEome_v3_1001Gp/annotation_chr_s/single_genome_EDTA/100823/100823.Chr_scaffolds.fa.mod.EDTA.TElib.fa.keep.list, /tmp/global2/ssushko/TE_evolution/1001Gp_TE_ANNOT/panTEome_v3_1001Gp/annotation_chr_s/single_genome_EDTA/100823/100823.Chr_scaffolds.fa.mod.EDTA.TElib.mincopyfiltered.fa
    log: logs/100823_extr_minnflcop.log
    jobid: 1563
    reason: Missing output files: /tmp/global2/ssushko/TE_evolution/1001Gp_TE_ANNOT/panTEome_v3_1001Gp/annotation_chr_s/single_genome_EDTA/100823/100823.Chr_scaffolds.fa.mod.EDTA.TElib.mincopyfiltered.fa
    wildcards: sample=100823
    resources: mem_mb=1000, mem_mib=954, disk_mb=1000, disk_mib=954, tmpdir=<TBD>


[Fri Sep  5 14:44:39 2025]
rule extract_min_n_fl_copies:
    input: /tmp/global2/ssushko/TE_evolution/1001Gp_TE_ANNOT/panTEome_v3_1001Gp/annotation_chr_s/single_genome_EDTA/100724/100724.Chr_scaffolds.fa.mod.EDTA.TEanno.sgannot.gff3, /tmp/global2/ssushko/TE_evolution/1001Gp_TE_ANNOT/panTEome_v3_1001Gp/annotation_chr_s/single_genome_EDTA/100724/100724.Chr_scaffolds.fa.mod.EDTA.anno/100724.Chr_scaffolds.fa.mod.EDTA.RM.out
    output: /tmp/global2/ssushko/TE_evolution/1001Gp_TE_ANNOT/panTEome_v3_1001Gp/annotation_chr_s/single_genome_EDTA/100724/100724.Chr_scaffolds.fa.mod.EDTA.TElib.fa.keep.list, /tmp/global2/ssushko/TE_evolution/1001Gp_TE_ANNOT/panTEome_v3_1001Gp/annotation_chr_s/single_genome_EDTA/100724/100724.Chr_scaffolds.fa.mod.EDTA.TElib.mincopyfiltered.fa
    log: logs/100724_extr_minnflcop.log
    jobid: 1171
    reason: Missing output files: /tmp/global2/ssushko/TE_evolution/1001Gp_TE_ANNOT/panTEome_v3_1001Gp/annotation_chr_s/single_genome_EDTA/100724/100724.Chr_scaffolds.fa.mod.EDTA.TElib.mincopyfiltered.fa
    wildcards: sample=100724
    resources: mem_mb=1000, mem_mib=954, disk_mb=1000, disk_mib=954, tmpdir=<TBD>


[Fri Sep  5 14:44:39 2025]
rule extract_min_n_fl_copies:
    input: /tmp/global2/ssushko/TE_evolution/1001Gp_TE_ANNOT/panTEome_v3_1001Gp/annotation_chr_s/single_genome_EDTA/100053/100053.Chr_scaffolds.fa.mod.EDTA.TEanno.sgannot.gff3, /tmp/global2/ssushko/TE_evolution/1001Gp_TE_ANNOT/panTEome_v3_1001Gp/annotation_chr_s/single_genome_EDTA/100053/100053.Chr_scaffolds.fa.mod.EDTA.anno/100053.Chr_scaffolds.fa.mod.EDTA.RM.out
    output: /tmp/global2/ssushko/TE_evolution/1001Gp_TE_ANNOT/panTEome_v3_1001Gp/annotation_chr_s/single_genome_EDTA/100053/100053.Chr_scaffolds.fa.mod.EDTA.TElib.fa.keep.list, /tmp/global2/ssushko/TE_evolution/1001Gp_TE_ANNOT/panTEome_v3_1001Gp/annotation_chr_s/single_genome_EDTA/100053/100053.Chr_scaffolds.fa.mod.EDTA.TElib.mincopyfiltered.fa
    log: logs/100053_extr_minnflcop.log
    jobid: 95
    reason: Missing output files: /tmp/global2/ssushko/TE_evolution/1001Gp_TE_ANNOT/panTEome_v3_1001Gp/annotation_chr_s/single_genome_EDTA/100053/100053.Chr_scaffolds.fa.mod.EDTA.TElib.mincopyfiltered.fa
    wildcards: sample=100053
    resources: mem_mb=1000, mem_mib=954, disk_mb=1000, disk_mib=954, tmpdir=<TBD>


[Fri Sep  5 14:44:39 2025]
rule extract_min_n_fl_copies:
    input: /tmp/global2/ssushko/TE_evolution/1001Gp_TE_ANNOT/panTEome_v3_1001Gp/annotation_chr_s/single_genome_EDTA/100075/100075.Chr_scaffolds.fa.mod.EDTA.TEanno.sgannot.gff3, /tmp/global2/ssushko/TE_evolution/1001Gp_TE_ANNOT/panTEome_v3_1001Gp/annotation_chr_s/single_genome_EDTA/100075/100075.Chr_scaffolds.fa.mod.EDTA.anno/100075.Chr_scaffolds.fa.mod.EDTA.RM.out
    output: /tmp/global2/ssushko/TE_evolution/1001Gp_TE_ANNOT/panTEome_v3_1001Gp/annotation_chr_s/single_genome_EDTA/100075/100075.Chr_scaffolds.fa.mod.EDTA.TElib.fa.keep.list, /tmp/global2/ssushko/TE_evolution/1001Gp_TE_ANNOT/panTEome_v3_1001Gp/annotation_chr_s/single_genome_EDTA/100075/100075.Chr_scaffolds.fa.mod.EDTA.TElib.mincopyfiltered.fa
    log: logs/100075_extr_minnflcop.log
    jobid: 179
    reason: Missing output files: /tmp/global2/ssushko/TE_evolution/1001Gp_TE_ANNOT/panTEome_v3_1001Gp/annotation_chr_s/single_genome_EDTA/100075/100075.Chr_scaffolds.fa.mod.EDTA.TElib.mincopyfiltered.fa
    wildcards: sample=100075
    resources: mem_mb=1000, mem_mib=954, disk_mb=1000, disk_mib=954, tmpdir=<TBD>


[Fri Sep  5 14:44:40 2025]
rule extract_min_n_fl_copies:
    input: /tmp/global2/ssushko/TE_evolution/1001Gp_TE_ANNOT/panTEome_v3_1001Gp/annotation_chr_s/single_genome_EDTA/100583/100583.Chr_scaffolds.fa.mod.EDTA.TEanno.sgannot.gff3, /tmp/global2/ssushko/TE_evolution/1001Gp_TE_ANNOT/panTEome_v3_1001Gp/annotation_chr_s/single_genome_EDTA/100583/100583.Chr_scaffolds.fa.mod.EDTA.anno/100583.Chr_scaffolds.fa.mod.EDTA.RM.out
    output: /tmp/global2/ssushko/TE_evolution/1001Gp_TE_ANNOT/panTEome_v3_1001Gp/annotation_chr_s/single_genome_EDTA/100583/100583.Chr_scaffolds.fa.mod.EDTA.TElib.fa.keep.list, /tmp/global2/ssushko/TE_evolution/1001Gp_TE_ANNOT/panTEome_v3_1001Gp/annotation_chr_s/single_genome_EDTA/100583/100583.Chr_scaffolds.fa.mod.EDTA.TElib.mincopyfiltered.fa
    log: logs/100583_extr_minnflcop.log
    jobid: 863
    reason: Missing output files: /tmp/global2/ssushko/TE_evolution/1001Gp_TE_ANNOT/panTEome_v3_1001Gp/annotation_chr_s/single_genome_EDTA/100583/100583.Chr_scaffolds.fa.mod.EDTA.TElib.mincopyfiltered.fa
    wildcards: sample=100583
    resources: mem_mb=1000, mem_mib=954, disk_mb=1000, disk_mib=954, tmpdir=<TBD>


[Fri Sep  5 14:44:40 2025]
rule extract_min_n_fl_copies:
    input: /tmp/global2/ssushko/TE_evolution/1001Gp_TE_ANNOT/panTEome_v3_1001Gp/annotation_chr_s/single_genome_EDTA/100788/100788.Chr_scaffolds.fa.mod.EDTA.TEanno.sgannot.gff3, /tmp/global2/ssushko/TE_evolution/1001Gp_TE_ANNOT/panTEome_v3_1001Gp/annotation_chr_s/single_genome_EDTA/100788/100788.Chr_scaffolds.fa.mod.EDTA.anno/100788.Chr_scaffolds.fa.mod.EDTA.RM.out
    output: /tmp/global2/ssushko/TE_evolution/1001Gp_TE_ANNOT/panTEome_v3_1001Gp/annotation_chr_s/single_genome_EDTA/100788/100788.Chr_scaffolds.fa.mod.EDTA.TElib.fa.keep.list, /tmp/global2/ssushko/TE_evolution/1001Gp_TE_ANNOT/panTEome_v3_1001Gp/annotation_chr_s/single_genome_EDTA/100788/100788.Chr_scaffolds.fa.mod.EDTA.TElib.mincopyfiltered.fa
    log: logs/100788_extr_minnflcop.log
    jobid: 1423
    reason: Missing output files: /tmp/global2/ssushko/TE_evolution/1001Gp_TE_ANNOT/panTEome_v3_1001Gp/annotation_chr_s/single_genome_EDTA/100788/100788.Chr_scaffolds.fa.mod.EDTA.TElib.mincopyfiltered.fa
    wildcards: sample=100788
    resources: mem_mb=1000, mem_mib=954, disk_mb=1000, disk_mib=954, tmpdir=<TBD>


[Fri Sep  5 14:44:40 2025]
rule extract_min_n_fl_copies:
    input: /tmp/global2/ssushko/TE_evolution/1001Gp_TE_ANNOT/panTEome_v3_1001Gp/annotation_chr_s/single_genome_EDTA/100289/100289.Chr_scaffolds.fa.mod.EDTA.TEanno.sgannot.gff3, /tmp/global2/ssushko/TE_evolution/1001Gp_TE_ANNOT/panTEome_v3_1001Gp/annotation_chr_s/single_genome_EDTA/100289/100289.Chr_scaffolds.fa.mod.EDTA.anno/100289.Chr_scaffolds.fa.mod.EDTA.RM.out
    output: /tmp/global2/ssushko/TE_evolution/1001Gp_TE_ANNOT/panTEome_v3_1001Gp/annotation_chr_s/single_genome_EDTA/100289/100289.Chr_scaffolds.fa.mod.EDTA.TElib.fa.keep.list, /tmp/global2/ssushko/TE_evolution/1001Gp_TE_ANNOT/panTEome_v3_1001Gp/annotation_chr_s/single_genome_EDTA/100289/100289.Chr_scaffolds.fa.mod.EDTA.TElib.mincopyfiltered.fa
    log: logs/100289_extr_minnflcop.log
    jobid: 599
    reason: Missing output files: /tmp/global2/ssushko/TE_evolution/1001Gp_TE_ANNOT/panTEome_v3_1001Gp/annotation_chr_s/single_genome_EDTA/100289/100289.Chr_scaffolds.fa.mod.EDTA.TElib.mincopyfiltered.fa
    wildcards: sample=100289
    resources: mem_mb=1000, mem_mib=954, disk_mb=1000, disk_mib=954, tmpdir=<TBD>


[Fri Sep  5 14:44:40 2025]
rule extract_min_n_fl_copies:
    input: /tmp/global2/ssushko/TE_evolution/1001Gp_TE_ANNOT/panTEome_v3_1001Gp/annotation_chr_s/single_genome_EDTA/100742/100742.Chr_scaffolds.fa.mod.EDTA.TEanno.sgannot.gff3, /tmp/global2/ssushko/TE_evolution/1001Gp_TE_ANNOT/panTEome_v3_1001Gp/annotation_chr_s/single_genome_EDTA/100742/100742.Chr_scaffolds.fa.mod.EDTA.anno/100742.Chr_scaffolds.fa.mod.EDTA.RM.out
    output: /tmp/global2/ssushko/TE_evolution/1001Gp_TE_ANNOT/panTEome_v3_1001Gp/annotation_chr_s/single_genome_EDTA/100742/100742.Chr_scaffolds.fa.mod.EDTA.TElib.fa.keep.list, /tmp/global2/ssushko/TE_evolution/1001Gp_TE_ANNOT/panTEome_v3_1001Gp/annotation_chr_s/single_genome_EDTA/100742/100742.Chr_scaffolds.fa.mod.EDTA.TElib.mincopyfiltered.fa
    log: logs/100742_extr_minnflcop.log
    jobid: 1243
    reason: Missing output files: /tmp/global2/ssushko/TE_evolution/1001Gp_TE_ANNOT/panTEome_v3_1001Gp/annotation_chr_s/single_genome_EDTA/100742/100742.Chr_scaffolds.fa.mod.EDTA.TElib.mincopyfiltered.fa
    wildcards: sample=100742
    resources: mem_mb=1000, mem_mib=954, disk_mb=1000, disk_mib=954, tmpdir=<TBD>


[Fri Sep  5 14:44:40 2025]
rule extract_min_n_fl_copies:
    input: /tmp/global2/ssushko/TE_evolution/1001Gp_TE_ANNOT/panTEome_v3_1001Gp/annotation_chr_s/single_genome_EDTA/100904/100904.Chr_scaffolds.fa.mod.EDTA.TEanno.sgannot.gff3, /tmp/global2/ssushko/TE_evolution/1001Gp_TE_ANNOT/panTEome_v3_1001Gp/annotation_chr_s/single_genome_EDTA/100904/100904.Chr_scaffolds.fa.mod.EDTA.anno/100904.Chr_scaffolds.fa.mod.EDTA.RM.out
    output: /tmp/global2/ssushko/TE_evolution/1001Gp_TE_ANNOT/panTEome_v3_1001Gp/annotation_chr_s/single_genome_EDTA/100904/100904.Chr_scaffolds.fa.mod.EDTA.TElib.fa.keep.list, /tmp/global2/ssushko/TE_evolution/1001Gp_TE_ANNOT/panTEome_v3_1001Gp/annotation_chr_s/single_genome_EDTA/100904/100904.Chr_scaffolds.fa.mod.EDTA.TElib.mincopyfiltered.fa
    log: logs/100904_extr_minnflcop.log
    jobid: 1887
    reason: Missing output files: /tmp/global2/ssushko/TE_evolution/1001Gp_TE_ANNOT/panTEome_v3_1001Gp/annotation_chr_s/single_genome_EDTA/100904/100904.Chr_scaffolds.fa.mod.EDTA.TElib.mincopyfiltered.fa
    wildcards: sample=100904
    resources: mem_mb=1000, mem_mib=954, disk_mb=1000, disk_mib=954, tmpdir=<TBD>


[Fri Sep  5 14:44:40 2025]
rule extract_min_n_fl_copies:
    input: /tmp/global2/ssushko/TE_evolution/1001Gp_TE_ANNOT/panTEome_v3_1001Gp/annotation_chr_s/single_genome_EDTA/100115/100115.Chr_scaffolds.fa.mod.EDTA.TEanno.sgannot.gff3, /tmp/global2/ssushko/TE_evolution/1001Gp_TE_ANNOT/panTEome_v3_1001Gp/annotation_chr_s/single_genome_EDTA/100115/100115.Chr_scaffolds.fa.mod.EDTA.anno/100115.Chr_scaffolds.fa.mod.EDTA.RM.out
    output: /tmp/global2/ssushko/TE_evolution/1001Gp_TE_ANNOT/panTEome_v3_1001Gp/annotation_chr_s/single_genome_EDTA/100115/100115.Chr_scaffolds.fa.mod.EDTA.TElib.fa.keep.list, /tmp/global2/ssushko/TE_evolution/1001Gp_TE_ANNOT/panTEome_v3_1001Gp/annotation_chr_s/single_genome_EDTA/100115/100115.Chr_scaffolds.fa.mod.EDTA.TElib.mincopyfiltered.fa
    log: logs/100115_extr_minnflcop.log
    jobid: 335
    reason: Missing output files: /tmp/global2/ssushko/TE_evolution/1001Gp_TE_ANNOT/panTEome_v3_1001Gp/annotation_chr_s/single_genome_EDTA/100115/100115.Chr_scaffolds.fa.mod.EDTA.TElib.mincopyfiltered.fa
    wildcards: sample=100115
    resources: mem_mb=1000, mem_mib=954, disk_mb=1000, disk_mib=954, tmpdir=<TBD>


[Fri Sep  5 14:44:40 2025]
rule extract_min_n_fl_copies:
    input: /tmp/global2/ssushko/TE_evolution/1001Gp_TE_ANNOT/panTEome_v3_1001Gp/annotation_chr_s/single_genome_EDTA/100665/100665.Chr_scaffolds.fa.mod.EDTA.TEanno.sgannot.gff3, /tmp/global2/ssushko/TE_evolution/1001Gp_TE_ANNOT/panTEome_v3_1001Gp/annotation_chr_s/single_genome_EDTA/100665/100665.Chr_scaffolds.fa.mod.EDTA.anno/100665.Chr_scaffolds.fa.mod.EDTA.RM.out
    output: /tmp/global2/ssushko/TE_evolution/1001Gp_TE_ANNOT/panTEome_v3_1001Gp/annotation_chr_s/single_genome_EDTA/100665/100665.Chr_scaffolds.fa.mod.EDTA.TElib.fa.keep.list, /tmp/global2/ssushko/TE_evolution/1001Gp_TE_ANNOT/panTEome_v3_1001Gp/annotation_chr_s/single_genome_EDTA/100665/100665.Chr_scaffolds.fa.mod.EDTA.TElib.mincopyfiltered.fa
    log: logs/100665_extr_minnflcop.log
    jobid: 935
    reason: Missing output files: /tmp/global2/ssushko/TE_evolution/1001Gp_TE_ANNOT/panTEome_v3_1001Gp/annotation_chr_s/single_genome_EDTA/100665/100665.Chr_scaffolds.fa.mod.EDTA.TElib.mincopyfiltered.fa
    wildcards: sample=100665
    resources: mem_mb=1000, mem_mib=954, disk_mb=1000, disk_mib=954, tmpdir=<TBD>


[Fri Sep  5 14:44:40 2025]
rule extract_min_n_fl_copies:
    input: /tmp/global2/ssushko/TE_evolution/1001Gp_TE_ANNOT/panTEome_v3_1001Gp/annotation_chr_s/single_genome_EDTA/100827/100827.Chr_scaffolds.fa.mod.EDTA.TEanno.sgannot.gff3, /tmp/global2/ssushko/TE_evolution/1001Gp_TE_ANNOT/panTEome_v3_1001Gp/annotation_chr_s/single_genome_EDTA/100827/100827.Chr_scaffolds.fa.mod.EDTA.anno/100827.Chr_scaffolds.fa.mod.EDTA.RM.out
    output: /tmp/global2/ssushko/TE_evolution/1001Gp_TE_ANNOT/panTEome_v3_1001Gp/annotation_chr_s/single_genome_EDTA/100827/100827.Chr_scaffolds.fa.mod.EDTA.TElib.fa.keep.list, /tmp/global2/ssushko/TE_evolution/1001Gp_TE_ANNOT/panTEome_v3_1001Gp/annotation_chr_s/single_genome_EDTA/100827/100827.Chr_scaffolds.fa.mod.EDTA.TElib.mincopyfiltered.fa
    log: logs/100827_extr_minnflcop.log
    jobid: 1579
    reason: Missing output files: /tmp/global2/ssushko/TE_evolution/1001Gp_TE_ANNOT/panTEome_v3_1001Gp/annotation_chr_s/single_genome_EDTA/100827/100827.Chr_scaffolds.fa.mod.EDTA.TElib.mincopyfiltered.fa
    wildcards: sample=100827
    resources: mem_mb=1000, mem_mib=954, disk_mb=1000, disk_mib=954, tmpdir=<TBD>


[Fri Sep  5 14:44:40 2025]
rule extract_min_n_fl_copies:
    input: /tmp/global2/ssushko/TE_evolution/1001Gp_TE_ANNOT/panTEome_v3_1001Gp/annotation_chr_s/single_genome_EDTA/100967/100967.Chr_scaffolds.fa.mod.EDTA.TEanno.sgannot.gff3, /tmp/global2/ssushko/TE_evolution/1001Gp_TE_ANNOT/panTEome_v3_1001Gp/annotation_chr_s/single_genome_EDTA/100967/100967.Chr_scaffolds.fa.mod.EDTA.anno/100967.Chr_scaffolds.fa.mod.EDTA.RM.out
    output: /tmp/global2/ssushko/TE_evolution/1001Gp_TE_ANNOT/panTEome_v3_1001Gp/annotation_chr_s/single_genome_EDTA/100967/100967.Chr_scaffolds.fa.mod.EDTA.TElib.fa.keep.list, /tmp/global2/ssushko/TE_evolution/1001Gp_TE_ANNOT/panTEome_v3_1001Gp/annotation_chr_s/single_genome_EDTA/100967/100967.Chr_scaffolds.fa.mod.EDTA.TElib.mincopyfiltered.fa
    log: logs/100967_extr_minnflcop.log
    jobid: 2139
    reason: Missing output files: /tmp/global2/ssushko/TE_evolution/1001Gp_TE_ANNOT/panTEome_v3_1001Gp/annotation_chr_s/single_genome_EDTA/100967/100967.Chr_scaffolds.fa.mod.EDTA.TElib.mincopyfiltered.fa
    wildcards: sample=100967
    resources: mem_mb=1000, mem_mib=954, disk_mb=1000, disk_mib=954, tmpdir=<TBD>


[Fri Sep  5 14:44:40 2025]
rule extract_min_n_fl_copies:
    input: /tmp/global2/ssushko/TE_evolution/1001Gp_TE_ANNOT/panTEome_v3_1001Gp/annotation_chr_s/single_genome_EDTA/100946/100946.Chr_scaffolds.fa.mod.EDTA.TEanno.sgannot.gff3, /tmp/global2/ssushko/TE_evolution/1001Gp_TE_ANNOT/panTEome_v3_1001Gp/annotation_chr_s/single_genome_EDTA/100946/100946.Chr_scaffolds.fa.mod.EDTA.anno/100946.Chr_scaffolds.fa.mod.EDTA.RM.out
    output: /tmp/global2/ssushko/TE_evolution/1001Gp_TE_ANNOT/panTEome_v3_1001Gp/annotation_chr_s/single_genome_EDTA/100946/100946.Chr_scaffolds.fa.mod.EDTA.TElib.fa.keep.list, /tmp/global2/ssushko/TE_evolution/1001Gp_TE_ANNOT/panTEome_v3_1001Gp/annotation_chr_s/single_genome_EDTA/100946/100946.Chr_scaffolds.fa.mod.EDTA.TElib.mincopyfiltered.fa
    log: logs/100946_extr_minnflcop.log
    jobid: 2055
    reason: Missing output files: /tmp/global2/ssushko/TE_evolution/1001Gp_TE_ANNOT/panTEome_v3_1001Gp/annotation_chr_s/single_genome_EDTA/100946/100946.Chr_scaffolds.fa.mod.EDTA.TElib.mincopyfiltered.fa
    wildcards: sample=100946
    resources: mem_mb=1000, mem_mib=954, disk_mb=1000, disk_mib=954, tmpdir=<TBD>


[Fri Sep  5 14:44:40 2025]
rule extract_min_n_fl_copies:
    input: /tmp/global2/ssushko/TE_evolution/1001Gp_TE_ANNOT/panTEome_v3_1001Gp/annotation_chr_s/single_genome_EDTA/100065/100065.Chr_scaffolds.fa.mod.EDTA.TEanno.sgannot.gff3, /tmp/global2/ssushko/TE_evolution/1001Gp_TE_ANNOT/panTEome_v3_1001Gp/annotation_chr_s/single_genome_EDTA/100065/100065.Chr_scaffolds.fa.mod.EDTA.anno/100065.Chr_scaffolds.fa.mod.EDTA.RM.out
    output: /tmp/global2/ssushko/TE_evolution/1001Gp_TE_ANNOT/panTEome_v3_1001Gp/annotation_chr_s/single_genome_EDTA/100065/100065.Chr_scaffolds.fa.mod.EDTA.TElib.fa.keep.list, /tmp/global2/ssushko/TE_evolution/1001Gp_TE_ANNOT/panTEome_v3_1001Gp/annotation_chr_s/single_genome_EDTA/100065/100065.Chr_scaffolds.fa.mod.EDTA.TElib.mincopyfiltered.fa
    log: logs/100065_extr_minnflcop.log
    jobid: 139
    reason: Missing output files: /tmp/global2/ssushko/TE_evolution/1001Gp_TE_ANNOT/panTEome_v3_1001Gp/annotation_chr_s/single_genome_EDTA/100065/100065.Chr_scaffolds.fa.mod.EDTA.TElib.mincopyfiltered.fa
    wildcards: sample=100065
    resources: mem_mb=1000, mem_mib=954, disk_mb=1000, disk_mib=954, tmpdir=<TBD>


[Fri Sep  5 14:44:40 2025]
rule extract_min_n_fl_copies:
    input: /tmp/global2/ssushko/TE_evolution/1001Gp_TE_ANNOT/panTEome_v3_1001Gp/annotation_chr_s/single_genome_EDTA/100107/100107.Chr_scaffolds.fa.mod.EDTA.TEanno.sgannot.gff3, /tmp/global2/ssushko/TE_evolution/1001Gp_TE_ANNOT/panTEome_v3_1001Gp/annotation_chr_s/single_genome_EDTA/100107/100107.Chr_scaffolds.fa.mod.EDTA.anno/100107.Chr_scaffolds.fa.mod.EDTA.RM.out
    output: /tmp/global2/ssushko/TE_evolution/1001Gp_TE_ANNOT/panTEome_v3_1001Gp/annotation_chr_s/single_genome_EDTA/100107/100107.Chr_scaffolds.fa.mod.EDTA.TElib.fa.keep.list, /tmp/global2/ssushko/TE_evolution/1001Gp_TE_ANNOT/panTEome_v3_1001Gp/annotation_chr_s/single_genome_EDTA/100107/100107.Chr_scaffolds.fa.mod.EDTA.TElib.mincopyfiltered.fa
    log: logs/100107_extr_minnflcop.log
    jobid: 307
    reason: Missing output files: /tmp/global2/ssushko/TE_evolution/1001Gp_TE_ANNOT/panTEome_v3_1001Gp/annotation_chr_s/single_genome_EDTA/100107/100107.Chr_scaffolds.fa.mod.EDTA.TElib.mincopyfiltered.fa
    wildcards: sample=100107
    resources: mem_mb=1000, mem_mib=954, disk_mb=1000, disk_mib=954, tmpdir=<TBD>


[Fri Sep  5 14:44:40 2025]
rule extract_min_n_fl_copies:
    input: /tmp/global2/ssushko/TE_evolution/1001Gp_TE_ANNOT/panTEome_v3_1001Gp/annotation_chr_s/single_genome_EDTA/101009/101009.Chr_scaffolds.fa.mod.EDTA.TEanno.sgannot.gff3, /tmp/global2/ssushko/TE_evolution/1001Gp_TE_ANNOT/panTEome_v3_1001Gp/annotation_chr_s/single_genome_EDTA/101009/101009.Chr_scaffolds.fa.mod.EDTA.anno/101009.Chr_scaffolds.fa.mod.EDTA.RM.out
    output: /tmp/global2/ssushko/TE_evolution/1001Gp_TE_ANNOT/panTEome_v3_1001Gp/annotation_chr_s/single_genome_EDTA/101009/101009.Chr_scaffolds.fa.mod.EDTA.TElib.fa.keep.list, /tmp/global2/ssushko/TE_evolution/1001Gp_TE_ANNOT/panTEome_v3_1001Gp/annotation_chr_s/single_genome_EDTA/101009/101009.Chr_scaffolds.fa.mod.EDTA.TElib.mincopyfiltered.fa
    log: logs/101009_extr_minnflcop.log
    jobid: 2307
    reason: Missing output files: /tmp/global2/ssushko/TE_evolution/1001Gp_TE_ANNOT/panTEome_v3_1001Gp/annotation_chr_s/single_genome_EDTA/101009/101009.Chr_scaffolds.fa.mod.EDTA.TElib.mincopyfiltered.fa
    wildcards: sample=101009
    resources: mem_mb=1000, mem_mib=954, disk_mb=1000, disk_mib=954, tmpdir=<TBD>


[Fri Sep  5 14:44:40 2025]
rule extract_min_n_fl_copies:
    input: /tmp/global2/ssushko/TE_evolution/1001Gp_TE_ANNOT/panTEome_v3_1001Gp/annotation_chr_s/single_genome_EDTA/100312/100312.Chr_scaffolds.fa.mod.EDTA.TEanno.sgannot.gff3, /tmp/global2/ssushko/TE_evolution/1001Gp_TE_ANNOT/panTEome_v3_1001Gp/annotation_chr_s/single_genome_EDTA/100312/100312.Chr_scaffolds.fa.mod.EDTA.anno/100312.Chr_scaffolds.fa.mod.EDTA.RM.out
    output: /tmp/global2/ssushko/TE_evolution/1001Gp_TE_ANNOT/panTEome_v3_1001Gp/annotation_chr_s/single_genome_EDTA/100312/100312.Chr_scaffolds.fa.mod.EDTA.TElib.fa.keep.list, /tmp/global2/ssushko/TE_evolution/1001Gp_TE_ANNOT/panTEome_v3_1001Gp/annotation_chr_s/single_genome_EDTA/100312/100312.Chr_scaffolds.fa.mod.EDTA.TElib.mincopyfiltered.fa
    log: logs/100312_extr_minnflcop.log
    jobid: 671
    reason: Missing output files: /tmp/global2/ssushko/TE_evolution/1001Gp_TE_ANNOT/panTEome_v3_1001Gp/annotation_chr_s/single_genome_EDTA/100312/100312.Chr_scaffolds.fa.mod.EDTA.TElib.mincopyfiltered.fa
    wildcards: sample=100312
    resources: mem_mb=1000, mem_mib=954, disk_mb=1000, disk_mib=954, tmpdir=<TBD>


[Fri Sep  5 14:44:40 2025]
rule extract_min_n_fl_copies:
    input: /tmp/global2/ssushko/TE_evolution/1001Gp_TE_ANNOT/panTEome_v3_1001Gp/annotation_chr_s/single_genome_EDTA/100725/100725.Chr_scaffolds.fa.mod.EDTA.TEanno.sgannot.gff3, /tmp/global2/ssushko/TE_evolution/1001Gp_TE_ANNOT/panTEome_v3_1001Gp/annotation_chr_s/single_genome_EDTA/100725/100725.Chr_scaffolds.fa.mod.EDTA.anno/100725.Chr_scaffolds.fa.mod.EDTA.RM.out
    output: /tmp/global2/ssushko/TE_evolution/1001Gp_TE_ANNOT/panTEome_v3_1001Gp/annotation_chr_s/single_genome_EDTA/100725/100725.Chr_scaffolds.fa.mod.EDTA.TElib.fa.keep.list, /tmp/global2/ssushko/TE_evolution/1001Gp_TE_ANNOT/panTEome_v3_1001Gp/annotation_chr_s/single_genome_EDTA/100725/100725.Chr_scaffolds.fa.mod.EDTA.TElib.mincopyfiltered.fa
    log: logs/100725_extr_minnflcop.log
    jobid: 1175
    reason: Missing output files: /tmp/global2/ssushko/TE_evolution/1001Gp_TE_ANNOT/panTEome_v3_1001Gp/annotation_chr_s/single_genome_EDTA/100725/100725.Chr_scaffolds.fa.mod.EDTA.TElib.mincopyfiltered.fa
    wildcards: sample=100725
    resources: mem_mb=1000, mem_mib=954, disk_mb=1000, disk_mib=954, tmpdir=<TBD>


[Fri Sep  5 14:44:40 2025]
rule extract_min_n_fl_copies:
    input: /tmp/global2/ssushko/TE_evolution/1001Gp_TE_ANNOT/panTEome_v3_1001Gp/annotation_chr_s/single_genome_EDTA/100929/100929.Chr_scaffolds.fa.mod.EDTA.TEanno.sgannot.gff3, /tmp/global2/ssushko/TE_evolution/1001Gp_TE_ANNOT/panTEome_v3_1001Gp/annotation_chr_s/single_genome_EDTA/100929/100929.Chr_scaffolds.fa.mod.EDTA.anno/100929.Chr_scaffolds.fa.mod.EDTA.RM.out
    output: /tmp/global2/ssushko/TE_evolution/1001Gp_TE_ANNOT/panTEome_v3_1001Gp/annotation_chr_s/single_genome_EDTA/100929/100929.Chr_scaffolds.fa.mod.EDTA.TElib.fa.keep.list, /tmp/global2/ssushko/TE_evolution/1001Gp_TE_ANNOT/panTEome_v3_1001Gp/annotation_chr_s/single_genome_EDTA/100929/100929.Chr_scaffolds.fa.mod.EDTA.TElib.mincopyfiltered.fa
    log: logs/100929_extr_minnflcop.log
    jobid: 1987
    reason: Missing output files: /tmp/global2/ssushko/TE_evolution/1001Gp_TE_ANNOT/panTEome_v3_1001Gp/annotation_chr_s/single_genome_EDTA/100929/100929.Chr_scaffolds.fa.mod.EDTA.TElib.mincopyfiltered.fa
    wildcards: sample=100929
    resources: mem_mb=1000, mem_mib=954, disk_mb=1000, disk_mib=954, tmpdir=<TBD>


[Fri Sep  5 14:44:40 2025]
rule extract_min_n_fl_copies:
    input: /tmp/global2/ssushko/TE_evolution/1001Gp_TE_ANNOT/panTEome_v3_1001Gp/annotation_chr_s/single_genome_EDTA/100588/100588.Chr_scaffolds.fa.mod.EDTA.TEanno.sgannot.gff3, /tmp/global2/ssushko/TE_evolution/1001Gp_TE_ANNOT/panTEome_v3_1001Gp/annotation_chr_s/single_genome_EDTA/100588/100588.Chr_scaffolds.fa.mod.EDTA.anno/100588.Chr_scaffolds.fa.mod.EDTA.RM.out
    output: /tmp/global2/ssushko/TE_evolution/1001Gp_TE_ANNOT/panTEome_v3_1001Gp/annotation_chr_s/single_genome_EDTA/100588/100588.Chr_scaffolds.fa.mod.EDTA.TElib.fa.keep.list, /tmp/global2/ssushko/TE_evolution/1001Gp_TE_ANNOT/panTEome_v3_1001Gp/annotation_chr_s/single_genome_EDTA/100588/100588.Chr_scaffolds.fa.mod.EDTA.TElib.mincopyfiltered.fa
    log: logs/100588_extr_minnflcop.log
    jobid: 867
    reason: Missing output files: /tmp/global2/ssushko/TE_evolution/1001Gp_TE_ANNOT/panTEome_v3_1001Gp/annotation_chr_s/single_genome_EDTA/100588/100588.Chr_scaffolds.fa.mod.EDTA.TElib.mincopyfiltered.fa
    wildcards: sample=100588
    resources: mem_mb=1000, mem_mib=954, disk_mb=1000, disk_mib=954, tmpdir=<TBD>


[Fri Sep  5 14:44:40 2025]
rule extract_min_n_fl_copies:
    input: /tmp/global2/ssushko/TE_evolution/1001Gp_TE_ANNOT/panTEome_v3_1001Gp/annotation_chr_s/single_genome_EDTA/100055/100055.Chr_scaffolds.fa.mod.EDTA.TEanno.sgannot.gff3, /tmp/global2/ssushko/TE_evolution/1001Gp_TE_ANNOT/panTEome_v3_1001Gp/annotation_chr_s/single_genome_EDTA/100055/100055.Chr_scaffolds.fa.mod.EDTA.anno/100055.Chr_scaffolds.fa.mod.EDTA.RM.out
    output: /tmp/global2/ssushko/TE_evolution/1001Gp_TE_ANNOT/panTEome_v3_1001Gp/annotation_chr_s/single_genome_EDTA/100055/100055.Chr_scaffolds.fa.mod.EDTA.TElib.fa.keep.list, /tmp/global2/ssushko/TE_evolution/1001Gp_TE_ANNOT/panTEome_v3_1001Gp/annotation_chr_s/single_genome_EDTA/100055/100055.Chr_scaffolds.fa.mod.EDTA.TElib.mincopyfiltered.fa
    log: logs/100055_extr_minnflcop.log
    jobid: 99
    reason: Missing output files: /tmp/global2/ssushko/TE_evolution/1001Gp_TE_ANNOT/panTEome_v3_1001Gp/annotation_chr_s/single_genome_EDTA/100055/100055.Chr_scaffolds.fa.mod.EDTA.TElib.mincopyfiltered.fa
    wildcards: sample=100055
    resources: mem_mb=1000, mem_mib=954, disk_mb=1000, disk_mib=954, tmpdir=<TBD>


[Fri Sep  5 14:44:40 2025]
rule extract_min_n_fl_copies:
    input: /tmp/global2/ssushko/TE_evolution/1001Gp_TE_ANNOT/panTEome_v3_1001Gp/annotation_chr_s/single_genome_EDTA/100076/100076.Chr_scaffolds.fa.mod.EDTA.TEanno.sgannot.gff3, /tmp/global2/ssushko/TE_evolution/1001Gp_TE_ANNOT/panTEome_v3_1001Gp/annotation_chr_s/single_genome_EDTA/100076/100076.Chr_scaffolds.fa.mod.EDTA.anno/100076.Chr_scaffolds.fa.mod.EDTA.RM.out
    output: /tmp/global2/ssushko/TE_evolution/1001Gp_TE_ANNOT/panTEome_v3_1001Gp/annotation_chr_s/single_genome_EDTA/100076/100076.Chr_scaffolds.fa.mod.EDTA.TElib.fa.keep.list, /tmp/global2/ssushko/TE_evolution/1001Gp_TE_ANNOT/panTEome_v3_1001Gp/annotation_chr_s/single_genome_EDTA/100076/100076.Chr_scaffolds.fa.mod.EDTA.TElib.mincopyfiltered.fa
    log: logs/100076_extr_minnflcop.log
    jobid: 183
    reason: Missing output files: /tmp/global2/ssushko/TE_evolution/1001Gp_TE_ANNOT/panTEome_v3_1001Gp/annotation_chr_s/single_genome_EDTA/100076/100076.Chr_scaffolds.fa.mod.EDTA.TElib.mincopyfiltered.fa
    wildcards: sample=100076
    resources: mem_mb=1000, mem_mib=954, disk_mb=1000, disk_mib=954, tmpdir=<TBD>


[Fri Sep  5 14:44:40 2025]
rule extract_min_n_fl_copies:
    input: /tmp/global2/ssushko/TE_evolution/1001Gp_TE_ANNOT/panTEome_v3_1001Gp/annotation_chr_s/single_genome_EDTA/100789/100789.Chr_scaffolds.fa.mod.EDTA.TEanno.sgannot.gff3, /tmp/global2/ssushko/TE_evolution/1001Gp_TE_ANNOT/panTEome_v3_1001Gp/annotation_chr_s/single_genome_EDTA/100789/100789.Chr_scaffolds.fa.mod.EDTA.anno/100789.Chr_scaffolds.fa.mod.EDTA.RM.out
    output: /tmp/global2/ssushko/TE_evolution/1001Gp_TE_ANNOT/panTEome_v3_1001Gp/annotation_chr_s/single_genome_EDTA/100789/100789.Chr_scaffolds.fa.mod.EDTA.TElib.fa.keep.list, /tmp/global2/ssushko/TE_evolution/1001Gp_TE_ANNOT/panTEome_v3_1001Gp/annotation_chr_s/single_genome_EDTA/100789/100789.Chr_scaffolds.fa.mod.EDTA.TElib.mincopyfiltered.fa
    log: logs/100789_extr_minnflcop.log
    jobid: 1427
    reason: Missing output files: /tmp/global2/ssushko/TE_evolution/1001Gp_TE_ANNOT/panTEome_v3_1001Gp/annotation_chr_s/single_genome_EDTA/100789/100789.Chr_scaffolds.fa.mod.EDTA.TElib.mincopyfiltered.fa
    wildcards: sample=100789
    resources: mem_mb=1000, mem_mib=954, disk_mb=1000, disk_mib=954, tmpdir=<TBD>


[Fri Sep  5 14:44:40 2025]
rule extract_min_n_fl_copies:
    input: /tmp/global2/ssushko/TE_evolution/1001Gp_TE_ANNOT/panTEome_v3_1001Gp/annotation_chr_s/single_genome_EDTA/100852/100852.Chr_scaffolds.fa.mod.EDTA.TEanno.sgannot.gff3, /tmp/global2/ssushko/TE_evolution/1001Gp_TE_ANNOT/panTEome_v3_1001Gp/annotation_chr_s/single_genome_EDTA/100852/100852.Chr_scaffolds.fa.mod.EDTA.anno/100852.Chr_scaffolds.fa.mod.EDTA.RM.out
    output: /tmp/global2/ssushko/TE_evolution/1001Gp_TE_ANNOT/panTEome_v3_1001Gp/annotation_chr_s/single_genome_EDTA/100852/100852.Chr_scaffolds.fa.mod.EDTA.TElib.fa.keep.list, /tmp/global2/ssushko/TE_evolution/1001Gp_TE_ANNOT/panTEome_v3_1001Gp/annotation_chr_s/single_genome_EDTA/100852/100852.Chr_scaffolds.fa.mod.EDTA.TElib.mincopyfiltered.fa
    log: logs/100852_extr_minnflcop.log
    jobid: 1679
    reason: Missing output files: /tmp/global2/ssushko/TE_evolution/1001Gp_TE_ANNOT/panTEome_v3_1001Gp/annotation_chr_s/single_genome_EDTA/100852/100852.Chr_scaffolds.fa.mod.EDTA.TElib.mincopyfiltered.fa
    wildcards: sample=100852
    resources: mem_mb=1000, mem_mib=954, disk_mb=1000, disk_mib=954, tmpdir=<TBD>


[Fri Sep  5 14:44:40 2025]
rule extract_min_n_fl_copies:
    input: /tmp/global2/ssushko/TE_evolution/1001Gp_TE_ANNOT/panTEome_v3_1001Gp/annotation_chr_s/single_genome_EDTA/100894/100894.Chr_scaffolds.fa.mod.EDTA.TEanno.sgannot.gff3, /tmp/global2/ssushko/TE_evolution/1001Gp_TE_ANNOT/panTEome_v3_1001Gp/annotation_chr_s/single_genome_EDTA/100894/100894.Chr_scaffolds.fa.mod.EDTA.anno/100894.Chr_scaffolds.fa.mod.EDTA.RM.out
    output: /tmp/global2/ssushko/TE_evolution/1001Gp_TE_ANNOT/panTEome_v3_1001Gp/annotation_chr_s/single_genome_EDTA/100894/100894.Chr_scaffolds.fa.mod.EDTA.TElib.fa.keep.list, /tmp/global2/ssushko/TE_evolution/1001Gp_TE_ANNOT/panTEome_v3_1001Gp/annotation_chr_s/single_genome_EDTA/100894/100894.Chr_scaffolds.fa.mod.EDTA.TElib.mincopyfiltered.fa
    log: logs/100894_extr_minnflcop.log
    jobid: 1847
    reason: Missing output files: /tmp/global2/ssushko/TE_evolution/1001Gp_TE_ANNOT/panTEome_v3_1001Gp/annotation_chr_s/single_genome_EDTA/100894/100894.Chr_scaffolds.fa.mod.EDTA.TElib.mincopyfiltered.fa
    wildcards: sample=100894
    resources: mem_mb=1000, mem_mib=954, disk_mb=1000, disk_mib=954, tmpdir=<TBD>


[Fri Sep  5 14:44:40 2025]
rule extract_min_n_fl_copies:
    input: /tmp/global2/ssushko/TE_evolution/1001Gp_TE_ANNOT/panTEome_v3_1001Gp/annotation_chr_s/single_genome_EDTA/100119/100119.Chr_scaffolds.fa.mod.EDTA.TEanno.sgannot.gff3, /tmp/global2/ssushko/TE_evolution/1001Gp_TE_ANNOT/panTEome_v3_1001Gp/annotation_chr_s/single_genome_EDTA/100119/100119.Chr_scaffolds.fa.mod.EDTA.anno/100119.Chr_scaffolds.fa.mod.EDTA.RM.out
    output: /tmp/global2/ssushko/TE_evolution/1001Gp_TE_ANNOT/panTEome_v3_1001Gp/annotation_chr_s/single_genome_EDTA/100119/100119.Chr_scaffolds.fa.mod.EDTA.TElib.fa.keep.list, /tmp/global2/ssushko/TE_evolution/1001Gp_TE_ANNOT/panTEome_v3_1001Gp/annotation_chr_s/single_genome_EDTA/100119/100119.Chr_scaffolds.fa.mod.EDTA.TElib.mincopyfiltered.fa
    log: logs/100119_extr_minnflcop.log
    jobid: 351
    reason: Missing output files: /tmp/global2/ssushko/TE_evolution/1001Gp_TE_ANNOT/panTEome_v3_1001Gp/annotation_chr_s/single_genome_EDTA/100119/100119.Chr_scaffolds.fa.mod.EDTA.TElib.mincopyfiltered.fa
    wildcards: sample=100119
    resources: mem_mb=1000, mem_mib=954, disk_mb=1000, disk_mib=954, tmpdir=<TBD>


[Fri Sep  5 14:44:40 2025]
rule extract_min_n_fl_copies:
    input: /tmp/global2/ssushko/TE_evolution/1001Gp_TE_ANNOT/panTEome_v3_1001Gp/annotation_chr_s/single_genome_EDTA/100831/100831.Chr_scaffolds.fa.mod.EDTA.TEanno.sgannot.gff3, /tmp/global2/ssushko/TE_evolution/1001Gp_TE_ANNOT/panTEome_v3_1001Gp/annotation_chr_s/single_genome_EDTA/100831/100831.Chr_scaffolds.fa.mod.EDTA.anno/100831.Chr_scaffolds.fa.mod.EDTA.RM.out
    output: /tmp/global2/ssushko/TE_evolution/1001Gp_TE_ANNOT/panTEome_v3_1001Gp/annotation_chr_s/single_genome_EDTA/100831/100831.Chr_scaffolds.fa.mod.EDTA.TElib.fa.keep.list, /tmp/global2/ssushko/TE_evolution/1001Gp_TE_ANNOT/panTEome_v3_1001Gp/annotation_chr_s/single_genome_EDTA/100831/100831.Chr_scaffolds.fa.mod.EDTA.TElib.mincopyfiltered.fa
    log: logs/100831_extr_minnflcop.log
    jobid: 1595
    reason: Missing output files: /tmp/global2/ssushko/TE_evolution/1001Gp_TE_ANNOT/panTEome_v3_1001Gp/annotation_chr_s/single_genome_EDTA/100831/100831.Chr_scaffolds.fa.mod.EDTA.TElib.mincopyfiltered.fa
    wildcards: sample=100831
    resources: mem_mb=1000, mem_mib=954, disk_mb=1000, disk_mib=954, tmpdir=<TBD>


[Fri Sep  5 14:44:40 2025]
rule extract_min_n_fl_copies:
    input: /tmp/global2/ssushko/TE_evolution/1001Gp_TE_ANNOT/panTEome_v3_1001Gp/annotation_chr_s/single_genome_EDTA/100291/100291.Chr_scaffolds.fa.mod.EDTA.TEanno.sgannot.gff3, /tmp/global2/ssushko/TE_evolution/1001Gp_TE_ANNOT/panTEome_v3_1001Gp/annotation_chr_s/single_genome_EDTA/100291/100291.Chr_scaffolds.fa.mod.EDTA.anno/100291.Chr_scaffolds.fa.mod.EDTA.RM.out
    output: /tmp/global2/ssushko/TE_evolution/1001Gp_TE_ANNOT/panTEome_v3_1001Gp/annotation_chr_s/single_genome_EDTA/100291/100291.Chr_scaffolds.fa.mod.EDTA.TElib.fa.keep.list, /tmp/global2/ssushko/TE_evolution/1001Gp_TE_ANNOT/panTEome_v3_1001Gp/annotation_chr_s/single_genome_EDTA/100291/100291.Chr_scaffolds.fa.mod.EDTA.TElib.mincopyfiltered.fa
    log: logs/100291_extr_minnflcop.log
    jobid: 603
    reason: Missing output files: /tmp/global2/ssushko/TE_evolution/1001Gp_TE_ANNOT/panTEome_v3_1001Gp/annotation_chr_s/single_genome_EDTA/100291/100291.Chr_scaffolds.fa.mod.EDTA.TElib.mincopyfiltered.fa
    wildcards: sample=100291
    resources: mem_mb=1000, mem_mib=954, disk_mb=1000, disk_mib=954, tmpdir=<TBD>


[Fri Sep  5 14:44:40 2025]
rule extract_min_n_fl_copies:
    input: /tmp/global2/ssushko/TE_evolution/1001Gp_TE_ANNOT/panTEome_v3_1001Gp/annotation_chr_s/single_genome_EDTA/100856/100856.Chr_scaffolds.fa.mod.EDTA.TEanno.sgannot.gff3, /tmp/global2/ssushko/TE_evolution/1001Gp_TE_ANNOT/panTEome_v3_1001Gp/annotation_chr_s/single_genome_EDTA/100856/100856.Chr_scaffolds.fa.mod.EDTA.anno/100856.Chr_scaffolds.fa.mod.EDTA.RM.out
    output: /tmp/global2/ssushko/TE_evolution/1001Gp_TE_ANNOT/panTEome_v3_1001Gp/annotation_chr_s/single_genome_EDTA/100856/100856.Chr_scaffolds.fa.mod.EDTA.TElib.fa.keep.list, /tmp/global2/ssushko/TE_evolution/1001Gp_TE_ANNOT/panTEome_v3_1001Gp/annotation_chr_s/single_genome_EDTA/100856/100856.Chr_scaffolds.fa.mod.EDTA.TElib.mincopyfiltered.fa
    log: logs/100856_extr_minnflcop.log
    jobid: 1695
    reason: Missing output files: /tmp/global2/ssushko/TE_evolution/1001Gp_TE_ANNOT/panTEome_v3_1001Gp/annotation_chr_s/single_genome_EDTA/100856/100856.Chr_scaffolds.fa.mod.EDTA.TElib.mincopyfiltered.fa
    wildcards: sample=100856
    resources: mem_mb=1000, mem_mib=954, disk_mb=1000, disk_mib=954, tmpdir=<TBD>


[Fri Sep  5 14:44:40 2025]
rule extract_min_n_fl_copies:
    input: /tmp/global2/ssushko/TE_evolution/1001Gp_TE_ANNOT/panTEome_v3_1001Gp/annotation_chr_s/single_genome_EDTA/101010/101010.Chr_scaffolds.fa.mod.EDTA.TEanno.sgannot.gff3, /tmp/global2/ssushko/TE_evolution/1001Gp_TE_ANNOT/panTEome_v3_1001Gp/annotation_chr_s/single_genome_EDTA/101010/101010.Chr_scaffolds.fa.mod.EDTA.anno/101010.Chr_scaffolds.fa.mod.EDTA.RM.out
    output: /tmp/global2/ssushko/TE_evolution/1001Gp_TE_ANNOT/panTEome_v3_1001Gp/annotation_chr_s/single_genome_EDTA/101010/101010.Chr_scaffolds.fa.mod.EDTA.TElib.fa.keep.list, /tmp/global2/ssushko/TE_evolution/1001Gp_TE_ANNOT/panTEome_v3_1001Gp/annotation_chr_s/single_genome_EDTA/101010/101010.Chr_scaffolds.fa.mod.EDTA.TElib.mincopyfiltered.fa
    log: logs/101010_extr_minnflcop.log
    jobid: 2311
    reason: Missing output files: /tmp/global2/ssushko/TE_evolution/1001Gp_TE_ANNOT/panTEome_v3_1001Gp/annotation_chr_s/single_genome_EDTA/101010/101010.Chr_scaffolds.fa.mod.EDTA.TElib.mincopyfiltered.fa
    wildcards: sample=101010
    resources: mem_mb=1000, mem_mib=954, disk_mb=1000, disk_mib=954, tmpdir=<TBD>


[Fri Sep  5 14:44:40 2025]
rule extract_min_n_fl_copies:
    input: /tmp/global2/ssushko/TE_evolution/1001Gp_TE_ANNOT/panTEome_v3_1001Gp/annotation_chr_s/single_genome_EDTA/100066/100066.Chr_scaffolds.fa.mod.EDTA.TEanno.sgannot.gff3, /tmp/global2/ssushko/TE_evolution/1001Gp_TE_ANNOT/panTEome_v3_1001Gp/annotation_chr_s/single_genome_EDTA/100066/100066.Chr_scaffolds.fa.mod.EDTA.anno/100066.Chr_scaffolds.fa.mod.EDTA.RM.out
    output: /tmp/global2/ssushko/TE_evolution/1001Gp_TE_ANNOT/panTEome_v3_1001Gp/annotation_chr_s/single_genome_EDTA/100066/100066.Chr_scaffolds.fa.mod.EDTA.TElib.fa.keep.list, /tmp/global2/ssushko/TE_evolution/1001Gp_TE_ANNOT/panTEome_v3_1001Gp/annotation_chr_s/single_genome_EDTA/100066/100066.Chr_scaffolds.fa.mod.EDTA.TElib.mincopyfiltered.fa
    log: logs/100066_extr_minnflcop.log
    jobid: 143
    reason: Missing output files: /tmp/global2/ssushko/TE_evolution/1001Gp_TE_ANNOT/panTEome_v3_1001Gp/annotation_chr_s/single_genome_EDTA/100066/100066.Chr_scaffolds.fa.mod.EDTA.TElib.mincopyfiltered.fa
    wildcards: sample=100066
    resources: mem_mb=1000, mem_mib=954, disk_mb=1000, disk_mib=954, tmpdir=<TBD>


[Fri Sep  5 14:44:40 2025]
rule extract_min_n_fl_copies:
    input: /tmp/global2/ssushko/TE_evolution/1001Gp_TE_ANNOT/panTEome_v3_1001Gp/annotation_chr_s/single_genome_EDTA/100108/100108.Chr_scaffolds.fa.mod.EDTA.TEanno.sgannot.gff3, /tmp/global2/ssushko/TE_evolution/1001Gp_TE_ANNOT/panTEome_v3_1001Gp/annotation_chr_s/single_genome_EDTA/100108/100108.Chr_scaffolds.fa.mod.EDTA.anno/100108.Chr_scaffolds.fa.mod.EDTA.RM.out
    output: /tmp/global2/ssushko/TE_evolution/1001Gp_TE_ANNOT/panTEome_v3_1001Gp/annotation_chr_s/single_genome_EDTA/100108/100108.Chr_scaffolds.fa.mod.EDTA.TElib.fa.keep.list, /tmp/global2/ssushko/TE_evolution/1001Gp_TE_ANNOT/panTEome_v3_1001Gp/annotation_chr_s/single_genome_EDTA/100108/100108.Chr_scaffolds.fa.mod.EDTA.TElib.mincopyfiltered.fa
    log: logs/100108_extr_minnflcop.log
    jobid: 311
    reason: Missing output files: /tmp/global2/ssushko/TE_evolution/1001Gp_TE_ANNOT/panTEome_v3_1001Gp/annotation_chr_s/single_genome_EDTA/100108/100108.Chr_scaffolds.fa.mod.EDTA.TElib.mincopyfiltered.fa
    wildcards: sample=100108
    resources: mem_mb=1000, mem_mib=954, disk_mb=1000, disk_mib=954, tmpdir=<TBD>


[Fri Sep  5 14:44:40 2025]
rule extract_min_n_fl_copies:
    input: /tmp/global2/ssushko/TE_evolution/1001Gp_TE_ANNOT/panTEome_v3_1001Gp/annotation_chr_s/single_genome_EDTA/100743/100743.Chr_scaffolds.fa.mod.EDTA.TEanno.sgannot.gff3, /tmp/global2/ssushko/TE_evolution/1001Gp_TE_ANNOT/panTEome_v3_1001Gp/annotation_chr_s/single_genome_EDTA/100743/100743.Chr_scaffolds.fa.mod.EDTA.anno/100743.Chr_scaffolds.fa.mod.EDTA.RM.out
    output: /tmp/global2/ssushko/TE_evolution/1001Gp_TE_ANNOT/panTEome_v3_1001Gp/annotation_chr_s/single_genome_EDTA/100743/100743.Chr_scaffolds.fa.mod.EDTA.TElib.fa.keep.list, /tmp/global2/ssushko/TE_evolution/1001Gp_TE_ANNOT/panTEome_v3_1001Gp/annotation_chr_s/single_genome_EDTA/100743/100743.Chr_scaffolds.fa.mod.EDTA.TElib.mincopyfiltered.fa
    log: logs/100743_extr_minnflcop.log
    jobid: 1247
    reason: Missing output files: /tmp/global2/ssushko/TE_evolution/1001Gp_TE_ANNOT/panTEome_v3_1001Gp/annotation_chr_s/single_genome_EDTA/100743/100743.Chr_scaffolds.fa.mod.EDTA.TElib.mincopyfiltered.fa
    wildcards: sample=100743
    resources: mem_mb=1000, mem_mib=954, disk_mb=1000, disk_mib=954, tmpdir=<TBD>


[Fri Sep  5 14:44:40 2025]
rule extract_min_n_fl_copies:
    input: /tmp/global2/ssushko/TE_evolution/1001Gp_TE_ANNOT/panTEome_v3_1001Gp/annotation_chr_s/single_genome_EDTA/100905/100905.Chr_scaffolds.fa.mod.EDTA.TEanno.sgannot.gff3, /tmp/global2/ssushko/TE_evolution/1001Gp_TE_ANNOT/panTEome_v3_1001Gp/annotation_chr_s/single_genome_EDTA/100905/100905.Chr_scaffolds.fa.mod.EDTA.anno/100905.Chr_scaffolds.fa.mod.EDTA.RM.out
    output: /tmp/global2/ssushko/TE_evolution/1001Gp_TE_ANNOT/panTEome_v3_1001Gp/annotation_chr_s/single_genome_EDTA/100905/100905.Chr_scaffolds.fa.mod.EDTA.TElib.fa.keep.list, /tmp/global2/ssushko/TE_evolution/1001Gp_TE_ANNOT/panTEome_v3_1001Gp/annotation_chr_s/single_genome_EDTA/100905/100905.Chr_scaffolds.fa.mod.EDTA.TElib.mincopyfiltered.fa
    log: logs/100905_extr_minnflcop.log
    jobid: 1891
    reason: Missing output files: /tmp/global2/ssushko/TE_evolution/1001Gp_TE_ANNOT/panTEome_v3_1001Gp/annotation_chr_s/single_genome_EDTA/100905/100905.Chr_scaffolds.fa.mod.EDTA.TElib.mincopyfiltered.fa
    wildcards: sample=100905
    resources: mem_mb=1000, mem_mib=954, disk_mb=1000, disk_mib=954, tmpdir=<TBD>


[Fri Sep  5 14:44:40 2025]
rule extract_min_n_fl_copies:
    input: /tmp/global2/ssushko/TE_evolution/1001Gp_TE_ANNOT/panTEome_v3_1001Gp/annotation_chr_s/single_genome_EDTA/100116/100116.Chr_scaffolds.fa.mod.EDTA.TEanno.sgannot.gff3, /tmp/global2/ssushko/TE_evolution/1001Gp_TE_ANNOT/panTEome_v3_1001Gp/annotation_chr_s/single_genome_EDTA/100116/100116.Chr_scaffolds.fa.mod.EDTA.anno/100116.Chr_scaffolds.fa.mod.EDTA.RM.out
    output: /tmp/global2/ssushko/TE_evolution/1001Gp_TE_ANNOT/panTEome_v3_1001Gp/annotation_chr_s/single_genome_EDTA/100116/100116.Chr_scaffolds.fa.mod.EDTA.TElib.fa.keep.list, /tmp/global2/ssushko/TE_evolution/1001Gp_TE_ANNOT/panTEome_v3_1001Gp/annotation_chr_s/single_genome_EDTA/100116/100116.Chr_scaffolds.fa.mod.EDTA.TElib.mincopyfiltered.fa
    log: logs/100116_extr_minnflcop.log
    jobid: 339
    reason: Missing output files: /tmp/global2/ssushko/TE_evolution/1001Gp_TE_ANNOT/panTEome_v3_1001Gp/annotation_chr_s/single_genome_EDTA/100116/100116.Chr_scaffolds.fa.mod.EDTA.TElib.mincopyfiltered.fa
    wildcards: sample=100116
    resources: mem_mb=1000, mem_mib=954, disk_mb=1000, disk_mib=954, tmpdir=<TBD>


[Fri Sep  5 14:44:40 2025]
rule extract_min_n_fl_copies:
    input: /tmp/global2/ssushko/TE_evolution/1001Gp_TE_ANNOT/panTEome_v3_1001Gp/annotation_chr_s/single_genome_EDTA/100666/100666.Chr_scaffolds.fa.mod.EDTA.TEanno.sgannot.gff3, /tmp/global2/ssushko/TE_evolution/1001Gp_TE_ANNOT/panTEome_v3_1001Gp/annotation_chr_s/single_genome_EDTA/100666/100666.Chr_scaffolds.fa.mod.EDTA.anno/100666.Chr_scaffolds.fa.mod.EDTA.RM.out
    output: /tmp/global2/ssushko/TE_evolution/1001Gp_TE_ANNOT/panTEome_v3_1001Gp/annotation_chr_s/single_genome_EDTA/100666/100666.Chr_scaffolds.fa.mod.EDTA.TElib.fa.keep.list, /tmp/global2/ssushko/TE_evolution/1001Gp_TE_ANNOT/panTEome_v3_1001Gp/annotation_chr_s/single_genome_EDTA/100666/100666.Chr_scaffolds.fa.mod.EDTA.TElib.mincopyfiltered.fa
    log: logs/100666_extr_minnflcop.log
    jobid: 939
    reason: Missing output files: /tmp/global2/ssushko/TE_evolution/1001Gp_TE_ANNOT/panTEome_v3_1001Gp/annotation_chr_s/single_genome_EDTA/100666/100666.Chr_scaffolds.fa.mod.EDTA.TElib.mincopyfiltered.fa
    wildcards: sample=100666
    resources: mem_mb=1000, mem_mib=954, disk_mb=1000, disk_mib=954, tmpdir=<TBD>


[Fri Sep  5 14:44:40 2025]
rule extract_min_n_fl_copies:
    input: /tmp/global2/ssushko/TE_evolution/1001Gp_TE_ANNOT/panTEome_v3_1001Gp/annotation_chr_s/single_genome_EDTA/100828/100828.Chr_scaffolds.fa.mod.EDTA.TEanno.sgannot.gff3, /tmp/global2/ssushko/TE_evolution/1001Gp_TE_ANNOT/panTEome_v3_1001Gp/annotation_chr_s/single_genome_EDTA/100828/100828.Chr_scaffolds.fa.mod.EDTA.anno/100828.Chr_scaffolds.fa.mod.EDTA.RM.out
    output: /tmp/global2/ssushko/TE_evolution/1001Gp_TE_ANNOT/panTEome_v3_1001Gp/annotation_chr_s/single_genome_EDTA/100828/100828.Chr_scaffolds.fa.mod.EDTA.TElib.fa.keep.list, /tmp/global2/ssushko/TE_evolution/1001Gp_TE_ANNOT/panTEome_v3_1001Gp/annotation_chr_s/single_genome_EDTA/100828/100828.Chr_scaffolds.fa.mod.EDTA.TElib.mincopyfiltered.fa
    log: logs/100828_extr_minnflcop.log
    jobid: 1583
    reason: Missing output files: /tmp/global2/ssushko/TE_evolution/1001Gp_TE_ANNOT/panTEome_v3_1001Gp/annotation_chr_s/single_genome_EDTA/100828/100828.Chr_scaffolds.fa.mod.EDTA.TElib.mincopyfiltered.fa
    wildcards: sample=100828
    resources: mem_mb=1000, mem_mib=954, disk_mb=1000, disk_mib=954, tmpdir=<TBD>


[Fri Sep  5 14:44:40 2025]
rule extract_min_n_fl_copies:
    input: /tmp/global2/ssushko/TE_evolution/1001Gp_TE_ANNOT/panTEome_v3_1001Gp/annotation_chr_s/single_genome_EDTA/100947/100947.Chr_scaffolds.fa.mod.EDTA.TEanno.sgannot.gff3, /tmp/global2/ssushko/TE_evolution/1001Gp_TE_ANNOT/panTEome_v3_1001Gp/annotation_chr_s/single_genome_EDTA/100947/100947.Chr_scaffolds.fa.mod.EDTA.anno/100947.Chr_scaffolds.fa.mod.EDTA.RM.out
    output: /tmp/global2/ssushko/TE_evolution/1001Gp_TE_ANNOT/panTEome_v3_1001Gp/annotation_chr_s/single_genome_EDTA/100947/100947.Chr_scaffolds.fa.mod.EDTA.TElib.fa.keep.list, /tmp/global2/ssushko/TE_evolution/1001Gp_TE_ANNOT/panTEome_v3_1001Gp/annotation_chr_s/single_genome_EDTA/100947/100947.Chr_scaffolds.fa.mod.EDTA.TElib.mincopyfiltered.fa
    log: logs/100947_extr_minnflcop.log
    jobid: 2059
    reason: Missing output files: /tmp/global2/ssushko/TE_evolution/1001Gp_TE_ANNOT/panTEome_v3_1001Gp/annotation_chr_s/single_genome_EDTA/100947/100947.Chr_scaffolds.fa.mod.EDTA.TElib.mincopyfiltered.fa
    wildcards: sample=100947
    resources: mem_mb=1000, mem_mib=954, disk_mb=1000, disk_mib=954, tmpdir=<TBD>


[Fri Sep  5 14:44:40 2025]
rule extract_min_n_fl_copies:
    input: /tmp/global2/ssushko/TE_evolution/1001Gp_TE_ANNOT/panTEome_v3_1001Gp/annotation_chr_s/single_genome_EDTA/100968/100968.Chr_scaffolds.fa.mod.EDTA.TEanno.sgannot.gff3, /tmp/global2/ssushko/TE_evolution/1001Gp_TE_ANNOT/panTEome_v3_1001Gp/annotation_chr_s/single_genome_EDTA/100968/100968.Chr_scaffolds.fa.mod.EDTA.anno/100968.Chr_scaffolds.fa.mod.EDTA.RM.out
    output: /tmp/global2/ssushko/TE_evolution/1001Gp_TE_ANNOT/panTEome_v3_1001Gp/annotation_chr_s/single_genome_EDTA/100968/100968.Chr_scaffolds.fa.mod.EDTA.TElib.fa.keep.list, /tmp/global2/ssushko/TE_evolution/1001Gp_TE_ANNOT/panTEome_v3_1001Gp/annotation_chr_s/single_genome_EDTA/100968/100968.Chr_scaffolds.fa.mod.EDTA.TElib.mincopyfiltered.fa
    log: logs/100968_extr_minnflcop.log
    jobid: 2143
    reason: Missing output files: /tmp/global2/ssushko/TE_evolution/1001Gp_TE_ANNOT/panTEome_v3_1001Gp/annotation_chr_s/single_genome_EDTA/100968/100968.Chr_scaffolds.fa.mod.EDTA.TElib.mincopyfiltered.fa
    wildcards: sample=100968
    resources: mem_mb=1000, mem_mib=954, disk_mb=1000, disk_mib=954, tmpdir=<TBD>


[Fri Sep  5 14:44:40 2025]
rule extract_min_n_fl_copies:
    input: /tmp/global2/ssushko/TE_evolution/1001Gp_TE_ANNOT/panTEome_v3_1001Gp/annotation_chr_s/single_genome_EDTA/100313/100313.Chr_scaffolds.fa.mod.EDTA.TEanno.sgannot.gff3, /tmp/global2/ssushko/TE_evolution/1001Gp_TE_ANNOT/panTEome_v3_1001Gp/annotation_chr_s/single_genome_EDTA/100313/100313.Chr_scaffolds.fa.mod.EDTA.anno/100313.Chr_scaffolds.fa.mod.EDTA.RM.out
    output: /tmp/global2/ssushko/TE_evolution/1001Gp_TE_ANNOT/panTEome_v3_1001Gp/annotation_chr_s/single_genome_EDTA/100313/100313.Chr_scaffolds.fa.mod.EDTA.TElib.fa.keep.list, /tmp/global2/ssushko/TE_evolution/1001Gp_TE_ANNOT/panTEome_v3_1001Gp/annotation_chr_s/single_genome_EDTA/100313/100313.Chr_scaffolds.fa.mod.EDTA.TElib.mincopyfiltered.fa
    log: logs/100313_extr_minnflcop.log
    jobid: 675
    reason: Missing output files: /tmp/global2/ssushko/TE_evolution/1001Gp_TE_ANNOT/panTEome_v3_1001Gp/annotation_chr_s/single_genome_EDTA/100313/100313.Chr_scaffolds.fa.mod.EDTA.TElib.mincopyfiltered.fa
    wildcards: sample=100313
    resources: mem_mb=1000, mem_mib=954, disk_mb=1000, disk_mib=954, tmpdir=<TBD>


[Fri Sep  5 14:44:40 2025]
rule extract_min_n_fl_copies:
    input: /tmp/global2/ssushko/TE_evolution/1001Gp_TE_ANNOT/panTEome_v3_1001Gp/annotation_chr_s/single_genome_EDTA/100890/100890.Chr_scaffolds.fa.mod.EDTA.TEanno.sgannot.gff3, /tmp/global2/ssushko/TE_evolution/1001Gp_TE_ANNOT/panTEome_v3_1001Gp/annotation_chr_s/single_genome_EDTA/100890/100890.Chr_scaffolds.fa.mod.EDTA.anno/100890.Chr_scaffolds.fa.mod.EDTA.RM.out
    output: /tmp/global2/ssushko/TE_evolution/1001Gp_TE_ANNOT/panTEome_v3_1001Gp/annotation_chr_s/single_genome_EDTA/100890/100890.Chr_scaffolds.fa.mod.EDTA.TElib.fa.keep.list, /tmp/global2/ssushko/TE_evolution/1001Gp_TE_ANNOT/panTEome_v3_1001Gp/annotation_chr_s/single_genome_EDTA/100890/100890.Chr_scaffolds.fa.mod.EDTA.TElib.mincopyfiltered.fa
    log: logs/100890_extr_minnflcop.log
    jobid: 1831
    reason: Missing output files: /tmp/global2/ssushko/TE_evolution/1001Gp_TE_ANNOT/panTEome_v3_1001Gp/annotation_chr_s/single_genome_EDTA/100890/100890.Chr_scaffolds.fa.mod.EDTA.TElib.mincopyfiltered.fa
    wildcards: sample=100890
    resources: mem_mb=1000, mem_mib=954, disk_mb=1000, disk_mib=954, tmpdir=<TBD>


[Fri Sep  5 14:44:40 2025]
rule extract_min_n_fl_copies:
    input: /tmp/global2/ssushko/TE_evolution/1001Gp_TE_ANNOT/panTEome_v3_1001Gp/annotation_chr_s/single_genome_EDTA/100895/100895.Chr_scaffolds.fa.mod.EDTA.TEanno.sgannot.gff3, /tmp/global2/ssushko/TE_evolution/1001Gp_TE_ANNOT/panTEome_v3_1001Gp/annotation_chr_s/single_genome_EDTA/100895/100895.Chr_scaffolds.fa.mod.EDTA.anno/100895.Chr_scaffolds.fa.mod.EDTA.RM.out
    output: /tmp/global2/ssushko/TE_evolution/1001Gp_TE_ANNOT/panTEome_v3_1001Gp/annotation_chr_s/single_genome_EDTA/100895/100895.Chr_scaffolds.fa.mod.EDTA.TElib.fa.keep.list, /tmp/global2/ssushko/TE_evolution/1001Gp_TE_ANNOT/panTEome_v3_1001Gp/annotation_chr_s/single_genome_EDTA/100895/100895.Chr_scaffolds.fa.mod.EDTA.TElib.mincopyfiltered.fa
    log: logs/100895_extr_minnflcop.log
    jobid: 1851
    reason: Missing output files: /tmp/global2/ssushko/TE_evolution/1001Gp_TE_ANNOT/panTEome_v3_1001Gp/annotation_chr_s/single_genome_EDTA/100895/100895.Chr_scaffolds.fa.mod.EDTA.TElib.mincopyfiltered.fa
    wildcards: sample=100895
    resources: mem_mb=1000, mem_mib=954, disk_mb=1000, disk_mib=954, tmpdir=<TBD>


[Fri Sep  5 14:44:40 2025]
rule extract_min_n_fl_copies:
    input: /tmp/global2/ssushko/TE_evolution/1001Gp_TE_ANNOT/panTEome_v3_1001Gp/annotation_chr_s/single_genome_EDTA/100832/100832.Chr_scaffolds.fa.mod.EDTA.TEanno.sgannot.gff3, /tmp/global2/ssushko/TE_evolution/1001Gp_TE_ANNOT/panTEome_v3_1001Gp/annotation_chr_s/single_genome_EDTA/100832/100832.Chr_scaffolds.fa.mod.EDTA.anno/100832.Chr_scaffolds.fa.mod.EDTA.RM.out
    output: /tmp/global2/ssushko/TE_evolution/1001Gp_TE_ANNOT/panTEome_v3_1001Gp/annotation_chr_s/single_genome_EDTA/100832/100832.Chr_scaffolds.fa.mod.EDTA.TElib.fa.keep.list, /tmp/global2/ssushko/TE_evolution/1001Gp_TE_ANNOT/panTEome_v3_1001Gp/annotation_chr_s/single_genome_EDTA/100832/100832.Chr_scaffolds.fa.mod.EDTA.TElib.mincopyfiltered.fa
    log: logs/100832_extr_minnflcop.log
    jobid: 1599
    reason: Missing output files: /tmp/global2/ssushko/TE_evolution/1001Gp_TE_ANNOT/panTEome_v3_1001Gp/annotation_chr_s/single_genome_EDTA/100832/100832.Chr_scaffolds.fa.mod.EDTA.TElib.mincopyfiltered.fa
    wildcards: sample=100832
    resources: mem_mb=1000, mem_mib=954, disk_mb=1000, disk_mib=954, tmpdir=<TBD>


[Fri Sep  5 14:44:40 2025]
rule extract_min_n_fl_copies:
    input: /tmp/global2/ssushko/TE_evolution/1001Gp_TE_ANNOT/panTEome_v3_1001Gp/annotation_chr_s/single_genome_EDTA/100128/100128.Chr_scaffolds.fa.mod.EDTA.TEanno.sgannot.gff3, /tmp/global2/ssushko/TE_evolution/1001Gp_TE_ANNOT/panTEome_v3_1001Gp/annotation_chr_s/single_genome_EDTA/100128/100128.Chr_scaffolds.fa.mod.EDTA.anno/100128.Chr_scaffolds.fa.mod.EDTA.RM.out
    output: /tmp/global2/ssushko/TE_evolution/1001Gp_TE_ANNOT/panTEome_v3_1001Gp/annotation_chr_s/single_genome_EDTA/100128/100128.Chr_scaffolds.fa.mod.EDTA.TElib.fa.keep.list, /tmp/global2/ssushko/TE_evolution/1001Gp_TE_ANNOT/panTEome_v3_1001Gp/annotation_chr_s/single_genome_EDTA/100128/100128.Chr_scaffolds.fa.mod.EDTA.TElib.mincopyfiltered.fa
    log: logs/100128_extr_minnflcop.log
    jobid: 383
    reason: Missing output files: /tmp/global2/ssushko/TE_evolution/1001Gp_TE_ANNOT/panTEome_v3_1001Gp/annotation_chr_s/single_genome_EDTA/100128/100128.Chr_scaffolds.fa.mod.EDTA.TElib.mincopyfiltered.fa
    wildcards: sample=100128
    resources: mem_mb=1000, mem_mib=954, disk_mb=1000, disk_mib=954, tmpdir=<TBD>


[Fri Sep  5 14:44:40 2025]
rule extract_min_n_fl_copies:
    input: /tmp/global2/ssushko/TE_evolution/1001Gp_TE_ANNOT/panTEome_v3_1001Gp/annotation_chr_s/single_genome_EDTA/100860/100860.Chr_scaffolds.fa.mod.EDTA.TEanno.sgannot.gff3, /tmp/global2/ssushko/TE_evolution/1001Gp_TE_ANNOT/panTEome_v3_1001Gp/annotation_chr_s/single_genome_EDTA/100860/100860.Chr_scaffolds.fa.mod.EDTA.anno/100860.Chr_scaffolds.fa.mod.EDTA.RM.out
    output: /tmp/global2/ssushko/TE_evolution/1001Gp_TE_ANNOT/panTEome_v3_1001Gp/annotation_chr_s/single_genome_EDTA/100860/100860.Chr_scaffolds.fa.mod.EDTA.TElib.fa.keep.list, /tmp/global2/ssushko/TE_evolution/1001Gp_TE_ANNOT/panTEome_v3_1001Gp/annotation_chr_s/single_genome_EDTA/100860/100860.Chr_scaffolds.fa.mod.EDTA.TElib.mincopyfiltered.fa
    log: logs/100860_extr_minnflcop.log
    jobid: 1711
    reason: Missing output files: /tmp/global2/ssushko/TE_evolution/1001Gp_TE_ANNOT/panTEome_v3_1001Gp/annotation_chr_s/single_genome_EDTA/100860/100860.Chr_scaffolds.fa.mod.EDTA.TElib.mincopyfiltered.fa
    wildcards: sample=100860
    resources: mem_mb=1000, mem_mib=954, disk_mb=1000, disk_mib=954, tmpdir=<TBD>


[Fri Sep  5 14:44:40 2025]
rule extract_min_n_fl_copies:
    input: /tmp/global2/ssushko/TE_evolution/1001Gp_TE_ANNOT/panTEome_v3_1001Gp/annotation_chr_s/single_genome_EDTA/100853/100853.Chr_scaffolds.fa.mod.EDTA.TEanno.sgannot.gff3, /tmp/global2/ssushko/TE_evolution/1001Gp_TE_ANNOT/panTEome_v3_1001Gp/annotation_chr_s/single_genome_EDTA/100853/100853.Chr_scaffolds.fa.mod.EDTA.anno/100853.Chr_scaffolds.fa.mod.EDTA.RM.out
    output: /tmp/global2/ssushko/TE_evolution/1001Gp_TE_ANNOT/panTEome_v3_1001Gp/annotation_chr_s/single_genome_EDTA/100853/100853.Chr_scaffolds.fa.mod.EDTA.TElib.fa.keep.list, /tmp/global2/ssushko/TE_evolution/1001Gp_TE_ANNOT/panTEome_v3_1001Gp/annotation_chr_s/single_genome_EDTA/100853/100853.Chr_scaffolds.fa.mod.EDTA.TElib.mincopyfiltered.fa
    log: logs/100853_extr_minnflcop.log
    jobid: 1683
    reason: Missing output files: /tmp/global2/ssushko/TE_evolution/1001Gp_TE_ANNOT/panTEome_v3_1001Gp/annotation_chr_s/single_genome_EDTA/100853/100853.Chr_scaffolds.fa.mod.EDTA.TElib.mincopyfiltered.fa
    wildcards: sample=100853
    resources: mem_mb=1000, mem_mib=954, disk_mb=1000, disk_mib=954, tmpdir=<TBD>


[Fri Sep  5 14:44:40 2025]
rule extract_min_n_fl_copies:
    input: /tmp/global2/ssushko/TE_evolution/1001Gp_TE_ANNOT/panTEome_v3_1001Gp/annotation_chr_s/single_genome_EDTA/100684/100684.Chr_scaffolds.fa.mod.EDTA.TEanno.sgannot.gff3, /tmp/global2/ssushko/TE_evolution/1001Gp_TE_ANNOT/panTEome_v3_1001Gp/annotation_chr_s/single_genome_EDTA/100684/100684.Chr_scaffolds.fa.mod.EDTA.anno/100684.Chr_scaffolds.fa.mod.EDTA.RM.out
    output: /tmp/global2/ssushko/TE_evolution/1001Gp_TE_ANNOT/panTEome_v3_1001Gp/annotation_chr_s/single_genome_EDTA/100684/100684.Chr_scaffolds.fa.mod.EDTA.TElib.fa.keep.list, /tmp/global2/ssushko/TE_evolution/1001Gp_TE_ANNOT/panTEome_v3_1001Gp/annotation_chr_s/single_genome_EDTA/100684/100684.Chr_scaffolds.fa.mod.EDTA.TElib.mincopyfiltered.fa
    log: logs/100684_extr_minnflcop.log
    jobid: 1011
    reason: Missing output files: /tmp/global2/ssushko/TE_evolution/1001Gp_TE_ANNOT/panTEome_v3_1001Gp/annotation_chr_s/single_genome_EDTA/100684/100684.Chr_scaffolds.fa.mod.EDTA.TElib.mincopyfiltered.fa
    wildcards: sample=100684
    resources: mem_mb=1000, mem_mib=954, disk_mb=1000, disk_mib=954, tmpdir=<TBD>


[Fri Sep  5 14:44:40 2025]
rule extract_min_n_fl_copies:
    input: /tmp/global2/ssushko/TE_evolution/1001Gp_TE_ANNOT/panTEome_v3_1001Gp/annotation_chr_s/single_genome_EDTA/100612/100612.Chr_scaffolds.fa.mod.EDTA.TEanno.sgannot.gff3, /tmp/global2/ssushko/TE_evolution/1001Gp_TE_ANNOT/panTEome_v3_1001Gp/annotation_chr_s/single_genome_EDTA/100612/100612.Chr_scaffolds.fa.mod.EDTA.anno/100612.Chr_scaffolds.fa.mod.EDTA.RM.out
    output: /tmp/global2/ssushko/TE_evolution/1001Gp_TE_ANNOT/panTEome_v3_1001Gp/annotation_chr_s/single_genome_EDTA/100612/100612.Chr_scaffolds.fa.mod.EDTA.TElib.fa.keep.list, /tmp/global2/ssushko/TE_evolution/1001Gp_TE_ANNOT/panTEome_v3_1001Gp/annotation_chr_s/single_genome_EDTA/100612/100612.Chr_scaffolds.fa.mod.EDTA.TElib.mincopyfiltered.fa
    log: logs/100612_extr_minnflcop.log
    jobid: 871
    reason: Missing output files: /tmp/global2/ssushko/TE_evolution/1001Gp_TE_ANNOT/panTEome_v3_1001Gp/annotation_chr_s/single_genome_EDTA/100612/100612.Chr_scaffolds.fa.mod.EDTA.TElib.mincopyfiltered.fa
    wildcards: sample=100612
    resources: mem_mb=1000, mem_mib=954, disk_mb=1000, disk_mib=954, tmpdir=<TBD>


[Fri Sep  5 14:44:40 2025]
rule extract_min_n_fl_copies:
    input: /tmp/global2/ssushko/TE_evolution/1001Gp_TE_ANNOT/panTEome_v3_1001Gp/annotation_chr_s/single_genome_EDTA/100825/100825.Chr_scaffolds.fa.mod.EDTA.TEanno.sgannot.gff3, /tmp/global2/ssushko/TE_evolution/1001Gp_TE_ANNOT/panTEome_v3_1001Gp/annotation_chr_s/single_genome_EDTA/100825/100825.Chr_scaffolds.fa.mod.EDTA.anno/100825.Chr_scaffolds.fa.mod.EDTA.RM.out
    output: /tmp/global2/ssushko/TE_evolution/1001Gp_TE_ANNOT/panTEome_v3_1001Gp/annotation_chr_s/single_genome_EDTA/100825/100825.Chr_scaffolds.fa.mod.EDTA.TElib.fa.keep.list, /tmp/global2/ssushko/TE_evolution/1001Gp_TE_ANNOT/panTEome_v3_1001Gp/annotation_chr_s/single_genome_EDTA/100825/100825.Chr_scaffolds.fa.mod.EDTA.TElib.mincopyfiltered.fa
    log: logs/100825_extr_minnflcop.log
    jobid: 1571
    reason: Missing output files: /tmp/global2/ssushko/TE_evolution/1001Gp_TE_ANNOT/panTEome_v3_1001Gp/annotation_chr_s/single_genome_EDTA/100825/100825.Chr_scaffolds.fa.mod.EDTA.TElib.mincopyfiltered.fa
    wildcards: sample=100825
    resources: mem_mb=1000, mem_mib=954, disk_mb=1000, disk_mib=954, tmpdir=<TBD>


[Fri Sep  5 14:44:40 2025]
rule extract_min_n_fl_copies:
    input: /tmp/global2/ssushko/TE_evolution/1001Gp_TE_ANNOT/panTEome_v3_1001Gp/annotation_chr_s/single_genome_EDTA/100077/100077.Chr_scaffolds.fa.mod.EDTA.TEanno.sgannot.gff3, /tmp/global2/ssushko/TE_evolution/1001Gp_TE_ANNOT/panTEome_v3_1001Gp/annotation_chr_s/single_genome_EDTA/100077/100077.Chr_scaffolds.fa.mod.EDTA.anno/100077.Chr_scaffolds.fa.mod.EDTA.RM.out
    output: /tmp/global2/ssushko/TE_evolution/1001Gp_TE_ANNOT/panTEome_v3_1001Gp/annotation_chr_s/single_genome_EDTA/100077/100077.Chr_scaffolds.fa.mod.EDTA.TElib.fa.keep.list, /tmp/global2/ssushko/TE_evolution/1001Gp_TE_ANNOT/panTEome_v3_1001Gp/annotation_chr_s/single_genome_EDTA/100077/100077.Chr_scaffolds.fa.mod.EDTA.TElib.mincopyfiltered.fa
    log: logs/100077_extr_minnflcop.log
    jobid: 187
    reason: Missing output files: /tmp/global2/ssushko/TE_evolution/1001Gp_TE_ANNOT/panTEome_v3_1001Gp/annotation_chr_s/single_genome_EDTA/100077/100077.Chr_scaffolds.fa.mod.EDTA.TElib.mincopyfiltered.fa
    wildcards: sample=100077
    resources: mem_mb=1000, mem_mib=954, disk_mb=1000, disk_mib=954, tmpdir=<TBD>


[Fri Sep  5 14:44:40 2025]
rule extract_min_n_fl_copies:
    input: /tmp/global2/ssushko/TE_evolution/1001Gp_TE_ANNOT/panTEome_v3_1001Gp/annotation_chr_s/single_genome_EDTA/100726/100726.Chr_scaffolds.fa.mod.EDTA.TEanno.sgannot.gff3, /tmp/global2/ssushko/TE_evolution/1001Gp_TE_ANNOT/panTEome_v3_1001Gp/annotation_chr_s/single_genome_EDTA/100726/100726.Chr_scaffolds.fa.mod.EDTA.anno/100726.Chr_scaffolds.fa.mod.EDTA.RM.out
    output: /tmp/global2/ssushko/TE_evolution/1001Gp_TE_ANNOT/panTEome_v3_1001Gp/annotation_chr_s/single_genome_EDTA/100726/100726.Chr_scaffolds.fa.mod.EDTA.TElib.fa.keep.list, /tmp/global2/ssushko/TE_evolution/1001Gp_TE_ANNOT/panTEome_v3_1001Gp/annotation_chr_s/single_genome_EDTA/100726/100726.Chr_scaffolds.fa.mod.EDTA.TElib.mincopyfiltered.fa
    log: logs/100726_extr_minnflcop.log
    jobid: 1179
    reason: Missing output files: /tmp/global2/ssushko/TE_evolution/1001Gp_TE_ANNOT/panTEome_v3_1001Gp/annotation_chr_s/single_genome_EDTA/100726/100726.Chr_scaffolds.fa.mod.EDTA.TElib.mincopyfiltered.fa
    wildcards: sample=100726
    resources: mem_mb=1000, mem_mib=954, disk_mb=1000, disk_mib=954, tmpdir=<TBD>


[Fri Sep  5 14:44:40 2025]
rule extract_min_n_fl_copies:
    input: /tmp/global2/ssushko/TE_evolution/1001Gp_TE_ANNOT/panTEome_v3_1001Gp/annotation_chr_s/single_genome_EDTA/100780/100780.Chr_scaffolds.fa.mod.EDTA.TEanno.sgannot.gff3, /tmp/global2/ssushko/TE_evolution/1001Gp_TE_ANNOT/panTEome_v3_1001Gp/annotation_chr_s/single_genome_EDTA/100780/100780.Chr_scaffolds.fa.mod.EDTA.anno/100780.Chr_scaffolds.fa.mod.EDTA.RM.out
    output: /tmp/global2/ssushko/TE_evolution/1001Gp_TE_ANNOT/panTEome_v3_1001Gp/annotation_chr_s/single_genome_EDTA/100780/100780.Chr_scaffolds.fa.mod.EDTA.TElib.fa.keep.list, /tmp/global2/ssushko/TE_evolution/1001Gp_TE_ANNOT/panTEome_v3_1001Gp/annotation_chr_s/single_genome_EDTA/100780/100780.Chr_scaffolds.fa.mod.EDTA.TElib.mincopyfiltered.fa
    log: logs/100780_extr_minnflcop.log
    jobid: 1391
    reason: Missing output files: /tmp/global2/ssushko/TE_evolution/1001Gp_TE_ANNOT/panTEome_v3_1001Gp/annotation_chr_s/single_genome_EDTA/100780/100780.Chr_scaffolds.fa.mod.EDTA.TElib.mincopyfiltered.fa
    wildcards: sample=100780
    resources: mem_mb=1000, mem_mib=954, disk_mb=1000, disk_mib=954, tmpdir=<TBD>


[Fri Sep  5 14:44:40 2025]
rule extract_min_n_fl_copies:
    input: /tmp/global2/ssushko/TE_evolution/1001Gp_TE_ANNOT/panTEome_v3_1001Gp/annotation_chr_s/single_genome_EDTA/100983/100983.Chr_scaffolds.fa.mod.EDTA.TEanno.sgannot.gff3, /tmp/global2/ssushko/TE_evolution/1001Gp_TE_ANNOT/panTEome_v3_1001Gp/annotation_chr_s/single_genome_EDTA/100983/100983.Chr_scaffolds.fa.mod.EDTA.anno/100983.Chr_scaffolds.fa.mod.EDTA.RM.out
    output: /tmp/global2/ssushko/TE_evolution/1001Gp_TE_ANNOT/panTEome_v3_1001Gp/annotation_chr_s/single_genome_EDTA/100983/100983.Chr_scaffolds.fa.mod.EDTA.TElib.fa.keep.list, /tmp/global2/ssushko/TE_evolution/1001Gp_TE_ANNOT/panTEome_v3_1001Gp/annotation_chr_s/single_genome_EDTA/100983/100983.Chr_scaffolds.fa.mod.EDTA.TElib.mincopyfiltered.fa
    log: logs/100983_extr_minnflcop.log
    jobid: 2203
    reason: Missing output files: /tmp/global2/ssushko/TE_evolution/1001Gp_TE_ANNOT/panTEome_v3_1001Gp/annotation_chr_s/single_genome_EDTA/100983/100983.Chr_scaffolds.fa.mod.EDTA.TElib.mincopyfiltered.fa
    wildcards: sample=100983
    resources: mem_mb=1000, mem_mib=954, disk_mb=1000, disk_mib=954, tmpdir=<TBD>


[Fri Sep  5 14:44:40 2025]
rule extract_min_n_fl_copies:
    input: /tmp/global2/ssushko/TE_evolution/1001Gp_TE_ANNOT/panTEome_v3_1001Gp/annotation_chr_s/single_genome_EDTA/100885/100885.Chr_scaffolds.fa.mod.EDTA.TEanno.sgannot.gff3, /tmp/global2/ssushko/TE_evolution/1001Gp_TE_ANNOT/panTEome_v3_1001Gp/annotation_chr_s/single_genome_EDTA/100885/100885.Chr_scaffolds.fa.mod.EDTA.anno/100885.Chr_scaffolds.fa.mod.EDTA.RM.out
    output: /tmp/global2/ssushko/TE_evolution/1001Gp_TE_ANNOT/panTEome_v3_1001Gp/annotation_chr_s/single_genome_EDTA/100885/100885.Chr_scaffolds.fa.mod.EDTA.TElib.fa.keep.list, /tmp/global2/ssushko/TE_evolution/1001Gp_TE_ANNOT/panTEome_v3_1001Gp/annotation_chr_s/single_genome_EDTA/100885/100885.Chr_scaffolds.fa.mod.EDTA.TElib.mincopyfiltered.fa
    log: logs/100885_extr_minnflcop.log
    jobid: 1811
    reason: Missing output files: /tmp/global2/ssushko/TE_evolution/1001Gp_TE_ANNOT/panTEome_v3_1001Gp/annotation_chr_s/single_genome_EDTA/100885/100885.Chr_scaffolds.fa.mod.EDTA.TElib.mincopyfiltered.fa
    wildcards: sample=100885
    resources: mem_mb=1000, mem_mib=954, disk_mb=1000, disk_mib=954, tmpdir=<TBD>


[Fri Sep  5 14:44:40 2025]
rule extract_min_n_fl_copies:
    input: /tmp/global2/ssushko/TE_evolution/1001Gp_TE_ANNOT/panTEome_v3_1001Gp/annotation_chr_s/single_genome_EDTA/100709/100709.Chr_scaffolds.fa.mod.EDTA.TEanno.sgannot.gff3, /tmp/global2/ssushko/TE_evolution/1001Gp_TE_ANNOT/panTEome_v3_1001Gp/annotation_chr_s/single_genome_EDTA/100709/100709.Chr_scaffolds.fa.mod.EDTA.anno/100709.Chr_scaffolds.fa.mod.EDTA.RM.out
    output: /tmp/global2/ssushko/TE_evolution/1001Gp_TE_ANNOT/panTEome_v3_1001Gp/annotation_chr_s/single_genome_EDTA/100709/100709.Chr_scaffolds.fa.mod.EDTA.TElib.fa.keep.list, /tmp/global2/ssushko/TE_evolution/1001Gp_TE_ANNOT/panTEome_v3_1001Gp/annotation_chr_s/single_genome_EDTA/100709/100709.Chr_scaffolds.fa.mod.EDTA.TElib.mincopyfiltered.fa
    log: logs/100709_extr_minnflcop.log
    jobid: 1111
    reason: Missing output files: /tmp/global2/ssushko/TE_evolution/1001Gp_TE_ANNOT/panTEome_v3_1001Gp/annotation_chr_s/single_genome_EDTA/100709/100709.Chr_scaffolds.fa.mod.EDTA.TElib.mincopyfiltered.fa
    wildcards: sample=100709
    resources: mem_mb=1000, mem_mib=954, disk_mb=1000, disk_mib=954, tmpdir=<TBD>


[Fri Sep  5 14:44:40 2025]
rule extract_min_n_fl_copies:
    input: /tmp/global2/ssushko/TE_evolution/1001Gp_TE_ANNOT/panTEome_v3_1001Gp/annotation_chr_s/single_genome_EDTA/100688/100688.Chr_scaffolds.fa.mod.EDTA.TEanno.sgannot.gff3, /tmp/global2/ssushko/TE_evolution/1001Gp_TE_ANNOT/panTEome_v3_1001Gp/annotation_chr_s/single_genome_EDTA/100688/100688.Chr_scaffolds.fa.mod.EDTA.anno/100688.Chr_scaffolds.fa.mod.EDTA.RM.out
    output: /tmp/global2/ssushko/TE_evolution/1001Gp_TE_ANNOT/panTEome_v3_1001Gp/annotation_chr_s/single_genome_EDTA/100688/100688.Chr_scaffolds.fa.mod.EDTA.TElib.fa.keep.list, /tmp/global2/ssushko/TE_evolution/1001Gp_TE_ANNOT/panTEome_v3_1001Gp/annotation_chr_s/single_genome_EDTA/100688/100688.Chr_scaffolds.fa.mod.EDTA.TElib.mincopyfiltered.fa
    log: logs/100688_extr_minnflcop.log
    jobid: 1027
    reason: Missing output files: /tmp/global2/ssushko/TE_evolution/1001Gp_TE_ANNOT/panTEome_v3_1001Gp/annotation_chr_s/single_genome_EDTA/100688/100688.Chr_scaffolds.fa.mod.EDTA.TElib.mincopyfiltered.fa
    wildcards: sample=100688
    resources: mem_mb=1000, mem_mib=954, disk_mb=1000, disk_mib=954, tmpdir=<TBD>


[Fri Sep  5 14:44:40 2025]
rule extract_min_n_fl_copies:
    input: /tmp/global2/ssushko/TE_evolution/1001Gp_TE_ANNOT/panTEome_v3_1001Gp/annotation_chr_s/single_genome_EDTA/100200/100200.Chr_scaffolds.fa.mod.EDTA.TEanno.sgannot.gff3, /tmp/global2/ssushko/TE_evolution/1001Gp_TE_ANNOT/panTEome_v3_1001Gp/annotation_chr_s/single_genome_EDTA/100200/100200.Chr_scaffolds.fa.mod.EDTA.anno/100200.Chr_scaffolds.fa.mod.EDTA.RM.out
    output: /tmp/global2/ssushko/TE_evolution/1001Gp_TE_ANNOT/panTEome_v3_1001Gp/annotation_chr_s/single_genome_EDTA/100200/100200.Chr_scaffolds.fa.mod.EDTA.TElib.fa.keep.list, /tmp/global2/ssushko/TE_evolution/1001Gp_TE_ANNOT/panTEome_v3_1001Gp/annotation_chr_s/single_genome_EDTA/100200/100200.Chr_scaffolds.fa.mod.EDTA.TElib.mincopyfiltered.fa
    log: logs/100200_extr_minnflcop.log
    jobid: 511
    reason: Missing output files: /tmp/global2/ssushko/TE_evolution/1001Gp_TE_ANNOT/panTEome_v3_1001Gp/annotation_chr_s/single_genome_EDTA/100200/100200.Chr_scaffolds.fa.mod.EDTA.TElib.mincopyfiltered.fa
    wildcards: sample=100200
    resources: mem_mb=1000, mem_mib=954, disk_mb=1000, disk_mib=954, tmpdir=<TBD>


[Fri Sep  5 14:44:40 2025]
rule extract_min_n_fl_copies:
    input: /tmp/global2/ssushko/TE_evolution/1001Gp_TE_ANNOT/panTEome_v3_1001Gp/annotation_chr_s/single_genome_EDTA/100751/100751.Chr_scaffolds.fa.mod.EDTA.TEanno.sgannot.gff3, /tmp/global2/ssushko/TE_evolution/1001Gp_TE_ANNOT/panTEome_v3_1001Gp/annotation_chr_s/single_genome_EDTA/100751/100751.Chr_scaffolds.fa.mod.EDTA.anno/100751.Chr_scaffolds.fa.mod.EDTA.RM.out
    output: /tmp/global2/ssushko/TE_evolution/1001Gp_TE_ANNOT/panTEome_v3_1001Gp/annotation_chr_s/single_genome_EDTA/100751/100751.Chr_scaffolds.fa.mod.EDTA.TElib.fa.keep.list, /tmp/global2/ssushko/TE_evolution/1001Gp_TE_ANNOT/panTEome_v3_1001Gp/annotation_chr_s/single_genome_EDTA/100751/100751.Chr_scaffolds.fa.mod.EDTA.TElib.mincopyfiltered.fa
    log: logs/100751_extr_minnflcop.log
    jobid: 1279
    reason: Missing output files: /tmp/global2/ssushko/TE_evolution/1001Gp_TE_ANNOT/panTEome_v3_1001Gp/annotation_chr_s/single_genome_EDTA/100751/100751.Chr_scaffolds.fa.mod.EDTA.TElib.mincopyfiltered.fa
    wildcards: sample=100751
    resources: mem_mb=1000, mem_mib=954, disk_mb=1000, disk_mib=954, tmpdir=<TBD>


[Fri Sep  5 14:44:40 2025]
rule extract_min_n_fl_copies:
    input: /tmp/global2/ssushko/TE_evolution/1001Gp_TE_ANNOT/panTEome_v3_1001Gp/annotation_chr_s/single_genome_EDTA/100081/100081.Chr_scaffolds.fa.mod.EDTA.TEanno.sgannot.gff3, /tmp/global2/ssushko/TE_evolution/1001Gp_TE_ANNOT/panTEome_v3_1001Gp/annotation_chr_s/single_genome_EDTA/100081/100081.Chr_scaffolds.fa.mod.EDTA.anno/100081.Chr_scaffolds.fa.mod.EDTA.RM.out
    output: /tmp/global2/ssushko/TE_evolution/1001Gp_TE_ANNOT/panTEome_v3_1001Gp/annotation_chr_s/single_genome_EDTA/100081/100081.Chr_scaffolds.fa.mod.EDTA.TElib.fa.keep.list, /tmp/global2/ssushko/TE_evolution/1001Gp_TE_ANNOT/panTEome_v3_1001Gp/annotation_chr_s/single_genome_EDTA/100081/100081.Chr_scaffolds.fa.mod.EDTA.TElib.mincopyfiltered.fa
    log: logs/100081_extr_minnflcop.log
    jobid: 203
    reason: Missing output files: /tmp/global2/ssushko/TE_evolution/1001Gp_TE_ANNOT/panTEome_v3_1001Gp/annotation_chr_s/single_genome_EDTA/100081/100081.Chr_scaffolds.fa.mod.EDTA.TElib.mincopyfiltered.fa
    wildcards: sample=100081
    resources: mem_mb=1000, mem_mib=954, disk_mb=1000, disk_mib=954, tmpdir=<TBD>


[Fri Sep  5 14:44:40 2025]
rule extract_min_n_fl_copies:
    input: /tmp/global2/ssushko/TE_evolution/1001Gp_TE_ANNOT/panTEome_v3_1001Gp/annotation_chr_s/single_genome_EDTA/100716/100716.Chr_scaffolds.fa.mod.EDTA.TEanno.sgannot.gff3, /tmp/global2/ssushko/TE_evolution/1001Gp_TE_ANNOT/panTEome_v3_1001Gp/annotation_chr_s/single_genome_EDTA/100716/100716.Chr_scaffolds.fa.mod.EDTA.anno/100716.Chr_scaffolds.fa.mod.EDTA.RM.out
    output: /tmp/global2/ssushko/TE_evolution/1001Gp_TE_ANNOT/panTEome_v3_1001Gp/annotation_chr_s/single_genome_EDTA/100716/100716.Chr_scaffolds.fa.mod.EDTA.TElib.fa.keep.list, /tmp/global2/ssushko/TE_evolution/1001Gp_TE_ANNOT/panTEome_v3_1001Gp/annotation_chr_s/single_genome_EDTA/100716/100716.Chr_scaffolds.fa.mod.EDTA.TElib.mincopyfiltered.fa
    log: logs/100716_extr_minnflcop.log
    jobid: 1139
    reason: Missing output files: /tmp/global2/ssushko/TE_evolution/1001Gp_TE_ANNOT/panTEome_v3_1001Gp/annotation_chr_s/single_genome_EDTA/100716/100716.Chr_scaffolds.fa.mod.EDTA.TElib.mincopyfiltered.fa
    wildcards: sample=100716
    resources: mem_mb=1000, mem_mib=954, disk_mb=1000, disk_mib=954, tmpdir=<TBD>


[Fri Sep  5 14:44:40 2025]
rule extract_min_n_fl_copies:
    input: /tmp/global2/ssushko/TE_evolution/1001Gp_TE_ANNOT/panTEome_v3_1001Gp/annotation_chr_s/single_genome_EDTA/100990/100990.Chr_scaffolds.fa.mod.EDTA.TEanno.sgannot.gff3, /tmp/global2/ssushko/TE_evolution/1001Gp_TE_ANNOT/panTEome_v3_1001Gp/annotation_chr_s/single_genome_EDTA/100990/100990.Chr_scaffolds.fa.mod.EDTA.anno/100990.Chr_scaffolds.fa.mod.EDTA.RM.out
    output: /tmp/global2/ssushko/TE_evolution/1001Gp_TE_ANNOT/panTEome_v3_1001Gp/annotation_chr_s/single_genome_EDTA/100990/100990.Chr_scaffolds.fa.mod.EDTA.TElib.fa.keep.list, /tmp/global2/ssushko/TE_evolution/1001Gp_TE_ANNOT/panTEome_v3_1001Gp/annotation_chr_s/single_genome_EDTA/100990/100990.Chr_scaffolds.fa.mod.EDTA.TElib.mincopyfiltered.fa
    log: logs/100990_extr_minnflcop.log
    jobid: 2231
    reason: Missing output files: /tmp/global2/ssushko/TE_evolution/1001Gp_TE_ANNOT/panTEome_v3_1001Gp/annotation_chr_s/single_genome_EDTA/100990/100990.Chr_scaffolds.fa.mod.EDTA.TElib.mincopyfiltered.fa
    wildcards: sample=100990
    resources: mem_mb=1000, mem_mib=954, disk_mb=1000, disk_mib=954, tmpdir=<TBD>


[Fri Sep  5 14:44:40 2025]
rule extract_min_n_fl_copies:
    input: /tmp/global2/ssushko/TE_evolution/1001Gp_TE_ANNOT/panTEome_v3_1001Gp/annotation_chr_s/single_genome_EDTA/100276/100276.Chr_scaffolds.fa.mod.EDTA.TEanno.sgannot.gff3, /tmp/global2/ssushko/TE_evolution/1001Gp_TE_ANNOT/panTEome_v3_1001Gp/annotation_chr_s/single_genome_EDTA/100276/100276.Chr_scaffolds.fa.mod.EDTA.anno/100276.Chr_scaffolds.fa.mod.EDTA.RM.out
    output: /tmp/global2/ssushko/TE_evolution/1001Gp_TE_ANNOT/panTEome_v3_1001Gp/annotation_chr_s/single_genome_EDTA/100276/100276.Chr_scaffolds.fa.mod.EDTA.TElib.fa.keep.list, /tmp/global2/ssushko/TE_evolution/1001Gp_TE_ANNOT/panTEome_v3_1001Gp/annotation_chr_s/single_genome_EDTA/100276/100276.Chr_scaffolds.fa.mod.EDTA.TElib.mincopyfiltered.fa
    log: logs/100276_extr_minnflcop.log
    jobid: 567
    reason: Missing output files: /tmp/global2/ssushko/TE_evolution/1001Gp_TE_ANNOT/panTEome_v3_1001Gp/annotation_chr_s/single_genome_EDTA/100276/100276.Chr_scaffolds.fa.mod.EDTA.TElib.mincopyfiltered.fa
    wildcards: sample=100276
    resources: mem_mb=1000, mem_mib=954, disk_mb=1000, disk_mib=954, tmpdir=<TBD>


[Fri Sep  5 14:44:40 2025]
rule extract_min_n_fl_copies:
    input: /tmp/global2/ssushko/TE_evolution/1001Gp_TE_ANNOT/panTEome_v3_1001Gp/annotation_chr_s/single_genome_EDTA/100685/100685.Chr_scaffolds.fa.mod.EDTA.TEanno.sgannot.gff3, /tmp/global2/ssushko/TE_evolution/1001Gp_TE_ANNOT/panTEome_v3_1001Gp/annotation_chr_s/single_genome_EDTA/100685/100685.Chr_scaffolds.fa.mod.EDTA.anno/100685.Chr_scaffolds.fa.mod.EDTA.RM.out
    output: /tmp/global2/ssushko/TE_evolution/1001Gp_TE_ANNOT/panTEome_v3_1001Gp/annotation_chr_s/single_genome_EDTA/100685/100685.Chr_scaffolds.fa.mod.EDTA.TElib.fa.keep.list, /tmp/global2/ssushko/TE_evolution/1001Gp_TE_ANNOT/panTEome_v3_1001Gp/annotation_chr_s/single_genome_EDTA/100685/100685.Chr_scaffolds.fa.mod.EDTA.TElib.mincopyfiltered.fa
    log: logs/100685_extr_minnflcop.log
    jobid: 1015
    reason: Missing output files: /tmp/global2/ssushko/TE_evolution/1001Gp_TE_ANNOT/panTEome_v3_1001Gp/annotation_chr_s/single_genome_EDTA/100685/100685.Chr_scaffolds.fa.mod.EDTA.TElib.mincopyfiltered.fa
    wildcards: sample=100685
    resources: mem_mb=1000, mem_mib=954, disk_mb=1000, disk_mib=954, tmpdir=<TBD>


[Fri Sep  5 14:44:40 2025]
rule extract_min_n_fl_copies:
    input: /tmp/global2/ssushko/TE_evolution/1001Gp_TE_ANNOT/panTEome_v3_1001Gp/annotation_chr_s/single_genome_EDTA/100500/100500.Chr_scaffolds.fa.mod.EDTA.TEanno.sgannot.gff3, /tmp/global2/ssushko/TE_evolution/1001Gp_TE_ANNOT/panTEome_v3_1001Gp/annotation_chr_s/single_genome_EDTA/100500/100500.Chr_scaffolds.fa.mod.EDTA.anno/100500.Chr_scaffolds.fa.mod.EDTA.RM.out
    output: /tmp/global2/ssushko/TE_evolution/1001Gp_TE_ANNOT/panTEome_v3_1001Gp/annotation_chr_s/single_genome_EDTA/100500/100500.Chr_scaffolds.fa.mod.EDTA.TElib.fa.keep.list, /tmp/global2/ssushko/TE_evolution/1001Gp_TE_ANNOT/panTEome_v3_1001Gp/annotation_chr_s/single_genome_EDTA/100500/100500.Chr_scaffolds.fa.mod.EDTA.TElib.mincopyfiltered.fa
    log: logs/100500_extr_minnflcop.log
    jobid: 791
    reason: Missing output files: /tmp/global2/ssushko/TE_evolution/1001Gp_TE_ANNOT/panTEome_v3_1001Gp/annotation_chr_s/single_genome_EDTA/100500/100500.Chr_scaffolds.fa.mod.EDTA.TElib.mincopyfiltered.fa
    wildcards: sample=100500
    resources: mem_mb=1000, mem_mib=954, disk_mb=1000, disk_mib=954, tmpdir=<TBD>


[Fri Sep  5 14:44:40 2025]
rule extract_min_n_fl_copies:
    input: /tmp/global2/ssushko/TE_evolution/1001Gp_TE_ANNOT/panTEome_v3_1001Gp/annotation_chr_s/single_genome_EDTA/100057/100057.Chr_scaffolds.fa.mod.EDTA.TEanno.sgannot.gff3, /tmp/global2/ssushko/TE_evolution/1001Gp_TE_ANNOT/panTEome_v3_1001Gp/annotation_chr_s/single_genome_EDTA/100057/100057.Chr_scaffolds.fa.mod.EDTA.anno/100057.Chr_scaffolds.fa.mod.EDTA.RM.out
    output: /tmp/global2/ssushko/TE_evolution/1001Gp_TE_ANNOT/panTEome_v3_1001Gp/annotation_chr_s/single_genome_EDTA/100057/100057.Chr_scaffolds.fa.mod.EDTA.TElib.fa.keep.list, /tmp/global2/ssushko/TE_evolution/1001Gp_TE_ANNOT/panTEome_v3_1001Gp/annotation_chr_s/single_genome_EDTA/100057/100057.Chr_scaffolds.fa.mod.EDTA.TElib.mincopyfiltered.fa
    log: logs/100057_extr_minnflcop.log
    jobid: 107
    reason: Missing output files: /tmp/global2/ssushko/TE_evolution/1001Gp_TE_ANNOT/panTEome_v3_1001Gp/annotation_chr_s/single_genome_EDTA/100057/100057.Chr_scaffolds.fa.mod.EDTA.TElib.mincopyfiltered.fa
    wildcards: sample=100057
    resources: mem_mb=1000, mem_mib=954, disk_mb=1000, disk_mib=954, tmpdir=<TBD>


[Fri Sep  5 14:44:40 2025]
rule extract_min_n_fl_copies:
    input: /tmp/global2/ssushko/TE_evolution/1001Gp_TE_ANNOT/panTEome_v3_1001Gp/annotation_chr_s/single_genome_EDTA/100769/100769.Chr_scaffolds.fa.mod.EDTA.TEanno.sgannot.gff3, /tmp/global2/ssushko/TE_evolution/1001Gp_TE_ANNOT/panTEome_v3_1001Gp/annotation_chr_s/single_genome_EDTA/100769/100769.Chr_scaffolds.fa.mod.EDTA.anno/100769.Chr_scaffolds.fa.mod.EDTA.RM.out
    output: /tmp/global2/ssushko/TE_evolution/1001Gp_TE_ANNOT/panTEome_v3_1001Gp/annotation_chr_s/single_genome_EDTA/100769/100769.Chr_scaffolds.fa.mod.EDTA.TElib.fa.keep.list, /tmp/global2/ssushko/TE_evolution/1001Gp_TE_ANNOT/panTEome_v3_1001Gp/annotation_chr_s/single_genome_EDTA/100769/100769.Chr_scaffolds.fa.mod.EDTA.TElib.mincopyfiltered.fa
    log: logs/100769_extr_minnflcop.log
    jobid: 1351
    reason: Missing output files: /tmp/global2/ssushko/TE_evolution/1001Gp_TE_ANNOT/panTEome_v3_1001Gp/annotation_chr_s/single_genome_EDTA/100769/100769.Chr_scaffolds.fa.mod.EDTA.TElib.mincopyfiltered.fa
    wildcards: sample=100769
    resources: mem_mb=1000, mem_mib=954, disk_mb=1000, disk_mib=954, tmpdir=<TBD>


[Fri Sep  5 14:44:40 2025]
rule extract_min_n_fl_copies:
    input: /tmp/global2/ssushko/TE_evolution/1001Gp_TE_ANNOT/panTEome_v3_1001Gp/annotation_chr_s/single_genome_EDTA/100973/100973.Chr_scaffolds.fa.mod.EDTA.TEanno.sgannot.gff3, /tmp/global2/ssushko/TE_evolution/1001Gp_TE_ANNOT/panTEome_v3_1001Gp/annotation_chr_s/single_genome_EDTA/100973/100973.Chr_scaffolds.fa.mod.EDTA.anno/100973.Chr_scaffolds.fa.mod.EDTA.RM.out
    output: /tmp/global2/ssushko/TE_evolution/1001Gp_TE_ANNOT/panTEome_v3_1001Gp/annotation_chr_s/single_genome_EDTA/100973/100973.Chr_scaffolds.fa.mod.EDTA.TElib.fa.keep.list, /tmp/global2/ssushko/TE_evolution/1001Gp_TE_ANNOT/panTEome_v3_1001Gp/annotation_chr_s/single_genome_EDTA/100973/100973.Chr_scaffolds.fa.mod.EDTA.TElib.mincopyfiltered.fa
    log: logs/100973_extr_minnflcop.log
    jobid: 2163
    reason: Missing output files: /tmp/global2/ssushko/TE_evolution/1001Gp_TE_ANNOT/panTEome_v3_1001Gp/annotation_chr_s/single_genome_EDTA/100973/100973.Chr_scaffolds.fa.mod.EDTA.TElib.mincopyfiltered.fa
    wildcards: sample=100973
    resources: mem_mb=1000, mem_mib=954, disk_mb=1000, disk_mib=954, tmpdir=<TBD>


[Fri Sep  5 14:44:40 2025]
rule extract_min_n_fl_copies:
    input: /tmp/global2/ssushko/TE_evolution/1001Gp_TE_ANNOT/panTEome_v3_1001Gp/annotation_chr_s/single_genome_EDTA/100025/100025.Chr_scaffolds.fa.mod.EDTA.TEanno.sgannot.gff3, /tmp/global2/ssushko/TE_evolution/1001Gp_TE_ANNOT/panTEome_v3_1001Gp/annotation_chr_s/single_genome_EDTA/100025/100025.Chr_scaffolds.fa.mod.EDTA.anno/100025.Chr_scaffolds.fa.mod.EDTA.RM.out
    output: /tmp/global2/ssushko/TE_evolution/1001Gp_TE_ANNOT/panTEome_v3_1001Gp/annotation_chr_s/single_genome_EDTA/100025/100025.Chr_scaffolds.fa.mod.EDTA.TElib.fa.keep.list, /tmp/global2/ssushko/TE_evolution/1001Gp_TE_ANNOT/panTEome_v3_1001Gp/annotation_chr_s/single_genome_EDTA/100025/100025.Chr_scaffolds.fa.mod.EDTA.TElib.mincopyfiltered.fa
    log: logs/100025_extr_minnflcop.log
    jobid: 23
    reason: Missing output files: /tmp/global2/ssushko/TE_evolution/1001Gp_TE_ANNOT/panTEome_v3_1001Gp/annotation_chr_s/single_genome_EDTA/100025/100025.Chr_scaffolds.fa.mod.EDTA.TElib.mincopyfiltered.fa
    wildcards: sample=100025
    resources: mem_mb=1000, mem_mib=954, disk_mb=1000, disk_mib=954, tmpdir=<TBD>


[Fri Sep  5 14:44:40 2025]
rule extract_min_n_fl_copies:
    input: /tmp/global2/ssushko/TE_evolution/1001Gp_TE_ANNOT/panTEome_v3_1001Gp/annotation_chr_s/single_genome_EDTA/101036/101036.Chr_scaffolds.fa.mod.EDTA.TEanno.sgannot.gff3, /tmp/global2/ssushko/TE_evolution/1001Gp_TE_ANNOT/panTEome_v3_1001Gp/annotation_chr_s/single_genome_EDTA/101036/101036.Chr_scaffolds.fa.mod.EDTA.anno/101036.Chr_scaffolds.fa.mod.EDTA.RM.out
    output: /tmp/global2/ssushko/TE_evolution/1001Gp_TE_ANNOT/panTEome_v3_1001Gp/annotation_chr_s/single_genome_EDTA/101036/101036.Chr_scaffolds.fa.mod.EDTA.TElib.fa.keep.list, /tmp/global2/ssushko/TE_evolution/1001Gp_TE_ANNOT/panTEome_v3_1001Gp/annotation_chr_s/single_genome_EDTA/101036/101036.Chr_scaffolds.fa.mod.EDTA.TElib.mincopyfiltered.fa
    log: logs/101036_extr_minnflcop.log
    jobid: 2415
    reason: Missing output files: /tmp/global2/ssushko/TE_evolution/1001Gp_TE_ANNOT/panTEome_v3_1001Gp/annotation_chr_s/single_genome_EDTA/101036/101036.Chr_scaffolds.fa.mod.EDTA.TElib.mincopyfiltered.fa
    wildcards: sample=101036
    resources: mem_mb=1000, mem_mib=954, disk_mb=1000, disk_mib=954, tmpdir=<TBD>


[Fri Sep  5 14:44:40 2025]
rule extract_min_n_fl_copies:
    input: /tmp/global2/ssushko/TE_evolution/1001Gp_TE_ANNOT/panTEome_v3_1001Gp/annotation_chr_s/single_genome_EDTA/100734/100734.Chr_scaffolds.fa.mod.EDTA.TEanno.sgannot.gff3, /tmp/global2/ssushko/TE_evolution/1001Gp_TE_ANNOT/panTEome_v3_1001Gp/annotation_chr_s/single_genome_EDTA/100734/100734.Chr_scaffolds.fa.mod.EDTA.anno/100734.Chr_scaffolds.fa.mod.EDTA.RM.out
    output: /tmp/global2/ssushko/TE_evolution/1001Gp_TE_ANNOT/panTEome_v3_1001Gp/annotation_chr_s/single_genome_EDTA/100734/100734.Chr_scaffolds.fa.mod.EDTA.TElib.fa.keep.list, /tmp/global2/ssushko/TE_evolution/1001Gp_TE_ANNOT/panTEome_v3_1001Gp/annotation_chr_s/single_genome_EDTA/100734/100734.Chr_scaffolds.fa.mod.EDTA.TElib.mincopyfiltered.fa
    log: logs/100734_extr_minnflcop.log
    jobid: 1211
    reason: Missing output files: /tmp/global2/ssushko/TE_evolution/1001Gp_TE_ANNOT/panTEome_v3_1001Gp/annotation_chr_s/single_genome_EDTA/100734/100734.Chr_scaffolds.fa.mod.EDTA.TElib.mincopyfiltered.fa
    wildcards: sample=100734
    resources: mem_mb=1000, mem_mib=954, disk_mb=1000, disk_mib=954, tmpdir=<TBD>


[Fri Sep  5 14:44:40 2025]
rule extract_min_n_fl_copies:
    input: /tmp/global2/ssushko/TE_evolution/1001Gp_TE_ANNOT/panTEome_v3_1001Gp/annotation_chr_s/single_genome_EDTA/100833/100833.Chr_scaffolds.fa.mod.EDTA.TEanno.sgannot.gff3, /tmp/global2/ssushko/TE_evolution/1001Gp_TE_ANNOT/panTEome_v3_1001Gp/annotation_chr_s/single_genome_EDTA/100833/100833.Chr_scaffolds.fa.mod.EDTA.anno/100833.Chr_scaffolds.fa.mod.EDTA.RM.out
    output: /tmp/global2/ssushko/TE_evolution/1001Gp_TE_ANNOT/panTEome_v3_1001Gp/annotation_chr_s/single_genome_EDTA/100833/100833.Chr_scaffolds.fa.mod.EDTA.TElib.fa.keep.list, /tmp/global2/ssushko/TE_evolution/1001Gp_TE_ANNOT/panTEome_v3_1001Gp/annotation_chr_s/single_genome_EDTA/100833/100833.Chr_scaffolds.fa.mod.EDTA.TElib.mincopyfiltered.fa
    log: logs/100833_extr_minnflcop.log
    jobid: 1603
    reason: Missing output files: /tmp/global2/ssushko/TE_evolution/1001Gp_TE_ANNOT/panTEome_v3_1001Gp/annotation_chr_s/single_genome_EDTA/100833/100833.Chr_scaffolds.fa.mod.EDTA.TElib.mincopyfiltered.fa
    wildcards: sample=100833
    resources: mem_mb=1000, mem_mib=954, disk_mb=1000, disk_mib=954, tmpdir=<TBD>


[Fri Sep  5 14:44:40 2025]
rule extract_min_n_fl_copies:
    input: /tmp/global2/ssushko/TE_evolution/1001Gp_TE_ANNOT/panTEome_v3_1001Gp/annotation_chr_s/single_genome_EDTA/100896/100896.Chr_scaffolds.fa.mod.EDTA.TEanno.sgannot.gff3, /tmp/global2/ssushko/TE_evolution/1001Gp_TE_ANNOT/panTEome_v3_1001Gp/annotation_chr_s/single_genome_EDTA/100896/100896.Chr_scaffolds.fa.mod.EDTA.anno/100896.Chr_scaffolds.fa.mod.EDTA.RM.out
    output: /tmp/global2/ssushko/TE_evolution/1001Gp_TE_ANNOT/panTEome_v3_1001Gp/annotation_chr_s/single_genome_EDTA/100896/100896.Chr_scaffolds.fa.mod.EDTA.TElib.fa.keep.list, /tmp/global2/ssushko/TE_evolution/1001Gp_TE_ANNOT/panTEome_v3_1001Gp/annotation_chr_s/single_genome_EDTA/100896/100896.Chr_scaffolds.fa.mod.EDTA.TElib.mincopyfiltered.fa
    log: logs/100896_extr_minnflcop.log
    jobid: 1855
    reason: Missing output files: /tmp/global2/ssushko/TE_evolution/1001Gp_TE_ANNOT/panTEome_v3_1001Gp/annotation_chr_s/single_genome_EDTA/100896/100896.Chr_scaffolds.fa.mod.EDTA.TElib.mincopyfiltered.fa
    wildcards: sample=100896
    resources: mem_mb=1000, mem_mib=954, disk_mb=1000, disk_mib=954, tmpdir=<TBD>


[Fri Sep  5 14:44:40 2025]
rule extract_min_n_fl_copies:
    input: /tmp/global2/ssushko/TE_evolution/1001Gp_TE_ANNOT/panTEome_v3_1001Gp/annotation_chr_s/single_genome_EDTA/100991/100991.Chr_scaffolds.fa.mod.EDTA.TEanno.sgannot.gff3, /tmp/global2/ssushko/TE_evolution/1001Gp_TE_ANNOT/panTEome_v3_1001Gp/annotation_chr_s/single_genome_EDTA/100991/100991.Chr_scaffolds.fa.mod.EDTA.anno/100991.Chr_scaffolds.fa.mod.EDTA.RM.out
    output: /tmp/global2/ssushko/TE_evolution/1001Gp_TE_ANNOT/panTEome_v3_1001Gp/annotation_chr_s/single_genome_EDTA/100991/100991.Chr_scaffolds.fa.mod.EDTA.TElib.fa.keep.list, /tmp/global2/ssushko/TE_evolution/1001Gp_TE_ANNOT/panTEome_v3_1001Gp/annotation_chr_s/single_genome_EDTA/100991/100991.Chr_scaffolds.fa.mod.EDTA.TElib.mincopyfiltered.fa
    log: logs/100991_extr_minnflcop.log
    jobid: 2235
    reason: Missing output files: /tmp/global2/ssushko/TE_evolution/1001Gp_TE_ANNOT/panTEome_v3_1001Gp/annotation_chr_s/single_genome_EDTA/100991/100991.Chr_scaffolds.fa.mod.EDTA.TElib.mincopyfiltered.fa
    wildcards: sample=100991
    resources: mem_mb=1000, mem_mib=954, disk_mb=1000, disk_mib=954, tmpdir=<TBD>


[Fri Sep  5 14:44:40 2025]
rule extract_min_n_fl_copies:
    input: /tmp/global2/ssushko/TE_evolution/1001Gp_TE_ANNOT/panTEome_v3_1001Gp/annotation_chr_s/single_genome_EDTA/100710/100710.Chr_scaffolds.fa.mod.EDTA.TEanno.sgannot.gff3, /tmp/global2/ssushko/TE_evolution/1001Gp_TE_ANNOT/panTEome_v3_1001Gp/annotation_chr_s/single_genome_EDTA/100710/100710.Chr_scaffolds.fa.mod.EDTA.anno/100710.Chr_scaffolds.fa.mod.EDTA.RM.out
    output: /tmp/global2/ssushko/TE_evolution/1001Gp_TE_ANNOT/panTEome_v3_1001Gp/annotation_chr_s/single_genome_EDTA/100710/100710.Chr_scaffolds.fa.mod.EDTA.TElib.fa.keep.list, /tmp/global2/ssushko/TE_evolution/1001Gp_TE_ANNOT/panTEome_v3_1001Gp/annotation_chr_s/single_genome_EDTA/100710/100710.Chr_scaffolds.fa.mod.EDTA.TElib.mincopyfiltered.fa
    log: logs/100710_extr_minnflcop.log
    jobid: 1115
    reason: Missing output files: /tmp/global2/ssushko/TE_evolution/1001Gp_TE_ANNOT/panTEome_v3_1001Gp/annotation_chr_s/single_genome_EDTA/100710/100710.Chr_scaffolds.fa.mod.EDTA.TElib.mincopyfiltered.fa
    wildcards: sample=100710
    resources: mem_mb=1000, mem_mib=954, disk_mb=1000, disk_mib=954, tmpdir=<TBD>


[Fri Sep  5 14:44:40 2025]
rule extract_min_n_fl_copies:
    input: /tmp/global2/ssushko/TE_evolution/1001Gp_TE_ANNOT/panTEome_v3_1001Gp/annotation_chr_s/single_genome_EDTA/100752/100752.Chr_scaffolds.fa.mod.EDTA.TEanno.sgannot.gff3, /tmp/global2/ssushko/TE_evolution/1001Gp_TE_ANNOT/panTEome_v3_1001Gp/annotation_chr_s/single_genome_EDTA/100752/100752.Chr_scaffolds.fa.mod.EDTA.anno/100752.Chr_scaffolds.fa.mod.EDTA.RM.out
    output: /tmp/global2/ssushko/TE_evolution/1001Gp_TE_ANNOT/panTEome_v3_1001Gp/annotation_chr_s/single_genome_EDTA/100752/100752.Chr_scaffolds.fa.mod.EDTA.TElib.fa.keep.list, /tmp/global2/ssushko/TE_evolution/1001Gp_TE_ANNOT/panTEome_v3_1001Gp/annotation_chr_s/single_genome_EDTA/100752/100752.Chr_scaffolds.fa.mod.EDTA.TElib.mincopyfiltered.fa
    log: logs/100752_extr_minnflcop.log
    jobid: 1283
    reason: Missing output files: /tmp/global2/ssushko/TE_evolution/1001Gp_TE_ANNOT/panTEome_v3_1001Gp/annotation_chr_s/single_genome_EDTA/100752/100752.Chr_scaffolds.fa.mod.EDTA.TElib.mincopyfiltered.fa
    wildcards: sample=100752
    resources: mem_mb=1000, mem_mib=954, disk_mb=1000, disk_mib=954, tmpdir=<TBD>


[Fri Sep  5 14:44:40 2025]
rule extract_min_n_fl_copies:
    input: /tmp/global2/ssushko/TE_evolution/1001Gp_TE_ANNOT/panTEome_v3_1001Gp/annotation_chr_s/single_genome_EDTA/100082/100082.Chr_scaffolds.fa.mod.EDTA.TEanno.sgannot.gff3, /tmp/global2/ssushko/TE_evolution/1001Gp_TE_ANNOT/panTEome_v3_1001Gp/annotation_chr_s/single_genome_EDTA/100082/100082.Chr_scaffolds.fa.mod.EDTA.anno/100082.Chr_scaffolds.fa.mod.EDTA.RM.out
    output: /tmp/global2/ssushko/TE_evolution/1001Gp_TE_ANNOT/panTEome_v3_1001Gp/annotation_chr_s/single_genome_EDTA/100082/100082.Chr_scaffolds.fa.mod.EDTA.TElib.fa.keep.list, /tmp/global2/ssushko/TE_evolution/1001Gp_TE_ANNOT/panTEome_v3_1001Gp/annotation_chr_s/single_genome_EDTA/100082/100082.Chr_scaffolds.fa.mod.EDTA.TElib.mincopyfiltered.fa
    log: logs/100082_extr_minnflcop.log
    jobid: 207
    reason: Missing output files: /tmp/global2/ssushko/TE_evolution/1001Gp_TE_ANNOT/panTEome_v3_1001Gp/annotation_chr_s/single_genome_EDTA/100082/100082.Chr_scaffolds.fa.mod.EDTA.TElib.mincopyfiltered.fa
    wildcards: sample=100082
    resources: mem_mb=1000, mem_mib=954, disk_mb=1000, disk_mib=954, tmpdir=<TBD>


[Fri Sep  5 14:44:40 2025]
rule extract_min_n_fl_copies:
    input: /tmp/global2/ssushko/TE_evolution/1001Gp_TE_ANNOT/panTEome_v3_1001Gp/annotation_chr_s/single_genome_EDTA/100717/100717.Chr_scaffolds.fa.mod.EDTA.TEanno.sgannot.gff3, /tmp/global2/ssushko/TE_evolution/1001Gp_TE_ANNOT/panTEome_v3_1001Gp/annotation_chr_s/single_genome_EDTA/100717/100717.Chr_scaffolds.fa.mod.EDTA.anno/100717.Chr_scaffolds.fa.mod.EDTA.RM.out
    output: /tmp/global2/ssushko/TE_evolution/1001Gp_TE_ANNOT/panTEome_v3_1001Gp/annotation_chr_s/single_genome_EDTA/100717/100717.Chr_scaffolds.fa.mod.EDTA.TElib.fa.keep.list, /tmp/global2/ssushko/TE_evolution/1001Gp_TE_ANNOT/panTEome_v3_1001Gp/annotation_chr_s/single_genome_EDTA/100717/100717.Chr_scaffolds.fa.mod.EDTA.TElib.mincopyfiltered.fa
    log: logs/100717_extr_minnflcop.log
    jobid: 1143
    reason: Missing output files: /tmp/global2/ssushko/TE_evolution/1001Gp_TE_ANNOT/panTEome_v3_1001Gp/annotation_chr_s/single_genome_EDTA/100717/100717.Chr_scaffolds.fa.mod.EDTA.TElib.mincopyfiltered.fa
    wildcards: sample=100717
    resources: mem_mb=1000, mem_mib=954, disk_mb=1000, disk_mib=954, tmpdir=<TBD>


[Fri Sep  5 14:44:40 2025]
rule extract_min_n_fl_copies:
    input: /tmp/global2/ssushko/TE_evolution/1001Gp_TE_ANNOT/panTEome_v3_1001Gp/annotation_chr_s/single_genome_EDTA/100781/100781.Chr_scaffolds.fa.mod.EDTA.TEanno.sgannot.gff3, /tmp/global2/ssushko/TE_evolution/1001Gp_TE_ANNOT/panTEome_v3_1001Gp/annotation_chr_s/single_genome_EDTA/100781/100781.Chr_scaffolds.fa.mod.EDTA.anno/100781.Chr_scaffolds.fa.mod.EDTA.RM.out
    output: /tmp/global2/ssushko/TE_evolution/1001Gp_TE_ANNOT/panTEome_v3_1001Gp/annotation_chr_s/single_genome_EDTA/100781/100781.Chr_scaffolds.fa.mod.EDTA.TElib.fa.keep.list, /tmp/global2/ssushko/TE_evolution/1001Gp_TE_ANNOT/panTEome_v3_1001Gp/annotation_chr_s/single_genome_EDTA/100781/100781.Chr_scaffolds.fa.mod.EDTA.TElib.mincopyfiltered.fa
    log: logs/100781_extr_minnflcop.log
    jobid: 1395
    reason: Missing output files: /tmp/global2/ssushko/TE_evolution/1001Gp_TE_ANNOT/panTEome_v3_1001Gp/annotation_chr_s/single_genome_EDTA/100781/100781.Chr_scaffolds.fa.mod.EDTA.TElib.mincopyfiltered.fa
    wildcards: sample=100781
    resources: mem_mb=1000, mem_mib=954, disk_mb=1000, disk_mib=954, tmpdir=<TBD>


[Fri Sep  5 14:44:40 2025]
rule extract_min_n_fl_copies:
    input: /tmp/global2/ssushko/TE_evolution/1001Gp_TE_ANNOT/panTEome_v3_1001Gp/annotation_chr_s/single_genome_EDTA/100689/100689.Chr_scaffolds.fa.mod.EDTA.TEanno.sgannot.gff3, /tmp/global2/ssushko/TE_evolution/1001Gp_TE_ANNOT/panTEome_v3_1001Gp/annotation_chr_s/single_genome_EDTA/100689/100689.Chr_scaffolds.fa.mod.EDTA.anno/100689.Chr_scaffolds.fa.mod.EDTA.RM.out
    output: /tmp/global2/ssushko/TE_evolution/1001Gp_TE_ANNOT/panTEome_v3_1001Gp/annotation_chr_s/single_genome_EDTA/100689/100689.Chr_scaffolds.fa.mod.EDTA.TElib.fa.keep.list, /tmp/global2/ssushko/TE_evolution/1001Gp_TE_ANNOT/panTEome_v3_1001Gp/annotation_chr_s/single_genome_EDTA/100689/100689.Chr_scaffolds.fa.mod.EDTA.TElib.mincopyfiltered.fa
    log: logs/100689_extr_minnflcop.log
    jobid: 1031
    reason: Missing output files: /tmp/global2/ssushko/TE_evolution/1001Gp_TE_ANNOT/panTEome_v3_1001Gp/annotation_chr_s/single_genome_EDTA/100689/100689.Chr_scaffolds.fa.mod.EDTA.TElib.mincopyfiltered.fa
    wildcards: sample=100689
    resources: mem_mb=1000, mem_mib=954, disk_mb=1000, disk_mib=954, tmpdir=<TBD>


[Fri Sep  5 14:44:40 2025]
rule extract_min_n_fl_copies:
    input: /tmp/global2/ssushko/TE_evolution/1001Gp_TE_ANNOT/panTEome_v3_1001Gp/annotation_chr_s/single_genome_EDTA/100984/100984.Chr_scaffolds.fa.mod.EDTA.TEanno.sgannot.gff3, /tmp/global2/ssushko/TE_evolution/1001Gp_TE_ANNOT/panTEome_v3_1001Gp/annotation_chr_s/single_genome_EDTA/100984/100984.Chr_scaffolds.fa.mod.EDTA.anno/100984.Chr_scaffolds.fa.mod.EDTA.RM.out
    output: /tmp/global2/ssushko/TE_evolution/1001Gp_TE_ANNOT/panTEome_v3_1001Gp/annotation_chr_s/single_genome_EDTA/100984/100984.Chr_scaffolds.fa.mod.EDTA.TElib.fa.keep.list, /tmp/global2/ssushko/TE_evolution/1001Gp_TE_ANNOT/panTEome_v3_1001Gp/annotation_chr_s/single_genome_EDTA/100984/100984.Chr_scaffolds.fa.mod.EDTA.TElib.mincopyfiltered.fa
    log: logs/100984_extr_minnflcop.log
    jobid: 2207
    reason: Missing output files: /tmp/global2/ssushko/TE_evolution/1001Gp_TE_ANNOT/panTEome_v3_1001Gp/annotation_chr_s/single_genome_EDTA/100984/100984.Chr_scaffolds.fa.mod.EDTA.TElib.mincopyfiltered.fa
    wildcards: sample=100984
    resources: mem_mb=1000, mem_mib=954, disk_mb=1000, disk_mib=954, tmpdir=<TBD>


[Fri Sep  5 14:44:40 2025]
rule extract_min_n_fl_copies:
    input: /tmp/global2/ssushko/TE_evolution/1001Gp_TE_ANNOT/panTEome_v3_1001Gp/annotation_chr_s/single_genome_EDTA/100886/100886.Chr_scaffolds.fa.mod.EDTA.TEanno.sgannot.gff3, /tmp/global2/ssushko/TE_evolution/1001Gp_TE_ANNOT/panTEome_v3_1001Gp/annotation_chr_s/single_genome_EDTA/100886/100886.Chr_scaffolds.fa.mod.EDTA.anno/100886.Chr_scaffolds.fa.mod.EDTA.RM.out
    output: /tmp/global2/ssushko/TE_evolution/1001Gp_TE_ANNOT/panTEome_v3_1001Gp/annotation_chr_s/single_genome_EDTA/100886/100886.Chr_scaffolds.fa.mod.EDTA.TElib.fa.keep.list, /tmp/global2/ssushko/TE_evolution/1001Gp_TE_ANNOT/panTEome_v3_1001Gp/annotation_chr_s/single_genome_EDTA/100886/100886.Chr_scaffolds.fa.mod.EDTA.TElib.mincopyfiltered.fa
    log: logs/100886_extr_minnflcop.log
    jobid: 1815
    reason: Missing output files: /tmp/global2/ssushko/TE_evolution/1001Gp_TE_ANNOT/panTEome_v3_1001Gp/annotation_chr_s/single_genome_EDTA/100886/100886.Chr_scaffolds.fa.mod.EDTA.TElib.mincopyfiltered.fa
    wildcards: sample=100886
    resources: mem_mb=1000, mem_mib=954, disk_mb=1000, disk_mib=954, tmpdir=<TBD>


[Fri Sep  5 14:44:40 2025]
rule extract_min_n_fl_copies:
    input: /tmp/global2/ssushko/TE_evolution/1001Gp_TE_ANNOT/panTEome_v3_1001Gp/annotation_chr_s/single_genome_EDTA/100772/100772.Chr_scaffolds.fa.mod.EDTA.TEanno.sgannot.gff3, /tmp/global2/ssushko/TE_evolution/1001Gp_TE_ANNOT/panTEome_v3_1001Gp/annotation_chr_s/single_genome_EDTA/100772/100772.Chr_scaffolds.fa.mod.EDTA.anno/100772.Chr_scaffolds.fa.mod.EDTA.RM.out
    output: /tmp/global2/ssushko/TE_evolution/1001Gp_TE_ANNOT/panTEome_v3_1001Gp/annotation_chr_s/single_genome_EDTA/100772/100772.Chr_scaffolds.fa.mod.EDTA.TElib.fa.keep.list, /tmp/global2/ssushko/TE_evolution/1001Gp_TE_ANNOT/panTEome_v3_1001Gp/annotation_chr_s/single_genome_EDTA/100772/100772.Chr_scaffolds.fa.mod.EDTA.TElib.mincopyfiltered.fa
    log: logs/100772_extr_minnflcop.log
    jobid: 1359
    reason: Missing output files: /tmp/global2/ssushko/TE_evolution/1001Gp_TE_ANNOT/panTEome_v3_1001Gp/annotation_chr_s/single_genome_EDTA/100772/100772.Chr_scaffolds.fa.mod.EDTA.TElib.mincopyfiltered.fa
    wildcards: sample=100772
    resources: mem_mb=1000, mem_mib=954, disk_mb=1000, disk_mib=954, tmpdir=<TBD>


[Fri Sep  5 14:44:40 2025]
rule extract_min_n_fl_copies:
    input: /tmp/global2/ssushko/TE_evolution/1001Gp_TE_ANNOT/panTEome_v3_1001Gp/annotation_chr_s/single_genome_EDTA/100201/100201.Chr_scaffolds.fa.mod.EDTA.TEanno.sgannot.gff3, /tmp/global2/ssushko/TE_evolution/1001Gp_TE_ANNOT/panTEome_v3_1001Gp/annotation_chr_s/single_genome_EDTA/100201/100201.Chr_scaffolds.fa.mod.EDTA.anno/100201.Chr_scaffolds.fa.mod.EDTA.RM.out
    output: /tmp/global2/ssushko/TE_evolution/1001Gp_TE_ANNOT/panTEome_v3_1001Gp/annotation_chr_s/single_genome_EDTA/100201/100201.Chr_scaffolds.fa.mod.EDTA.TElib.fa.keep.list, /tmp/global2/ssushko/TE_evolution/1001Gp_TE_ANNOT/panTEome_v3_1001Gp/annotation_chr_s/single_genome_EDTA/100201/100201.Chr_scaffolds.fa.mod.EDTA.TElib.mincopyfiltered.fa
    log: logs/100201_extr_minnflcop.log
    jobid: 515
    reason: Missing output files: /tmp/global2/ssushko/TE_evolution/1001Gp_TE_ANNOT/panTEome_v3_1001Gp/annotation_chr_s/single_genome_EDTA/100201/100201.Chr_scaffolds.fa.mod.EDTA.TElib.mincopyfiltered.fa
    wildcards: sample=100201
    resources: mem_mb=1000, mem_mib=954, disk_mb=1000, disk_mib=954, tmpdir=<TBD>


[Fri Sep  5 14:44:40 2025]
rule extract_min_n_fl_copies:
    input: /tmp/global2/ssushko/TE_evolution/1001Gp_TE_ANNOT/panTEome_v3_1001Gp/annotation_chr_s/single_genome_EDTA/100278/100278.Chr_scaffolds.fa.mod.EDTA.TEanno.sgannot.gff3, /tmp/global2/ssushko/TE_evolution/1001Gp_TE_ANNOT/panTEome_v3_1001Gp/annotation_chr_s/single_genome_EDTA/100278/100278.Chr_scaffolds.fa.mod.EDTA.anno/100278.Chr_scaffolds.fa.mod.EDTA.RM.out
    output: /tmp/global2/ssushko/TE_evolution/1001Gp_TE_ANNOT/panTEome_v3_1001Gp/annotation_chr_s/single_genome_EDTA/100278/100278.Chr_scaffolds.fa.mod.EDTA.TElib.fa.keep.list, /tmp/global2/ssushko/TE_evolution/1001Gp_TE_ANNOT/panTEome_v3_1001Gp/annotation_chr_s/single_genome_EDTA/100278/100278.Chr_scaffolds.fa.mod.EDTA.TElib.mincopyfiltered.fa
    log: logs/100278_extr_minnflcop.log
    jobid: 571
    reason: Missing output files: /tmp/global2/ssushko/TE_evolution/1001Gp_TE_ANNOT/panTEome_v3_1001Gp/annotation_chr_s/single_genome_EDTA/100278/100278.Chr_scaffolds.fa.mod.EDTA.TElib.mincopyfiltered.fa
    wildcards: sample=100278
    resources: mem_mb=1000, mem_mib=954, disk_mb=1000, disk_mib=954, tmpdir=<TBD>


[Fri Sep  5 14:44:40 2025]
rule extract_min_n_fl_copies:
    input: /tmp/global2/ssushko/TE_evolution/1001Gp_TE_ANNOT/panTEome_v3_1001Gp/annotation_chr_s/single_genome_EDTA/100942/100942.Chr_scaffolds.fa.mod.EDTA.TEanno.sgannot.gff3, /tmp/global2/ssushko/TE_evolution/1001Gp_TE_ANNOT/panTEome_v3_1001Gp/annotation_chr_s/single_genome_EDTA/100942/100942.Chr_scaffolds.fa.mod.EDTA.anno/100942.Chr_scaffolds.fa.mod.EDTA.RM.out
    output: /tmp/global2/ssushko/TE_evolution/1001Gp_TE_ANNOT/panTEome_v3_1001Gp/annotation_chr_s/single_genome_EDTA/100942/100942.Chr_scaffolds.fa.mod.EDTA.TElib.fa.keep.list, /tmp/global2/ssushko/TE_evolution/1001Gp_TE_ANNOT/panTEome_v3_1001Gp/annotation_chr_s/single_genome_EDTA/100942/100942.Chr_scaffolds.fa.mod.EDTA.TElib.mincopyfiltered.fa
    log: logs/100942_extr_minnflcop.log
    jobid: 2039
    reason: Missing output files: /tmp/global2/ssushko/TE_evolution/1001Gp_TE_ANNOT/panTEome_v3_1001Gp/annotation_chr_s/single_genome_EDTA/100942/100942.Chr_scaffolds.fa.mod.EDTA.TElib.mincopyfiltered.fa
    wildcards: sample=100942
    resources: mem_mb=1000, mem_mib=954, disk_mb=1000, disk_mib=954, tmpdir=<TBD>


[Fri Sep  5 14:44:40 2025]
rule extract_min_n_fl_copies:
    input: /tmp/global2/ssushko/TE_evolution/1001Gp_TE_ANNOT/panTEome_v3_1001Gp/annotation_chr_s/single_genome_EDTA/100503/100503.Chr_scaffolds.fa.mod.EDTA.TEanno.sgannot.gff3, /tmp/global2/ssushko/TE_evolution/1001Gp_TE_ANNOT/panTEome_v3_1001Gp/annotation_chr_s/single_genome_EDTA/100503/100503.Chr_scaffolds.fa.mod.EDTA.anno/100503.Chr_scaffolds.fa.mod.EDTA.RM.out
    output: /tmp/global2/ssushko/TE_evolution/1001Gp_TE_ANNOT/panTEome_v3_1001Gp/annotation_chr_s/single_genome_EDTA/100503/100503.Chr_scaffolds.fa.mod.EDTA.TElib.fa.keep.list, /tmp/global2/ssushko/TE_evolution/1001Gp_TE_ANNOT/panTEome_v3_1001Gp/annotation_chr_s/single_genome_EDTA/100503/100503.Chr_scaffolds.fa.mod.EDTA.TElib.mincopyfiltered.fa
    log: logs/100503_extr_minnflcop.log
    jobid: 795
    reason: Missing output files: /tmp/global2/ssushko/TE_evolution/1001Gp_TE_ANNOT/panTEome_v3_1001Gp/annotation_chr_s/single_genome_EDTA/100503/100503.Chr_scaffolds.fa.mod.EDTA.TElib.mincopyfiltered.fa
    wildcards: sample=100503
    resources: mem_mb=1000, mem_mib=954, disk_mb=1000, disk_mib=954, tmpdir=<TBD>


[Fri Sep  5 14:44:40 2025]
rule extract_min_n_fl_copies:
    input: /tmp/global2/ssushko/TE_evolution/1001Gp_TE_ANNOT/panTEome_v3_1001Gp/annotation_chr_s/single_genome_EDTA/100058/100058.Chr_scaffolds.fa.mod.EDTA.TEanno.sgannot.gff3, /tmp/global2/ssushko/TE_evolution/1001Gp_TE_ANNOT/panTEome_v3_1001Gp/annotation_chr_s/single_genome_EDTA/100058/100058.Chr_scaffolds.fa.mod.EDTA.anno/100058.Chr_scaffolds.fa.mod.EDTA.RM.out
    output: /tmp/global2/ssushko/TE_evolution/1001Gp_TE_ANNOT/panTEome_v3_1001Gp/annotation_chr_s/single_genome_EDTA/100058/100058.Chr_scaffolds.fa.mod.EDTA.TElib.fa.keep.list, /tmp/global2/ssushko/TE_evolution/1001Gp_TE_ANNOT/panTEome_v3_1001Gp/annotation_chr_s/single_genome_EDTA/100058/100058.Chr_scaffolds.fa.mod.EDTA.TElib.mincopyfiltered.fa
    log: logs/100058_extr_minnflcop.log
    jobid: 111
    reason: Missing output files: /tmp/global2/ssushko/TE_evolution/1001Gp_TE_ANNOT/panTEome_v3_1001Gp/annotation_chr_s/single_genome_EDTA/100058/100058.Chr_scaffolds.fa.mod.EDTA.TElib.mincopyfiltered.fa
    wildcards: sample=100058
    resources: mem_mb=1000, mem_mib=954, disk_mb=1000, disk_mib=954, tmpdir=<TBD>


[Fri Sep  5 14:44:40 2025]
rule extract_min_n_fl_copies:
    input: /tmp/global2/ssushko/TE_evolution/1001Gp_TE_ANNOT/panTEome_v3_1001Gp/annotation_chr_s/single_genome_EDTA/100770/100770.Chr_scaffolds.fa.mod.EDTA.TEanno.sgannot.gff3, /tmp/global2/ssushko/TE_evolution/1001Gp_TE_ANNOT/panTEome_v3_1001Gp/annotation_chr_s/single_genome_EDTA/100770/100770.Chr_scaffolds.fa.mod.EDTA.anno/100770.Chr_scaffolds.fa.mod.EDTA.RM.out
    output: /tmp/global2/ssushko/TE_evolution/1001Gp_TE_ANNOT/panTEome_v3_1001Gp/annotation_chr_s/single_genome_EDTA/100770/100770.Chr_scaffolds.fa.mod.EDTA.TElib.fa.keep.list, /tmp/global2/ssushko/TE_evolution/1001Gp_TE_ANNOT/panTEome_v3_1001Gp/annotation_chr_s/single_genome_EDTA/100770/100770.Chr_scaffolds.fa.mod.EDTA.TElib.mincopyfiltered.fa
    log: logs/100770_extr_minnflcop.log
    jobid: 1355
    reason: Missing output files: /tmp/global2/ssushko/TE_evolution/1001Gp_TE_ANNOT/panTEome_v3_1001Gp/annotation_chr_s/single_genome_EDTA/100770/100770.Chr_scaffolds.fa.mod.EDTA.TElib.mincopyfiltered.fa
    wildcards: sample=100770
    resources: mem_mb=1000, mem_mib=954, disk_mb=1000, disk_mib=954, tmpdir=<TBD>


[Fri Sep  5 14:44:40 2025]
rule extract_min_n_fl_copies:
    input: /tmp/global2/ssushko/TE_evolution/1001Gp_TE_ANNOT/panTEome_v3_1001Gp/annotation_chr_s/single_genome_EDTA/100027/100027.Chr_scaffolds.fa.mod.EDTA.TEanno.sgannot.gff3, /tmp/global2/ssushko/TE_evolution/1001Gp_TE_ANNOT/panTEome_v3_1001Gp/annotation_chr_s/single_genome_EDTA/100027/100027.Chr_scaffolds.fa.mod.EDTA.anno/100027.Chr_scaffolds.fa.mod.EDTA.RM.out
    output: /tmp/global2/ssushko/TE_evolution/1001Gp_TE_ANNOT/panTEome_v3_1001Gp/annotation_chr_s/single_genome_EDTA/100027/100027.Chr_scaffolds.fa.mod.EDTA.TElib.fa.keep.list, /tmp/global2/ssushko/TE_evolution/1001Gp_TE_ANNOT/panTEome_v3_1001Gp/annotation_chr_s/single_genome_EDTA/100027/100027.Chr_scaffolds.fa.mod.EDTA.TElib.mincopyfiltered.fa
    log: logs/100027_extr_minnflcop.log
    jobid: 27
    reason: Missing output files: /tmp/global2/ssushko/TE_evolution/1001Gp_TE_ANNOT/panTEome_v3_1001Gp/annotation_chr_s/single_genome_EDTA/100027/100027.Chr_scaffolds.fa.mod.EDTA.TElib.mincopyfiltered.fa
    wildcards: sample=100027
    resources: mem_mb=1000, mem_mib=954, disk_mb=1000, disk_mib=954, tmpdir=<TBD>


[Fri Sep  5 14:44:40 2025]
rule extract_min_n_fl_copies:
    input: /tmp/global2/ssushko/TE_evolution/1001Gp_TE_ANNOT/panTEome_v3_1001Gp/annotation_chr_s/single_genome_EDTA/100897/100897.Chr_scaffolds.fa.mod.EDTA.TEanno.sgannot.gff3, /tmp/global2/ssushko/TE_evolution/1001Gp_TE_ANNOT/panTEome_v3_1001Gp/annotation_chr_s/single_genome_EDTA/100897/100897.Chr_scaffolds.fa.mod.EDTA.anno/100897.Chr_scaffolds.fa.mod.EDTA.RM.out
    output: /tmp/global2/ssushko/TE_evolution/1001Gp_TE_ANNOT/panTEome_v3_1001Gp/annotation_chr_s/single_genome_EDTA/100897/100897.Chr_scaffolds.fa.mod.EDTA.TElib.fa.keep.list, /tmp/global2/ssushko/TE_evolution/1001Gp_TE_ANNOT/panTEome_v3_1001Gp/annotation_chr_s/single_genome_EDTA/100897/100897.Chr_scaffolds.fa.mod.EDTA.TElib.mincopyfiltered.fa
    log: logs/100897_extr_minnflcop.log
    jobid: 1859
    reason: Missing output files: /tmp/global2/ssushko/TE_evolution/1001Gp_TE_ANNOT/panTEome_v3_1001Gp/annotation_chr_s/single_genome_EDTA/100897/100897.Chr_scaffolds.fa.mod.EDTA.TElib.mincopyfiltered.fa
    wildcards: sample=100897
    resources: mem_mb=1000, mem_mib=954, disk_mb=1000, disk_mib=954, tmpdir=<TBD>


[Fri Sep  5 14:44:40 2025]
rule extract_min_n_fl_copies:
    input: /tmp/global2/ssushko/TE_evolution/1001Gp_TE_ANNOT/panTEome_v3_1001Gp/annotation_chr_s/single_genome_EDTA/100735/100735.Chr_scaffolds.fa.mod.EDTA.TEanno.sgannot.gff3, /tmp/global2/ssushko/TE_evolution/1001Gp_TE_ANNOT/panTEome_v3_1001Gp/annotation_chr_s/single_genome_EDTA/100735/100735.Chr_scaffolds.fa.mod.EDTA.anno/100735.Chr_scaffolds.fa.mod.EDTA.RM.out
    output: /tmp/global2/ssushko/TE_evolution/1001Gp_TE_ANNOT/panTEome_v3_1001Gp/annotation_chr_s/single_genome_EDTA/100735/100735.Chr_scaffolds.fa.mod.EDTA.TElib.fa.keep.list, /tmp/global2/ssushko/TE_evolution/1001Gp_TE_ANNOT/panTEome_v3_1001Gp/annotation_chr_s/single_genome_EDTA/100735/100735.Chr_scaffolds.fa.mod.EDTA.TElib.mincopyfiltered.fa
    log: logs/100735_extr_minnflcop.log
    jobid: 1215
    reason: Missing output files: /tmp/global2/ssushko/TE_evolution/1001Gp_TE_ANNOT/panTEome_v3_1001Gp/annotation_chr_s/single_genome_EDTA/100735/100735.Chr_scaffolds.fa.mod.EDTA.TElib.mincopyfiltered.fa
    wildcards: sample=100735
    resources: mem_mb=1000, mem_mib=954, disk_mb=1000, disk_mib=954, tmpdir=<TBD>


[Fri Sep  5 14:44:40 2025]
rule extract_min_n_fl_copies:
    input: /tmp/global2/ssushko/TE_evolution/1001Gp_TE_ANNOT/panTEome_v3_1001Gp/annotation_chr_s/single_genome_EDTA/100043/100043.Chr_scaffolds.fa.mod.EDTA.TEanno.sgannot.gff3, /tmp/global2/ssushko/TE_evolution/1001Gp_TE_ANNOT/panTEome_v3_1001Gp/annotation_chr_s/single_genome_EDTA/100043/100043.Chr_scaffolds.fa.mod.EDTA.anno/100043.Chr_scaffolds.fa.mod.EDTA.RM.out
    output: /tmp/global2/ssushko/TE_evolution/1001Gp_TE_ANNOT/panTEome_v3_1001Gp/annotation_chr_s/single_genome_EDTA/100043/100043.Chr_scaffolds.fa.mod.EDTA.TElib.fa.keep.list, /tmp/global2/ssushko/TE_evolution/1001Gp_TE_ANNOT/panTEome_v3_1001Gp/annotation_chr_s/single_genome_EDTA/100043/100043.Chr_scaffolds.fa.mod.EDTA.TElib.mincopyfiltered.fa
    log: logs/100043_extr_minnflcop.log
    jobid: 55
    reason: Missing output files: /tmp/global2/ssushko/TE_evolution/1001Gp_TE_ANNOT/panTEome_v3_1001Gp/annotation_chr_s/single_genome_EDTA/100043/100043.Chr_scaffolds.fa.mod.EDTA.TElib.mincopyfiltered.fa
    wildcards: sample=100043
    resources: mem_mb=1000, mem_mib=954, disk_mb=1000, disk_mib=954, tmpdir=<TBD>


[Fri Sep  5 14:44:40 2025]
rule extract_min_n_fl_copies:
    input: /tmp/global2/ssushko/TE_evolution/1001Gp_TE_ANNOT/panTEome_v3_1001Gp/annotation_chr_s/single_genome_EDTA/100130/100130.Chr_scaffolds.fa.mod.EDTA.TEanno.sgannot.gff3, /tmp/global2/ssushko/TE_evolution/1001Gp_TE_ANNOT/panTEome_v3_1001Gp/annotation_chr_s/single_genome_EDTA/100130/100130.Chr_scaffolds.fa.mod.EDTA.anno/100130.Chr_scaffolds.fa.mod.EDTA.RM.out
    output: /tmp/global2/ssushko/TE_evolution/1001Gp_TE_ANNOT/panTEome_v3_1001Gp/annotation_chr_s/single_genome_EDTA/100130/100130.Chr_scaffolds.fa.mod.EDTA.TElib.fa.keep.list, /tmp/global2/ssushko/TE_evolution/1001Gp_TE_ANNOT/panTEome_v3_1001Gp/annotation_chr_s/single_genome_EDTA/100130/100130.Chr_scaffolds.fa.mod.EDTA.TElib.mincopyfiltered.fa
    log: logs/100130_extr_minnflcop.log
    jobid: 391
    reason: Missing output files: /tmp/global2/ssushko/TE_evolution/1001Gp_TE_ANNOT/panTEome_v3_1001Gp/annotation_chr_s/single_genome_EDTA/100130/100130.Chr_scaffolds.fa.mod.EDTA.TElib.mincopyfiltered.fa
    wildcards: sample=100130
    resources: mem_mb=1000, mem_mib=954, disk_mb=1000, disk_mib=954, tmpdir=<TBD>


[Fri Sep  5 14:44:40 2025]
rule extract_min_n_fl_copies:
    input: /tmp/global2/ssushko/TE_evolution/1001Gp_TE_ANNOT/panTEome_v3_1001Gp/annotation_chr_s/single_genome_EDTA/100466/100466.Chr_scaffolds.fa.mod.EDTA.TEanno.sgannot.gff3, /tmp/global2/ssushko/TE_evolution/1001Gp_TE_ANNOT/panTEome_v3_1001Gp/annotation_chr_s/single_genome_EDTA/100466/100466.Chr_scaffolds.fa.mod.EDTA.anno/100466.Chr_scaffolds.fa.mod.EDTA.RM.out
    output: /tmp/global2/ssushko/TE_evolution/1001Gp_TE_ANNOT/panTEome_v3_1001Gp/annotation_chr_s/single_genome_EDTA/100466/100466.Chr_scaffolds.fa.mod.EDTA.TElib.fa.keep.list, /tmp/global2/ssushko/TE_evolution/1001Gp_TE_ANNOT/panTEome_v3_1001Gp/annotation_chr_s/single_genome_EDTA/100466/100466.Chr_scaffolds.fa.mod.EDTA.TElib.mincopyfiltered.fa
    log: logs/100466_extr_minnflcop.log
    jobid: 767
    reason: Missing output files: /tmp/global2/ssushko/TE_evolution/1001Gp_TE_ANNOT/panTEome_v3_1001Gp/annotation_chr_s/single_genome_EDTA/100466/100466.Chr_scaffolds.fa.mod.EDTA.TElib.mincopyfiltered.fa
    wildcards: sample=100466
    resources: mem_mb=1000, mem_mib=954, disk_mb=1000, disk_mib=954, tmpdir=<TBD>


[Fri Sep  5 14:44:40 2025]
rule extract_min_n_fl_copies:
    input: /tmp/global2/ssushko/TE_evolution/1001Gp_TE_ANNOT/panTEome_v3_1001Gp/annotation_chr_s/single_genome_EDTA/100763/100763.Chr_scaffolds.fa.mod.EDTA.TEanno.sgannot.gff3, /tmp/global2/ssushko/TE_evolution/1001Gp_TE_ANNOT/panTEome_v3_1001Gp/annotation_chr_s/single_genome_EDTA/100763/100763.Chr_scaffolds.fa.mod.EDTA.anno/100763.Chr_scaffolds.fa.mod.EDTA.RM.out
    output: /tmp/global2/ssushko/TE_evolution/1001Gp_TE_ANNOT/panTEome_v3_1001Gp/annotation_chr_s/single_genome_EDTA/100763/100763.Chr_scaffolds.fa.mod.EDTA.TElib.fa.keep.list, /tmp/global2/ssushko/TE_evolution/1001Gp_TE_ANNOT/panTEome_v3_1001Gp/annotation_chr_s/single_genome_EDTA/100763/100763.Chr_scaffolds.fa.mod.EDTA.TElib.mincopyfiltered.fa
    log: logs/100763_extr_minnflcop.log
    jobid: 1327
    reason: Missing output files: /tmp/global2/ssushko/TE_evolution/1001Gp_TE_ANNOT/panTEome_v3_1001Gp/annotation_chr_s/single_genome_EDTA/100763/100763.Chr_scaffolds.fa.mod.EDTA.TElib.mincopyfiltered.fa
    wildcards: sample=100763
    resources: mem_mb=1000, mem_mib=954, disk_mb=1000, disk_mib=954, tmpdir=<TBD>


[Fri Sep  5 14:44:40 2025]
rule extract_min_n_fl_copies:
    input: /tmp/global2/ssushko/TE_evolution/1001Gp_TE_ANNOT/panTEome_v3_1001Gp/annotation_chr_s/single_genome_EDTA/100083/100083.Chr_scaffolds.fa.mod.EDTA.TEanno.sgannot.gff3, /tmp/global2/ssushko/TE_evolution/1001Gp_TE_ANNOT/panTEome_v3_1001Gp/annotation_chr_s/single_genome_EDTA/100083/100083.Chr_scaffolds.fa.mod.EDTA.anno/100083.Chr_scaffolds.fa.mod.EDTA.RM.out
    output: /tmp/global2/ssushko/TE_evolution/1001Gp_TE_ANNOT/panTEome_v3_1001Gp/annotation_chr_s/single_genome_EDTA/100083/100083.Chr_scaffolds.fa.mod.EDTA.TElib.fa.keep.list, /tmp/global2/ssushko/TE_evolution/1001Gp_TE_ANNOT/panTEome_v3_1001Gp/annotation_chr_s/single_genome_EDTA/100083/100083.Chr_scaffolds.fa.mod.EDTA.TElib.mincopyfiltered.fa
    log: logs/100083_extr_minnflcop.log
    jobid: 211
    reason: Missing output files: /tmp/global2/ssushko/TE_evolution/1001Gp_TE_ANNOT/panTEome_v3_1001Gp/annotation_chr_s/single_genome_EDTA/100083/100083.Chr_scaffolds.fa.mod.EDTA.TElib.mincopyfiltered.fa
    wildcards: sample=100083
    resources: mem_mb=1000, mem_mib=954, disk_mb=1000, disk_mib=954, tmpdir=<TBD>


[Fri Sep  5 14:44:40 2025]
rule extract_min_n_fl_copies:
    input: /tmp/global2/ssushko/TE_evolution/1001Gp_TE_ANNOT/panTEome_v3_1001Gp/annotation_chr_s/single_genome_EDTA/100718/100718.Chr_scaffolds.fa.mod.EDTA.TEanno.sgannot.gff3, /tmp/global2/ssushko/TE_evolution/1001Gp_TE_ANNOT/panTEome_v3_1001Gp/annotation_chr_s/single_genome_EDTA/100718/100718.Chr_scaffolds.fa.mod.EDTA.anno/100718.Chr_scaffolds.fa.mod.EDTA.RM.out
    output: /tmp/global2/ssushko/TE_evolution/1001Gp_TE_ANNOT/panTEome_v3_1001Gp/annotation_chr_s/single_genome_EDTA/100718/100718.Chr_scaffolds.fa.mod.EDTA.TElib.fa.keep.list, /tmp/global2/ssushko/TE_evolution/1001Gp_TE_ANNOT/panTEome_v3_1001Gp/annotation_chr_s/single_genome_EDTA/100718/100718.Chr_scaffolds.fa.mod.EDTA.TElib.mincopyfiltered.fa
    log: logs/100718_extr_minnflcop.log
    jobid: 1147
    reason: Missing output files: /tmp/global2/ssushko/TE_evolution/1001Gp_TE_ANNOT/panTEome_v3_1001Gp/annotation_chr_s/single_genome_EDTA/100718/100718.Chr_scaffolds.fa.mod.EDTA.TElib.mincopyfiltered.fa
    wildcards: sample=100718
    resources: mem_mb=1000, mem_mib=954, disk_mb=1000, disk_mib=954, tmpdir=<TBD>


[Fri Sep  5 14:44:40 2025]
rule extract_min_n_fl_copies:
    input: /tmp/global2/ssushko/TE_evolution/1001Gp_TE_ANNOT/panTEome_v3_1001Gp/annotation_chr_s/single_genome_EDTA/100782/100782.Chr_scaffolds.fa.mod.EDTA.TEanno.sgannot.gff3, /tmp/global2/ssushko/TE_evolution/1001Gp_TE_ANNOT/panTEome_v3_1001Gp/annotation_chr_s/single_genome_EDTA/100782/100782.Chr_scaffolds.fa.mod.EDTA.anno/100782.Chr_scaffolds.fa.mod.EDTA.RM.out
    output: /tmp/global2/ssushko/TE_evolution/1001Gp_TE_ANNOT/panTEome_v3_1001Gp/annotation_chr_s/single_genome_EDTA/100782/100782.Chr_scaffolds.fa.mod.EDTA.TElib.fa.keep.list, /tmp/global2/ssushko/TE_evolution/1001Gp_TE_ANNOT/panTEome_v3_1001Gp/annotation_chr_s/single_genome_EDTA/100782/100782.Chr_scaffolds.fa.mod.EDTA.TElib.mincopyfiltered.fa
    log: logs/100782_extr_minnflcop.log
    jobid: 1399
    reason: Missing output files: /tmp/global2/ssushko/TE_evolution/1001Gp_TE_ANNOT/panTEome_v3_1001Gp/annotation_chr_s/single_genome_EDTA/100782/100782.Chr_scaffolds.fa.mod.EDTA.TElib.mincopyfiltered.fa
    wildcards: sample=100782
    resources: mem_mb=1000, mem_mib=954, disk_mb=1000, disk_mib=954, tmpdir=<TBD>


[Fri Sep  5 14:44:40 2025]
rule extract_min_n_fl_copies:
    input: /tmp/global2/ssushko/TE_evolution/1001Gp_TE_ANNOT/panTEome_v3_1001Gp/annotation_chr_s/single_genome_EDTA/100985/100985.Chr_scaffolds.fa.mod.EDTA.TEanno.sgannot.gff3, /tmp/global2/ssushko/TE_evolution/1001Gp_TE_ANNOT/panTEome_v3_1001Gp/annotation_chr_s/single_genome_EDTA/100985/100985.Chr_scaffolds.fa.mod.EDTA.anno/100985.Chr_scaffolds.fa.mod.EDTA.RM.out
    output: /tmp/global2/ssushko/TE_evolution/1001Gp_TE_ANNOT/panTEome_v3_1001Gp/annotation_chr_s/single_genome_EDTA/100985/100985.Chr_scaffolds.fa.mod.EDTA.TElib.fa.keep.list, /tmp/global2/ssushko/TE_evolution/1001Gp_TE_ANNOT/panTEome_v3_1001Gp/annotation_chr_s/single_genome_EDTA/100985/100985.Chr_scaffolds.fa.mod.EDTA.TElib.mincopyfiltered.fa
    log: logs/100985_extr_minnflcop.log
    jobid: 2211
    reason: Missing output files: /tmp/global2/ssushko/TE_evolution/1001Gp_TE_ANNOT/panTEome_v3_1001Gp/annotation_chr_s/single_genome_EDTA/100985/100985.Chr_scaffolds.fa.mod.EDTA.TElib.mincopyfiltered.fa
    wildcards: sample=100985
    resources: mem_mb=1000, mem_mib=954, disk_mb=1000, disk_mib=954, tmpdir=<TBD>


[Fri Sep  5 14:44:40 2025]
rule extract_min_n_fl_copies:
    input: /tmp/global2/ssushko/TE_evolution/1001Gp_TE_ANNOT/panTEome_v3_1001Gp/annotation_chr_s/single_genome_EDTA/100887/100887.Chr_scaffolds.fa.mod.EDTA.TEanno.sgannot.gff3, /tmp/global2/ssushko/TE_evolution/1001Gp_TE_ANNOT/panTEome_v3_1001Gp/annotation_chr_s/single_genome_EDTA/100887/100887.Chr_scaffolds.fa.mod.EDTA.anno/100887.Chr_scaffolds.fa.mod.EDTA.RM.out
    output: /tmp/global2/ssushko/TE_evolution/1001Gp_TE_ANNOT/panTEome_v3_1001Gp/annotation_chr_s/single_genome_EDTA/100887/100887.Chr_scaffolds.fa.mod.EDTA.TElib.fa.keep.list, /tmp/global2/ssushko/TE_evolution/1001Gp_TE_ANNOT/panTEome_v3_1001Gp/annotation_chr_s/single_genome_EDTA/100887/100887.Chr_scaffolds.fa.mod.EDTA.TElib.mincopyfiltered.fa
    log: logs/100887_extr_minnflcop.log
    jobid: 1819
    reason: Missing output files: /tmp/global2/ssushko/TE_evolution/1001Gp_TE_ANNOT/panTEome_v3_1001Gp/annotation_chr_s/single_genome_EDTA/100887/100887.Chr_scaffolds.fa.mod.EDTA.TElib.mincopyfiltered.fa
    wildcards: sample=100887
    resources: mem_mb=1000, mem_mib=954, disk_mb=1000, disk_mib=954, tmpdir=<TBD>


[Fri Sep  5 14:44:40 2025]
rule extract_min_n_fl_copies:
    input: /tmp/global2/ssushko/TE_evolution/1001Gp_TE_ANNOT/panTEome_v3_1001Gp/annotation_chr_s/single_genome_EDTA/100711/100711.Chr_scaffolds.fa.mod.EDTA.TEanno.sgannot.gff3, /tmp/global2/ssushko/TE_evolution/1001Gp_TE_ANNOT/panTEome_v3_1001Gp/annotation_chr_s/single_genome_EDTA/100711/100711.Chr_scaffolds.fa.mod.EDTA.anno/100711.Chr_scaffolds.fa.mod.EDTA.RM.out
    output: /tmp/global2/ssushko/TE_evolution/1001Gp_TE_ANNOT/panTEome_v3_1001Gp/annotation_chr_s/single_genome_EDTA/100711/100711.Chr_scaffolds.fa.mod.EDTA.TElib.fa.keep.list, /tmp/global2/ssushko/TE_evolution/1001Gp_TE_ANNOT/panTEome_v3_1001Gp/annotation_chr_s/single_genome_EDTA/100711/100711.Chr_scaffolds.fa.mod.EDTA.TElib.mincopyfiltered.fa
    log: logs/100711_extr_minnflcop.log
    jobid: 1119
    reason: Missing output files: /tmp/global2/ssushko/TE_evolution/1001Gp_TE_ANNOT/panTEome_v3_1001Gp/annotation_chr_s/single_genome_EDTA/100711/100711.Chr_scaffolds.fa.mod.EDTA.TElib.mincopyfiltered.fa
    wildcards: sample=100711
    resources: mem_mb=1000, mem_mib=954, disk_mb=1000, disk_mib=954, tmpdir=<TBD>


[Fri Sep  5 14:44:40 2025]
rule extract_min_n_fl_copies:
    input: /tmp/global2/ssushko/TE_evolution/1001Gp_TE_ANNOT/panTEome_v3_1001Gp/annotation_chr_s/single_genome_EDTA/100690/100690.Chr_scaffolds.fa.mod.EDTA.TEanno.sgannot.gff3, /tmp/global2/ssushko/TE_evolution/1001Gp_TE_ANNOT/panTEome_v3_1001Gp/annotation_chr_s/single_genome_EDTA/100690/100690.Chr_scaffolds.fa.mod.EDTA.anno/100690.Chr_scaffolds.fa.mod.EDTA.RM.out
    output: /tmp/global2/ssushko/TE_evolution/1001Gp_TE_ANNOT/panTEome_v3_1001Gp/annotation_chr_s/single_genome_EDTA/100690/100690.Chr_scaffolds.fa.mod.EDTA.TElib.fa.keep.list, /tmp/global2/ssushko/TE_evolution/1001Gp_TE_ANNOT/panTEome_v3_1001Gp/annotation_chr_s/single_genome_EDTA/100690/100690.Chr_scaffolds.fa.mod.EDTA.TElib.mincopyfiltered.fa
    log: logs/100690_extr_minnflcop.log
    jobid: 1035
    reason: Missing output files: /tmp/global2/ssushko/TE_evolution/1001Gp_TE_ANNOT/panTEome_v3_1001Gp/annotation_chr_s/single_genome_EDTA/100690/100690.Chr_scaffolds.fa.mod.EDTA.TElib.mincopyfiltered.fa
    wildcards: sample=100690
    resources: mem_mb=1000, mem_mib=954, disk_mb=1000, disk_mib=954, tmpdir=<TBD>


[Fri Sep  5 14:44:40 2025]
rule extract_min_n_fl_copies:
    input: /tmp/global2/ssushko/TE_evolution/1001Gp_TE_ANNOT/panTEome_v3_1001Gp/annotation_chr_s/single_genome_EDTA/100992/100992.Chr_scaffolds.fa.mod.EDTA.TEanno.sgannot.gff3, /tmp/global2/ssushko/TE_evolution/1001Gp_TE_ANNOT/panTEome_v3_1001Gp/annotation_chr_s/single_genome_EDTA/100992/100992.Chr_scaffolds.fa.mod.EDTA.anno/100992.Chr_scaffolds.fa.mod.EDTA.RM.out
    output: /tmp/global2/ssushko/TE_evolution/1001Gp_TE_ANNOT/panTEome_v3_1001Gp/annotation_chr_s/single_genome_EDTA/100992/100992.Chr_scaffolds.fa.mod.EDTA.TElib.fa.keep.list, /tmp/global2/ssushko/TE_evolution/1001Gp_TE_ANNOT/panTEome_v3_1001Gp/annotation_chr_s/single_genome_EDTA/100992/100992.Chr_scaffolds.fa.mod.EDTA.TElib.mincopyfiltered.fa
    log: logs/100992_extr_minnflcop.log
    jobid: 2239
    reason: Missing output files: /tmp/global2/ssushko/TE_evolution/1001Gp_TE_ANNOT/panTEome_v3_1001Gp/annotation_chr_s/single_genome_EDTA/100992/100992.Chr_scaffolds.fa.mod.EDTA.TElib.mincopyfiltered.fa
    wildcards: sample=100992
    resources: mem_mb=1000, mem_mib=954, disk_mb=1000, disk_mib=954, tmpdir=<TBD>


[Fri Sep  5 14:44:40 2025]
rule extract_min_n_fl_copies:
    input: /tmp/global2/ssushko/TE_evolution/1001Gp_TE_ANNOT/panTEome_v3_1001Gp/annotation_chr_s/single_genome_EDTA/100753/100753.Chr_scaffolds.fa.mod.EDTA.TEanno.sgannot.gff3, /tmp/global2/ssushko/TE_evolution/1001Gp_TE_ANNOT/panTEome_v3_1001Gp/annotation_chr_s/single_genome_EDTA/100753/100753.Chr_scaffolds.fa.mod.EDTA.anno/100753.Chr_scaffolds.fa.mod.EDTA.RM.out
    output: /tmp/global2/ssushko/TE_evolution/1001Gp_TE_ANNOT/panTEome_v3_1001Gp/annotation_chr_s/single_genome_EDTA/100753/100753.Chr_scaffolds.fa.mod.EDTA.TElib.fa.keep.list, /tmp/global2/ssushko/TE_evolution/1001Gp_TE_ANNOT/panTEome_v3_1001Gp/annotation_chr_s/single_genome_EDTA/100753/100753.Chr_scaffolds.fa.mod.EDTA.TElib.mincopyfiltered.fa
    log: logs/100753_extr_minnflcop.log
    jobid: 1287
    reason: Missing output files: /tmp/global2/ssushko/TE_evolution/1001Gp_TE_ANNOT/panTEome_v3_1001Gp/annotation_chr_s/single_genome_EDTA/100753/100753.Chr_scaffolds.fa.mod.EDTA.TElib.mincopyfiltered.fa
    wildcards: sample=100753
    resources: mem_mb=1000, mem_mib=954, disk_mb=1000, disk_mib=954, tmpdir=<TBD>


[Fri Sep  5 14:44:40 2025]
rule extract_min_n_fl_copies:
    input: /tmp/global2/ssushko/TE_evolution/1001Gp_TE_ANNOT/panTEome_v3_1001Gp/annotation_chr_s/single_genome_EDTA/100922/100922.Chr_scaffolds.fa.mod.EDTA.TEanno.sgannot.gff3, /tmp/global2/ssushko/TE_evolution/1001Gp_TE_ANNOT/panTEome_v3_1001Gp/annotation_chr_s/single_genome_EDTA/100922/100922.Chr_scaffolds.fa.mod.EDTA.anno/100922.Chr_scaffolds.fa.mod.EDTA.RM.out
    output: /tmp/global2/ssushko/TE_evolution/1001Gp_TE_ANNOT/panTEome_v3_1001Gp/annotation_chr_s/single_genome_EDTA/100922/100922.Chr_scaffolds.fa.mod.EDTA.TElib.fa.keep.list, /tmp/global2/ssushko/TE_evolution/1001Gp_TE_ANNOT/panTEome_v3_1001Gp/annotation_chr_s/single_genome_EDTA/100922/100922.Chr_scaffolds.fa.mod.EDTA.TElib.mincopyfiltered.fa
    log: logs/100922_extr_minnflcop.log
    jobid: 1959
    reason: Missing output files: /tmp/global2/ssushko/TE_evolution/1001Gp_TE_ANNOT/panTEome_v3_1001Gp/annotation_chr_s/single_genome_EDTA/100922/100922.Chr_scaffolds.fa.mod.EDTA.TElib.mincopyfiltered.fa
    wildcards: sample=100922
    resources: mem_mb=1000, mem_mib=954, disk_mb=1000, disk_mib=954, tmpdir=<TBD>


[Fri Sep  5 14:44:40 2025]
rule extract_min_n_fl_copies:
    input: /tmp/global2/ssushko/TE_evolution/1001Gp_TE_ANNOT/panTEome_v3_1001Gp/annotation_chr_s/single_genome_EDTA/100203/100203.Chr_scaffolds.fa.mod.EDTA.TEanno.sgannot.gff3, /tmp/global2/ssushko/TE_evolution/1001Gp_TE_ANNOT/panTEome_v3_1001Gp/annotation_chr_s/single_genome_EDTA/100203/100203.Chr_scaffolds.fa.mod.EDTA.anno/100203.Chr_scaffolds.fa.mod.EDTA.RM.out
    output: /tmp/global2/ssushko/TE_evolution/1001Gp_TE_ANNOT/panTEome_v3_1001Gp/annotation_chr_s/single_genome_EDTA/100203/100203.Chr_scaffolds.fa.mod.EDTA.TElib.fa.keep.list, /tmp/global2/ssushko/TE_evolution/1001Gp_TE_ANNOT/panTEome_v3_1001Gp/annotation_chr_s/single_genome_EDTA/100203/100203.Chr_scaffolds.fa.mod.EDTA.TElib.mincopyfiltered.fa
    log: logs/100203_extr_minnflcop.log
    jobid: 519
    reason: Missing output files: /tmp/global2/ssushko/TE_evolution/1001Gp_TE_ANNOT/panTEome_v3_1001Gp/annotation_chr_s/single_genome_EDTA/100203/100203.Chr_scaffolds.fa.mod.EDTA.TElib.mincopyfiltered.fa
    wildcards: sample=100203
    resources: mem_mb=1000, mem_mib=954, disk_mb=1000, disk_mib=954, tmpdir=<TBD>


[Fri Sep  5 14:44:40 2025]
rule extract_min_n_fl_copies:
    input: /tmp/global2/ssushko/TE_evolution/1001Gp_TE_ANNOT/panTEome_v3_1001Gp/annotation_chr_s/single_genome_EDTA/100279/100279.Chr_scaffolds.fa.mod.EDTA.TEanno.sgannot.gff3, /tmp/global2/ssushko/TE_evolution/1001Gp_TE_ANNOT/panTEome_v3_1001Gp/annotation_chr_s/single_genome_EDTA/100279/100279.Chr_scaffolds.fa.mod.EDTA.anno/100279.Chr_scaffolds.fa.mod.EDTA.RM.out
    output: /tmp/global2/ssushko/TE_evolution/1001Gp_TE_ANNOT/panTEome_v3_1001Gp/annotation_chr_s/single_genome_EDTA/100279/100279.Chr_scaffolds.fa.mod.EDTA.TElib.fa.keep.list, /tmp/global2/ssushko/TE_evolution/1001Gp_TE_ANNOT/panTEome_v3_1001Gp/annotation_chr_s/single_genome_EDTA/100279/100279.Chr_scaffolds.fa.mod.EDTA.TElib.mincopyfiltered.fa
    log: logs/100279_extr_minnflcop.log
    jobid: 575
    reason: Missing output files: /tmp/global2/ssushko/TE_evolution/1001Gp_TE_ANNOT/panTEome_v3_1001Gp/annotation_chr_s/single_genome_EDTA/100279/100279.Chr_scaffolds.fa.mod.EDTA.TElib.mincopyfiltered.fa
    wildcards: sample=100279
    resources: mem_mb=1000, mem_mib=954, disk_mb=1000, disk_mib=954, tmpdir=<TBD>


[Fri Sep  5 14:44:40 2025]
rule extract_min_n_fl_copies:
    input: /tmp/global2/ssushko/TE_evolution/1001Gp_TE_ANNOT/panTEome_v3_1001Gp/annotation_chr_s/single_genome_EDTA/100930/100930.Chr_scaffolds.fa.mod.EDTA.TEanno.sgannot.gff3, /tmp/global2/ssushko/TE_evolution/1001Gp_TE_ANNOT/panTEome_v3_1001Gp/annotation_chr_s/single_genome_EDTA/100930/100930.Chr_scaffolds.fa.mod.EDTA.anno/100930.Chr_scaffolds.fa.mod.EDTA.RM.out
    output: /tmp/global2/ssushko/TE_evolution/1001Gp_TE_ANNOT/panTEome_v3_1001Gp/annotation_chr_s/single_genome_EDTA/100930/100930.Chr_scaffolds.fa.mod.EDTA.TElib.fa.keep.list, /tmp/global2/ssushko/TE_evolution/1001Gp_TE_ANNOT/panTEome_v3_1001Gp/annotation_chr_s/single_genome_EDTA/100930/100930.Chr_scaffolds.fa.mod.EDTA.TElib.mincopyfiltered.fa
    log: logs/100930_extr_minnflcop.log
    jobid: 1991
    reason: Missing output files: /tmp/global2/ssushko/TE_evolution/1001Gp_TE_ANNOT/panTEome_v3_1001Gp/annotation_chr_s/single_genome_EDTA/100930/100930.Chr_scaffolds.fa.mod.EDTA.TElib.mincopyfiltered.fa
    wildcards: sample=100930
    resources: mem_mb=1000, mem_mib=954, disk_mb=1000, disk_mib=954, tmpdir=<TBD>


[Fri Sep  5 14:44:40 2025]
rule extract_min_n_fl_copies:
    input: /tmp/global2/ssushko/TE_evolution/1001Gp_TE_ANNOT/panTEome_v3_1001Gp/annotation_chr_s/single_genome_EDTA/100044/100044.Chr_scaffolds.fa.mod.EDTA.TEanno.sgannot.gff3, /tmp/global2/ssushko/TE_evolution/1001Gp_TE_ANNOT/panTEome_v3_1001Gp/annotation_chr_s/single_genome_EDTA/100044/100044.Chr_scaffolds.fa.mod.EDTA.anno/100044.Chr_scaffolds.fa.mod.EDTA.RM.out
    output: /tmp/global2/ssushko/TE_evolution/1001Gp_TE_ANNOT/panTEome_v3_1001Gp/annotation_chr_s/single_genome_EDTA/100044/100044.Chr_scaffolds.fa.mod.EDTA.TElib.fa.keep.list, /tmp/global2/ssushko/TE_evolution/1001Gp_TE_ANNOT/panTEome_v3_1001Gp/annotation_chr_s/single_genome_EDTA/100044/100044.Chr_scaffolds.fa.mod.EDTA.TElib.mincopyfiltered.fa
    log: logs/100044_extr_minnflcop.log
    jobid: 59
    reason: Missing output files: /tmp/global2/ssushko/TE_evolution/1001Gp_TE_ANNOT/panTEome_v3_1001Gp/annotation_chr_s/single_genome_EDTA/100044/100044.Chr_scaffolds.fa.mod.EDTA.TElib.mincopyfiltered.fa
    wildcards: sample=100044
    resources: mem_mb=1000, mem_mib=954, disk_mb=1000, disk_mib=954, tmpdir=<TBD>


[Fri Sep  5 14:44:40 2025]
rule extract_min_n_fl_copies:
    input: /tmp/global2/ssushko/TE_evolution/1001Gp_TE_ANNOT/panTEome_v3_1001Gp/annotation_chr_s/single_genome_EDTA/100470/100470.Chr_scaffolds.fa.mod.EDTA.TEanno.sgannot.gff3, /tmp/global2/ssushko/TE_evolution/1001Gp_TE_ANNOT/panTEome_v3_1001Gp/annotation_chr_s/single_genome_EDTA/100470/100470.Chr_scaffolds.fa.mod.EDTA.anno/100470.Chr_scaffolds.fa.mod.EDTA.RM.out
    output: /tmp/global2/ssushko/TE_evolution/1001Gp_TE_ANNOT/panTEome_v3_1001Gp/annotation_chr_s/single_genome_EDTA/100470/100470.Chr_scaffolds.fa.mod.EDTA.TElib.fa.keep.list, /tmp/global2/ssushko/TE_evolution/1001Gp_TE_ANNOT/panTEome_v3_1001Gp/annotation_chr_s/single_genome_EDTA/100470/100470.Chr_scaffolds.fa.mod.EDTA.TElib.mincopyfiltered.fa
    log: logs/100470_extr_minnflcop.log
    jobid: 771
    reason: Missing output files: /tmp/global2/ssushko/TE_evolution/1001Gp_TE_ANNOT/panTEome_v3_1001Gp/annotation_chr_s/single_genome_EDTA/100470/100470.Chr_scaffolds.fa.mod.EDTA.TElib.mincopyfiltered.fa
    wildcards: sample=100470
    resources: mem_mb=1000, mem_mib=954, disk_mb=1000, disk_mib=954, tmpdir=<TBD>


[Fri Sep  5 14:44:40 2025]
rule extract_min_n_fl_copies:
    input: /tmp/global2/ssushko/TE_evolution/1001Gp_TE_ANNOT/panTEome_v3_1001Gp/annotation_chr_s/single_genome_EDTA/100764/100764.Chr_scaffolds.fa.mod.EDTA.TEanno.sgannot.gff3, /tmp/global2/ssushko/TE_evolution/1001Gp_TE_ANNOT/panTEome_v3_1001Gp/annotation_chr_s/single_genome_EDTA/100764/100764.Chr_scaffolds.fa.mod.EDTA.anno/100764.Chr_scaffolds.fa.mod.EDTA.RM.out
    output: /tmp/global2/ssushko/TE_evolution/1001Gp_TE_ANNOT/panTEome_v3_1001Gp/annotation_chr_s/single_genome_EDTA/100764/100764.Chr_scaffolds.fa.mod.EDTA.TElib.fa.keep.list, /tmp/global2/ssushko/TE_evolution/1001Gp_TE_ANNOT/panTEome_v3_1001Gp/annotation_chr_s/single_genome_EDTA/100764/100764.Chr_scaffolds.fa.mod.EDTA.TElib.mincopyfiltered.fa
    log: logs/100764_extr_minnflcop.log
    jobid: 1331
    reason: Missing output files: /tmp/global2/ssushko/TE_evolution/1001Gp_TE_ANNOT/panTEome_v3_1001Gp/annotation_chr_s/single_genome_EDTA/100764/100764.Chr_scaffolds.fa.mod.EDTA.TElib.mincopyfiltered.fa
    wildcards: sample=100764
    resources: mem_mb=1000, mem_mib=954, disk_mb=1000, disk_mib=954, tmpdir=<TBD>


[Fri Sep  5 14:44:40 2025]
rule extract_min_n_fl_copies:
    input: /tmp/global2/ssushko/TE_evolution/1001Gp_TE_ANNOT/panTEome_v3_1001Gp/annotation_chr_s/single_genome_EDTA/100687/100687.Chr_scaffolds.fa.mod.EDTA.TEanno.sgannot.gff3, /tmp/global2/ssushko/TE_evolution/1001Gp_TE_ANNOT/panTEome_v3_1001Gp/annotation_chr_s/single_genome_EDTA/100687/100687.Chr_scaffolds.fa.mod.EDTA.anno/100687.Chr_scaffolds.fa.mod.EDTA.RM.out
    output: /tmp/global2/ssushko/TE_evolution/1001Gp_TE_ANNOT/panTEome_v3_1001Gp/annotation_chr_s/single_genome_EDTA/100687/100687.Chr_scaffolds.fa.mod.EDTA.TElib.fa.keep.list, /tmp/global2/ssushko/TE_evolution/1001Gp_TE_ANNOT/panTEome_v3_1001Gp/annotation_chr_s/single_genome_EDTA/100687/100687.Chr_scaffolds.fa.mod.EDTA.TElib.mincopyfiltered.fa
    log: logs/100687_extr_minnflcop.log
    jobid: 1023
    reason: Missing output files: /tmp/global2/ssushko/TE_evolution/1001Gp_TE_ANNOT/panTEome_v3_1001Gp/annotation_chr_s/single_genome_EDTA/100687/100687.Chr_scaffolds.fa.mod.EDTA.TElib.mincopyfiltered.fa
    wildcards: sample=100687
    resources: mem_mb=1000, mem_mib=954, disk_mb=1000, disk_mib=954, tmpdir=<TBD>


[Fri Sep  5 14:44:40 2025]
rule extract_min_n_fl_copies:
    input: /tmp/global2/ssushko/TE_evolution/1001Gp_TE_ANNOT/panTEome_v3_1001Gp/annotation_chr_s/single_genome_EDTA/100131/100131.Chr_scaffolds.fa.mod.EDTA.TEanno.sgannot.gff3, /tmp/global2/ssushko/TE_evolution/1001Gp_TE_ANNOT/panTEome_v3_1001Gp/annotation_chr_s/single_genome_EDTA/100131/100131.Chr_scaffolds.fa.mod.EDTA.anno/100131.Chr_scaffolds.fa.mod.EDTA.RM.out
    output: /tmp/global2/ssushko/TE_evolution/1001Gp_TE_ANNOT/panTEome_v3_1001Gp/annotation_chr_s/single_genome_EDTA/100131/100131.Chr_scaffolds.fa.mod.EDTA.TElib.fa.keep.list, /tmp/global2/ssushko/TE_evolution/1001Gp_TE_ANNOT/panTEome_v3_1001Gp/annotation_chr_s/single_genome_EDTA/100131/100131.Chr_scaffolds.fa.mod.EDTA.TElib.mincopyfiltered.fa
    log: logs/100131_extr_minnflcop.log
    jobid: 395
    reason: Missing output files: /tmp/global2/ssushko/TE_evolution/1001Gp_TE_ANNOT/panTEome_v3_1001Gp/annotation_chr_s/single_genome_EDTA/100131/100131.Chr_scaffolds.fa.mod.EDTA.TElib.mincopyfiltered.fa
    wildcards: sample=100131
    resources: mem_mb=1000, mem_mib=954, disk_mb=1000, disk_mib=954, tmpdir=<TBD>


[Fri Sep  5 14:44:40 2025]
rule extract_min_n_fl_copies:
    input: /tmp/global2/ssushko/TE_evolution/1001Gp_TE_ANNOT/panTEome_v3_1001Gp/annotation_chr_s/single_genome_EDTA/100506/100506.Chr_scaffolds.fa.mod.EDTA.TEanno.sgannot.gff3, /tmp/global2/ssushko/TE_evolution/1001Gp_TE_ANNOT/panTEome_v3_1001Gp/annotation_chr_s/single_genome_EDTA/100506/100506.Chr_scaffolds.fa.mod.EDTA.anno/100506.Chr_scaffolds.fa.mod.EDTA.RM.out
    output: /tmp/global2/ssushko/TE_evolution/1001Gp_TE_ANNOT/panTEome_v3_1001Gp/annotation_chr_s/single_genome_EDTA/100506/100506.Chr_scaffolds.fa.mod.EDTA.TElib.fa.keep.list, /tmp/global2/ssushko/TE_evolution/1001Gp_TE_ANNOT/panTEome_v3_1001Gp/annotation_chr_s/single_genome_EDTA/100506/100506.Chr_scaffolds.fa.mod.EDTA.TElib.mincopyfiltered.fa
    log: logs/100506_extr_minnflcop.log
    jobid: 799
    reason: Missing output files: /tmp/global2/ssushko/TE_evolution/1001Gp_TE_ANNOT/panTEome_v3_1001Gp/annotation_chr_s/single_genome_EDTA/100506/100506.Chr_scaffolds.fa.mod.EDTA.TElib.mincopyfiltered.fa
    wildcards: sample=100506
    resources: mem_mb=1000, mem_mib=954, disk_mb=1000, disk_mib=954, tmpdir=<TBD>


[Fri Sep  5 14:44:40 2025]
rule extract_min_n_fl_copies:
    input: /tmp/global2/ssushko/TE_evolution/1001Gp_TE_ANNOT/panTEome_v3_1001Gp/annotation_chr_s/single_genome_EDTA/100059/100059.Chr_scaffolds.fa.mod.EDTA.TEanno.sgannot.gff3, /tmp/global2/ssushko/TE_evolution/1001Gp_TE_ANNOT/panTEome_v3_1001Gp/annotation_chr_s/single_genome_EDTA/100059/100059.Chr_scaffolds.fa.mod.EDTA.anno/100059.Chr_scaffolds.fa.mod.EDTA.RM.out
    output: /tmp/global2/ssushko/TE_evolution/1001Gp_TE_ANNOT/panTEome_v3_1001Gp/annotation_chr_s/single_genome_EDTA/100059/100059.Chr_scaffolds.fa.mod.EDTA.TElib.fa.keep.list, /tmp/global2/ssushko/TE_evolution/1001Gp_TE_ANNOT/panTEome_v3_1001Gp/annotation_chr_s/single_genome_EDTA/100059/100059.Chr_scaffolds.fa.mod.EDTA.TElib.mincopyfiltered.fa
    log: logs/100059_extr_minnflcop.log
    jobid: 115
    reason: Missing output files: /tmp/global2/ssushko/TE_evolution/1001Gp_TE_ANNOT/panTEome_v3_1001Gp/annotation_chr_s/single_genome_EDTA/100059/100059.Chr_scaffolds.fa.mod.EDTA.TElib.mincopyfiltered.fa
    wildcards: sample=100059
    resources: mem_mb=1000, mem_mib=954, disk_mb=1000, disk_mib=954, tmpdir=<TBD>


[Fri Sep  5 14:44:40 2025]
rule extract_min_n_fl_copies:
    input: /tmp/global2/ssushko/TE_evolution/1001Gp_TE_ANNOT/panTEome_v3_1001Gp/annotation_chr_s/single_genome_EDTA/100835/100835.Chr_scaffolds.fa.mod.EDTA.TEanno.sgannot.gff3, /tmp/global2/ssushko/TE_evolution/1001Gp_TE_ANNOT/panTEome_v3_1001Gp/annotation_chr_s/single_genome_EDTA/100835/100835.Chr_scaffolds.fa.mod.EDTA.anno/100835.Chr_scaffolds.fa.mod.EDTA.RM.out
    output: /tmp/global2/ssushko/TE_evolution/1001Gp_TE_ANNOT/panTEome_v3_1001Gp/annotation_chr_s/single_genome_EDTA/100835/100835.Chr_scaffolds.fa.mod.EDTA.TElib.fa.keep.list, /tmp/global2/ssushko/TE_evolution/1001Gp_TE_ANNOT/panTEome_v3_1001Gp/annotation_chr_s/single_genome_EDTA/100835/100835.Chr_scaffolds.fa.mod.EDTA.TElib.mincopyfiltered.fa
    log: logs/100835_extr_minnflcop.log
    jobid: 1611
    reason: Missing output files: /tmp/global2/ssushko/TE_evolution/1001Gp_TE_ANNOT/panTEome_v3_1001Gp/annotation_chr_s/single_genome_EDTA/100835/100835.Chr_scaffolds.fa.mod.EDTA.TElib.mincopyfiltered.fa
    wildcards: sample=100835
    resources: mem_mb=1000, mem_mib=954, disk_mb=1000, disk_mib=954, tmpdir=<TBD>


[Fri Sep  5 14:44:40 2025]
rule extract_min_n_fl_copies:
    input: /tmp/global2/ssushko/TE_evolution/1001Gp_TE_ANNOT/panTEome_v3_1001Gp/annotation_chr_s/single_genome_EDTA/100029/100029.Chr_scaffolds.fa.mod.EDTA.TEanno.sgannot.gff3, /tmp/global2/ssushko/TE_evolution/1001Gp_TE_ANNOT/panTEome_v3_1001Gp/annotation_chr_s/single_genome_EDTA/100029/100029.Chr_scaffolds.fa.mod.EDTA.anno/100029.Chr_scaffolds.fa.mod.EDTA.RM.out
    output: /tmp/global2/ssushko/TE_evolution/1001Gp_TE_ANNOT/panTEome_v3_1001Gp/annotation_chr_s/single_genome_EDTA/100029/100029.Chr_scaffolds.fa.mod.EDTA.TElib.fa.keep.list, /tmp/global2/ssushko/TE_evolution/1001Gp_TE_ANNOT/panTEome_v3_1001Gp/annotation_chr_s/single_genome_EDTA/100029/100029.Chr_scaffolds.fa.mod.EDTA.TElib.mincopyfiltered.fa
    log: logs/100029_extr_minnflcop.log
    jobid: 31
    reason: Missing output files: /tmp/global2/ssushko/TE_evolution/1001Gp_TE_ANNOT/panTEome_v3_1001Gp/annotation_chr_s/single_genome_EDTA/100029/100029.Chr_scaffolds.fa.mod.EDTA.TElib.mincopyfiltered.fa
    wildcards: sample=100029
    resources: mem_mb=1000, mem_mib=954, disk_mb=1000, disk_mib=954, tmpdir=<TBD>


[Fri Sep  5 14:44:40 2025]
rule extract_min_n_fl_copies:
    input: /tmp/global2/ssushko/TE_evolution/1001Gp_TE_ANNOT/panTEome_v3_1001Gp/annotation_chr_s/single_genome_EDTA/100736/100736.Chr_scaffolds.fa.mod.EDTA.TEanno.sgannot.gff3, /tmp/global2/ssushko/TE_evolution/1001Gp_TE_ANNOT/panTEome_v3_1001Gp/annotation_chr_s/single_genome_EDTA/100736/100736.Chr_scaffolds.fa.mod.EDTA.anno/100736.Chr_scaffolds.fa.mod.EDTA.RM.out
    output: /tmp/global2/ssushko/TE_evolution/1001Gp_TE_ANNOT/panTEome_v3_1001Gp/annotation_chr_s/single_genome_EDTA/100736/100736.Chr_scaffolds.fa.mod.EDTA.TElib.fa.keep.list, /tmp/global2/ssushko/TE_evolution/1001Gp_TE_ANNOT/panTEome_v3_1001Gp/annotation_chr_s/single_genome_EDTA/100736/100736.Chr_scaffolds.fa.mod.EDTA.TElib.mincopyfiltered.fa
    log: logs/100736_extr_minnflcop.log
    jobid: 1219
    reason: Missing output files: /tmp/global2/ssushko/TE_evolution/1001Gp_TE_ANNOT/panTEome_v3_1001Gp/annotation_chr_s/single_genome_EDTA/100736/100736.Chr_scaffolds.fa.mod.EDTA.TElib.mincopyfiltered.fa
    wildcards: sample=100736
    resources: mem_mb=1000, mem_mib=954, disk_mb=1000, disk_mib=954, tmpdir=<TBD>


[Fri Sep  5 14:44:40 2025]
rule extract_min_n_fl_copies:
    input: /tmp/global2/ssushko/TE_evolution/1001Gp_TE_ANNOT/panTEome_v3_1001Gp/annotation_chr_s/single_genome_EDTA/100898/100898.Chr_scaffolds.fa.mod.EDTA.TEanno.sgannot.gff3, /tmp/global2/ssushko/TE_evolution/1001Gp_TE_ANNOT/panTEome_v3_1001Gp/annotation_chr_s/single_genome_EDTA/100898/100898.Chr_scaffolds.fa.mod.EDTA.anno/100898.Chr_scaffolds.fa.mod.EDTA.RM.out
    output: /tmp/global2/ssushko/TE_evolution/1001Gp_TE_ANNOT/panTEome_v3_1001Gp/annotation_chr_s/single_genome_EDTA/100898/100898.Chr_scaffolds.fa.mod.EDTA.TElib.fa.keep.list, /tmp/global2/ssushko/TE_evolution/1001Gp_TE_ANNOT/panTEome_v3_1001Gp/annotation_chr_s/single_genome_EDTA/100898/100898.Chr_scaffolds.fa.mod.EDTA.TElib.mincopyfiltered.fa
    log: logs/100898_extr_minnflcop.log
    jobid: 1863
    reason: Missing output files: /tmp/global2/ssushko/TE_evolution/1001Gp_TE_ANNOT/panTEome_v3_1001Gp/annotation_chr_s/single_genome_EDTA/100898/100898.Chr_scaffolds.fa.mod.EDTA.TElib.mincopyfiltered.fa
    wildcards: sample=100898
    resources: mem_mb=1000, mem_mib=954, disk_mb=1000, disk_mib=954, tmpdir=<TBD>


[Fri Sep  5 14:44:40 2025]
rule extract_min_n_fl_copies:
    input: /tmp/global2/ssushko/TE_evolution/1001Gp_TE_ANNOT/panTEome_v3_1001Gp/annotation_chr_s/single_genome_EDTA/100969/100969.Chr_scaffolds.fa.mod.EDTA.TEanno.sgannot.gff3, /tmp/global2/ssushko/TE_evolution/1001Gp_TE_ANNOT/panTEome_v3_1001Gp/annotation_chr_s/single_genome_EDTA/100969/100969.Chr_scaffolds.fa.mod.EDTA.anno/100969.Chr_scaffolds.fa.mod.EDTA.RM.out
    output: /tmp/global2/ssushko/TE_evolution/1001Gp_TE_ANNOT/panTEome_v3_1001Gp/annotation_chr_s/single_genome_EDTA/100969/100969.Chr_scaffolds.fa.mod.EDTA.TElib.fa.keep.list, /tmp/global2/ssushko/TE_evolution/1001Gp_TE_ANNOT/panTEome_v3_1001Gp/annotation_chr_s/single_genome_EDTA/100969/100969.Chr_scaffolds.fa.mod.EDTA.TElib.mincopyfiltered.fa
    log: logs/100969_extr_minnflcop.log
    jobid: 2147
    reason: Missing output files: /tmp/global2/ssushko/TE_evolution/1001Gp_TE_ANNOT/panTEome_v3_1001Gp/annotation_chr_s/single_genome_EDTA/100969/100969.Chr_scaffolds.fa.mod.EDTA.TElib.mincopyfiltered.fa
    wildcards: sample=100969
    resources: mem_mb=1000, mem_mib=954, disk_mb=1000, disk_mib=954, tmpdir=<TBD>


[Fri Sep  5 14:44:40 2025]
rule extract_min_n_fl_copies:
    input: /tmp/global2/ssushko/TE_evolution/1001Gp_TE_ANNOT/panTEome_v3_1001Gp/annotation_chr_s/single_genome_EDTA/100691/100691.Chr_scaffolds.fa.mod.EDTA.TEanno.sgannot.gff3, /tmp/global2/ssushko/TE_evolution/1001Gp_TE_ANNOT/panTEome_v3_1001Gp/annotation_chr_s/single_genome_EDTA/100691/100691.Chr_scaffolds.fa.mod.EDTA.anno/100691.Chr_scaffolds.fa.mod.EDTA.RM.out
    output: /tmp/global2/ssushko/TE_evolution/1001Gp_TE_ANNOT/panTEome_v3_1001Gp/annotation_chr_s/single_genome_EDTA/100691/100691.Chr_scaffolds.fa.mod.EDTA.TElib.fa.keep.list, /tmp/global2/ssushko/TE_evolution/1001Gp_TE_ANNOT/panTEome_v3_1001Gp/annotation_chr_s/single_genome_EDTA/100691/100691.Chr_scaffolds.fa.mod.EDTA.TElib.mincopyfiltered.fa
    log: logs/100691_extr_minnflcop.log
    jobid: 1039
    reason: Missing output files: /tmp/global2/ssushko/TE_evolution/1001Gp_TE_ANNOT/panTEome_v3_1001Gp/annotation_chr_s/single_genome_EDTA/100691/100691.Chr_scaffolds.fa.mod.EDTA.TElib.mincopyfiltered.fa
    wildcards: sample=100691
    resources: mem_mb=1000, mem_mib=954, disk_mb=1000, disk_mib=954, tmpdir=<TBD>


[Fri Sep  5 14:44:40 2025]
rule extract_min_n_fl_copies:
    input: /tmp/global2/ssushko/TE_evolution/1001Gp_TE_ANNOT/panTEome_v3_1001Gp/annotation_chr_s/single_genome_EDTA/100712/100712.Chr_scaffolds.fa.mod.EDTA.TEanno.sgannot.gff3, /tmp/global2/ssushko/TE_evolution/1001Gp_TE_ANNOT/panTEome_v3_1001Gp/annotation_chr_s/single_genome_EDTA/100712/100712.Chr_scaffolds.fa.mod.EDTA.anno/100712.Chr_scaffolds.fa.mod.EDTA.RM.out
    output: /tmp/global2/ssushko/TE_evolution/1001Gp_TE_ANNOT/panTEome_v3_1001Gp/annotation_chr_s/single_genome_EDTA/100712/100712.Chr_scaffolds.fa.mod.EDTA.TElib.fa.keep.list, /tmp/global2/ssushko/TE_evolution/1001Gp_TE_ANNOT/panTEome_v3_1001Gp/annotation_chr_s/single_genome_EDTA/100712/100712.Chr_scaffolds.fa.mod.EDTA.TElib.mincopyfiltered.fa
    log: logs/100712_extr_minnflcop.log
    jobid: 1123
    reason: Missing output files: /tmp/global2/ssushko/TE_evolution/1001Gp_TE_ANNOT/panTEome_v3_1001Gp/annotation_chr_s/single_genome_EDTA/100712/100712.Chr_scaffolds.fa.mod.EDTA.TElib.mincopyfiltered.fa
    wildcards: sample=100712
    resources: mem_mb=1000, mem_mib=954, disk_mb=1000, disk_mib=954, tmpdir=<TBD>


[Fri Sep  5 14:44:40 2025]
rule extract_min_n_fl_copies:
    input: /tmp/global2/ssushko/TE_evolution/1001Gp_TE_ANNOT/panTEome_v3_1001Gp/annotation_chr_s/single_genome_EDTA/100719/100719.Chr_scaffolds.fa.mod.EDTA.TEanno.sgannot.gff3, /tmp/global2/ssushko/TE_evolution/1001Gp_TE_ANNOT/panTEome_v3_1001Gp/annotation_chr_s/single_genome_EDTA/100719/100719.Chr_scaffolds.fa.mod.EDTA.anno/100719.Chr_scaffolds.fa.mod.EDTA.RM.out
    output: /tmp/global2/ssushko/TE_evolution/1001Gp_TE_ANNOT/panTEome_v3_1001Gp/annotation_chr_s/single_genome_EDTA/100719/100719.Chr_scaffolds.fa.mod.EDTA.TElib.fa.keep.list, /tmp/global2/ssushko/TE_evolution/1001Gp_TE_ANNOT/panTEome_v3_1001Gp/annotation_chr_s/single_genome_EDTA/100719/100719.Chr_scaffolds.fa.mod.EDTA.TElib.mincopyfiltered.fa
    log: logs/100719_extr_minnflcop.log
    jobid: 1151
    reason: Missing output files: /tmp/global2/ssushko/TE_evolution/1001Gp_TE_ANNOT/panTEome_v3_1001Gp/annotation_chr_s/single_genome_EDTA/100719/100719.Chr_scaffolds.fa.mod.EDTA.TElib.mincopyfiltered.fa
    wildcards: sample=100719
    resources: mem_mb=1000, mem_mib=954, disk_mb=1000, disk_mib=954, tmpdir=<TBD>


[Fri Sep  5 14:44:40 2025]
rule extract_min_n_fl_copies:
    input: /tmp/global2/ssushko/TE_evolution/1001Gp_TE_ANNOT/panTEome_v3_1001Gp/annotation_chr_s/single_genome_EDTA/100084/100084.Chr_scaffolds.fa.mod.EDTA.TEanno.sgannot.gff3, /tmp/global2/ssushko/TE_evolution/1001Gp_TE_ANNOT/panTEome_v3_1001Gp/annotation_chr_s/single_genome_EDTA/100084/100084.Chr_scaffolds.fa.mod.EDTA.anno/100084.Chr_scaffolds.fa.mod.EDTA.RM.out
    output: /tmp/global2/ssushko/TE_evolution/1001Gp_TE_ANNOT/panTEome_v3_1001Gp/annotation_chr_s/single_genome_EDTA/100084/100084.Chr_scaffolds.fa.mod.EDTA.TElib.fa.keep.list, /tmp/global2/ssushko/TE_evolution/1001Gp_TE_ANNOT/panTEome_v3_1001Gp/annotation_chr_s/single_genome_EDTA/100084/100084.Chr_scaffolds.fa.mod.EDTA.TElib.mincopyfiltered.fa
    log: logs/100084_extr_minnflcop.log
    jobid: 215
    reason: Missing output files: /tmp/global2/ssushko/TE_evolution/1001Gp_TE_ANNOT/panTEome_v3_1001Gp/annotation_chr_s/single_genome_EDTA/100084/100084.Chr_scaffolds.fa.mod.EDTA.TElib.mincopyfiltered.fa
    wildcards: sample=100084
    resources: mem_mb=1000, mem_mib=954, disk_mb=1000, disk_mib=954, tmpdir=<TBD>


[Fri Sep  5 14:44:40 2025]
rule extract_min_n_fl_copies:
    input: /tmp/global2/ssushko/TE_evolution/1001Gp_TE_ANNOT/panTEome_v3_1001Gp/annotation_chr_s/single_genome_EDTA/100754/100754.Chr_scaffolds.fa.mod.EDTA.TEanno.sgannot.gff3, /tmp/global2/ssushko/TE_evolution/1001Gp_TE_ANNOT/panTEome_v3_1001Gp/annotation_chr_s/single_genome_EDTA/100754/100754.Chr_scaffolds.fa.mod.EDTA.anno/100754.Chr_scaffolds.fa.mod.EDTA.RM.out
    output: /tmp/global2/ssushko/TE_evolution/1001Gp_TE_ANNOT/panTEome_v3_1001Gp/annotation_chr_s/single_genome_EDTA/100754/100754.Chr_scaffolds.fa.mod.EDTA.TElib.fa.keep.list, /tmp/global2/ssushko/TE_evolution/1001Gp_TE_ANNOT/panTEome_v3_1001Gp/annotation_chr_s/single_genome_EDTA/100754/100754.Chr_scaffolds.fa.mod.EDTA.TElib.mincopyfiltered.fa
    log: logs/100754_extr_minnflcop.log
    jobid: 1291
    reason: Missing output files: /tmp/global2/ssushko/TE_evolution/1001Gp_TE_ANNOT/panTEome_v3_1001Gp/annotation_chr_s/single_genome_EDTA/100754/100754.Chr_scaffolds.fa.mod.EDTA.TElib.mincopyfiltered.fa
    wildcards: sample=100754
    resources: mem_mb=1000, mem_mib=954, disk_mb=1000, disk_mib=954, tmpdir=<TBD>


[Fri Sep  5 14:44:40 2025]
rule extract_min_n_fl_copies:
    input: /tmp/global2/ssushko/TE_evolution/1001Gp_TE_ANNOT/panTEome_v3_1001Gp/annotation_chr_s/single_genome_EDTA/100783/100783.Chr_scaffolds.fa.mod.EDTA.TEanno.sgannot.gff3, /tmp/global2/ssushko/TE_evolution/1001Gp_TE_ANNOT/panTEome_v3_1001Gp/annotation_chr_s/single_genome_EDTA/100783/100783.Chr_scaffolds.fa.mod.EDTA.anno/100783.Chr_scaffolds.fa.mod.EDTA.RM.out
    output: /tmp/global2/ssushko/TE_evolution/1001Gp_TE_ANNOT/panTEome_v3_1001Gp/annotation_chr_s/single_genome_EDTA/100783/100783.Chr_scaffolds.fa.mod.EDTA.TElib.fa.keep.list, /tmp/global2/ssushko/TE_evolution/1001Gp_TE_ANNOT/panTEome_v3_1001Gp/annotation_chr_s/single_genome_EDTA/100783/100783.Chr_scaffolds.fa.mod.EDTA.TElib.mincopyfiltered.fa
    log: logs/100783_extr_minnflcop.log
    jobid: 1403
    reason: Missing output files: /tmp/global2/ssushko/TE_evolution/1001Gp_TE_ANNOT/panTEome_v3_1001Gp/annotation_chr_s/single_genome_EDTA/100783/100783.Chr_scaffolds.fa.mod.EDTA.TElib.mincopyfiltered.fa
    wildcards: sample=100783
    resources: mem_mb=1000, mem_mib=954, disk_mb=1000, disk_mib=954, tmpdir=<TBD>


[Fri Sep  5 14:44:40 2025]
rule extract_min_n_fl_copies:
    input: /tmp/global2/ssushko/TE_evolution/1001Gp_TE_ANNOT/panTEome_v3_1001Gp/annotation_chr_s/single_genome_EDTA/100888/100888.Chr_scaffolds.fa.mod.EDTA.TEanno.sgannot.gff3, /tmp/global2/ssushko/TE_evolution/1001Gp_TE_ANNOT/panTEome_v3_1001Gp/annotation_chr_s/single_genome_EDTA/100888/100888.Chr_scaffolds.fa.mod.EDTA.anno/100888.Chr_scaffolds.fa.mod.EDTA.RM.out
    output: /tmp/global2/ssushko/TE_evolution/1001Gp_TE_ANNOT/panTEome_v3_1001Gp/annotation_chr_s/single_genome_EDTA/100888/100888.Chr_scaffolds.fa.mod.EDTA.TElib.fa.keep.list, /tmp/global2/ssushko/TE_evolution/1001Gp_TE_ANNOT/panTEome_v3_1001Gp/annotation_chr_s/single_genome_EDTA/100888/100888.Chr_scaffolds.fa.mod.EDTA.TElib.mincopyfiltered.fa
    log: logs/100888_extr_minnflcop.log
    jobid: 1823
    reason: Missing output files: /tmp/global2/ssushko/TE_evolution/1001Gp_TE_ANNOT/panTEome_v3_1001Gp/annotation_chr_s/single_genome_EDTA/100888/100888.Chr_scaffolds.fa.mod.EDTA.TElib.mincopyfiltered.fa
    wildcards: sample=100888
    resources: mem_mb=1000, mem_mib=954, disk_mb=1000, disk_mib=954, tmpdir=<TBD>


[Fri Sep  5 14:44:40 2025]
rule extract_min_n_fl_copies:
    input: /tmp/global2/ssushko/TE_evolution/1001Gp_TE_ANNOT/panTEome_v3_1001Gp/annotation_chr_s/single_genome_EDTA/100986/100986.Chr_scaffolds.fa.mod.EDTA.TEanno.sgannot.gff3, /tmp/global2/ssushko/TE_evolution/1001Gp_TE_ANNOT/panTEome_v3_1001Gp/annotation_chr_s/single_genome_EDTA/100986/100986.Chr_scaffolds.fa.mod.EDTA.anno/100986.Chr_scaffolds.fa.mod.EDTA.RM.out
    output: /tmp/global2/ssushko/TE_evolution/1001Gp_TE_ANNOT/panTEome_v3_1001Gp/annotation_chr_s/single_genome_EDTA/100986/100986.Chr_scaffolds.fa.mod.EDTA.TElib.fa.keep.list, /tmp/global2/ssushko/TE_evolution/1001Gp_TE_ANNOT/panTEome_v3_1001Gp/annotation_chr_s/single_genome_EDTA/100986/100986.Chr_scaffolds.fa.mod.EDTA.TElib.mincopyfiltered.fa
    log: logs/100986_extr_minnflcop.log
    jobid: 2215
    reason: Missing output files: /tmp/global2/ssushko/TE_evolution/1001Gp_TE_ANNOT/panTEome_v3_1001Gp/annotation_chr_s/single_genome_EDTA/100986/100986.Chr_scaffolds.fa.mod.EDTA.TElib.mincopyfiltered.fa
    wildcards: sample=100986
    resources: mem_mb=1000, mem_mib=954, disk_mb=1000, disk_mib=954, tmpdir=<TBD>


[Fri Sep  5 14:44:40 2025]
rule extract_min_n_fl_copies:
    input: /tmp/global2/ssushko/TE_evolution/1001Gp_TE_ANNOT/panTEome_v3_1001Gp/annotation_chr_s/single_genome_EDTA/100993/100993.Chr_scaffolds.fa.mod.EDTA.TEanno.sgannot.gff3, /tmp/global2/ssushko/TE_evolution/1001Gp_TE_ANNOT/panTEome_v3_1001Gp/annotation_chr_s/single_genome_EDTA/100993/100993.Chr_scaffolds.fa.mod.EDTA.anno/100993.Chr_scaffolds.fa.mod.EDTA.RM.out
    output: /tmp/global2/ssushko/TE_evolution/1001Gp_TE_ANNOT/panTEome_v3_1001Gp/annotation_chr_s/single_genome_EDTA/100993/100993.Chr_scaffolds.fa.mod.EDTA.TElib.fa.keep.list, /tmp/global2/ssushko/TE_evolution/1001Gp_TE_ANNOT/panTEome_v3_1001Gp/annotation_chr_s/single_genome_EDTA/100993/100993.Chr_scaffolds.fa.mod.EDTA.TElib.mincopyfiltered.fa
    log: logs/100993_extr_minnflcop.log
    jobid: 2243
    reason: Missing output files: /tmp/global2/ssushko/TE_evolution/1001Gp_TE_ANNOT/panTEome_v3_1001Gp/annotation_chr_s/single_genome_EDTA/100993/100993.Chr_scaffolds.fa.mod.EDTA.TElib.mincopyfiltered.fa
    wildcards: sample=100993
    resources: mem_mb=1000, mem_mib=954, disk_mb=1000, disk_mib=954, tmpdir=<TBD>


[Fri Sep  5 14:44:40 2025]
rule extract_min_n_fl_copies:
    input: /tmp/global2/ssushko/TE_evolution/1001Gp_TE_ANNOT/panTEome_v3_1001Gp/annotation_chr_s/single_genome_EDTA/100464/100464.Chr_scaffolds.fa.mod.EDTA.TEanno.sgannot.gff3, /tmp/global2/ssushko/TE_evolution/1001Gp_TE_ANNOT/panTEome_v3_1001Gp/annotation_chr_s/single_genome_EDTA/100464/100464.Chr_scaffolds.fa.mod.EDTA.anno/100464.Chr_scaffolds.fa.mod.EDTA.RM.out
    output: /tmp/global2/ssushko/TE_evolution/1001Gp_TE_ANNOT/panTEome_v3_1001Gp/annotation_chr_s/single_genome_EDTA/100464/100464.Chr_scaffolds.fa.mod.EDTA.TElib.fa.keep.list, /tmp/global2/ssushko/TE_evolution/1001Gp_TE_ANNOT/panTEome_v3_1001Gp/annotation_chr_s/single_genome_EDTA/100464/100464.Chr_scaffolds.fa.mod.EDTA.TElib.mincopyfiltered.fa
    log: logs/100464_extr_minnflcop.log
    jobid: 763
    reason: Missing output files: /tmp/global2/ssushko/TE_evolution/1001Gp_TE_ANNOT/panTEome_v3_1001Gp/annotation_chr_s/single_genome_EDTA/100464/100464.Chr_scaffolds.fa.mod.EDTA.TElib.mincopyfiltered.fa
    wildcards: sample=100464
    resources: mem_mb=1000, mem_mib=954, disk_mb=1000, disk_mib=954, tmpdir=<TBD>


[Fri Sep  5 14:44:40 2025]
rule extract_min_n_fl_copies:
    input: /tmp/global2/ssushko/TE_evolution/1001Gp_TE_ANNOT/panTEome_v3_1001Gp/annotation_chr_s/single_genome_EDTA/100206/100206.Chr_scaffolds.fa.mod.EDTA.TEanno.sgannot.gff3, /tmp/global2/ssushko/TE_evolution/1001Gp_TE_ANNOT/panTEome_v3_1001Gp/annotation_chr_s/single_genome_EDTA/100206/100206.Chr_scaffolds.fa.mod.EDTA.anno/100206.Chr_scaffolds.fa.mod.EDTA.RM.out
    output: /tmp/global2/ssushko/TE_evolution/1001Gp_TE_ANNOT/panTEome_v3_1001Gp/annotation_chr_s/single_genome_EDTA/100206/100206.Chr_scaffolds.fa.mod.EDTA.TElib.fa.keep.list, /tmp/global2/ssushko/TE_evolution/1001Gp_TE_ANNOT/panTEome_v3_1001Gp/annotation_chr_s/single_genome_EDTA/100206/100206.Chr_scaffolds.fa.mod.EDTA.TElib.mincopyfiltered.fa
    log: logs/100206_extr_minnflcop.log
    jobid: 523
    reason: Missing output files: /tmp/global2/ssushko/TE_evolution/1001Gp_TE_ANNOT/panTEome_v3_1001Gp/annotation_chr_s/single_genome_EDTA/100206/100206.Chr_scaffolds.fa.mod.EDTA.TElib.mincopyfiltered.fa
    wildcards: sample=100206
    resources: mem_mb=1000, mem_mib=954, disk_mb=1000, disk_mib=954, tmpdir=<TBD>


[Fri Sep  5 14:44:40 2025]
rule extract_min_n_fl_copies:
    input: /tmp/global2/ssushko/TE_evolution/1001Gp_TE_ANNOT/panTEome_v3_1001Gp/annotation_chr_s/single_genome_EDTA/100002/100002.Chr_scaffolds.fa.mod.EDTA.TEanno.sgannot.gff3, /tmp/global2/ssushko/TE_evolution/1001Gp_TE_ANNOT/panTEome_v3_1001Gp/annotation_chr_s/single_genome_EDTA/100002/100002.Chr_scaffolds.fa.mod.EDTA.anno/100002.Chr_scaffolds.fa.mod.EDTA.RM.out
    output: /tmp/global2/ssushko/TE_evolution/1001Gp_TE_ANNOT/panTEome_v3_1001Gp/annotation_chr_s/single_genome_EDTA/100002/100002.Chr_scaffolds.fa.mod.EDTA.TElib.fa.keep.list, /tmp/global2/ssushko/TE_evolution/1001Gp_TE_ANNOT/panTEome_v3_1001Gp/annotation_chr_s/single_genome_EDTA/100002/100002.Chr_scaffolds.fa.mod.EDTA.TElib.mincopyfiltered.fa
    log: logs/100002_extr_minnflcop.log
    jobid: 7
    reason: Missing output files: /tmp/global2/ssushko/TE_evolution/1001Gp_TE_ANNOT/panTEome_v3_1001Gp/annotation_chr_s/single_genome_EDTA/100002/100002.Chr_scaffolds.fa.mod.EDTA.TElib.mincopyfiltered.fa
    wildcards: sample=100002
    resources: mem_mb=1000, mem_mib=954, disk_mb=1000, disk_mib=954, tmpdir=<TBD>


[Fri Sep  5 14:44:40 2025]
rule extract_min_n_fl_copies:
    input: /tmp/global2/ssushko/TE_evolution/1001Gp_TE_ANNOT/panTEome_v3_1001Gp/annotation_chr_s/single_genome_EDTA/100067/100067.Chr_scaffolds.fa.mod.EDTA.TEanno.sgannot.gff3, /tmp/global2/ssushko/TE_evolution/1001Gp_TE_ANNOT/panTEome_v3_1001Gp/annotation_chr_s/single_genome_EDTA/100067/100067.Chr_scaffolds.fa.mod.EDTA.anno/100067.Chr_scaffolds.fa.mod.EDTA.RM.out
    output: /tmp/global2/ssushko/TE_evolution/1001Gp_TE_ANNOT/panTEome_v3_1001Gp/annotation_chr_s/single_genome_EDTA/100067/100067.Chr_scaffolds.fa.mod.EDTA.TElib.fa.keep.list, /tmp/global2/ssushko/TE_evolution/1001Gp_TE_ANNOT/panTEome_v3_1001Gp/annotation_chr_s/single_genome_EDTA/100067/100067.Chr_scaffolds.fa.mod.EDTA.TElib.mincopyfiltered.fa
    log: logs/100067_extr_minnflcop.log
    jobid: 147
    reason: Missing output files: /tmp/global2/ssushko/TE_evolution/1001Gp_TE_ANNOT/panTEome_v3_1001Gp/annotation_chr_s/single_genome_EDTA/100067/100067.Chr_scaffolds.fa.mod.EDTA.TElib.mincopyfiltered.fa
    wildcards: sample=100067
    resources: mem_mb=1000, mem_mib=954, disk_mb=1000, disk_mib=954, tmpdir=<TBD>


[Fri Sep  5 14:44:40 2025]
rule extract_min_n_fl_copies:
    input: /tmp/global2/ssushko/TE_evolution/1001Gp_TE_ANNOT/panTEome_v3_1001Gp/annotation_chr_s/single_genome_EDTA/100155/100155.Chr_scaffolds.fa.mod.EDTA.TEanno.sgannot.gff3, /tmp/global2/ssushko/TE_evolution/1001Gp_TE_ANNOT/panTEome_v3_1001Gp/annotation_chr_s/single_genome_EDTA/100155/100155.Chr_scaffolds.fa.mod.EDTA.anno/100155.Chr_scaffolds.fa.mod.EDTA.RM.out
    output: /tmp/global2/ssushko/TE_evolution/1001Gp_TE_ANNOT/panTEome_v3_1001Gp/annotation_chr_s/single_genome_EDTA/100155/100155.Chr_scaffolds.fa.mod.EDTA.TElib.fa.keep.list, /tmp/global2/ssushko/TE_evolution/1001Gp_TE_ANNOT/panTEome_v3_1001Gp/annotation_chr_s/single_genome_EDTA/100155/100155.Chr_scaffolds.fa.mod.EDTA.TElib.mincopyfiltered.fa
    log: logs/100155_extr_minnflcop.log
    jobid: 483
    reason: Missing output files: /tmp/global2/ssushko/TE_evolution/1001Gp_TE_ANNOT/panTEome_v3_1001Gp/annotation_chr_s/single_genome_EDTA/100155/100155.Chr_scaffolds.fa.mod.EDTA.TElib.mincopyfiltered.fa
    wildcards: sample=100155
    resources: mem_mb=1000, mem_mib=954, disk_mb=1000, disk_mib=954, tmpdir=<TBD>


[Fri Sep  5 14:44:40 2025]
rule extract_min_n_fl_copies:
    input: /tmp/global2/ssushko/TE_evolution/1001Gp_TE_ANNOT/panTEome_v3_1001Gp/annotation_chr_s/single_genome_EDTA/100534/100534.Chr_scaffolds.fa.mod.EDTA.TEanno.sgannot.gff3, /tmp/global2/ssushko/TE_evolution/1001Gp_TE_ANNOT/panTEome_v3_1001Gp/annotation_chr_s/single_genome_EDTA/100534/100534.Chr_scaffolds.fa.mod.EDTA.anno/100534.Chr_scaffolds.fa.mod.EDTA.RM.out
    output: /tmp/global2/ssushko/TE_evolution/1001Gp_TE_ANNOT/panTEome_v3_1001Gp/annotation_chr_s/single_genome_EDTA/100534/100534.Chr_scaffolds.fa.mod.EDTA.TElib.fa.keep.list, /tmp/global2/ssushko/TE_evolution/1001Gp_TE_ANNOT/panTEome_v3_1001Gp/annotation_chr_s/single_genome_EDTA/100534/100534.Chr_scaffolds.fa.mod.EDTA.TElib.mincopyfiltered.fa
    log: logs/100534_extr_minnflcop.log
    jobid: 831
    reason: Missing output files: /tmp/global2/ssushko/TE_evolution/1001Gp_TE_ANNOT/panTEome_v3_1001Gp/annotation_chr_s/single_genome_EDTA/100534/100534.Chr_scaffolds.fa.mod.EDTA.TElib.mincopyfiltered.fa
    wildcards: sample=100534
    resources: mem_mb=1000, mem_mib=954, disk_mb=1000, disk_mib=954, tmpdir=<TBD>


[Fri Sep  5 14:44:40 2025]
rule extract_min_n_fl_copies:
    input: /tmp/global2/ssushko/TE_evolution/1001Gp_TE_ANNOT/panTEome_v3_1001Gp/annotation_chr_s/single_genome_EDTA/100744/100744.Chr_scaffolds.fa.mod.EDTA.TEanno.sgannot.gff3, /tmp/global2/ssushko/TE_evolution/1001Gp_TE_ANNOT/panTEome_v3_1001Gp/annotation_chr_s/single_genome_EDTA/100744/100744.Chr_scaffolds.fa.mod.EDTA.anno/100744.Chr_scaffolds.fa.mod.EDTA.RM.out
    output: /tmp/global2/ssushko/TE_evolution/1001Gp_TE_ANNOT/panTEome_v3_1001Gp/annotation_chr_s/single_genome_EDTA/100744/100744.Chr_scaffolds.fa.mod.EDTA.TElib.fa.keep.list, /tmp/global2/ssushko/TE_evolution/1001Gp_TE_ANNOT/panTEome_v3_1001Gp/annotation_chr_s/single_genome_EDTA/100744/100744.Chr_scaffolds.fa.mod.EDTA.TElib.mincopyfiltered.fa
    log: logs/100744_extr_minnflcop.log
    jobid: 1251
    reason: Missing output files: /tmp/global2/ssushko/TE_evolution/1001Gp_TE_ANNOT/panTEome_v3_1001Gp/annotation_chr_s/single_genome_EDTA/100744/100744.Chr_scaffolds.fa.mod.EDTA.TElib.mincopyfiltered.fa
    wildcards: sample=100744
    resources: mem_mb=1000, mem_mib=954, disk_mb=1000, disk_mib=954, tmpdir=<TBD>


[Fri Sep  5 14:44:40 2025]
rule extract_min_n_fl_copies:
    input: /tmp/global2/ssushko/TE_evolution/1001Gp_TE_ANNOT/panTEome_v3_1001Gp/annotation_chr_s/single_genome_EDTA/100878/100878.Chr_scaffolds.fa.mod.EDTA.TEanno.sgannot.gff3, /tmp/global2/ssushko/TE_evolution/1001Gp_TE_ANNOT/panTEome_v3_1001Gp/annotation_chr_s/single_genome_EDTA/100878/100878.Chr_scaffolds.fa.mod.EDTA.anno/100878.Chr_scaffolds.fa.mod.EDTA.RM.out
    output: /tmp/global2/ssushko/TE_evolution/1001Gp_TE_ANNOT/panTEome_v3_1001Gp/annotation_chr_s/single_genome_EDTA/100878/100878.Chr_scaffolds.fa.mod.EDTA.TElib.fa.keep.list, /tmp/global2/ssushko/TE_evolution/1001Gp_TE_ANNOT/panTEome_v3_1001Gp/annotation_chr_s/single_genome_EDTA/100878/100878.Chr_scaffolds.fa.mod.EDTA.TElib.mincopyfiltered.fa
    log: logs/100878_extr_minnflcop.log
    jobid: 1783
    reason: Missing output files: /tmp/global2/ssushko/TE_evolution/1001Gp_TE_ANNOT/panTEome_v3_1001Gp/annotation_chr_s/single_genome_EDTA/100878/100878.Chr_scaffolds.fa.mod.EDTA.TElib.mincopyfiltered.fa
    wildcards: sample=100878
    resources: mem_mb=1000, mem_mib=954, disk_mb=1000, disk_mib=954, tmpdir=<TBD>


[Fri Sep  5 14:44:40 2025]
rule extract_min_n_fl_copies:
    input: /tmp/global2/ssushko/TE_evolution/1001Gp_TE_ANNOT/panTEome_v3_1001Gp/annotation_chr_s/single_genome_EDTA/100948/100948.Chr_scaffolds.fa.mod.EDTA.TEanno.sgannot.gff3, /tmp/global2/ssushko/TE_evolution/1001Gp_TE_ANNOT/panTEome_v3_1001Gp/annotation_chr_s/single_genome_EDTA/100948/100948.Chr_scaffolds.fa.mod.EDTA.anno/100948.Chr_scaffolds.fa.mod.EDTA.RM.out
    output: /tmp/global2/ssushko/TE_evolution/1001Gp_TE_ANNOT/panTEome_v3_1001Gp/annotation_chr_s/single_genome_EDTA/100948/100948.Chr_scaffolds.fa.mod.EDTA.TElib.fa.keep.list, /tmp/global2/ssushko/TE_evolution/1001Gp_TE_ANNOT/panTEome_v3_1001Gp/annotation_chr_s/single_genome_EDTA/100948/100948.Chr_scaffolds.fa.mod.EDTA.TElib.mincopyfiltered.fa
    log: logs/100948_extr_minnflcop.log
    jobid: 2063
    reason: Missing output files: /tmp/global2/ssushko/TE_evolution/1001Gp_TE_ANNOT/panTEome_v3_1001Gp/annotation_chr_s/single_genome_EDTA/100948/100948.Chr_scaffolds.fa.mod.EDTA.TElib.mincopyfiltered.fa
    wildcards: sample=100948
    resources: mem_mb=1000, mem_mib=954, disk_mb=1000, disk_mib=954, tmpdir=<TBD>


[Fri Sep  5 14:44:40 2025]
rule extract_min_n_fl_copies:
    input: /tmp/global2/ssushko/TE_evolution/1001Gp_TE_ANNOT/panTEome_v3_1001Gp/annotation_chr_s/single_genome_EDTA/100955/100955.Chr_scaffolds.fa.mod.EDTA.TEanno.sgannot.gff3, /tmp/global2/ssushko/TE_evolution/1001Gp_TE_ANNOT/panTEome_v3_1001Gp/annotation_chr_s/single_genome_EDTA/100955/100955.Chr_scaffolds.fa.mod.EDTA.anno/100955.Chr_scaffolds.fa.mod.EDTA.RM.out
    output: /tmp/global2/ssushko/TE_evolution/1001Gp_TE_ANNOT/panTEome_v3_1001Gp/annotation_chr_s/single_genome_EDTA/100955/100955.Chr_scaffolds.fa.mod.EDTA.TElib.fa.keep.list, /tmp/global2/ssushko/TE_evolution/1001Gp_TE_ANNOT/panTEome_v3_1001Gp/annotation_chr_s/single_genome_EDTA/100955/100955.Chr_scaffolds.fa.mod.EDTA.TElib.mincopyfiltered.fa
    log: logs/100955_extr_minnflcop.log
    jobid: 2091
    reason: Missing output files: /tmp/global2/ssushko/TE_evolution/1001Gp_TE_ANNOT/panTEome_v3_1001Gp/annotation_chr_s/single_genome_EDTA/100955/100955.Chr_scaffolds.fa.mod.EDTA.TElib.mincopyfiltered.fa
    wildcards: sample=100955
    resources: mem_mb=1000, mem_mib=954, disk_mb=1000, disk_mib=954, tmpdir=<TBD>


[Fri Sep  5 14:44:40 2025]
rule extract_min_n_fl_copies:
    input: /tmp/global2/ssushko/TE_evolution/1001Gp_TE_ANNOT/panTEome_v3_1001Gp/annotation_chr_s/single_genome_EDTA/101018/101018.Chr_scaffolds.fa.mod.EDTA.TEanno.sgannot.gff3, /tmp/global2/ssushko/TE_evolution/1001Gp_TE_ANNOT/panTEome_v3_1001Gp/annotation_chr_s/single_genome_EDTA/101018/101018.Chr_scaffolds.fa.mod.EDTA.anno/101018.Chr_scaffolds.fa.mod.EDTA.RM.out
    output: /tmp/global2/ssushko/TE_evolution/1001Gp_TE_ANNOT/panTEome_v3_1001Gp/annotation_chr_s/single_genome_EDTA/101018/101018.Chr_scaffolds.fa.mod.EDTA.TElib.fa.keep.list, /tmp/global2/ssushko/TE_evolution/1001Gp_TE_ANNOT/panTEome_v3_1001Gp/annotation_chr_s/single_genome_EDTA/101018/101018.Chr_scaffolds.fa.mod.EDTA.TElib.mincopyfiltered.fa
    log: logs/101018_extr_minnflcop.log
    jobid: 2343
    reason: Missing output files: /tmp/global2/ssushko/TE_evolution/1001Gp_TE_ANNOT/panTEome_v3_1001Gp/annotation_chr_s/single_genome_EDTA/101018/101018.Chr_scaffolds.fa.mod.EDTA.TElib.mincopyfiltered.fa
    wildcards: sample=101018
    resources: mem_mb=1000, mem_mib=954, disk_mb=1000, disk_mib=954, tmpdir=<TBD>


[Fri Sep  5 14:44:40 2025]
rule extract_min_n_fl_copies:
    input: /tmp/global2/ssushko/TE_evolution/1001Gp_TE_ANNOT/panTEome_v3_1001Gp/annotation_chr_s/single_genome_EDTA/101060/101060.Chr_scaffolds.fa.mod.EDTA.TEanno.sgannot.gff3, /tmp/global2/ssushko/TE_evolution/1001Gp_TE_ANNOT/panTEome_v3_1001Gp/annotation_chr_s/single_genome_EDTA/101060/101060.Chr_scaffolds.fa.mod.EDTA.anno/101060.Chr_scaffolds.fa.mod.EDTA.RM.out
    output: /tmp/global2/ssushko/TE_evolution/1001Gp_TE_ANNOT/panTEome_v3_1001Gp/annotation_chr_s/single_genome_EDTA/101060/101060.Chr_scaffolds.fa.mod.EDTA.TElib.fa.keep.list, /tmp/global2/ssushko/TE_evolution/1001Gp_TE_ANNOT/panTEome_v3_1001Gp/annotation_chr_s/single_genome_EDTA/101060/101060.Chr_scaffolds.fa.mod.EDTA.TElib.mincopyfiltered.fa
    log: logs/101060_extr_minnflcop.log
    jobid: 2483
    reason: Missing output files: /tmp/global2/ssushko/TE_evolution/1001Gp_TE_ANNOT/panTEome_v3_1001Gp/annotation_chr_s/single_genome_EDTA/101060/101060.Chr_scaffolds.fa.mod.EDTA.TElib.mincopyfiltered.fa
    wildcards: sample=101060
    resources: mem_mb=1000, mem_mib=954, disk_mb=1000, disk_mib=954, tmpdir=<TBD>


[Fri Sep  5 14:44:40 2025]
rule extract_min_n_fl_copies:
    input: /tmp/global2/ssushko/TE_evolution/1001Gp_TE_ANNOT/panTEome_v3_1001Gp/annotation_chr_s/single_genome_EDTA/100891/100891.Chr_scaffolds.fa.mod.EDTA.TEanno.sgannot.gff3, /tmp/global2/ssushko/TE_evolution/1001Gp_TE_ANNOT/panTEome_v3_1001Gp/annotation_chr_s/single_genome_EDTA/100891/100891.Chr_scaffolds.fa.mod.EDTA.anno/100891.Chr_scaffolds.fa.mod.EDTA.RM.out
    output: /tmp/global2/ssushko/TE_evolution/1001Gp_TE_ANNOT/panTEome_v3_1001Gp/annotation_chr_s/single_genome_EDTA/100891/100891.Chr_scaffolds.fa.mod.EDTA.TElib.fa.keep.list, /tmp/global2/ssushko/TE_evolution/1001Gp_TE_ANNOT/panTEome_v3_1001Gp/annotation_chr_s/single_genome_EDTA/100891/100891.Chr_scaffolds.fa.mod.EDTA.TElib.mincopyfiltered.fa
    log: logs/100891_extr_minnflcop.log
    jobid: 1835
    reason: Missing output files: /tmp/global2/ssushko/TE_evolution/1001Gp_TE_ANNOT/panTEome_v3_1001Gp/annotation_chr_s/single_genome_EDTA/100891/100891.Chr_scaffolds.fa.mod.EDTA.TElib.mincopyfiltered.fa
    wildcards: sample=100891
    resources: mem_mb=1000, mem_mib=954, disk_mb=1000, disk_mib=954, tmpdir=<TBD>


[Fri Sep  5 14:44:40 2025]
rule extract_min_n_fl_copies:
    input: /tmp/global2/ssushko/TE_evolution/1001Gp_TE_ANNOT/panTEome_v3_1001Gp/annotation_chr_s/single_genome_EDTA/100092/100092.Chr_scaffolds.fa.mod.EDTA.TEanno.sgannot.gff3, /tmp/global2/ssushko/TE_evolution/1001Gp_TE_ANNOT/panTEome_v3_1001Gp/annotation_chr_s/single_genome_EDTA/100092/100092.Chr_scaffolds.fa.mod.EDTA.anno/100092.Chr_scaffolds.fa.mod.EDTA.RM.out
    output: /tmp/global2/ssushko/TE_evolution/1001Gp_TE_ANNOT/panTEome_v3_1001Gp/annotation_chr_s/single_genome_EDTA/100092/100092.Chr_scaffolds.fa.mod.EDTA.TElib.fa.keep.list, /tmp/global2/ssushko/TE_evolution/1001Gp_TE_ANNOT/panTEome_v3_1001Gp/annotation_chr_s/single_genome_EDTA/100092/100092.Chr_scaffolds.fa.mod.EDTA.TElib.mincopyfiltered.fa
    log: logs/100092_extr_minnflcop.log
    jobid: 247
    reason: Missing output files: /tmp/global2/ssushko/TE_evolution/1001Gp_TE_ANNOT/panTEome_v3_1001Gp/annotation_chr_s/single_genome_EDTA/100092/100092.Chr_scaffolds.fa.mod.EDTA.TElib.mincopyfiltered.fa
    wildcards: sample=100092
    resources: mem_mb=1000, mem_mib=954, disk_mb=1000, disk_mib=954, tmpdir=<TBD>


[Fri Sep  5 14:44:40 2025]
rule extract_min_n_fl_copies:
    input: /tmp/global2/ssushko/TE_evolution/1001Gp_TE_ANNOT/panTEome_v3_1001Gp/annotation_chr_s/single_genome_EDTA/100085/100085.Chr_scaffolds.fa.mod.EDTA.TEanno.sgannot.gff3, /tmp/global2/ssushko/TE_evolution/1001Gp_TE_ANNOT/panTEome_v3_1001Gp/annotation_chr_s/single_genome_EDTA/100085/100085.Chr_scaffolds.fa.mod.EDTA.anno/100085.Chr_scaffolds.fa.mod.EDTA.RM.out
    output: /tmp/global2/ssushko/TE_evolution/1001Gp_TE_ANNOT/panTEome_v3_1001Gp/annotation_chr_s/single_genome_EDTA/100085/100085.Chr_scaffolds.fa.mod.EDTA.TElib.fa.keep.list, /tmp/global2/ssushko/TE_evolution/1001Gp_TE_ANNOT/panTEome_v3_1001Gp/annotation_chr_s/single_genome_EDTA/100085/100085.Chr_scaffolds.fa.mod.EDTA.TElib.mincopyfiltered.fa
    log: logs/100085_extr_minnflcop.log
    jobid: 219
    reason: Missing output files: /tmp/global2/ssushko/TE_evolution/1001Gp_TE_ANNOT/panTEome_v3_1001Gp/annotation_chr_s/single_genome_EDTA/100085/100085.Chr_scaffolds.fa.mod.EDTA.TElib.mincopyfiltered.fa
    wildcards: sample=100085
    resources: mem_mb=1000, mem_mib=954, disk_mb=1000, disk_mib=954, tmpdir=<TBD>


[Fri Sep  5 14:44:40 2025]
rule extract_min_n_fl_copies:
    input: /tmp/global2/ssushko/TE_evolution/1001Gp_TE_ANNOT/panTEome_v3_1001Gp/annotation_chr_s/single_genome_EDTA/100647/100647.Chr_scaffolds.fa.mod.EDTA.TEanno.sgannot.gff3, /tmp/global2/ssushko/TE_evolution/1001Gp_TE_ANNOT/panTEome_v3_1001Gp/annotation_chr_s/single_genome_EDTA/100647/100647.Chr_scaffolds.fa.mod.EDTA.anno/100647.Chr_scaffolds.fa.mod.EDTA.RM.out
    output: /tmp/global2/ssushko/TE_evolution/1001Gp_TE_ANNOT/panTEome_v3_1001Gp/annotation_chr_s/single_genome_EDTA/100647/100647.Chr_scaffolds.fa.mod.EDTA.TElib.fa.keep.list, /tmp/global2/ssushko/TE_evolution/1001Gp_TE_ANNOT/panTEome_v3_1001Gp/annotation_chr_s/single_genome_EDTA/100647/100647.Chr_scaffolds.fa.mod.EDTA.TElib.mincopyfiltered.fa
    log: logs/100647_extr_minnflcop.log
    jobid: 903
    reason: Missing output files: /tmp/global2/ssushko/TE_evolution/1001Gp_TE_ANNOT/panTEome_v3_1001Gp/annotation_chr_s/single_genome_EDTA/100647/100647.Chr_scaffolds.fa.mod.EDTA.TElib.mincopyfiltered.fa
    wildcards: sample=100647
    resources: mem_mb=1000, mem_mib=954, disk_mb=1000, disk_mib=954, tmpdir=<TBD>


[Fri Sep  5 14:44:40 2025]
rule extract_min_n_fl_copies:
    input: /tmp/global2/ssushko/TE_evolution/1001Gp_TE_ANNOT/panTEome_v3_1001Gp/annotation_chr_s/single_genome_EDTA/100617/100617.Chr_scaffolds.fa.mod.EDTA.TEanno.sgannot.gff3, /tmp/global2/ssushko/TE_evolution/1001Gp_TE_ANNOT/panTEome_v3_1001Gp/annotation_chr_s/single_genome_EDTA/100617/100617.Chr_scaffolds.fa.mod.EDTA.anno/100617.Chr_scaffolds.fa.mod.EDTA.RM.out
    output: /tmp/global2/ssushko/TE_evolution/1001Gp_TE_ANNOT/panTEome_v3_1001Gp/annotation_chr_s/single_genome_EDTA/100617/100617.Chr_scaffolds.fa.mod.EDTA.TElib.fa.keep.list, /tmp/global2/ssushko/TE_evolution/1001Gp_TE_ANNOT/panTEome_v3_1001Gp/annotation_chr_s/single_genome_EDTA/100617/100617.Chr_scaffolds.fa.mod.EDTA.TElib.mincopyfiltered.fa
    log: logs/100617_extr_minnflcop.log
    jobid: 875
    reason: Missing output files: /tmp/global2/ssushko/TE_evolution/1001Gp_TE_ANNOT/panTEome_v3_1001Gp/annotation_chr_s/single_genome_EDTA/100617/100617.Chr_scaffolds.fa.mod.EDTA.TElib.mincopyfiltered.fa
    wildcards: sample=100617
    resources: mem_mb=1000, mem_mib=954, disk_mb=1000, disk_mib=954, tmpdir=<TBD>


[Fri Sep  5 14:44:40 2025]
rule extract_min_n_fl_copies:
    input: /tmp/global2/ssushko/TE_evolution/1001Gp_TE_ANNOT/panTEome_v3_1001Gp/annotation_chr_s/single_genome_EDTA/100798/100798.Chr_scaffolds.fa.mod.EDTA.TEanno.sgannot.gff3, /tmp/global2/ssushko/TE_evolution/1001Gp_TE_ANNOT/panTEome_v3_1001Gp/annotation_chr_s/single_genome_EDTA/100798/100798.Chr_scaffolds.fa.mod.EDTA.anno/100798.Chr_scaffolds.fa.mod.EDTA.RM.out
    output: /tmp/global2/ssushko/TE_evolution/1001Gp_TE_ANNOT/panTEome_v3_1001Gp/annotation_chr_s/single_genome_EDTA/100798/100798.Chr_scaffolds.fa.mod.EDTA.TElib.fa.keep.list, /tmp/global2/ssushko/TE_evolution/1001Gp_TE_ANNOT/panTEome_v3_1001Gp/annotation_chr_s/single_genome_EDTA/100798/100798.Chr_scaffolds.fa.mod.EDTA.TElib.mincopyfiltered.fa
    log: logs/100798_extr_minnflcop.log
    jobid: 1463
    reason: Missing output files: /tmp/global2/ssushko/TE_evolution/1001Gp_TE_ANNOT/panTEome_v3_1001Gp/annotation_chr_s/single_genome_EDTA/100798/100798.Chr_scaffolds.fa.mod.EDTA.TElib.mincopyfiltered.fa
    wildcards: sample=100798
    resources: mem_mb=1000, mem_mib=954, disk_mb=1000, disk_mib=954, tmpdir=<TBD>


[Fri Sep  5 14:44:40 2025]
rule extract_min_n_fl_copies:
    input: /tmp/global2/ssushko/TE_evolution/1001Gp_TE_ANNOT/panTEome_v3_1001Gp/annotation_chr_s/single_genome_EDTA/100868/100868.Chr_scaffolds.fa.mod.EDTA.TEanno.sgannot.gff3, /tmp/global2/ssushko/TE_evolution/1001Gp_TE_ANNOT/panTEome_v3_1001Gp/annotation_chr_s/single_genome_EDTA/100868/100868.Chr_scaffolds.fa.mod.EDTA.anno/100868.Chr_scaffolds.fa.mod.EDTA.RM.out
    output: /tmp/global2/ssushko/TE_evolution/1001Gp_TE_ANNOT/panTEome_v3_1001Gp/annotation_chr_s/single_genome_EDTA/100868/100868.Chr_scaffolds.fa.mod.EDTA.TElib.fa.keep.list, /tmp/global2/ssushko/TE_evolution/1001Gp_TE_ANNOT/panTEome_v3_1001Gp/annotation_chr_s/single_genome_EDTA/100868/100868.Chr_scaffolds.fa.mod.EDTA.TElib.mincopyfiltered.fa
    log: logs/100868_extr_minnflcop.log
    jobid: 1743
    reason: Missing output files: /tmp/global2/ssushko/TE_evolution/1001Gp_TE_ANNOT/panTEome_v3_1001Gp/annotation_chr_s/single_genome_EDTA/100868/100868.Chr_scaffolds.fa.mod.EDTA.TElib.mincopyfiltered.fa
    wildcards: sample=100868
    resources: mem_mb=1000, mem_mib=954, disk_mb=1000, disk_mib=954, tmpdir=<TBD>


[Fri Sep  5 14:44:40 2025]
rule extract_min_n_fl_copies:
    input: /tmp/global2/ssushko/TE_evolution/1001Gp_TE_ANNOT/panTEome_v3_1001Gp/annotation_chr_s/single_genome_EDTA/100931/100931.Chr_scaffolds.fa.mod.EDTA.TEanno.sgannot.gff3, /tmp/global2/ssushko/TE_evolution/1001Gp_TE_ANNOT/panTEome_v3_1001Gp/annotation_chr_s/single_genome_EDTA/100931/100931.Chr_scaffolds.fa.mod.EDTA.anno/100931.Chr_scaffolds.fa.mod.EDTA.RM.out
    output: /tmp/global2/ssushko/TE_evolution/1001Gp_TE_ANNOT/panTEome_v3_1001Gp/annotation_chr_s/single_genome_EDTA/100931/100931.Chr_scaffolds.fa.mod.EDTA.TElib.fa.keep.list, /tmp/global2/ssushko/TE_evolution/1001Gp_TE_ANNOT/panTEome_v3_1001Gp/annotation_chr_s/single_genome_EDTA/100931/100931.Chr_scaffolds.fa.mod.EDTA.TElib.mincopyfiltered.fa
    log: logs/100931_extr_minnflcop.log
    jobid: 1995
    reason: Missing output files: /tmp/global2/ssushko/TE_evolution/1001Gp_TE_ANNOT/panTEome_v3_1001Gp/annotation_chr_s/single_genome_EDTA/100931/100931.Chr_scaffolds.fa.mod.EDTA.TElib.mincopyfiltered.fa
    wildcards: sample=100931
    resources: mem_mb=1000, mem_mib=954, disk_mb=1000, disk_mib=954, tmpdir=<TBD>


[Fri Sep  5 14:44:40 2025]
rule extract_min_n_fl_copies:
    input: /tmp/global2/ssushko/TE_evolution/1001Gp_TE_ANNOT/panTEome_v3_1001Gp/annotation_chr_s/single_genome_EDTA/100994/100994.Chr_scaffolds.fa.mod.EDTA.TEanno.sgannot.gff3, /tmp/global2/ssushko/TE_evolution/1001Gp_TE_ANNOT/panTEome_v3_1001Gp/annotation_chr_s/single_genome_EDTA/100994/100994.Chr_scaffolds.fa.mod.EDTA.anno/100994.Chr_scaffolds.fa.mod.EDTA.RM.out
    output: /tmp/global2/ssushko/TE_evolution/1001Gp_TE_ANNOT/panTEome_v3_1001Gp/annotation_chr_s/single_genome_EDTA/100994/100994.Chr_scaffolds.fa.mod.EDTA.TElib.fa.keep.list, /tmp/global2/ssushko/TE_evolution/1001Gp_TE_ANNOT/panTEome_v3_1001Gp/annotation_chr_s/single_genome_EDTA/100994/100994.Chr_scaffolds.fa.mod.EDTA.TElib.mincopyfiltered.fa
    log: logs/100994_extr_minnflcop.log
    jobid: 2247
    reason: Missing output files: /tmp/global2/ssushko/TE_evolution/1001Gp_TE_ANNOT/panTEome_v3_1001Gp/annotation_chr_s/single_genome_EDTA/100994/100994.Chr_scaffolds.fa.mod.EDTA.TElib.mincopyfiltered.fa
    wildcards: sample=100994
    resources: mem_mb=1000, mem_mib=954, disk_mb=1000, disk_mib=954, tmpdir=<TBD>


[Fri Sep  5 14:44:40 2025]
rule extract_min_n_fl_copies:
    input: /tmp/global2/ssushko/TE_evolution/1001Gp_TE_ANNOT/panTEome_v3_1001Gp/annotation_chr_s/single_genome_EDTA/101001/101001.Chr_scaffolds.fa.mod.EDTA.TEanno.sgannot.gff3, /tmp/global2/ssushko/TE_evolution/1001Gp_TE_ANNOT/panTEome_v3_1001Gp/annotation_chr_s/single_genome_EDTA/101001/101001.Chr_scaffolds.fa.mod.EDTA.anno/101001.Chr_scaffolds.fa.mod.EDTA.RM.out
    output: /tmp/global2/ssushko/TE_evolution/1001Gp_TE_ANNOT/panTEome_v3_1001Gp/annotation_chr_s/single_genome_EDTA/101001/101001.Chr_scaffolds.fa.mod.EDTA.TElib.fa.keep.list, /tmp/global2/ssushko/TE_evolution/1001Gp_TE_ANNOT/panTEome_v3_1001Gp/annotation_chr_s/single_genome_EDTA/101001/101001.Chr_scaffolds.fa.mod.EDTA.TElib.mincopyfiltered.fa
    log: logs/101001_extr_minnflcop.log
    jobid: 2275
    reason: Missing output files: /tmp/global2/ssushko/TE_evolution/1001Gp_TE_ANNOT/panTEome_v3_1001Gp/annotation_chr_s/single_genome_EDTA/101001/101001.Chr_scaffolds.fa.mod.EDTA.TElib.mincopyfiltered.fa
    wildcards: sample=101001
    resources: mem_mb=1000, mem_mib=954, disk_mb=1000, disk_mib=954, tmpdir=<TBD>


[Fri Sep  5 14:44:40 2025]
rule extract_min_n_fl_copies:
    input: /tmp/global2/ssushko/TE_evolution/1001Gp_TE_ANNOT/panTEome_v3_1001Gp/annotation_chr_s/single_genome_EDTA/100974/100974.Chr_scaffolds.fa.mod.EDTA.TEanno.sgannot.gff3, /tmp/global2/ssushko/TE_evolution/1001Gp_TE_ANNOT/panTEome_v3_1001Gp/annotation_chr_s/single_genome_EDTA/100974/100974.Chr_scaffolds.fa.mod.EDTA.anno/100974.Chr_scaffolds.fa.mod.EDTA.RM.out
    output: /tmp/global2/ssushko/TE_evolution/1001Gp_TE_ANNOT/panTEome_v3_1001Gp/annotation_chr_s/single_genome_EDTA/100974/100974.Chr_scaffolds.fa.mod.EDTA.TElib.fa.keep.list, /tmp/global2/ssushko/TE_evolution/1001Gp_TE_ANNOT/panTEome_v3_1001Gp/annotation_chr_s/single_genome_EDTA/100974/100974.Chr_scaffolds.fa.mod.EDTA.TElib.mincopyfiltered.fa
    log: logs/100974_extr_minnflcop.log
    jobid: 2167
    reason: Missing output files: /tmp/global2/ssushko/TE_evolution/1001Gp_TE_ANNOT/panTEome_v3_1001Gp/annotation_chr_s/single_genome_EDTA/100974/100974.Chr_scaffolds.fa.mod.EDTA.TElib.mincopyfiltered.fa
    wildcards: sample=100974
    resources: mem_mb=1000, mem_mib=954, disk_mb=1000, disk_mib=954, tmpdir=<TBD>


[Fri Sep  5 14:44:40 2025]
rule extract_min_n_fl_copies:
    input: /tmp/global2/ssushko/TE_evolution/1001Gp_TE_ANNOT/panTEome_v3_1001Gp/annotation_chr_s/single_genome_EDTA/100208/100208.Chr_scaffolds.fa.mod.EDTA.TEanno.sgannot.gff3, /tmp/global2/ssushko/TE_evolution/1001Gp_TE_ANNOT/panTEome_v3_1001Gp/annotation_chr_s/single_genome_EDTA/100208/100208.Chr_scaffolds.fa.mod.EDTA.anno/100208.Chr_scaffolds.fa.mod.EDTA.RM.out
    output: /tmp/global2/ssushko/TE_evolution/1001Gp_TE_ANNOT/panTEome_v3_1001Gp/annotation_chr_s/single_genome_EDTA/100208/100208.Chr_scaffolds.fa.mod.EDTA.TElib.fa.keep.list, /tmp/global2/ssushko/TE_evolution/1001Gp_TE_ANNOT/panTEome_v3_1001Gp/annotation_chr_s/single_genome_EDTA/100208/100208.Chr_scaffolds.fa.mod.EDTA.TElib.mincopyfiltered.fa
    log: logs/100208_extr_minnflcop.log
    jobid: 527
    reason: Missing output files: /tmp/global2/ssushko/TE_evolution/1001Gp_TE_ANNOT/panTEome_v3_1001Gp/annotation_chr_s/single_genome_EDTA/100208/100208.Chr_scaffolds.fa.mod.EDTA.TElib.mincopyfiltered.fa
    wildcards: sample=100208
    resources: mem_mb=1000, mem_mib=954, disk_mb=1000, disk_mib=954, tmpdir=<TBD>


[Fri Sep  5 14:44:40 2025]
rule extract_min_n_fl_copies:
    input: /tmp/global2/ssushko/TE_evolution/1001Gp_TE_ANNOT/panTEome_v3_1001Gp/annotation_chr_s/single_genome_EDTA/100018/100018.Chr_scaffolds.fa.mod.EDTA.TEanno.sgannot.gff3, /tmp/global2/ssushko/TE_evolution/1001Gp_TE_ANNOT/panTEome_v3_1001Gp/annotation_chr_s/single_genome_EDTA/100018/100018.Chr_scaffolds.fa.mod.EDTA.anno/100018.Chr_scaffolds.fa.mod.EDTA.RM.out
    output: /tmp/global2/ssushko/TE_evolution/1001Gp_TE_ANNOT/panTEome_v3_1001Gp/annotation_chr_s/single_genome_EDTA/100018/100018.Chr_scaffolds.fa.mod.EDTA.TElib.fa.keep.list, /tmp/global2/ssushko/TE_evolution/1001Gp_TE_ANNOT/panTEome_v3_1001Gp/annotation_chr_s/single_genome_EDTA/100018/100018.Chr_scaffolds.fa.mod.EDTA.TElib.mincopyfiltered.fa
    log: logs/100018_extr_minnflcop.log
    jobid: 11
    reason: Missing output files: /tmp/global2/ssushko/TE_evolution/1001Gp_TE_ANNOT/panTEome_v3_1001Gp/annotation_chr_s/single_genome_EDTA/100018/100018.Chr_scaffolds.fa.mod.EDTA.TElib.mincopyfiltered.fa
    wildcards: sample=100018
    resources: mem_mb=1000, mem_mib=954, disk_mb=1000, disk_mib=954, tmpdir=<TBD>


[Fri Sep  5 14:44:40 2025]
rule extract_min_n_fl_copies:
    input: /tmp/global2/ssushko/TE_evolution/1001Gp_TE_ANNOT/panTEome_v3_1001Gp/annotation_chr_s/single_genome_EDTA/100068/100068.Chr_scaffolds.fa.mod.EDTA.TEanno.sgannot.gff3, /tmp/global2/ssushko/TE_evolution/1001Gp_TE_ANNOT/panTEome_v3_1001Gp/annotation_chr_s/single_genome_EDTA/100068/100068.Chr_scaffolds.fa.mod.EDTA.anno/100068.Chr_scaffolds.fa.mod.EDTA.RM.out
    output: /tmp/global2/ssushko/TE_evolution/1001Gp_TE_ANNOT/panTEome_v3_1001Gp/annotation_chr_s/single_genome_EDTA/100068/100068.Chr_scaffolds.fa.mod.EDTA.TElib.fa.keep.list, /tmp/global2/ssushko/TE_evolution/1001Gp_TE_ANNOT/panTEome_v3_1001Gp/annotation_chr_s/single_genome_EDTA/100068/100068.Chr_scaffolds.fa.mod.EDTA.TElib.mincopyfiltered.fa
    log: logs/100068_extr_minnflcop.log
    jobid: 151
    reason: Missing output files: /tmp/global2/ssushko/TE_evolution/1001Gp_TE_ANNOT/panTEome_v3_1001Gp/annotation_chr_s/single_genome_EDTA/100068/100068.Chr_scaffolds.fa.mod.EDTA.TElib.mincopyfiltered.fa
    wildcards: sample=100068
    resources: mem_mb=1000, mem_mib=954, disk_mb=1000, disk_mib=954, tmpdir=<TBD>


[Fri Sep  5 14:44:40 2025]
rule extract_min_n_fl_copies:
    input: /tmp/global2/ssushko/TE_evolution/1001Gp_TE_ANNOT/panTEome_v3_1001Gp/annotation_chr_s/single_genome_EDTA/100156/100156.Chr_scaffolds.fa.mod.EDTA.TEanno.sgannot.gff3, /tmp/global2/ssushko/TE_evolution/1001Gp_TE_ANNOT/panTEome_v3_1001Gp/annotation_chr_s/single_genome_EDTA/100156/100156.Chr_scaffolds.fa.mod.EDTA.anno/100156.Chr_scaffolds.fa.mod.EDTA.RM.out
    output: /tmp/global2/ssushko/TE_evolution/1001Gp_TE_ANNOT/panTEome_v3_1001Gp/annotation_chr_s/single_genome_EDTA/100156/100156.Chr_scaffolds.fa.mod.EDTA.TElib.fa.keep.list, /tmp/global2/ssushko/TE_evolution/1001Gp_TE_ANNOT/panTEome_v3_1001Gp/annotation_chr_s/single_genome_EDTA/100156/100156.Chr_scaffolds.fa.mod.EDTA.TElib.mincopyfiltered.fa
    log: logs/100156_extr_minnflcop.log
    jobid: 487
    reason: Missing output files: /tmp/global2/ssushko/TE_evolution/1001Gp_TE_ANNOT/panTEome_v3_1001Gp/annotation_chr_s/single_genome_EDTA/100156/100156.Chr_scaffolds.fa.mod.EDTA.TElib.mincopyfiltered.fa
    wildcards: sample=100156
    resources: mem_mb=1000, mem_mib=954, disk_mb=1000, disk_mib=954, tmpdir=<TBD>


[Fri Sep  5 14:44:40 2025]
rule extract_min_n_fl_copies:
    input: /tmp/global2/ssushko/TE_evolution/1001Gp_TE_ANNOT/panTEome_v3_1001Gp/annotation_chr_s/single_genome_EDTA/100535/100535.Chr_scaffolds.fa.mod.EDTA.TEanno.sgannot.gff3, /tmp/global2/ssushko/TE_evolution/1001Gp_TE_ANNOT/panTEome_v3_1001Gp/annotation_chr_s/single_genome_EDTA/100535/100535.Chr_scaffolds.fa.mod.EDTA.anno/100535.Chr_scaffolds.fa.mod.EDTA.RM.out
    output: /tmp/global2/ssushko/TE_evolution/1001Gp_TE_ANNOT/panTEome_v3_1001Gp/annotation_chr_s/single_genome_EDTA/100535/100535.Chr_scaffolds.fa.mod.EDTA.TElib.fa.keep.list, /tmp/global2/ssushko/TE_evolution/1001Gp_TE_ANNOT/panTEome_v3_1001Gp/annotation_chr_s/single_genome_EDTA/100535/100535.Chr_scaffolds.fa.mod.EDTA.TElib.mincopyfiltered.fa
    log: logs/100535_extr_minnflcop.log
    jobid: 835
    reason: Missing output files: /tmp/global2/ssushko/TE_evolution/1001Gp_TE_ANNOT/panTEome_v3_1001Gp/annotation_chr_s/single_genome_EDTA/100535/100535.Chr_scaffolds.fa.mod.EDTA.TElib.mincopyfiltered.fa
    wildcards: sample=100535
    resources: mem_mb=1000, mem_mib=954, disk_mb=1000, disk_mib=954, tmpdir=<TBD>


[Fri Sep  5 14:44:40 2025]
rule extract_min_n_fl_copies:
    input: /tmp/global2/ssushko/TE_evolution/1001Gp_TE_ANNOT/panTEome_v3_1001Gp/annotation_chr_s/single_genome_EDTA/100745/100745.Chr_scaffolds.fa.mod.EDTA.TEanno.sgannot.gff3, /tmp/global2/ssushko/TE_evolution/1001Gp_TE_ANNOT/panTEome_v3_1001Gp/annotation_chr_s/single_genome_EDTA/100745/100745.Chr_scaffolds.fa.mod.EDTA.anno/100745.Chr_scaffolds.fa.mod.EDTA.RM.out
    output: /tmp/global2/ssushko/TE_evolution/1001Gp_TE_ANNOT/panTEome_v3_1001Gp/annotation_chr_s/single_genome_EDTA/100745/100745.Chr_scaffolds.fa.mod.EDTA.TElib.fa.keep.list, /tmp/global2/ssushko/TE_evolution/1001Gp_TE_ANNOT/panTEome_v3_1001Gp/annotation_chr_s/single_genome_EDTA/100745/100745.Chr_scaffolds.fa.mod.EDTA.TElib.mincopyfiltered.fa
    log: logs/100745_extr_minnflcop.log
    jobid: 1255
    reason: Missing output files: /tmp/global2/ssushko/TE_evolution/1001Gp_TE_ANNOT/panTEome_v3_1001Gp/annotation_chr_s/single_genome_EDTA/100745/100745.Chr_scaffolds.fa.mod.EDTA.TElib.mincopyfiltered.fa
    wildcards: sample=100745
    resources: mem_mb=1000, mem_mib=954, disk_mb=1000, disk_mib=954, tmpdir=<TBD>


[Fri Sep  5 14:44:40 2025]
rule extract_min_n_fl_copies:
    input: /tmp/global2/ssushko/TE_evolution/1001Gp_TE_ANNOT/panTEome_v3_1001Gp/annotation_chr_s/single_genome_EDTA/100879/100879.Chr_scaffolds.fa.mod.EDTA.TEanno.sgannot.gff3, /tmp/global2/ssushko/TE_evolution/1001Gp_TE_ANNOT/panTEome_v3_1001Gp/annotation_chr_s/single_genome_EDTA/100879/100879.Chr_scaffolds.fa.mod.EDTA.anno/100879.Chr_scaffolds.fa.mod.EDTA.RM.out
    output: /tmp/global2/ssushko/TE_evolution/1001Gp_TE_ANNOT/panTEome_v3_1001Gp/annotation_chr_s/single_genome_EDTA/100879/100879.Chr_scaffolds.fa.mod.EDTA.TElib.fa.keep.list, /tmp/global2/ssushko/TE_evolution/1001Gp_TE_ANNOT/panTEome_v3_1001Gp/annotation_chr_s/single_genome_EDTA/100879/100879.Chr_scaffolds.fa.mod.EDTA.TElib.mincopyfiltered.fa
    log: logs/100879_extr_minnflcop.log
    jobid: 1787
    reason: Missing output files: /tmp/global2/ssushko/TE_evolution/1001Gp_TE_ANNOT/panTEome_v3_1001Gp/annotation_chr_s/single_genome_EDTA/100879/100879.Chr_scaffolds.fa.mod.EDTA.TElib.mincopyfiltered.fa
    wildcards: sample=100879
    resources: mem_mb=1000, mem_mib=954, disk_mb=1000, disk_mib=954, tmpdir=<TBD>


[Fri Sep  5 14:44:40 2025]
rule extract_min_n_fl_copies:
    input: /tmp/global2/ssushko/TE_evolution/1001Gp_TE_ANNOT/panTEome_v3_1001Gp/annotation_chr_s/single_genome_EDTA/100949/100949.Chr_scaffolds.fa.mod.EDTA.TEanno.sgannot.gff3, /tmp/global2/ssushko/TE_evolution/1001Gp_TE_ANNOT/panTEome_v3_1001Gp/annotation_chr_s/single_genome_EDTA/100949/100949.Chr_scaffolds.fa.mod.EDTA.anno/100949.Chr_scaffolds.fa.mod.EDTA.RM.out
    output: /tmp/global2/ssushko/TE_evolution/1001Gp_TE_ANNOT/panTEome_v3_1001Gp/annotation_chr_s/single_genome_EDTA/100949/100949.Chr_scaffolds.fa.mod.EDTA.TElib.fa.keep.list, /tmp/global2/ssushko/TE_evolution/1001Gp_TE_ANNOT/panTEome_v3_1001Gp/annotation_chr_s/single_genome_EDTA/100949/100949.Chr_scaffolds.fa.mod.EDTA.TElib.mincopyfiltered.fa
    log: logs/100949_extr_minnflcop.log
    jobid: 2067
    reason: Missing output files: /tmp/global2/ssushko/TE_evolution/1001Gp_TE_ANNOT/panTEome_v3_1001Gp/annotation_chr_s/single_genome_EDTA/100949/100949.Chr_scaffolds.fa.mod.EDTA.TElib.mincopyfiltered.fa
    wildcards: sample=100949
    resources: mem_mb=1000, mem_mib=954, disk_mb=1000, disk_mib=954, tmpdir=<TBD>


[Fri Sep  5 14:44:40 2025]
rule extract_min_n_fl_copies:
    input: /tmp/global2/ssushko/TE_evolution/1001Gp_TE_ANNOT/panTEome_v3_1001Gp/annotation_chr_s/single_genome_EDTA/100956/100956.Chr_scaffolds.fa.mod.EDTA.TEanno.sgannot.gff3, /tmp/global2/ssushko/TE_evolution/1001Gp_TE_ANNOT/panTEome_v3_1001Gp/annotation_chr_s/single_genome_EDTA/100956/100956.Chr_scaffolds.fa.mod.EDTA.anno/100956.Chr_scaffolds.fa.mod.EDTA.RM.out
    output: /tmp/global2/ssushko/TE_evolution/1001Gp_TE_ANNOT/panTEome_v3_1001Gp/annotation_chr_s/single_genome_EDTA/100956/100956.Chr_scaffolds.fa.mod.EDTA.TElib.fa.keep.list, /tmp/global2/ssushko/TE_evolution/1001Gp_TE_ANNOT/panTEome_v3_1001Gp/annotation_chr_s/single_genome_EDTA/100956/100956.Chr_scaffolds.fa.mod.EDTA.TElib.mincopyfiltered.fa
    log: logs/100956_extr_minnflcop.log
    jobid: 2095
    reason: Missing output files: /tmp/global2/ssushko/TE_evolution/1001Gp_TE_ANNOT/panTEome_v3_1001Gp/annotation_chr_s/single_genome_EDTA/100956/100956.Chr_scaffolds.fa.mod.EDTA.TElib.mincopyfiltered.fa
    wildcards: sample=100956
    resources: mem_mb=1000, mem_mib=954, disk_mb=1000, disk_mib=954, tmpdir=<TBD>


[Fri Sep  5 14:44:40 2025]
rule extract_min_n_fl_copies:
    input: /tmp/global2/ssushko/TE_evolution/1001Gp_TE_ANNOT/panTEome_v3_1001Gp/annotation_chr_s/single_genome_EDTA/101019/101019.Chr_scaffolds.fa.mod.EDTA.TEanno.sgannot.gff3, /tmp/global2/ssushko/TE_evolution/1001Gp_TE_ANNOT/panTEome_v3_1001Gp/annotation_chr_s/single_genome_EDTA/101019/101019.Chr_scaffolds.fa.mod.EDTA.anno/101019.Chr_scaffolds.fa.mod.EDTA.RM.out
    output: /tmp/global2/ssushko/TE_evolution/1001Gp_TE_ANNOT/panTEome_v3_1001Gp/annotation_chr_s/single_genome_EDTA/101019/101019.Chr_scaffolds.fa.mod.EDTA.TElib.fa.keep.list, /tmp/global2/ssushko/TE_evolution/1001Gp_TE_ANNOT/panTEome_v3_1001Gp/annotation_chr_s/single_genome_EDTA/101019/101019.Chr_scaffolds.fa.mod.EDTA.TElib.mincopyfiltered.fa
    log: logs/101019_extr_minnflcop.log
    jobid: 2347
    reason: Missing output files: /tmp/global2/ssushko/TE_evolution/1001Gp_TE_ANNOT/panTEome_v3_1001Gp/annotation_chr_s/single_genome_EDTA/101019/101019.Chr_scaffolds.fa.mod.EDTA.TElib.mincopyfiltered.fa
    wildcards: sample=101019
    resources: mem_mb=1000, mem_mib=954, disk_mb=1000, disk_mib=954, tmpdir=<TBD>


[Fri Sep  5 14:44:40 2025]
rule extract_min_n_fl_copies:
    input: /tmp/global2/ssushko/TE_evolution/1001Gp_TE_ANNOT/panTEome_v3_1001Gp/annotation_chr_s/single_genome_EDTA/101061/101061.Chr_scaffolds.fa.mod.EDTA.TEanno.sgannot.gff3, /tmp/global2/ssushko/TE_evolution/1001Gp_TE_ANNOT/panTEome_v3_1001Gp/annotation_chr_s/single_genome_EDTA/101061/101061.Chr_scaffolds.fa.mod.EDTA.anno/101061.Chr_scaffolds.fa.mod.EDTA.RM.out
    output: /tmp/global2/ssushko/TE_evolution/1001Gp_TE_ANNOT/panTEome_v3_1001Gp/annotation_chr_s/single_genome_EDTA/101061/101061.Chr_scaffolds.fa.mod.EDTA.TElib.fa.keep.list, /tmp/global2/ssushko/TE_evolution/1001Gp_TE_ANNOT/panTEome_v3_1001Gp/annotation_chr_s/single_genome_EDTA/101061/101061.Chr_scaffolds.fa.mod.EDTA.TElib.mincopyfiltered.fa
    log: logs/101061_extr_minnflcop.log
    jobid: 2487
    reason: Missing output files: /tmp/global2/ssushko/TE_evolution/1001Gp_TE_ANNOT/panTEome_v3_1001Gp/annotation_chr_s/single_genome_EDTA/101061/101061.Chr_scaffolds.fa.mod.EDTA.TElib.mincopyfiltered.fa
    wildcards: sample=101061
    resources: mem_mb=1000, mem_mib=954, disk_mb=1000, disk_mib=954, tmpdir=<TBD>


[Fri Sep  5 14:44:40 2025]
rule extract_min_n_fl_copies:
    input: /tmp/global2/ssushko/TE_evolution/1001Gp_TE_ANNOT/panTEome_v3_1001Gp/annotation_chr_s/single_genome_EDTA/101029/101029.Chr_scaffolds.fa.mod.EDTA.TEanno.sgannot.gff3, /tmp/global2/ssushko/TE_evolution/1001Gp_TE_ANNOT/panTEome_v3_1001Gp/annotation_chr_s/single_genome_EDTA/101029/101029.Chr_scaffolds.fa.mod.EDTA.anno/101029.Chr_scaffolds.fa.mod.EDTA.RM.out
    output: /tmp/global2/ssushko/TE_evolution/1001Gp_TE_ANNOT/panTEome_v3_1001Gp/annotation_chr_s/single_genome_EDTA/101029/101029.Chr_scaffolds.fa.mod.EDTA.TElib.fa.keep.list, /tmp/global2/ssushko/TE_evolution/1001Gp_TE_ANNOT/panTEome_v3_1001Gp/annotation_chr_s/single_genome_EDTA/101029/101029.Chr_scaffolds.fa.mod.EDTA.TElib.mincopyfiltered.fa
    log: logs/101029_extr_minnflcop.log
    jobid: 2387
    reason: Missing output files: /tmp/global2/ssushko/TE_evolution/1001Gp_TE_ANNOT/panTEome_v3_1001Gp/annotation_chr_s/single_genome_EDTA/101029/101029.Chr_scaffolds.fa.mod.EDTA.TElib.mincopyfiltered.fa
    wildcards: sample=101029
    resources: mem_mb=1000, mem_mib=954, disk_mb=1000, disk_mib=954, tmpdir=<TBD>


[Fri Sep  5 14:44:40 2025]
rule extract_min_n_fl_copies:
    input: /tmp/global2/ssushko/TE_evolution/1001Gp_TE_ANNOT/panTEome_v3_1001Gp/annotation_chr_s/single_genome_EDTA/100093/100093.Chr_scaffolds.fa.mod.EDTA.TEanno.sgannot.gff3, /tmp/global2/ssushko/TE_evolution/1001Gp_TE_ANNOT/panTEome_v3_1001Gp/annotation_chr_s/single_genome_EDTA/100093/100093.Chr_scaffolds.fa.mod.EDTA.anno/100093.Chr_scaffolds.fa.mod.EDTA.RM.out
    output: /tmp/global2/ssushko/TE_evolution/1001Gp_TE_ANNOT/panTEome_v3_1001Gp/annotation_chr_s/single_genome_EDTA/100093/100093.Chr_scaffolds.fa.mod.EDTA.TElib.fa.keep.list, /tmp/global2/ssushko/TE_evolution/1001Gp_TE_ANNOT/panTEome_v3_1001Gp/annotation_chr_s/single_genome_EDTA/100093/100093.Chr_scaffolds.fa.mod.EDTA.TElib.mincopyfiltered.fa
    log: logs/100093_extr_minnflcop.log
    jobid: 251
    reason: Missing output files: /tmp/global2/ssushko/TE_evolution/1001Gp_TE_ANNOT/panTEome_v3_1001Gp/annotation_chr_s/single_genome_EDTA/100093/100093.Chr_scaffolds.fa.mod.EDTA.TElib.mincopyfiltered.fa
    wildcards: sample=100093
    resources: mem_mb=1000, mem_mib=954, disk_mb=1000, disk_mib=954, tmpdir=<TBD>


[Fri Sep  5 14:44:40 2025]
rule extract_min_n_fl_copies:
    input: /tmp/global2/ssushko/TE_evolution/1001Gp_TE_ANNOT/panTEome_v3_1001Gp/annotation_chr_s/single_genome_EDTA/100086/100086.Chr_scaffolds.fa.mod.EDTA.TEanno.sgannot.gff3, /tmp/global2/ssushko/TE_evolution/1001Gp_TE_ANNOT/panTEome_v3_1001Gp/annotation_chr_s/single_genome_EDTA/100086/100086.Chr_scaffolds.fa.mod.EDTA.anno/100086.Chr_scaffolds.fa.mod.EDTA.RM.out
    output: /tmp/global2/ssushko/TE_evolution/1001Gp_TE_ANNOT/panTEome_v3_1001Gp/annotation_chr_s/single_genome_EDTA/100086/100086.Chr_scaffolds.fa.mod.EDTA.TElib.fa.keep.list, /tmp/global2/ssushko/TE_evolution/1001Gp_TE_ANNOT/panTEome_v3_1001Gp/annotation_chr_s/single_genome_EDTA/100086/100086.Chr_scaffolds.fa.mod.EDTA.TElib.mincopyfiltered.fa
    log: logs/100086_extr_minnflcop.log
    jobid: 223
    reason: Missing output files: /tmp/global2/ssushko/TE_evolution/1001Gp_TE_ANNOT/panTEome_v3_1001Gp/annotation_chr_s/single_genome_EDTA/100086/100086.Chr_scaffolds.fa.mod.EDTA.TElib.mincopyfiltered.fa
    wildcards: sample=100086
    resources: mem_mb=1000, mem_mib=954, disk_mb=1000, disk_mib=954, tmpdir=<TBD>


[Fri Sep  5 14:44:40 2025]
rule extract_min_n_fl_copies:
    input: /tmp/global2/ssushko/TE_evolution/1001Gp_TE_ANNOT/panTEome_v3_1001Gp/annotation_chr_s/single_genome_EDTA/100620/100620.Chr_scaffolds.fa.mod.EDTA.TEanno.sgannot.gff3, /tmp/global2/ssushko/TE_evolution/1001Gp_TE_ANNOT/panTEome_v3_1001Gp/annotation_chr_s/single_genome_EDTA/100620/100620.Chr_scaffolds.fa.mod.EDTA.anno/100620.Chr_scaffolds.fa.mod.EDTA.RM.out
    output: /tmp/global2/ssushko/TE_evolution/1001Gp_TE_ANNOT/panTEome_v3_1001Gp/annotation_chr_s/single_genome_EDTA/100620/100620.Chr_scaffolds.fa.mod.EDTA.TElib.fa.keep.list, /tmp/global2/ssushko/TE_evolution/1001Gp_TE_ANNOT/panTEome_v3_1001Gp/annotation_chr_s/single_genome_EDTA/100620/100620.Chr_scaffolds.fa.mod.EDTA.TElib.mincopyfiltered.fa
    log: logs/100620_extr_minnflcop.log
    jobid: 879
    reason: Missing output files: /tmp/global2/ssushko/TE_evolution/1001Gp_TE_ANNOT/panTEome_v3_1001Gp/annotation_chr_s/single_genome_EDTA/100620/100620.Chr_scaffolds.fa.mod.EDTA.TElib.mincopyfiltered.fa
    wildcards: sample=100620
    resources: mem_mb=1000, mem_mib=954, disk_mb=1000, disk_mib=954, tmpdir=<TBD>


[Fri Sep  5 14:44:40 2025]
rule extract_min_n_fl_copies:
    input: /tmp/global2/ssushko/TE_evolution/1001Gp_TE_ANNOT/panTEome_v3_1001Gp/annotation_chr_s/single_genome_EDTA/100649/100649.Chr_scaffolds.fa.mod.EDTA.TEanno.sgannot.gff3, /tmp/global2/ssushko/TE_evolution/1001Gp_TE_ANNOT/panTEome_v3_1001Gp/annotation_chr_s/single_genome_EDTA/100649/100649.Chr_scaffolds.fa.mod.EDTA.anno/100649.Chr_scaffolds.fa.mod.EDTA.RM.out
    output: /tmp/global2/ssushko/TE_evolution/1001Gp_TE_ANNOT/panTEome_v3_1001Gp/annotation_chr_s/single_genome_EDTA/100649/100649.Chr_scaffolds.fa.mod.EDTA.TElib.fa.keep.list, /tmp/global2/ssushko/TE_evolution/1001Gp_TE_ANNOT/panTEome_v3_1001Gp/annotation_chr_s/single_genome_EDTA/100649/100649.Chr_scaffolds.fa.mod.EDTA.TElib.mincopyfiltered.fa
    log: logs/100649_extr_minnflcop.log
    jobid: 907
    reason: Missing output files: /tmp/global2/ssushko/TE_evolution/1001Gp_TE_ANNOT/panTEome_v3_1001Gp/annotation_chr_s/single_genome_EDTA/100649/100649.Chr_scaffolds.fa.mod.EDTA.TElib.mincopyfiltered.fa
    wildcards: sample=100649
    resources: mem_mb=1000, mem_mib=954, disk_mb=1000, disk_mib=954, tmpdir=<TBD>


[Fri Sep  5 14:44:40 2025]
rule extract_min_n_fl_copies:
    input: /tmp/global2/ssushko/TE_evolution/1001Gp_TE_ANNOT/panTEome_v3_1001Gp/annotation_chr_s/single_genome_EDTA/100799/100799.Chr_scaffolds.fa.mod.EDTA.TEanno.sgannot.gff3, /tmp/global2/ssushko/TE_evolution/1001Gp_TE_ANNOT/panTEome_v3_1001Gp/annotation_chr_s/single_genome_EDTA/100799/100799.Chr_scaffolds.fa.mod.EDTA.anno/100799.Chr_scaffolds.fa.mod.EDTA.RM.out
    output: /tmp/global2/ssushko/TE_evolution/1001Gp_TE_ANNOT/panTEome_v3_1001Gp/annotation_chr_s/single_genome_EDTA/100799/100799.Chr_scaffolds.fa.mod.EDTA.TElib.fa.keep.list, /tmp/global2/ssushko/TE_evolution/1001Gp_TE_ANNOT/panTEome_v3_1001Gp/annotation_chr_s/single_genome_EDTA/100799/100799.Chr_scaffolds.fa.mod.EDTA.TElib.mincopyfiltered.fa
    log: logs/100799_extr_minnflcop.log
    jobid: 1467
    reason: Missing output files: /tmp/global2/ssushko/TE_evolution/1001Gp_TE_ANNOT/panTEome_v3_1001Gp/annotation_chr_s/single_genome_EDTA/100799/100799.Chr_scaffolds.fa.mod.EDTA.TElib.mincopyfiltered.fa
    wildcards: sample=100799
    resources: mem_mb=1000, mem_mib=954, disk_mb=1000, disk_mib=954, tmpdir=<TBD>


[Fri Sep  5 14:44:40 2025]
rule extract_min_n_fl_copies:
    input: /tmp/global2/ssushko/TE_evolution/1001Gp_TE_ANNOT/panTEome_v3_1001Gp/annotation_chr_s/single_genome_EDTA/100869/100869.Chr_scaffolds.fa.mod.EDTA.TEanno.sgannot.gff3, /tmp/global2/ssushko/TE_evolution/1001Gp_TE_ANNOT/panTEome_v3_1001Gp/annotation_chr_s/single_genome_EDTA/100869/100869.Chr_scaffolds.fa.mod.EDTA.anno/100869.Chr_scaffolds.fa.mod.EDTA.RM.out
    output: /tmp/global2/ssushko/TE_evolution/1001Gp_TE_ANNOT/panTEome_v3_1001Gp/annotation_chr_s/single_genome_EDTA/100869/100869.Chr_scaffolds.fa.mod.EDTA.TElib.fa.keep.list, /tmp/global2/ssushko/TE_evolution/1001Gp_TE_ANNOT/panTEome_v3_1001Gp/annotation_chr_s/single_genome_EDTA/100869/100869.Chr_scaffolds.fa.mod.EDTA.TElib.mincopyfiltered.fa
    log: logs/100869_extr_minnflcop.log
    jobid: 1747
    reason: Missing output files: /tmp/global2/ssushko/TE_evolution/1001Gp_TE_ANNOT/panTEome_v3_1001Gp/annotation_chr_s/single_genome_EDTA/100869/100869.Chr_scaffolds.fa.mod.EDTA.TElib.mincopyfiltered.fa
    wildcards: sample=100869
    resources: mem_mb=1000, mem_mib=954, disk_mb=1000, disk_mib=954, tmpdir=<TBD>


[Fri Sep  5 14:44:40 2025]
rule extract_min_n_fl_copies:
    input: /tmp/global2/ssushko/TE_evolution/1001Gp_TE_ANNOT/panTEome_v3_1001Gp/annotation_chr_s/single_genome_EDTA/100932/100932.Chr_scaffolds.fa.mod.EDTA.TEanno.sgannot.gff3, /tmp/global2/ssushko/TE_evolution/1001Gp_TE_ANNOT/panTEome_v3_1001Gp/annotation_chr_s/single_genome_EDTA/100932/100932.Chr_scaffolds.fa.mod.EDTA.anno/100932.Chr_scaffolds.fa.mod.EDTA.RM.out
    output: /tmp/global2/ssushko/TE_evolution/1001Gp_TE_ANNOT/panTEome_v3_1001Gp/annotation_chr_s/single_genome_EDTA/100932/100932.Chr_scaffolds.fa.mod.EDTA.TElib.fa.keep.list, /tmp/global2/ssushko/TE_evolution/1001Gp_TE_ANNOT/panTEome_v3_1001Gp/annotation_chr_s/single_genome_EDTA/100932/100932.Chr_scaffolds.fa.mod.EDTA.TElib.mincopyfiltered.fa
    log: logs/100932_extr_minnflcop.log
    jobid: 1999
    reason: Missing output files: /tmp/global2/ssushko/TE_evolution/1001Gp_TE_ANNOT/panTEome_v3_1001Gp/annotation_chr_s/single_genome_EDTA/100932/100932.Chr_scaffolds.fa.mod.EDTA.TElib.mincopyfiltered.fa
    wildcards: sample=100932
    resources: mem_mb=1000, mem_mib=954, disk_mb=1000, disk_mib=954, tmpdir=<TBD>


[Fri Sep  5 14:44:40 2025]
rule extract_min_n_fl_copies:
    input: /tmp/global2/ssushko/TE_evolution/1001Gp_TE_ANNOT/panTEome_v3_1001Gp/annotation_chr_s/single_genome_EDTA/100995/100995.Chr_scaffolds.fa.mod.EDTA.TEanno.sgannot.gff3, /tmp/global2/ssushko/TE_evolution/1001Gp_TE_ANNOT/panTEome_v3_1001Gp/annotation_chr_s/single_genome_EDTA/100995/100995.Chr_scaffolds.fa.mod.EDTA.anno/100995.Chr_scaffolds.fa.mod.EDTA.RM.out
    output: /tmp/global2/ssushko/TE_evolution/1001Gp_TE_ANNOT/panTEome_v3_1001Gp/annotation_chr_s/single_genome_EDTA/100995/100995.Chr_scaffolds.fa.mod.EDTA.TElib.fa.keep.list, /tmp/global2/ssushko/TE_evolution/1001Gp_TE_ANNOT/panTEome_v3_1001Gp/annotation_chr_s/single_genome_EDTA/100995/100995.Chr_scaffolds.fa.mod.EDTA.TElib.mincopyfiltered.fa
    log: logs/100995_extr_minnflcop.log
    jobid: 2251
    reason: Missing output files: /tmp/global2/ssushko/TE_evolution/1001Gp_TE_ANNOT/panTEome_v3_1001Gp/annotation_chr_s/single_genome_EDTA/100995/100995.Chr_scaffolds.fa.mod.EDTA.TElib.mincopyfiltered.fa
    wildcards: sample=100995
    resources: mem_mb=1000, mem_mib=954, disk_mb=1000, disk_mib=954, tmpdir=<TBD>


[Fri Sep  5 14:44:40 2025]
rule extract_min_n_fl_copies:
    input: /tmp/global2/ssushko/TE_evolution/1001Gp_TE_ANNOT/panTEome_v3_1001Gp/annotation_chr_s/single_genome_EDTA/101002/101002.Chr_scaffolds.fa.mod.EDTA.TEanno.sgannot.gff3, /tmp/global2/ssushko/TE_evolution/1001Gp_TE_ANNOT/panTEome_v3_1001Gp/annotation_chr_s/single_genome_EDTA/101002/101002.Chr_scaffolds.fa.mod.EDTA.anno/101002.Chr_scaffolds.fa.mod.EDTA.RM.out
    output: /tmp/global2/ssushko/TE_evolution/1001Gp_TE_ANNOT/panTEome_v3_1001Gp/annotation_chr_s/single_genome_EDTA/101002/101002.Chr_scaffolds.fa.mod.EDTA.TElib.fa.keep.list, /tmp/global2/ssushko/TE_evolution/1001Gp_TE_ANNOT/panTEome_v3_1001Gp/annotation_chr_s/single_genome_EDTA/101002/101002.Chr_scaffolds.fa.mod.EDTA.TElib.mincopyfiltered.fa
    log: logs/101002_extr_minnflcop.log
    jobid: 2279
    reason: Missing output files: /tmp/global2/ssushko/TE_evolution/1001Gp_TE_ANNOT/panTEome_v3_1001Gp/annotation_chr_s/single_genome_EDTA/101002/101002.Chr_scaffolds.fa.mod.EDTA.TElib.mincopyfiltered.fa
    wildcards: sample=101002
    resources: mem_mb=1000, mem_mib=954, disk_mb=1000, disk_mib=954, tmpdir=<TBD>


[Fri Sep  5 14:44:40 2025]
rule extract_min_n_fl_copies:
    input: /tmp/global2/ssushko/TE_evolution/1001Gp_TE_ANNOT/panTEome_v3_1001Gp/annotation_chr_s/single_genome_EDTA/101037/101037.Chr_scaffolds.fa.mod.EDTA.TEanno.sgannot.gff3, /tmp/global2/ssushko/TE_evolution/1001Gp_TE_ANNOT/panTEome_v3_1001Gp/annotation_chr_s/single_genome_EDTA/101037/101037.Chr_scaffolds.fa.mod.EDTA.anno/101037.Chr_scaffolds.fa.mod.EDTA.RM.out
    output: /tmp/global2/ssushko/TE_evolution/1001Gp_TE_ANNOT/panTEome_v3_1001Gp/annotation_chr_s/single_genome_EDTA/101037/101037.Chr_scaffolds.fa.mod.EDTA.TElib.fa.keep.list, /tmp/global2/ssushko/TE_evolution/1001Gp_TE_ANNOT/panTEome_v3_1001Gp/annotation_chr_s/single_genome_EDTA/101037/101037.Chr_scaffolds.fa.mod.EDTA.TElib.mincopyfiltered.fa
    log: logs/101037_extr_minnflcop.log
    jobid: 2419
    reason: Missing output files: /tmp/global2/ssushko/TE_evolution/1001Gp_TE_ANNOT/panTEome_v3_1001Gp/annotation_chr_s/single_genome_EDTA/101037/101037.Chr_scaffolds.fa.mod.EDTA.TElib.mincopyfiltered.fa
    wildcards: sample=101037
    resources: mem_mb=1000, mem_mib=954, disk_mb=1000, disk_mib=954, tmpdir=<TBD>


[Fri Sep  5 14:44:40 2025]
rule extract_min_n_fl_copies:
    input: /tmp/global2/ssushko/TE_evolution/1001Gp_TE_ANNOT/panTEome_v3_1001Gp/annotation_chr_s/single_genome_EDTA/100222/100222.Chr_scaffolds.fa.mod.EDTA.TEanno.sgannot.gff3, /tmp/global2/ssushko/TE_evolution/1001Gp_TE_ANNOT/panTEome_v3_1001Gp/annotation_chr_s/single_genome_EDTA/100222/100222.Chr_scaffolds.fa.mod.EDTA.anno/100222.Chr_scaffolds.fa.mod.EDTA.RM.out
    output: /tmp/global2/ssushko/TE_evolution/1001Gp_TE_ANNOT/panTEome_v3_1001Gp/annotation_chr_s/single_genome_EDTA/100222/100222.Chr_scaffolds.fa.mod.EDTA.TElib.fa.keep.list, /tmp/global2/ssushko/TE_evolution/1001Gp_TE_ANNOT/panTEome_v3_1001Gp/annotation_chr_s/single_genome_EDTA/100222/100222.Chr_scaffolds.fa.mod.EDTA.TElib.mincopyfiltered.fa
    log: logs/100222_extr_minnflcop.log
    jobid: 531
    reason: Missing output files: /tmp/global2/ssushko/TE_evolution/1001Gp_TE_ANNOT/panTEome_v3_1001Gp/annotation_chr_s/single_genome_EDTA/100222/100222.Chr_scaffolds.fa.mod.EDTA.TElib.mincopyfiltered.fa
    wildcards: sample=100222
    resources: mem_mb=1000, mem_mib=954, disk_mb=1000, disk_mib=954, tmpdir=<TBD>


[Fri Sep  5 14:44:40 2025]
rule extract_min_n_fl_copies:
    input: /tmp/global2/ssushko/TE_evolution/1001Gp_TE_ANNOT/panTEome_v3_1001Gp/annotation_chr_s/single_genome_EDTA/100022/100022.Chr_scaffolds.fa.mod.EDTA.TEanno.sgannot.gff3, /tmp/global2/ssushko/TE_evolution/1001Gp_TE_ANNOT/panTEome_v3_1001Gp/annotation_chr_s/single_genome_EDTA/100022/100022.Chr_scaffolds.fa.mod.EDTA.anno/100022.Chr_scaffolds.fa.mod.EDTA.RM.out
    output: /tmp/global2/ssushko/TE_evolution/1001Gp_TE_ANNOT/panTEome_v3_1001Gp/annotation_chr_s/single_genome_EDTA/100022/100022.Chr_scaffolds.fa.mod.EDTA.TElib.fa.keep.list, /tmp/global2/ssushko/TE_evolution/1001Gp_TE_ANNOT/panTEome_v3_1001Gp/annotation_chr_s/single_genome_EDTA/100022/100022.Chr_scaffolds.fa.mod.EDTA.TElib.mincopyfiltered.fa
    log: logs/100022_extr_minnflcop.log
    jobid: 15
    reason: Missing output files: /tmp/global2/ssushko/TE_evolution/1001Gp_TE_ANNOT/panTEome_v3_1001Gp/annotation_chr_s/single_genome_EDTA/100022/100022.Chr_scaffolds.fa.mod.EDTA.TElib.mincopyfiltered.fa
    wildcards: sample=100022
    resources: mem_mb=1000, mem_mib=954, disk_mb=1000, disk_mib=954, tmpdir=<TBD>


[Fri Sep  5 14:44:40 2025]
rule extract_min_n_fl_copies:
    input: /tmp/global2/ssushko/TE_evolution/1001Gp_TE_ANNOT/panTEome_v3_1001Gp/annotation_chr_s/single_genome_EDTA/100069/100069.Chr_scaffolds.fa.mod.EDTA.TEanno.sgannot.gff3, /tmp/global2/ssushko/TE_evolution/1001Gp_TE_ANNOT/panTEome_v3_1001Gp/annotation_chr_s/single_genome_EDTA/100069/100069.Chr_scaffolds.fa.mod.EDTA.anno/100069.Chr_scaffolds.fa.mod.EDTA.RM.out
    output: /tmp/global2/ssushko/TE_evolution/1001Gp_TE_ANNOT/panTEome_v3_1001Gp/annotation_chr_s/single_genome_EDTA/100069/100069.Chr_scaffolds.fa.mod.EDTA.TElib.fa.keep.list, /tmp/global2/ssushko/TE_evolution/1001Gp_TE_ANNOT/panTEome_v3_1001Gp/annotation_chr_s/single_genome_EDTA/100069/100069.Chr_scaffolds.fa.mod.EDTA.TElib.mincopyfiltered.fa
    log: logs/100069_extr_minnflcop.log
    jobid: 155
    reason: Missing output files: /tmp/global2/ssushko/TE_evolution/1001Gp_TE_ANNOT/panTEome_v3_1001Gp/annotation_chr_s/single_genome_EDTA/100069/100069.Chr_scaffolds.fa.mod.EDTA.TElib.mincopyfiltered.fa
    wildcards: sample=100069
    resources: mem_mb=1000, mem_mib=954, disk_mb=1000, disk_mib=954, tmpdir=<TBD>


[Fri Sep  5 14:44:40 2025]
rule extract_min_n_fl_copies:
    input: /tmp/global2/ssushko/TE_evolution/1001Gp_TE_ANNOT/panTEome_v3_1001Gp/annotation_chr_s/single_genome_EDTA/100157/100157.Chr_scaffolds.fa.mod.EDTA.TEanno.sgannot.gff3, /tmp/global2/ssushko/TE_evolution/1001Gp_TE_ANNOT/panTEome_v3_1001Gp/annotation_chr_s/single_genome_EDTA/100157/100157.Chr_scaffolds.fa.mod.EDTA.anno/100157.Chr_scaffolds.fa.mod.EDTA.RM.out
    output: /tmp/global2/ssushko/TE_evolution/1001Gp_TE_ANNOT/panTEome_v3_1001Gp/annotation_chr_s/single_genome_EDTA/100157/100157.Chr_scaffolds.fa.mod.EDTA.TElib.fa.keep.list, /tmp/global2/ssushko/TE_evolution/1001Gp_TE_ANNOT/panTEome_v3_1001Gp/annotation_chr_s/single_genome_EDTA/100157/100157.Chr_scaffolds.fa.mod.EDTA.TElib.mincopyfiltered.fa
    log: logs/100157_extr_minnflcop.log
    jobid: 491
    reason: Missing output files: /tmp/global2/ssushko/TE_evolution/1001Gp_TE_ANNOT/panTEome_v3_1001Gp/annotation_chr_s/single_genome_EDTA/100157/100157.Chr_scaffolds.fa.mod.EDTA.TElib.mincopyfiltered.fa
    wildcards: sample=100157
    resources: mem_mb=1000, mem_mib=954, disk_mb=1000, disk_mib=954, tmpdir=<TBD>


[Fri Sep  5 14:44:40 2025]
rule extract_min_n_fl_copies:
    input: /tmp/global2/ssushko/TE_evolution/1001Gp_TE_ANNOT/panTEome_v3_1001Gp/annotation_chr_s/single_genome_EDTA/100538/100538.Chr_scaffolds.fa.mod.EDTA.TEanno.sgannot.gff3, /tmp/global2/ssushko/TE_evolution/1001Gp_TE_ANNOT/panTEome_v3_1001Gp/annotation_chr_s/single_genome_EDTA/100538/100538.Chr_scaffolds.fa.mod.EDTA.anno/100538.Chr_scaffolds.fa.mod.EDTA.RM.out
    output: /tmp/global2/ssushko/TE_evolution/1001Gp_TE_ANNOT/panTEome_v3_1001Gp/annotation_chr_s/single_genome_EDTA/100538/100538.Chr_scaffolds.fa.mod.EDTA.TElib.fa.keep.list, /tmp/global2/ssushko/TE_evolution/1001Gp_TE_ANNOT/panTEome_v3_1001Gp/annotation_chr_s/single_genome_EDTA/100538/100538.Chr_scaffolds.fa.mod.EDTA.TElib.mincopyfiltered.fa
    log: logs/100538_extr_minnflcop.log
    jobid: 839
    reason: Missing output files: /tmp/global2/ssushko/TE_evolution/1001Gp_TE_ANNOT/panTEome_v3_1001Gp/annotation_chr_s/single_genome_EDTA/100538/100538.Chr_scaffolds.fa.mod.EDTA.TElib.mincopyfiltered.fa
    wildcards: sample=100538
    resources: mem_mb=1000, mem_mib=954, disk_mb=1000, disk_mib=954, tmpdir=<TBD>


[Fri Sep  5 14:44:40 2025]
rule extract_min_n_fl_copies:
    input: /tmp/global2/ssushko/TE_evolution/1001Gp_TE_ANNOT/panTEome_v3_1001Gp/annotation_chr_s/single_genome_EDTA/100746/100746.Chr_scaffolds.fa.mod.EDTA.TEanno.sgannot.gff3, /tmp/global2/ssushko/TE_evolution/1001Gp_TE_ANNOT/panTEome_v3_1001Gp/annotation_chr_s/single_genome_EDTA/100746/100746.Chr_scaffolds.fa.mod.EDTA.anno/100746.Chr_scaffolds.fa.mod.EDTA.RM.out
    output: /tmp/global2/ssushko/TE_evolution/1001Gp_TE_ANNOT/panTEome_v3_1001Gp/annotation_chr_s/single_genome_EDTA/100746/100746.Chr_scaffolds.fa.mod.EDTA.TElib.fa.keep.list, /tmp/global2/ssushko/TE_evolution/1001Gp_TE_ANNOT/panTEome_v3_1001Gp/annotation_chr_s/single_genome_EDTA/100746/100746.Chr_scaffolds.fa.mod.EDTA.TElib.mincopyfiltered.fa
    log: logs/100746_extr_minnflcop.log
    jobid: 1259
    reason: Missing output files: /tmp/global2/ssushko/TE_evolution/1001Gp_TE_ANNOT/panTEome_v3_1001Gp/annotation_chr_s/single_genome_EDTA/100746/100746.Chr_scaffolds.fa.mod.EDTA.TElib.mincopyfiltered.fa
    wildcards: sample=100746
    resources: mem_mb=1000, mem_mib=954, disk_mb=1000, disk_mib=954, tmpdir=<TBD>


[Fri Sep  5 14:44:40 2025]
rule extract_min_n_fl_copies:
    input: /tmp/global2/ssushko/TE_evolution/1001Gp_TE_ANNOT/panTEome_v3_1001Gp/annotation_chr_s/single_genome_EDTA/100880/100880.Chr_scaffolds.fa.mod.EDTA.TEanno.sgannot.gff3, /tmp/global2/ssushko/TE_evolution/1001Gp_TE_ANNOT/panTEome_v3_1001Gp/annotation_chr_s/single_genome_EDTA/100880/100880.Chr_scaffolds.fa.mod.EDTA.anno/100880.Chr_scaffolds.fa.mod.EDTA.RM.out
    output: /tmp/global2/ssushko/TE_evolution/1001Gp_TE_ANNOT/panTEome_v3_1001Gp/annotation_chr_s/single_genome_EDTA/100880/100880.Chr_scaffolds.fa.mod.EDTA.TElib.fa.keep.list, /tmp/global2/ssushko/TE_evolution/1001Gp_TE_ANNOT/panTEome_v3_1001Gp/annotation_chr_s/single_genome_EDTA/100880/100880.Chr_scaffolds.fa.mod.EDTA.TElib.mincopyfiltered.fa
    log: logs/100880_extr_minnflcop.log
    jobid: 1791
    reason: Missing output files: /tmp/global2/ssushko/TE_evolution/1001Gp_TE_ANNOT/panTEome_v3_1001Gp/annotation_chr_s/single_genome_EDTA/100880/100880.Chr_scaffolds.fa.mod.EDTA.TElib.mincopyfiltered.fa
    wildcards: sample=100880
    resources: mem_mb=1000, mem_mib=954, disk_mb=1000, disk_mib=954, tmpdir=<TBD>


[Fri Sep  5 14:44:40 2025]
rule extract_min_n_fl_copies:
    input: /tmp/global2/ssushko/TE_evolution/1001Gp_TE_ANNOT/panTEome_v3_1001Gp/annotation_chr_s/single_genome_EDTA/100950/100950.Chr_scaffolds.fa.mod.EDTA.TEanno.sgannot.gff3, /tmp/global2/ssushko/TE_evolution/1001Gp_TE_ANNOT/panTEome_v3_1001Gp/annotation_chr_s/single_genome_EDTA/100950/100950.Chr_scaffolds.fa.mod.EDTA.anno/100950.Chr_scaffolds.fa.mod.EDTA.RM.out
    output: /tmp/global2/ssushko/TE_evolution/1001Gp_TE_ANNOT/panTEome_v3_1001Gp/annotation_chr_s/single_genome_EDTA/100950/100950.Chr_scaffolds.fa.mod.EDTA.TElib.fa.keep.list, /tmp/global2/ssushko/TE_evolution/1001Gp_TE_ANNOT/panTEome_v3_1001Gp/annotation_chr_s/single_genome_EDTA/100950/100950.Chr_scaffolds.fa.mod.EDTA.TElib.mincopyfiltered.fa
    log: logs/100950_extr_minnflcop.log
    jobid: 2071
    reason: Missing output files: /tmp/global2/ssushko/TE_evolution/1001Gp_TE_ANNOT/panTEome_v3_1001Gp/annotation_chr_s/single_genome_EDTA/100950/100950.Chr_scaffolds.fa.mod.EDTA.TElib.mincopyfiltered.fa
    wildcards: sample=100950
    resources: mem_mb=1000, mem_mib=954, disk_mb=1000, disk_mib=954, tmpdir=<TBD>


[Fri Sep  5 14:44:40 2025]
rule extract_min_n_fl_copies:
    input: /tmp/global2/ssushko/TE_evolution/1001Gp_TE_ANNOT/panTEome_v3_1001Gp/annotation_chr_s/single_genome_EDTA/100957/100957.Chr_scaffolds.fa.mod.EDTA.TEanno.sgannot.gff3, /tmp/global2/ssushko/TE_evolution/1001Gp_TE_ANNOT/panTEome_v3_1001Gp/annotation_chr_s/single_genome_EDTA/100957/100957.Chr_scaffolds.fa.mod.EDTA.anno/100957.Chr_scaffolds.fa.mod.EDTA.RM.out
    output: /tmp/global2/ssushko/TE_evolution/1001Gp_TE_ANNOT/panTEome_v3_1001Gp/annotation_chr_s/single_genome_EDTA/100957/100957.Chr_scaffolds.fa.mod.EDTA.TElib.fa.keep.list, /tmp/global2/ssushko/TE_evolution/1001Gp_TE_ANNOT/panTEome_v3_1001Gp/annotation_chr_s/single_genome_EDTA/100957/100957.Chr_scaffolds.fa.mod.EDTA.TElib.mincopyfiltered.fa
    log: logs/100957_extr_minnflcop.log
    jobid: 2099
    reason: Missing output files: /tmp/global2/ssushko/TE_evolution/1001Gp_TE_ANNOT/panTEome_v3_1001Gp/annotation_chr_s/single_genome_EDTA/100957/100957.Chr_scaffolds.fa.mod.EDTA.TElib.mincopyfiltered.fa
    wildcards: sample=100957
    resources: mem_mb=1000, mem_mib=954, disk_mb=1000, disk_mib=954, tmpdir=<TBD>


[Fri Sep  5 14:44:40 2025]
rule extract_min_n_fl_copies:
    input: /tmp/global2/ssushko/TE_evolution/1001Gp_TE_ANNOT/panTEome_v3_1001Gp/annotation_chr_s/single_genome_EDTA/101020/101020.Chr_scaffolds.fa.mod.EDTA.TEanno.sgannot.gff3, /tmp/global2/ssushko/TE_evolution/1001Gp_TE_ANNOT/panTEome_v3_1001Gp/annotation_chr_s/single_genome_EDTA/101020/101020.Chr_scaffolds.fa.mod.EDTA.anno/101020.Chr_scaffolds.fa.mod.EDTA.RM.out
    output: /tmp/global2/ssushko/TE_evolution/1001Gp_TE_ANNOT/panTEome_v3_1001Gp/annotation_chr_s/single_genome_EDTA/101020/101020.Chr_scaffolds.fa.mod.EDTA.TElib.fa.keep.list, /tmp/global2/ssushko/TE_evolution/1001Gp_TE_ANNOT/panTEome_v3_1001Gp/annotation_chr_s/single_genome_EDTA/101020/101020.Chr_scaffolds.fa.mod.EDTA.TElib.mincopyfiltered.fa
    log: logs/101020_extr_minnflcop.log
    jobid: 2351
    reason: Missing output files: /tmp/global2/ssushko/TE_evolution/1001Gp_TE_ANNOT/panTEome_v3_1001Gp/annotation_chr_s/single_genome_EDTA/101020/101020.Chr_scaffolds.fa.mod.EDTA.TElib.mincopyfiltered.fa
    wildcards: sample=101020
    resources: mem_mb=1000, mem_mib=954, disk_mb=1000, disk_mib=954, tmpdir=<TBD>


[Fri Sep  5 14:44:40 2025]
rule extract_min_n_fl_copies:
    input: /tmp/global2/ssushko/TE_evolution/1001Gp_TE_ANNOT/panTEome_v3_1001Gp/annotation_chr_s/single_genome_EDTA/100857/100857.Chr_scaffolds.fa.mod.EDTA.TEanno.sgannot.gff3, /tmp/global2/ssushko/TE_evolution/1001Gp_TE_ANNOT/panTEome_v3_1001Gp/annotation_chr_s/single_genome_EDTA/100857/100857.Chr_scaffolds.fa.mod.EDTA.anno/100857.Chr_scaffolds.fa.mod.EDTA.RM.out
    output: /tmp/global2/ssushko/TE_evolution/1001Gp_TE_ANNOT/panTEome_v3_1001Gp/annotation_chr_s/single_genome_EDTA/100857/100857.Chr_scaffolds.fa.mod.EDTA.TElib.fa.keep.list, /tmp/global2/ssushko/TE_evolution/1001Gp_TE_ANNOT/panTEome_v3_1001Gp/annotation_chr_s/single_genome_EDTA/100857/100857.Chr_scaffolds.fa.mod.EDTA.TElib.mincopyfiltered.fa
    log: logs/100857_extr_minnflcop.log
    jobid: 1699
    reason: Missing output files: /tmp/global2/ssushko/TE_evolution/1001Gp_TE_ANNOT/panTEome_v3_1001Gp/annotation_chr_s/single_genome_EDTA/100857/100857.Chr_scaffolds.fa.mod.EDTA.TElib.mincopyfiltered.fa
    wildcards: sample=100857
    resources: mem_mb=1000, mem_mib=954, disk_mb=1000, disk_mib=954, tmpdir=<TBD>


[Fri Sep  5 14:44:40 2025]
rule extract_min_n_fl_copies:
    input: /tmp/global2/ssushko/TE_evolution/1001Gp_TE_ANNOT/panTEome_v3_1001Gp/annotation_chr_s/single_genome_EDTA/100621/100621.Chr_scaffolds.fa.mod.EDTA.TEanno.sgannot.gff3, /tmp/global2/ssushko/TE_evolution/1001Gp_TE_ANNOT/panTEome_v3_1001Gp/annotation_chr_s/single_genome_EDTA/100621/100621.Chr_scaffolds.fa.mod.EDTA.anno/100621.Chr_scaffolds.fa.mod.EDTA.RM.out
    output: /tmp/global2/ssushko/TE_evolution/1001Gp_TE_ANNOT/panTEome_v3_1001Gp/annotation_chr_s/single_genome_EDTA/100621/100621.Chr_scaffolds.fa.mod.EDTA.TElib.fa.keep.list, /tmp/global2/ssushko/TE_evolution/1001Gp_TE_ANNOT/panTEome_v3_1001Gp/annotation_chr_s/single_genome_EDTA/100621/100621.Chr_scaffolds.fa.mod.EDTA.TElib.mincopyfiltered.fa
    log: logs/100621_extr_minnflcop.log
    jobid: 883
    reason: Missing output files: /tmp/global2/ssushko/TE_evolution/1001Gp_TE_ANNOT/panTEome_v3_1001Gp/annotation_chr_s/single_genome_EDTA/100621/100621.Chr_scaffolds.fa.mod.EDTA.TElib.mincopyfiltered.fa
    wildcards: sample=100621
    resources: mem_mb=1000, mem_mib=954, disk_mb=1000, disk_mib=954, tmpdir=<TBD>


[Fri Sep  5 14:44:40 2025]
rule extract_min_n_fl_copies:
    input: /tmp/global2/ssushko/TE_evolution/1001Gp_TE_ANNOT/panTEome_v3_1001Gp/annotation_chr_s/single_genome_EDTA/100087/100087.Chr_scaffolds.fa.mod.EDTA.TEanno.sgannot.gff3, /tmp/global2/ssushko/TE_evolution/1001Gp_TE_ANNOT/panTEome_v3_1001Gp/annotation_chr_s/single_genome_EDTA/100087/100087.Chr_scaffolds.fa.mod.EDTA.anno/100087.Chr_scaffolds.fa.mod.EDTA.RM.out
    output: /tmp/global2/ssushko/TE_evolution/1001Gp_TE_ANNOT/panTEome_v3_1001Gp/annotation_chr_s/single_genome_EDTA/100087/100087.Chr_scaffolds.fa.mod.EDTA.TElib.fa.keep.list, /tmp/global2/ssushko/TE_evolution/1001Gp_TE_ANNOT/panTEome_v3_1001Gp/annotation_chr_s/single_genome_EDTA/100087/100087.Chr_scaffolds.fa.mod.EDTA.TElib.mincopyfiltered.fa
    log: logs/100087_extr_minnflcop.log
    jobid: 227
    reason: Missing output files: /tmp/global2/ssushko/TE_evolution/1001Gp_TE_ANNOT/panTEome_v3_1001Gp/annotation_chr_s/single_genome_EDTA/100087/100087.Chr_scaffolds.fa.mod.EDTA.TElib.mincopyfiltered.fa
    wildcards: sample=100087
    resources: mem_mb=1000, mem_mib=954, disk_mb=1000, disk_mib=954, tmpdir=<TBD>


[Fri Sep  5 14:44:40 2025]
rule extract_min_n_fl_copies:
    input: /tmp/global2/ssushko/TE_evolution/1001Gp_TE_ANNOT/panTEome_v3_1001Gp/annotation_chr_s/single_genome_EDTA/100094/100094.Chr_scaffolds.fa.mod.EDTA.TEanno.sgannot.gff3, /tmp/global2/ssushko/TE_evolution/1001Gp_TE_ANNOT/panTEome_v3_1001Gp/annotation_chr_s/single_genome_EDTA/100094/100094.Chr_scaffolds.fa.mod.EDTA.anno/100094.Chr_scaffolds.fa.mod.EDTA.RM.out
    output: /tmp/global2/ssushko/TE_evolution/1001Gp_TE_ANNOT/panTEome_v3_1001Gp/annotation_chr_s/single_genome_EDTA/100094/100094.Chr_scaffolds.fa.mod.EDTA.TElib.fa.keep.list, /tmp/global2/ssushko/TE_evolution/1001Gp_TE_ANNOT/panTEome_v3_1001Gp/annotation_chr_s/single_genome_EDTA/100094/100094.Chr_scaffolds.fa.mod.EDTA.TElib.mincopyfiltered.fa
    log: logs/100094_extr_minnflcop.log
    jobid: 255
    reason: Missing output files: /tmp/global2/ssushko/TE_evolution/1001Gp_TE_ANNOT/panTEome_v3_1001Gp/annotation_chr_s/single_genome_EDTA/100094/100094.Chr_scaffolds.fa.mod.EDTA.TElib.mincopyfiltered.fa
    wildcards: sample=100094
    resources: mem_mb=1000, mem_mib=954, disk_mb=1000, disk_mib=954, tmpdir=<TBD>


[Fri Sep  5 14:44:40 2025]
rule extract_min_n_fl_copies:
    input: /tmp/global2/ssushko/TE_evolution/1001Gp_TE_ANNOT/panTEome_v3_1001Gp/annotation_chr_s/single_genome_EDTA/100653/100653.Chr_scaffolds.fa.mod.EDTA.TEanno.sgannot.gff3, /tmp/global2/ssushko/TE_evolution/1001Gp_TE_ANNOT/panTEome_v3_1001Gp/annotation_chr_s/single_genome_EDTA/100653/100653.Chr_scaffolds.fa.mod.EDTA.anno/100653.Chr_scaffolds.fa.mod.EDTA.RM.out
    output: /tmp/global2/ssushko/TE_evolution/1001Gp_TE_ANNOT/panTEome_v3_1001Gp/annotation_chr_s/single_genome_EDTA/100653/100653.Chr_scaffolds.fa.mod.EDTA.TElib.fa.keep.list, /tmp/global2/ssushko/TE_evolution/1001Gp_TE_ANNOT/panTEome_v3_1001Gp/annotation_chr_s/single_genome_EDTA/100653/100653.Chr_scaffolds.fa.mod.EDTA.TElib.mincopyfiltered.fa
    log: logs/100653_extr_minnflcop.log
    jobid: 911
    reason: Missing output files: /tmp/global2/ssushko/TE_evolution/1001Gp_TE_ANNOT/panTEome_v3_1001Gp/annotation_chr_s/single_genome_EDTA/100653/100653.Chr_scaffolds.fa.mod.EDTA.TElib.mincopyfiltered.fa
    wildcards: sample=100653
    resources: mem_mb=1000, mem_mib=954, disk_mb=1000, disk_mib=954, tmpdir=<TBD>


[Fri Sep  5 14:44:40 2025]
rule extract_min_n_fl_copies:
    input: /tmp/global2/ssushko/TE_evolution/1001Gp_TE_ANNOT/panTEome_v3_1001Gp/annotation_chr_s/single_genome_EDTA/100800/100800.Chr_scaffolds.fa.mod.EDTA.TEanno.sgannot.gff3, /tmp/global2/ssushko/TE_evolution/1001Gp_TE_ANNOT/panTEome_v3_1001Gp/annotation_chr_s/single_genome_EDTA/100800/100800.Chr_scaffolds.fa.mod.EDTA.anno/100800.Chr_scaffolds.fa.mod.EDTA.RM.out
    output: /tmp/global2/ssushko/TE_evolution/1001Gp_TE_ANNOT/panTEome_v3_1001Gp/annotation_chr_s/single_genome_EDTA/100800/100800.Chr_scaffolds.fa.mod.EDTA.TElib.fa.keep.list, /tmp/global2/ssushko/TE_evolution/1001Gp_TE_ANNOT/panTEome_v3_1001Gp/annotation_chr_s/single_genome_EDTA/100800/100800.Chr_scaffolds.fa.mod.EDTA.TElib.mincopyfiltered.fa
    log: logs/100800_extr_minnflcop.log
    jobid: 1471
    reason: Missing output files: /tmp/global2/ssushko/TE_evolution/1001Gp_TE_ANNOT/panTEome_v3_1001Gp/annotation_chr_s/single_genome_EDTA/100800/100800.Chr_scaffolds.fa.mod.EDTA.TElib.mincopyfiltered.fa
    wildcards: sample=100800
    resources: mem_mb=1000, mem_mib=954, disk_mb=1000, disk_mib=954, tmpdir=<TBD>


[Fri Sep  5 14:44:40 2025]
rule extract_min_n_fl_copies:
    input: /tmp/global2/ssushko/TE_evolution/1001Gp_TE_ANNOT/panTEome_v3_1001Gp/annotation_chr_s/single_genome_EDTA/100870/100870.Chr_scaffolds.fa.mod.EDTA.TEanno.sgannot.gff3, /tmp/global2/ssushko/TE_evolution/1001Gp_TE_ANNOT/panTEome_v3_1001Gp/annotation_chr_s/single_genome_EDTA/100870/100870.Chr_scaffolds.fa.mod.EDTA.anno/100870.Chr_scaffolds.fa.mod.EDTA.RM.out
    output: /tmp/global2/ssushko/TE_evolution/1001Gp_TE_ANNOT/panTEome_v3_1001Gp/annotation_chr_s/single_genome_EDTA/100870/100870.Chr_scaffolds.fa.mod.EDTA.TElib.fa.keep.list, /tmp/global2/ssushko/TE_evolution/1001Gp_TE_ANNOT/panTEome_v3_1001Gp/annotation_chr_s/single_genome_EDTA/100870/100870.Chr_scaffolds.fa.mod.EDTA.TElib.mincopyfiltered.fa
    log: logs/100870_extr_minnflcop.log
    jobid: 1751
    reason: Missing output files: /tmp/global2/ssushko/TE_evolution/1001Gp_TE_ANNOT/panTEome_v3_1001Gp/annotation_chr_s/single_genome_EDTA/100870/100870.Chr_scaffolds.fa.mod.EDTA.TElib.mincopyfiltered.fa
    wildcards: sample=100870
    resources: mem_mb=1000, mem_mib=954, disk_mb=1000, disk_mib=954, tmpdir=<TBD>


[Fri Sep  5 14:44:40 2025]
rule extract_min_n_fl_copies:
    input: /tmp/global2/ssushko/TE_evolution/1001Gp_TE_ANNOT/panTEome_v3_1001Gp/annotation_chr_s/single_genome_EDTA/100933/100933.Chr_scaffolds.fa.mod.EDTA.TEanno.sgannot.gff3, /tmp/global2/ssushko/TE_evolution/1001Gp_TE_ANNOT/panTEome_v3_1001Gp/annotation_chr_s/single_genome_EDTA/100933/100933.Chr_scaffolds.fa.mod.EDTA.anno/100933.Chr_scaffolds.fa.mod.EDTA.RM.out
    output: /tmp/global2/ssushko/TE_evolution/1001Gp_TE_ANNOT/panTEome_v3_1001Gp/annotation_chr_s/single_genome_EDTA/100933/100933.Chr_scaffolds.fa.mod.EDTA.TElib.fa.keep.list, /tmp/global2/ssushko/TE_evolution/1001Gp_TE_ANNOT/panTEome_v3_1001Gp/annotation_chr_s/single_genome_EDTA/100933/100933.Chr_scaffolds.fa.mod.EDTA.TElib.mincopyfiltered.fa
    log: logs/100933_extr_minnflcop.log
    jobid: 2003
    reason: Missing output files: /tmp/global2/ssushko/TE_evolution/1001Gp_TE_ANNOT/panTEome_v3_1001Gp/annotation_chr_s/single_genome_EDTA/100933/100933.Chr_scaffolds.fa.mod.EDTA.TElib.mincopyfiltered.fa
    wildcards: sample=100933
    resources: mem_mb=1000, mem_mib=954, disk_mb=1000, disk_mib=954, tmpdir=<TBD>


[Fri Sep  5 14:44:40 2025]
rule extract_min_n_fl_copies:
    input: /tmp/global2/ssushko/TE_evolution/1001Gp_TE_ANNOT/panTEome_v3_1001Gp/annotation_chr_s/single_genome_EDTA/100996/100996.Chr_scaffolds.fa.mod.EDTA.TEanno.sgannot.gff3, /tmp/global2/ssushko/TE_evolution/1001Gp_TE_ANNOT/panTEome_v3_1001Gp/annotation_chr_s/single_genome_EDTA/100996/100996.Chr_scaffolds.fa.mod.EDTA.anno/100996.Chr_scaffolds.fa.mod.EDTA.RM.out
    output: /tmp/global2/ssushko/TE_evolution/1001Gp_TE_ANNOT/panTEome_v3_1001Gp/annotation_chr_s/single_genome_EDTA/100996/100996.Chr_scaffolds.fa.mod.EDTA.TElib.fa.keep.list, /tmp/global2/ssushko/TE_evolution/1001Gp_TE_ANNOT/panTEome_v3_1001Gp/annotation_chr_s/single_genome_EDTA/100996/100996.Chr_scaffolds.fa.mod.EDTA.TElib.mincopyfiltered.fa
    log: logs/100996_extr_minnflcop.log
    jobid: 2255
    reason: Missing output files: /tmp/global2/ssushko/TE_evolution/1001Gp_TE_ANNOT/panTEome_v3_1001Gp/annotation_chr_s/single_genome_EDTA/100996/100996.Chr_scaffolds.fa.mod.EDTA.TElib.mincopyfiltered.fa
    wildcards: sample=100996
    resources: mem_mb=1000, mem_mib=954, disk_mb=1000, disk_mib=954, tmpdir=<TBD>


[Fri Sep  5 14:44:40 2025]
rule extract_min_n_fl_copies:
    input: /tmp/global2/ssushko/TE_evolution/1001Gp_TE_ANNOT/panTEome_v3_1001Gp/annotation_chr_s/single_genome_EDTA/101003/101003.Chr_scaffolds.fa.mod.EDTA.TEanno.sgannot.gff3, /tmp/global2/ssushko/TE_evolution/1001Gp_TE_ANNOT/panTEome_v3_1001Gp/annotation_chr_s/single_genome_EDTA/101003/101003.Chr_scaffolds.fa.mod.EDTA.anno/101003.Chr_scaffolds.fa.mod.EDTA.RM.out
    output: /tmp/global2/ssushko/TE_evolution/1001Gp_TE_ANNOT/panTEome_v3_1001Gp/annotation_chr_s/single_genome_EDTA/101003/101003.Chr_scaffolds.fa.mod.EDTA.TElib.fa.keep.list, /tmp/global2/ssushko/TE_evolution/1001Gp_TE_ANNOT/panTEome_v3_1001Gp/annotation_chr_s/single_genome_EDTA/101003/101003.Chr_scaffolds.fa.mod.EDTA.TElib.mincopyfiltered.fa
    log: logs/101003_extr_minnflcop.log
    jobid: 2283
    reason: Missing output files: /tmp/global2/ssushko/TE_evolution/1001Gp_TE_ANNOT/panTEome_v3_1001Gp/annotation_chr_s/single_genome_EDTA/101003/101003.Chr_scaffolds.fa.mod.EDTA.TElib.mincopyfiltered.fa
    wildcards: sample=101003
    resources: mem_mb=1000, mem_mib=954, disk_mb=1000, disk_mib=954, tmpdir=<TBD>


[Fri Sep  5 14:44:40 2025]
rule extract_min_n_fl_copies:
    input: /tmp/global2/ssushko/TE_evolution/1001Gp_TE_ANNOT/panTEome_v3_1001Gp/annotation_chr_s/single_genome_EDTA/100943/100943.Chr_scaffolds.fa.mod.EDTA.TEanno.sgannot.gff3, /tmp/global2/ssushko/TE_evolution/1001Gp_TE_ANNOT/panTEome_v3_1001Gp/annotation_chr_s/single_genome_EDTA/100943/100943.Chr_scaffolds.fa.mod.EDTA.anno/100943.Chr_scaffolds.fa.mod.EDTA.RM.out
    output: /tmp/global2/ssushko/TE_evolution/1001Gp_TE_ANNOT/panTEome_v3_1001Gp/annotation_chr_s/single_genome_EDTA/100943/100943.Chr_scaffolds.fa.mod.EDTA.TElib.fa.keep.list, /tmp/global2/ssushko/TE_evolution/1001Gp_TE_ANNOT/panTEome_v3_1001Gp/annotation_chr_s/single_genome_EDTA/100943/100943.Chr_scaffolds.fa.mod.EDTA.TElib.mincopyfiltered.fa
    log: logs/100943_extr_minnflcop.log
    jobid: 2043
    reason: Missing output files: /tmp/global2/ssushko/TE_evolution/1001Gp_TE_ANNOT/panTEome_v3_1001Gp/annotation_chr_s/single_genome_EDTA/100943/100943.Chr_scaffolds.fa.mod.EDTA.TElib.mincopyfiltered.fa
    wildcards: sample=100943
    resources: mem_mb=1000, mem_mib=954, disk_mb=1000, disk_mib=954, tmpdir=<TBD>


[Fri Sep  5 14:44:40 2025]
rule extract_min_n_fl_copies:
    input: /tmp/global2/ssushko/TE_evolution/1001Gp_TE_ANNOT/panTEome_v3_1001Gp/annotation_chr_s/single_genome_EDTA/100226/100226.Chr_scaffolds.fa.mod.EDTA.TEanno.sgannot.gff3, /tmp/global2/ssushko/TE_evolution/1001Gp_TE_ANNOT/panTEome_v3_1001Gp/annotation_chr_s/single_genome_EDTA/100226/100226.Chr_scaffolds.fa.mod.EDTA.anno/100226.Chr_scaffolds.fa.mod.EDTA.RM.out
    output: /tmp/global2/ssushko/TE_evolution/1001Gp_TE_ANNOT/panTEome_v3_1001Gp/annotation_chr_s/single_genome_EDTA/100226/100226.Chr_scaffolds.fa.mod.EDTA.TElib.fa.keep.list, /tmp/global2/ssushko/TE_evolution/1001Gp_TE_ANNOT/panTEome_v3_1001Gp/annotation_chr_s/single_genome_EDTA/100226/100226.Chr_scaffolds.fa.mod.EDTA.TElib.mincopyfiltered.fa
    log: logs/100226_extr_minnflcop.log
    jobid: 535
    reason: Missing output files: /tmp/global2/ssushko/TE_evolution/1001Gp_TE_ANNOT/panTEome_v3_1001Gp/annotation_chr_s/single_genome_EDTA/100226/100226.Chr_scaffolds.fa.mod.EDTA.TElib.mincopyfiltered.fa
    wildcards: sample=100226
    resources: mem_mb=1000, mem_mib=954, disk_mb=1000, disk_mib=954, tmpdir=<TBD>


[Fri Sep  5 14:44:40 2025]
rule extract_min_n_fl_copies:
    input: /tmp/global2/ssushko/TE_evolution/1001Gp_TE_ANNOT/panTEome_v3_1001Gp/annotation_chr_s/single_genome_EDTA/100024/100024.Chr_scaffolds.fa.mod.EDTA.TEanno.sgannot.gff3, /tmp/global2/ssushko/TE_evolution/1001Gp_TE_ANNOT/panTEome_v3_1001Gp/annotation_chr_s/single_genome_EDTA/100024/100024.Chr_scaffolds.fa.mod.EDTA.anno/100024.Chr_scaffolds.fa.mod.EDTA.RM.out
    output: /tmp/global2/ssushko/TE_evolution/1001Gp_TE_ANNOT/panTEome_v3_1001Gp/annotation_chr_s/single_genome_EDTA/100024/100024.Chr_scaffolds.fa.mod.EDTA.TElib.fa.keep.list, /tmp/global2/ssushko/TE_evolution/1001Gp_TE_ANNOT/panTEome_v3_1001Gp/annotation_chr_s/single_genome_EDTA/100024/100024.Chr_scaffolds.fa.mod.EDTA.TElib.mincopyfiltered.fa
    log: logs/100024_extr_minnflcop.log
    jobid: 19
    reason: Missing output files: /tmp/global2/ssushko/TE_evolution/1001Gp_TE_ANNOT/panTEome_v3_1001Gp/annotation_chr_s/single_genome_EDTA/100024/100024.Chr_scaffolds.fa.mod.EDTA.TElib.mincopyfiltered.fa
    wildcards: sample=100024
    resources: mem_mb=1000, mem_mib=954, disk_mb=1000, disk_mib=954, tmpdir=<TBD>


[Fri Sep  5 14:44:40 2025]
rule extract_min_n_fl_copies:
    input: /tmp/global2/ssushko/TE_evolution/1001Gp_TE_ANNOT/panTEome_v3_1001Gp/annotation_chr_s/single_genome_EDTA/100070/100070.Chr_scaffolds.fa.mod.EDTA.TEanno.sgannot.gff3, /tmp/global2/ssushko/TE_evolution/1001Gp_TE_ANNOT/panTEome_v3_1001Gp/annotation_chr_s/single_genome_EDTA/100070/100070.Chr_scaffolds.fa.mod.EDTA.anno/100070.Chr_scaffolds.fa.mod.EDTA.RM.out
    output: /tmp/global2/ssushko/TE_evolution/1001Gp_TE_ANNOT/panTEome_v3_1001Gp/annotation_chr_s/single_genome_EDTA/100070/100070.Chr_scaffolds.fa.mod.EDTA.TElib.fa.keep.list, /tmp/global2/ssushko/TE_evolution/1001Gp_TE_ANNOT/panTEome_v3_1001Gp/annotation_chr_s/single_genome_EDTA/100070/100070.Chr_scaffolds.fa.mod.EDTA.TElib.mincopyfiltered.fa
    log: logs/100070_extr_minnflcop.log
    jobid: 159
    reason: Missing output files: /tmp/global2/ssushko/TE_evolution/1001Gp_TE_ANNOT/panTEome_v3_1001Gp/annotation_chr_s/single_genome_EDTA/100070/100070.Chr_scaffolds.fa.mod.EDTA.TElib.mincopyfiltered.fa
    wildcards: sample=100070
    resources: mem_mb=1000, mem_mib=954, disk_mb=1000, disk_mib=954, tmpdir=<TBD>


[Fri Sep  5 14:44:40 2025]
rule extract_min_n_fl_copies:
    input: /tmp/global2/ssushko/TE_evolution/1001Gp_TE_ANNOT/panTEome_v3_1001Gp/annotation_chr_s/single_genome_EDTA/100158/100158.Chr_scaffolds.fa.mod.EDTA.TEanno.sgannot.gff3, /tmp/global2/ssushko/TE_evolution/1001Gp_TE_ANNOT/panTEome_v3_1001Gp/annotation_chr_s/single_genome_EDTA/100158/100158.Chr_scaffolds.fa.mod.EDTA.anno/100158.Chr_scaffolds.fa.mod.EDTA.RM.out
    output: /tmp/global2/ssushko/TE_evolution/1001Gp_TE_ANNOT/panTEome_v3_1001Gp/annotation_chr_s/single_genome_EDTA/100158/100158.Chr_scaffolds.fa.mod.EDTA.TElib.fa.keep.list, /tmp/global2/ssushko/TE_evolution/1001Gp_TE_ANNOT/panTEome_v3_1001Gp/annotation_chr_s/single_genome_EDTA/100158/100158.Chr_scaffolds.fa.mod.EDTA.TElib.mincopyfiltered.fa
    log: logs/100158_extr_minnflcop.log
    jobid: 495
    reason: Missing output files: /tmp/global2/ssushko/TE_evolution/1001Gp_TE_ANNOT/panTEome_v3_1001Gp/annotation_chr_s/single_genome_EDTA/100158/100158.Chr_scaffolds.fa.mod.EDTA.TElib.mincopyfiltered.fa
    wildcards: sample=100158
    resources: mem_mb=1000, mem_mib=954, disk_mb=1000, disk_mib=954, tmpdir=<TBD>


[Fri Sep  5 14:44:40 2025]
rule extract_min_n_fl_copies:
    input: /tmp/global2/ssushko/TE_evolution/1001Gp_TE_ANNOT/panTEome_v3_1001Gp/annotation_chr_s/single_genome_EDTA/100556/100556.Chr_scaffolds.fa.mod.EDTA.TEanno.sgannot.gff3, /tmp/global2/ssushko/TE_evolution/1001Gp_TE_ANNOT/panTEome_v3_1001Gp/annotation_chr_s/single_genome_EDTA/100556/100556.Chr_scaffolds.fa.mod.EDTA.anno/100556.Chr_scaffolds.fa.mod.EDTA.RM.out
    output: /tmp/global2/ssushko/TE_evolution/1001Gp_TE_ANNOT/panTEome_v3_1001Gp/annotation_chr_s/single_genome_EDTA/100556/100556.Chr_scaffolds.fa.mod.EDTA.TElib.fa.keep.list, /tmp/global2/ssushko/TE_evolution/1001Gp_TE_ANNOT/panTEome_v3_1001Gp/annotation_chr_s/single_genome_EDTA/100556/100556.Chr_scaffolds.fa.mod.EDTA.TElib.mincopyfiltered.fa
    log: logs/100556_extr_minnflcop.log
    jobid: 843
    reason: Missing output files: /tmp/global2/ssushko/TE_evolution/1001Gp_TE_ANNOT/panTEome_v3_1001Gp/annotation_chr_s/single_genome_EDTA/100556/100556.Chr_scaffolds.fa.mod.EDTA.TElib.mincopyfiltered.fa
    wildcards: sample=100556
    resources: mem_mb=1000, mem_mib=954, disk_mb=1000, disk_mib=954, tmpdir=<TBD>


[Fri Sep  5 14:44:40 2025]
rule extract_min_n_fl_copies:
    input: /tmp/global2/ssushko/TE_evolution/1001Gp_TE_ANNOT/panTEome_v3_1001Gp/annotation_chr_s/single_genome_EDTA/100747/100747.Chr_scaffolds.fa.mod.EDTA.TEanno.sgannot.gff3, /tmp/global2/ssushko/TE_evolution/1001Gp_TE_ANNOT/panTEome_v3_1001Gp/annotation_chr_s/single_genome_EDTA/100747/100747.Chr_scaffolds.fa.mod.EDTA.anno/100747.Chr_scaffolds.fa.mod.EDTA.RM.out
    output: /tmp/global2/ssushko/TE_evolution/1001Gp_TE_ANNOT/panTEome_v3_1001Gp/annotation_chr_s/single_genome_EDTA/100747/100747.Chr_scaffolds.fa.mod.EDTA.TElib.fa.keep.list, /tmp/global2/ssushko/TE_evolution/1001Gp_TE_ANNOT/panTEome_v3_1001Gp/annotation_chr_s/single_genome_EDTA/100747/100747.Chr_scaffolds.fa.mod.EDTA.TElib.mincopyfiltered.fa
    log: logs/100747_extr_minnflcop.log
    jobid: 1263
    reason: Missing output files: /tmp/global2/ssushko/TE_evolution/1001Gp_TE_ANNOT/panTEome_v3_1001Gp/annotation_chr_s/single_genome_EDTA/100747/100747.Chr_scaffolds.fa.mod.EDTA.TElib.mincopyfiltered.fa
    wildcards: sample=100747
    resources: mem_mb=1000, mem_mib=954, disk_mb=1000, disk_mib=954, tmpdir=<TBD>


[Fri Sep  5 14:44:40 2025]
rule extract_min_n_fl_copies:
    input: /tmp/global2/ssushko/TE_evolution/1001Gp_TE_ANNOT/panTEome_v3_1001Gp/annotation_chr_s/single_genome_EDTA/100881/100881.Chr_scaffolds.fa.mod.EDTA.TEanno.sgannot.gff3, /tmp/global2/ssushko/TE_evolution/1001Gp_TE_ANNOT/panTEome_v3_1001Gp/annotation_chr_s/single_genome_EDTA/100881/100881.Chr_scaffolds.fa.mod.EDTA.anno/100881.Chr_scaffolds.fa.mod.EDTA.RM.out
    output: /tmp/global2/ssushko/TE_evolution/1001Gp_TE_ANNOT/panTEome_v3_1001Gp/annotation_chr_s/single_genome_EDTA/100881/100881.Chr_scaffolds.fa.mod.EDTA.TElib.fa.keep.list, /tmp/global2/ssushko/TE_evolution/1001Gp_TE_ANNOT/panTEome_v3_1001Gp/annotation_chr_s/single_genome_EDTA/100881/100881.Chr_scaffolds.fa.mod.EDTA.TElib.mincopyfiltered.fa
    log: logs/100881_extr_minnflcop.log
    jobid: 1795
    reason: Missing output files: /tmp/global2/ssushko/TE_evolution/1001Gp_TE_ANNOT/panTEome_v3_1001Gp/annotation_chr_s/single_genome_EDTA/100881/100881.Chr_scaffolds.fa.mod.EDTA.TElib.mincopyfiltered.fa
    wildcards: sample=100881
    resources: mem_mb=1000, mem_mib=954, disk_mb=1000, disk_mib=954, tmpdir=<TBD>


[Fri Sep  5 14:44:40 2025]
rule extract_min_n_fl_copies:
    input: /tmp/global2/ssushko/TE_evolution/1001Gp_TE_ANNOT/panTEome_v3_1001Gp/annotation_chr_s/single_genome_EDTA/100951/100951.Chr_scaffolds.fa.mod.EDTA.TEanno.sgannot.gff3, /tmp/global2/ssushko/TE_evolution/1001Gp_TE_ANNOT/panTEome_v3_1001Gp/annotation_chr_s/single_genome_EDTA/100951/100951.Chr_scaffolds.fa.mod.EDTA.anno/100951.Chr_scaffolds.fa.mod.EDTA.RM.out
    output: /tmp/global2/ssushko/TE_evolution/1001Gp_TE_ANNOT/panTEome_v3_1001Gp/annotation_chr_s/single_genome_EDTA/100951/100951.Chr_scaffolds.fa.mod.EDTA.TElib.fa.keep.list, /tmp/global2/ssushko/TE_evolution/1001Gp_TE_ANNOT/panTEome_v3_1001Gp/annotation_chr_s/single_genome_EDTA/100951/100951.Chr_scaffolds.fa.mod.EDTA.TElib.mincopyfiltered.fa
    log: logs/100951_extr_minnflcop.log
    jobid: 2075
    reason: Missing output files: /tmp/global2/ssushko/TE_evolution/1001Gp_TE_ANNOT/panTEome_v3_1001Gp/annotation_chr_s/single_genome_EDTA/100951/100951.Chr_scaffolds.fa.mod.EDTA.TElib.mincopyfiltered.fa
    wildcards: sample=100951
    resources: mem_mb=1000, mem_mib=954, disk_mb=1000, disk_mib=954, tmpdir=<TBD>


[Fri Sep  5 14:44:40 2025]
rule extract_min_n_fl_copies:
    input: /tmp/global2/ssushko/TE_evolution/1001Gp_TE_ANNOT/panTEome_v3_1001Gp/annotation_chr_s/single_genome_EDTA/100958/100958.Chr_scaffolds.fa.mod.EDTA.TEanno.sgannot.gff3, /tmp/global2/ssushko/TE_evolution/1001Gp_TE_ANNOT/panTEome_v3_1001Gp/annotation_chr_s/single_genome_EDTA/100958/100958.Chr_scaffolds.fa.mod.EDTA.anno/100958.Chr_scaffolds.fa.mod.EDTA.RM.out
    output: /tmp/global2/ssushko/TE_evolution/1001Gp_TE_ANNOT/panTEome_v3_1001Gp/annotation_chr_s/single_genome_EDTA/100958/100958.Chr_scaffolds.fa.mod.EDTA.TElib.fa.keep.list, /tmp/global2/ssushko/TE_evolution/1001Gp_TE_ANNOT/panTEome_v3_1001Gp/annotation_chr_s/single_genome_EDTA/100958/100958.Chr_scaffolds.fa.mod.EDTA.TElib.mincopyfiltered.fa
    log: logs/100958_extr_minnflcop.log
    jobid: 2103
    reason: Missing output files: /tmp/global2/ssushko/TE_evolution/1001Gp_TE_ANNOT/panTEome_v3_1001Gp/annotation_chr_s/single_genome_EDTA/100958/100958.Chr_scaffolds.fa.mod.EDTA.TElib.mincopyfiltered.fa
    wildcards: sample=100958
    resources: mem_mb=1000, mem_mib=954, disk_mb=1000, disk_mib=954, tmpdir=<TBD>


[Fri Sep  5 14:44:40 2025]
rule extract_min_n_fl_copies:
    input: /tmp/global2/ssushko/TE_evolution/1001Gp_TE_ANNOT/panTEome_v3_1001Gp/annotation_chr_s/single_genome_EDTA/101021/101021.Chr_scaffolds.fa.mod.EDTA.TEanno.sgannot.gff3, /tmp/global2/ssushko/TE_evolution/1001Gp_TE_ANNOT/panTEome_v3_1001Gp/annotation_chr_s/single_genome_EDTA/101021/101021.Chr_scaffolds.fa.mod.EDTA.anno/101021.Chr_scaffolds.fa.mod.EDTA.RM.out
    output: /tmp/global2/ssushko/TE_evolution/1001Gp_TE_ANNOT/panTEome_v3_1001Gp/annotation_chr_s/single_genome_EDTA/101021/101021.Chr_scaffolds.fa.mod.EDTA.TElib.fa.keep.list, /tmp/global2/ssushko/TE_evolution/1001Gp_TE_ANNOT/panTEome_v3_1001Gp/annotation_chr_s/single_genome_EDTA/101021/101021.Chr_scaffolds.fa.mod.EDTA.TElib.mincopyfiltered.fa
    log: logs/101021_extr_minnflcop.log
    jobid: 2355
    reason: Missing output files: /tmp/global2/ssushko/TE_evolution/1001Gp_TE_ANNOT/panTEome_v3_1001Gp/annotation_chr_s/single_genome_EDTA/101021/101021.Chr_scaffolds.fa.mod.EDTA.TElib.mincopyfiltered.fa
    wildcards: sample=101021
    resources: mem_mb=1000, mem_mib=954, disk_mb=1000, disk_mib=954, tmpdir=<TBD>


[Fri Sep  5 14:44:40 2025]
rule extract_min_n_fl_copies:
    input: /tmp/global2/ssushko/TE_evolution/1001Gp_TE_ANNOT/panTEome_v3_1001Gp/annotation_chr_s/single_genome_EDTA/101043/101043.Chr_scaffolds.fa.mod.EDTA.TEanno.sgannot.gff3, /tmp/global2/ssushko/TE_evolution/1001Gp_TE_ANNOT/panTEome_v3_1001Gp/annotation_chr_s/single_genome_EDTA/101043/101043.Chr_scaffolds.fa.mod.EDTA.anno/101043.Chr_scaffolds.fa.mod.EDTA.RM.out
    output: /tmp/global2/ssushko/TE_evolution/1001Gp_TE_ANNOT/panTEome_v3_1001Gp/annotation_chr_s/single_genome_EDTA/101043/101043.Chr_scaffolds.fa.mod.EDTA.TElib.fa.keep.list, /tmp/global2/ssushko/TE_evolution/1001Gp_TE_ANNOT/panTEome_v3_1001Gp/annotation_chr_s/single_genome_EDTA/101043/101043.Chr_scaffolds.fa.mod.EDTA.TElib.mincopyfiltered.fa
    log: logs/101043_extr_minnflcop.log
    jobid: 2443
    reason: Missing output files: /tmp/global2/ssushko/TE_evolution/1001Gp_TE_ANNOT/panTEome_v3_1001Gp/annotation_chr_s/single_genome_EDTA/101043/101043.Chr_scaffolds.fa.mod.EDTA.TElib.mincopyfiltered.fa
    wildcards: sample=101043
    resources: mem_mb=1000, mem_mib=954, disk_mb=1000, disk_mib=954, tmpdir=<TBD>


[Fri Sep  5 14:44:40 2025]
rule extract_min_n_fl_copies:
    input: /tmp/global2/ssushko/TE_evolution/1001Gp_TE_ANNOT/panTEome_v3_1001Gp/annotation_chr_s/single_genome_EDTA/100923/100923.Chr_scaffolds.fa.mod.EDTA.TEanno.sgannot.gff3, /tmp/global2/ssushko/TE_evolution/1001Gp_TE_ANNOT/panTEome_v3_1001Gp/annotation_chr_s/single_genome_EDTA/100923/100923.Chr_scaffolds.fa.mod.EDTA.anno/100923.Chr_scaffolds.fa.mod.EDTA.RM.out
    output: /tmp/global2/ssushko/TE_evolution/1001Gp_TE_ANNOT/panTEome_v3_1001Gp/annotation_chr_s/single_genome_EDTA/100923/100923.Chr_scaffolds.fa.mod.EDTA.TElib.fa.keep.list, /tmp/global2/ssushko/TE_evolution/1001Gp_TE_ANNOT/panTEome_v3_1001Gp/annotation_chr_s/single_genome_EDTA/100923/100923.Chr_scaffolds.fa.mod.EDTA.TElib.mincopyfiltered.fa
    log: logs/100923_extr_minnflcop.log
    jobid: 1963
    reason: Missing output files: /tmp/global2/ssushko/TE_evolution/1001Gp_TE_ANNOT/panTEome_v3_1001Gp/annotation_chr_s/single_genome_EDTA/100923/100923.Chr_scaffolds.fa.mod.EDTA.TElib.mincopyfiltered.fa
    wildcards: sample=100923
    resources: mem_mb=1000, mem_mib=954, disk_mb=1000, disk_mib=954, tmpdir=<TBD>


[Fri Sep  5 14:44:40 2025]
rule extract_min_n_fl_copies:
    input: /tmp/global2/ssushko/TE_evolution/1001Gp_TE_ANNOT/panTEome_v3_1001Gp/annotation_chr_s/single_genome_EDTA/100292/100292.Chr_scaffolds.fa.mod.EDTA.TEanno.sgannot.gff3, /tmp/global2/ssushko/TE_evolution/1001Gp_TE_ANNOT/panTEome_v3_1001Gp/annotation_chr_s/single_genome_EDTA/100292/100292.Chr_scaffolds.fa.mod.EDTA.anno/100292.Chr_scaffolds.fa.mod.EDTA.RM.out
    output: /tmp/global2/ssushko/TE_evolution/1001Gp_TE_ANNOT/panTEome_v3_1001Gp/annotation_chr_s/single_genome_EDTA/100292/100292.Chr_scaffolds.fa.mod.EDTA.TElib.fa.keep.list, /tmp/global2/ssushko/TE_evolution/1001Gp_TE_ANNOT/panTEome_v3_1001Gp/annotation_chr_s/single_genome_EDTA/100292/100292.Chr_scaffolds.fa.mod.EDTA.TElib.mincopyfiltered.fa
    log: logs/100292_extr_minnflcop.log
    jobid: 607
    reason: Missing output files: /tmp/global2/ssushko/TE_evolution/1001Gp_TE_ANNOT/panTEome_v3_1001Gp/annotation_chr_s/single_genome_EDTA/100292/100292.Chr_scaffolds.fa.mod.EDTA.TElib.mincopyfiltered.fa
    wildcards: sample=100292
    resources: mem_mb=1000, mem_mib=954, disk_mb=1000, disk_mib=954, tmpdir=<TBD>


[Fri Sep  5 14:44:40 2025]
rule extract_min_n_fl_copies:
    input: /tmp/global2/ssushko/TE_evolution/1001Gp_TE_ANNOT/panTEome_v3_1001Gp/annotation_chr_s/single_genome_EDTA/100300/100300.Chr_scaffolds.fa.mod.EDTA.TEanno.sgannot.gff3, /tmp/global2/ssushko/TE_evolution/1001Gp_TE_ANNOT/panTEome_v3_1001Gp/annotation_chr_s/single_genome_EDTA/100300/100300.Chr_scaffolds.fa.mod.EDTA.anno/100300.Chr_scaffolds.fa.mod.EDTA.RM.out
    output: /tmp/global2/ssushko/TE_evolution/1001Gp_TE_ANNOT/panTEome_v3_1001Gp/annotation_chr_s/single_genome_EDTA/100300/100300.Chr_scaffolds.fa.mod.EDTA.TElib.fa.keep.list, /tmp/global2/ssushko/TE_evolution/1001Gp_TE_ANNOT/panTEome_v3_1001Gp/annotation_chr_s/single_genome_EDTA/100300/100300.Chr_scaffolds.fa.mod.EDTA.TElib.mincopyfiltered.fa
    log: logs/100300_extr_minnflcop.log
    jobid: 635
    reason: Missing output files: /tmp/global2/ssushko/TE_evolution/1001Gp_TE_ANNOT/panTEome_v3_1001Gp/annotation_chr_s/single_genome_EDTA/100300/100300.Chr_scaffolds.fa.mod.EDTA.TElib.mincopyfiltered.fa
    wildcards: sample=100300
    resources: mem_mb=1000, mem_mib=954, disk_mb=1000, disk_mib=954, tmpdir=<TBD>


[Fri Sep  5 14:44:40 2025]
rule extract_min_n_fl_copies:
    input: /tmp/global2/ssushko/TE_evolution/1001Gp_TE_ANNOT/panTEome_v3_1001Gp/annotation_chr_s/single_genome_EDTA/100667/100667.Chr_scaffolds.fa.mod.EDTA.TEanno.sgannot.gff3, /tmp/global2/ssushko/TE_evolution/1001Gp_TE_ANNOT/panTEome_v3_1001Gp/annotation_chr_s/single_genome_EDTA/100667/100667.Chr_scaffolds.fa.mod.EDTA.anno/100667.Chr_scaffolds.fa.mod.EDTA.RM.out
    output: /tmp/global2/ssushko/TE_evolution/1001Gp_TE_ANNOT/panTEome_v3_1001Gp/annotation_chr_s/single_genome_EDTA/100667/100667.Chr_scaffolds.fa.mod.EDTA.TElib.fa.keep.list, /tmp/global2/ssushko/TE_evolution/1001Gp_TE_ANNOT/panTEome_v3_1001Gp/annotation_chr_s/single_genome_EDTA/100667/100667.Chr_scaffolds.fa.mod.EDTA.TElib.mincopyfiltered.fa
    log: logs/100667_extr_minnflcop.log
    jobid: 943
    reason: Missing output files: /tmp/global2/ssushko/TE_evolution/1001Gp_TE_ANNOT/panTEome_v3_1001Gp/annotation_chr_s/single_genome_EDTA/100667/100667.Chr_scaffolds.fa.mod.EDTA.TElib.mincopyfiltered.fa
    wildcards: sample=100667
    resources: mem_mb=1000, mem_mib=954, disk_mb=1000, disk_mib=954, tmpdir=<TBD>


[Fri Sep  5 14:44:40 2025]
rule extract_min_n_fl_copies:
    input: /tmp/global2/ssushko/TE_evolution/1001Gp_TE_ANNOT/panTEome_v3_1001Gp/annotation_chr_s/single_genome_EDTA/100030/100030.Chr_scaffolds.fa.mod.EDTA.TEanno.sgannot.gff3, /tmp/global2/ssushko/TE_evolution/1001Gp_TE_ANNOT/panTEome_v3_1001Gp/annotation_chr_s/single_genome_EDTA/100030/100030.Chr_scaffolds.fa.mod.EDTA.anno/100030.Chr_scaffolds.fa.mod.EDTA.RM.out
    output: /tmp/global2/ssushko/TE_evolution/1001Gp_TE_ANNOT/panTEome_v3_1001Gp/annotation_chr_s/single_genome_EDTA/100030/100030.Chr_scaffolds.fa.mod.EDTA.TElib.fa.keep.list, /tmp/global2/ssushko/TE_evolution/1001Gp_TE_ANNOT/panTEome_v3_1001Gp/annotation_chr_s/single_genome_EDTA/100030/100030.Chr_scaffolds.fa.mod.EDTA.TElib.mincopyfiltered.fa
    log: logs/100030_extr_minnflcop.log
    jobid: 35
    reason: Missing output files: /tmp/global2/ssushko/TE_evolution/1001Gp_TE_ANNOT/panTEome_v3_1001Gp/annotation_chr_s/single_genome_EDTA/100030/100030.Chr_scaffolds.fa.mod.EDTA.TElib.mincopyfiltered.fa
    wildcards: sample=100030
    resources: mem_mb=1000, mem_mib=954, disk_mb=1000, disk_mib=954, tmpdir=<TBD>


[Fri Sep  5 14:44:40 2025]
rule extract_min_n_fl_copies:
    input: /tmp/global2/ssushko/TE_evolution/1001Gp_TE_ANNOT/panTEome_v3_1001Gp/annotation_chr_s/single_genome_EDTA/100045/100045.Chr_scaffolds.fa.mod.EDTA.TEanno.sgannot.gff3, /tmp/global2/ssushko/TE_evolution/1001Gp_TE_ANNOT/panTEome_v3_1001Gp/annotation_chr_s/single_genome_EDTA/100045/100045.Chr_scaffolds.fa.mod.EDTA.anno/100045.Chr_scaffolds.fa.mod.EDTA.RM.out
    output: /tmp/global2/ssushko/TE_evolution/1001Gp_TE_ANNOT/panTEome_v3_1001Gp/annotation_chr_s/single_genome_EDTA/100045/100045.Chr_scaffolds.fa.mod.EDTA.TElib.fa.keep.list, /tmp/global2/ssushko/TE_evolution/1001Gp_TE_ANNOT/panTEome_v3_1001Gp/annotation_chr_s/single_genome_EDTA/100045/100045.Chr_scaffolds.fa.mod.EDTA.TElib.mincopyfiltered.fa
    log: logs/100045_extr_minnflcop.log
    jobid: 63
    reason: Missing output files: /tmp/global2/ssushko/TE_evolution/1001Gp_TE_ANNOT/panTEome_v3_1001Gp/annotation_chr_s/single_genome_EDTA/100045/100045.Chr_scaffolds.fa.mod.EDTA.TElib.mincopyfiltered.fa
    wildcards: sample=100045
    resources: mem_mb=1000, mem_mib=954, disk_mb=1000, disk_mib=954, tmpdir=<TBD>


[Fri Sep  5 14:44:40 2025]
rule extract_min_n_fl_copies:
    input: /tmp/global2/ssushko/TE_evolution/1001Gp_TE_ANNOT/panTEome_v3_1001Gp/annotation_chr_s/single_genome_EDTA/100327/100327.Chr_scaffolds.fa.mod.EDTA.TEanno.sgannot.gff3, /tmp/global2/ssushko/TE_evolution/1001Gp_TE_ANNOT/panTEome_v3_1001Gp/annotation_chr_s/single_genome_EDTA/100327/100327.Chr_scaffolds.fa.mod.EDTA.anno/100327.Chr_scaffolds.fa.mod.EDTA.RM.out
    output: /tmp/global2/ssushko/TE_evolution/1001Gp_TE_ANNOT/panTEome_v3_1001Gp/annotation_chr_s/single_genome_EDTA/100327/100327.Chr_scaffolds.fa.mod.EDTA.TElib.fa.keep.list, /tmp/global2/ssushko/TE_evolution/1001Gp_TE_ANNOT/panTEome_v3_1001Gp/annotation_chr_s/single_genome_EDTA/100327/100327.Chr_scaffolds.fa.mod.EDTA.TElib.mincopyfiltered.fa
    log: logs/100327_extr_minnflcop.log
    jobid: 719
    reason: Missing output files: /tmp/global2/ssushko/TE_evolution/1001Gp_TE_ANNOT/panTEome_v3_1001Gp/annotation_chr_s/single_genome_EDTA/100327/100327.Chr_scaffolds.fa.mod.EDTA.TElib.mincopyfiltered.fa
    wildcards: sample=100327
    resources: mem_mb=1000, mem_mib=954, disk_mb=1000, disk_mib=954, tmpdir=<TBD>


[Fri Sep  5 14:44:40 2025]
rule extract_min_n_fl_copies:
    input: /tmp/global2/ssushko/TE_evolution/1001Gp_TE_ANNOT/panTEome_v3_1001Gp/annotation_chr_s/single_genome_EDTA/100674/100674.Chr_scaffolds.fa.mod.EDTA.TEanno.sgannot.gff3, /tmp/global2/ssushko/TE_evolution/1001Gp_TE_ANNOT/panTEome_v3_1001Gp/annotation_chr_s/single_genome_EDTA/100674/100674.Chr_scaffolds.fa.mod.EDTA.anno/100674.Chr_scaffolds.fa.mod.EDTA.RM.out
    output: /tmp/global2/ssushko/TE_evolution/1001Gp_TE_ANNOT/panTEome_v3_1001Gp/annotation_chr_s/single_genome_EDTA/100674/100674.Chr_scaffolds.fa.mod.EDTA.TElib.fa.keep.list, /tmp/global2/ssushko/TE_evolution/1001Gp_TE_ANNOT/panTEome_v3_1001Gp/annotation_chr_s/single_genome_EDTA/100674/100674.Chr_scaffolds.fa.mod.EDTA.TElib.mincopyfiltered.fa
    log: logs/100674_extr_minnflcop.log
    jobid: 971
    reason: Missing output files: /tmp/global2/ssushko/TE_evolution/1001Gp_TE_ANNOT/panTEome_v3_1001Gp/annotation_chr_s/single_genome_EDTA/100674/100674.Chr_scaffolds.fa.mod.EDTA.TElib.mincopyfiltered.fa
    wildcards: sample=100674
    resources: mem_mb=1000, mem_mib=954, disk_mb=1000, disk_mib=954, tmpdir=<TBD>


[Fri Sep  5 14:44:40 2025]
rule extract_min_n_fl_copies:
    input: /tmp/global2/ssushko/TE_evolution/1001Gp_TE_ANNOT/panTEome_v3_1001Gp/annotation_chr_s/single_genome_EDTA/100808/100808.Chr_scaffolds.fa.mod.EDTA.TEanno.sgannot.gff3, /tmp/global2/ssushko/TE_evolution/1001Gp_TE_ANNOT/panTEome_v3_1001Gp/annotation_chr_s/single_genome_EDTA/100808/100808.Chr_scaffolds.fa.mod.EDTA.anno/100808.Chr_scaffolds.fa.mod.EDTA.RM.out
    output: /tmp/global2/ssushko/TE_evolution/1001Gp_TE_ANNOT/panTEome_v3_1001Gp/annotation_chr_s/single_genome_EDTA/100808/100808.Chr_scaffolds.fa.mod.EDTA.TElib.fa.keep.list, /tmp/global2/ssushko/TE_evolution/1001Gp_TE_ANNOT/panTEome_v3_1001Gp/annotation_chr_s/single_genome_EDTA/100808/100808.Chr_scaffolds.fa.mod.EDTA.TElib.mincopyfiltered.fa
    log: logs/100808_extr_minnflcop.log
    jobid: 1503
    reason: Missing output files: /tmp/global2/ssushko/TE_evolution/1001Gp_TE_ANNOT/panTEome_v3_1001Gp/annotation_chr_s/single_genome_EDTA/100808/100808.Chr_scaffolds.fa.mod.EDTA.TElib.mincopyfiltered.fa
    wildcards: sample=100808
    resources: mem_mb=1000, mem_mib=954, disk_mb=1000, disk_mib=954, tmpdir=<TBD>


[Fri Sep  5 14:44:40 2025]
rule extract_min_n_fl_copies:
    input: /tmp/global2/ssushko/TE_evolution/1001Gp_TE_ANNOT/panTEome_v3_1001Gp/annotation_chr_s/single_genome_EDTA/100843/100843.Chr_scaffolds.fa.mod.EDTA.TEanno.sgannot.gff3, /tmp/global2/ssushko/TE_evolution/1001Gp_TE_ANNOT/panTEome_v3_1001Gp/annotation_chr_s/single_genome_EDTA/100843/100843.Chr_scaffolds.fa.mod.EDTA.anno/100843.Chr_scaffolds.fa.mod.EDTA.RM.out
    output: /tmp/global2/ssushko/TE_evolution/1001Gp_TE_ANNOT/panTEome_v3_1001Gp/annotation_chr_s/single_genome_EDTA/100843/100843.Chr_scaffolds.fa.mod.EDTA.TElib.fa.keep.list, /tmp/global2/ssushko/TE_evolution/1001Gp_TE_ANNOT/panTEome_v3_1001Gp/annotation_chr_s/single_genome_EDTA/100843/100843.Chr_scaffolds.fa.mod.EDTA.TElib.mincopyfiltered.fa
    log: logs/100843_extr_minnflcop.log
    jobid: 1643
    reason: Missing output files: /tmp/global2/ssushko/TE_evolution/1001Gp_TE_ANNOT/panTEome_v3_1001Gp/annotation_chr_s/single_genome_EDTA/100843/100843.Chr_scaffolds.fa.mod.EDTA.TElib.mincopyfiltered.fa
    wildcards: sample=100843
    resources: mem_mb=1000, mem_mib=954, disk_mb=1000, disk_mib=954, tmpdir=<TBD>


[Fri Sep  5 14:44:40 2025]
rule extract_min_n_fl_copies:
    input: /tmp/global2/ssushko/TE_evolution/1001Gp_TE_ANNOT/panTEome_v3_1001Gp/annotation_chr_s/single_genome_EDTA/100906/100906.Chr_scaffolds.fa.mod.EDTA.TEanno.sgannot.gff3, /tmp/global2/ssushko/TE_evolution/1001Gp_TE_ANNOT/panTEome_v3_1001Gp/annotation_chr_s/single_genome_EDTA/100906/100906.Chr_scaffolds.fa.mod.EDTA.anno/100906.Chr_scaffolds.fa.mod.EDTA.RM.out
    output: /tmp/global2/ssushko/TE_evolution/1001Gp_TE_ANNOT/panTEome_v3_1001Gp/annotation_chr_s/single_genome_EDTA/100906/100906.Chr_scaffolds.fa.mod.EDTA.TElib.fa.keep.list, /tmp/global2/ssushko/TE_evolution/1001Gp_TE_ANNOT/panTEome_v3_1001Gp/annotation_chr_s/single_genome_EDTA/100906/100906.Chr_scaffolds.fa.mod.EDTA.TElib.mincopyfiltered.fa
    log: logs/100906_extr_minnflcop.log
    jobid: 1895
    reason: Missing output files: /tmp/global2/ssushko/TE_evolution/1001Gp_TE_ANNOT/panTEome_v3_1001Gp/annotation_chr_s/single_genome_EDTA/100906/100906.Chr_scaffolds.fa.mod.EDTA.TElib.mincopyfiltered.fa
    wildcards: sample=100906
    resources: mem_mb=1000, mem_mib=954, disk_mb=1000, disk_mib=954, tmpdir=<TBD>


[Fri Sep  5 14:44:40 2025]
rule extract_min_n_fl_copies:
    input: /tmp/global2/ssushko/TE_evolution/1001Gp_TE_ANNOT/panTEome_v3_1001Gp/annotation_chr_s/single_genome_EDTA/101011/101011.Chr_scaffolds.fa.mod.EDTA.TEanno.sgannot.gff3, /tmp/global2/ssushko/TE_evolution/1001Gp_TE_ANNOT/panTEome_v3_1001Gp/annotation_chr_s/single_genome_EDTA/101011/101011.Chr_scaffolds.fa.mod.EDTA.anno/101011.Chr_scaffolds.fa.mod.EDTA.RM.out
    output: /tmp/global2/ssushko/TE_evolution/1001Gp_TE_ANNOT/panTEome_v3_1001Gp/annotation_chr_s/single_genome_EDTA/101011/101011.Chr_scaffolds.fa.mod.EDTA.TElib.fa.keep.list, /tmp/global2/ssushko/TE_evolution/1001Gp_TE_ANNOT/panTEome_v3_1001Gp/annotation_chr_s/single_genome_EDTA/101011/101011.Chr_scaffolds.fa.mod.EDTA.TElib.mincopyfiltered.fa
    log: logs/101011_extr_minnflcop.log
    jobid: 2315
    reason: Missing output files: /tmp/global2/ssushko/TE_evolution/1001Gp_TE_ANNOT/panTEome_v3_1001Gp/annotation_chr_s/single_genome_EDTA/101011/101011.Chr_scaffolds.fa.mod.EDTA.TElib.mincopyfiltered.fa
    wildcards: sample=101011
    resources: mem_mb=1000, mem_mib=954, disk_mb=1000, disk_mib=954, tmpdir=<TBD>


[Fri Sep  5 14:44:40 2025]
rule extract_min_n_fl_copies:
    input: /tmp/global2/ssushko/TE_evolution/1001Gp_TE_ANNOT/panTEome_v3_1001Gp/annotation_chr_s/single_genome_EDTA/101046/101046.Chr_scaffolds.fa.mod.EDTA.TEanno.sgannot.gff3, /tmp/global2/ssushko/TE_evolution/1001Gp_TE_ANNOT/panTEome_v3_1001Gp/annotation_chr_s/single_genome_EDTA/101046/101046.Chr_scaffolds.fa.mod.EDTA.anno/101046.Chr_scaffolds.fa.mod.EDTA.RM.out
    output: /tmp/global2/ssushko/TE_evolution/1001Gp_TE_ANNOT/panTEome_v3_1001Gp/annotation_chr_s/single_genome_EDTA/101046/101046.Chr_scaffolds.fa.mod.EDTA.TElib.fa.keep.list, /tmp/global2/ssushko/TE_evolution/1001Gp_TE_ANNOT/panTEome_v3_1001Gp/annotation_chr_s/single_genome_EDTA/101046/101046.Chr_scaffolds.fa.mod.EDTA.TElib.mincopyfiltered.fa
    log: logs/101046_extr_minnflcop.log
    jobid: 2455
    reason: Missing output files: /tmp/global2/ssushko/TE_evolution/1001Gp_TE_ANNOT/panTEome_v3_1001Gp/annotation_chr_s/single_genome_EDTA/101046/101046.Chr_scaffolds.fa.mod.EDTA.TElib.mincopyfiltered.fa
    wildcards: sample=101046
    resources: mem_mb=1000, mem_mib=954, disk_mb=1000, disk_mib=954, tmpdir=<TBD>


[Fri Sep  5 14:44:40 2025]
rule extract_min_n_fl_copies:
    input: /tmp/global2/ssushko/TE_evolution/1001Gp_TE_ANNOT/panTEome_v3_1001Gp/annotation_chr_s/single_genome_EDTA/100228/100228.Chr_scaffolds.fa.mod.EDTA.TEanno.sgannot.gff3, /tmp/global2/ssushko/TE_evolution/1001Gp_TE_ANNOT/panTEome_v3_1001Gp/annotation_chr_s/single_genome_EDTA/100228/100228.Chr_scaffolds.fa.mod.EDTA.anno/100228.Chr_scaffolds.fa.mod.EDTA.RM.out
    output: /tmp/global2/ssushko/TE_evolution/1001Gp_TE_ANNOT/panTEome_v3_1001Gp/annotation_chr_s/single_genome_EDTA/100228/100228.Chr_scaffolds.fa.mod.EDTA.TElib.fa.keep.list, /tmp/global2/ssushko/TE_evolution/1001Gp_TE_ANNOT/panTEome_v3_1001Gp/annotation_chr_s/single_genome_EDTA/100228/100228.Chr_scaffolds.fa.mod.EDTA.TElib.mincopyfiltered.fa
    log: logs/100228_extr_minnflcop.log
    jobid: 539
    reason: Missing output files: /tmp/global2/ssushko/TE_evolution/1001Gp_TE_ANNOT/panTEome_v3_1001Gp/annotation_chr_s/single_genome_EDTA/100228/100228.Chr_scaffolds.fa.mod.EDTA.TElib.mincopyfiltered.fa
    wildcards: sample=100228
    resources: mem_mb=1000, mem_mib=954, disk_mb=1000, disk_mib=954, tmpdir=<TBD>


[Fri Sep  5 14:44:40 2025]
rule extract_min_n_fl_copies:
    input: /tmp/global2/ssushko/TE_evolution/1001Gp_TE_ANNOT/panTEome_v3_1001Gp/annotation_chr_s/single_genome_EDTA/100314/100314.Chr_scaffolds.fa.mod.EDTA.TEanno.sgannot.gff3, /tmp/global2/ssushko/TE_evolution/1001Gp_TE_ANNOT/panTEome_v3_1001Gp/annotation_chr_s/single_genome_EDTA/100314/100314.Chr_scaffolds.fa.mod.EDTA.anno/100314.Chr_scaffolds.fa.mod.EDTA.RM.out
    output: /tmp/global2/ssushko/TE_evolution/1001Gp_TE_ANNOT/panTEome_v3_1001Gp/annotation_chr_s/single_genome_EDTA/100314/100314.Chr_scaffolds.fa.mod.EDTA.TElib.fa.keep.list, /tmp/global2/ssushko/TE_evolution/1001Gp_TE_ANNOT/panTEome_v3_1001Gp/annotation_chr_s/single_genome_EDTA/100314/100314.Chr_scaffolds.fa.mod.EDTA.TElib.mincopyfiltered.fa
    log: logs/100314_extr_minnflcop.log
    jobid: 679
    reason: Missing output files: /tmp/global2/ssushko/TE_evolution/1001Gp_TE_ANNOT/panTEome_v3_1001Gp/annotation_chr_s/single_genome_EDTA/100314/100314.Chr_scaffolds.fa.mod.EDTA.TElib.mincopyfiltered.fa
    wildcards: sample=100314
    resources: mem_mb=1000, mem_mib=954, disk_mb=1000, disk_mib=954, tmpdir=<TBD>


[Fri Sep  5 14:44:40 2025]
rule extract_min_n_fl_copies:
    input: /tmp/global2/ssushko/TE_evolution/1001Gp_TE_ANNOT/panTEome_v3_1001Gp/annotation_chr_s/single_genome_EDTA/100970/100970.Chr_scaffolds.fa.mod.EDTA.TEanno.sgannot.gff3, /tmp/global2/ssushko/TE_evolution/1001Gp_TE_ANNOT/panTEome_v3_1001Gp/annotation_chr_s/single_genome_EDTA/100970/100970.Chr_scaffolds.fa.mod.EDTA.anno/100970.Chr_scaffolds.fa.mod.EDTA.RM.out
    output: /tmp/global2/ssushko/TE_evolution/1001Gp_TE_ANNOT/panTEome_v3_1001Gp/annotation_chr_s/single_genome_EDTA/100970/100970.Chr_scaffolds.fa.mod.EDTA.TElib.fa.keep.list, /tmp/global2/ssushko/TE_evolution/1001Gp_TE_ANNOT/panTEome_v3_1001Gp/annotation_chr_s/single_genome_EDTA/100970/100970.Chr_scaffolds.fa.mod.EDTA.TElib.mincopyfiltered.fa
    log: logs/100970_extr_minnflcop.log
    jobid: 2151
    reason: Missing output files: /tmp/global2/ssushko/TE_evolution/1001Gp_TE_ANNOT/panTEome_v3_1001Gp/annotation_chr_s/single_genome_EDTA/100970/100970.Chr_scaffolds.fa.mod.EDTA.TElib.mincopyfiltered.fa
    wildcards: sample=100970
    resources: mem_mb=1000, mem_mib=954, disk_mb=1000, disk_mib=954, tmpdir=<TBD>


[Fri Sep  5 14:44:40 2025]
rule extract_min_n_fl_copies:
    input: /tmp/global2/ssushko/TE_evolution/1001Gp_TE_ANNOT/panTEome_v3_1001Gp/annotation_chr_s/single_genome_EDTA/100692/100692.Chr_scaffolds.fa.mod.EDTA.TEanno.sgannot.gff3, /tmp/global2/ssushko/TE_evolution/1001Gp_TE_ANNOT/panTEome_v3_1001Gp/annotation_chr_s/single_genome_EDTA/100692/100692.Chr_scaffolds.fa.mod.EDTA.anno/100692.Chr_scaffolds.fa.mod.EDTA.RM.out
    output: /tmp/global2/ssushko/TE_evolution/1001Gp_TE_ANNOT/panTEome_v3_1001Gp/annotation_chr_s/single_genome_EDTA/100692/100692.Chr_scaffolds.fa.mod.EDTA.TElib.fa.keep.list, /tmp/global2/ssushko/TE_evolution/1001Gp_TE_ANNOT/panTEome_v3_1001Gp/annotation_chr_s/single_genome_EDTA/100692/100692.Chr_scaffolds.fa.mod.EDTA.TElib.mincopyfiltered.fa
    log: logs/100692_extr_minnflcop.log
    jobid: 1043
    reason: Missing output files: /tmp/global2/ssushko/TE_evolution/1001Gp_TE_ANNOT/panTEome_v3_1001Gp/annotation_chr_s/single_genome_EDTA/100692/100692.Chr_scaffolds.fa.mod.EDTA.TElib.mincopyfiltered.fa
    wildcards: sample=100692
    resources: mem_mb=1000, mem_mib=954, disk_mb=1000, disk_mib=954, tmpdir=<TBD>


[Fri Sep  5 14:44:40 2025]
rule extract_min_n_fl_copies:
    input: /tmp/global2/ssushko/TE_evolution/1001Gp_TE_ANNOT/panTEome_v3_1001Gp/annotation_chr_s/single_genome_EDTA/100136/100136.Chr_scaffolds.fa.mod.EDTA.TEanno.sgannot.gff3, /tmp/global2/ssushko/TE_evolution/1001Gp_TE_ANNOT/panTEome_v3_1001Gp/annotation_chr_s/single_genome_EDTA/100136/100136.Chr_scaffolds.fa.mod.EDTA.anno/100136.Chr_scaffolds.fa.mod.EDTA.RM.out
    output: /tmp/global2/ssushko/TE_evolution/1001Gp_TE_ANNOT/panTEome_v3_1001Gp/annotation_chr_s/single_genome_EDTA/100136/100136.Chr_scaffolds.fa.mod.EDTA.TElib.fa.keep.list, /tmp/global2/ssushko/TE_evolution/1001Gp_TE_ANNOT/panTEome_v3_1001Gp/annotation_chr_s/single_genome_EDTA/100136/100136.Chr_scaffolds.fa.mod.EDTA.TElib.mincopyfiltered.fa
    log: logs/100136_extr_minnflcop.log
    jobid: 415
    reason: Missing output files: /tmp/global2/ssushko/TE_evolution/1001Gp_TE_ANNOT/panTEome_v3_1001Gp/annotation_chr_s/single_genome_EDTA/100136/100136.Chr_scaffolds.fa.mod.EDTA.TElib.mincopyfiltered.fa
    wildcards: sample=100136
    resources: mem_mb=1000, mem_mib=954, disk_mb=1000, disk_mib=954, tmpdir=<TBD>


[Fri Sep  5 14:44:40 2025]
rule extract_min_n_fl_copies:
    input: /tmp/global2/ssushko/TE_evolution/1001Gp_TE_ANNOT/panTEome_v3_1001Gp/annotation_chr_s/single_genome_EDTA/100159/100159.Chr_scaffolds.fa.mod.EDTA.TEanno.sgannot.gff3, /tmp/global2/ssushko/TE_evolution/1001Gp_TE_ANNOT/panTEome_v3_1001Gp/annotation_chr_s/single_genome_EDTA/100159/100159.Chr_scaffolds.fa.mod.EDTA.anno/100159.Chr_scaffolds.fa.mod.EDTA.RM.out
    output: /tmp/global2/ssushko/TE_evolution/1001Gp_TE_ANNOT/panTEome_v3_1001Gp/annotation_chr_s/single_genome_EDTA/100159/100159.Chr_scaffolds.fa.mod.EDTA.TElib.fa.keep.list, /tmp/global2/ssushko/TE_evolution/1001Gp_TE_ANNOT/panTEome_v3_1001Gp/annotation_chr_s/single_genome_EDTA/100159/100159.Chr_scaffolds.fa.mod.EDTA.TElib.mincopyfiltered.fa
    log: logs/100159_extr_minnflcop.log
    jobid: 499
    reason: Missing output files: /tmp/global2/ssushko/TE_evolution/1001Gp_TE_ANNOT/panTEome_v3_1001Gp/annotation_chr_s/single_genome_EDTA/100159/100159.Chr_scaffolds.fa.mod.EDTA.TElib.mincopyfiltered.fa
    wildcards: sample=100159
    resources: mem_mb=1000, mem_mib=954, disk_mb=1000, disk_mib=954, tmpdir=<TBD>


[Fri Sep  5 14:44:40 2025]
rule extract_min_n_fl_copies:
    input: /tmp/global2/ssushko/TE_evolution/1001Gp_TE_ANNOT/panTEome_v3_1001Gp/annotation_chr_s/single_genome_EDTA/100727/100727.Chr_scaffolds.fa.mod.EDTA.TEanno.sgannot.gff3, /tmp/global2/ssushko/TE_evolution/1001Gp_TE_ANNOT/panTEome_v3_1001Gp/annotation_chr_s/single_genome_EDTA/100727/100727.Chr_scaffolds.fa.mod.EDTA.anno/100727.Chr_scaffolds.fa.mod.EDTA.RM.out
    output: /tmp/global2/ssushko/TE_evolution/1001Gp_TE_ANNOT/panTEome_v3_1001Gp/annotation_chr_s/single_genome_EDTA/100727/100727.Chr_scaffolds.fa.mod.EDTA.TElib.fa.keep.list, /tmp/global2/ssushko/TE_evolution/1001Gp_TE_ANNOT/panTEome_v3_1001Gp/annotation_chr_s/single_genome_EDTA/100727/100727.Chr_scaffolds.fa.mod.EDTA.TElib.mincopyfiltered.fa
    log: logs/100727_extr_minnflcop.log
    jobid: 1183
    reason: Missing output files: /tmp/global2/ssushko/TE_evolution/1001Gp_TE_ANNOT/panTEome_v3_1001Gp/annotation_chr_s/single_genome_EDTA/100727/100727.Chr_scaffolds.fa.mod.EDTA.TElib.mincopyfiltered.fa
    wildcards: sample=100727
    resources: mem_mb=1000, mem_mib=954, disk_mb=1000, disk_mib=954, tmpdir=<TBD>


[Fri Sep  5 14:44:40 2025]
rule extract_min_n_fl_copies:
    input: /tmp/global2/ssushko/TE_evolution/1001Gp_TE_ANNOT/panTEome_v3_1001Gp/annotation_chr_s/single_genome_EDTA/100755/100755.Chr_scaffolds.fa.mod.EDTA.TEanno.sgannot.gff3, /tmp/global2/ssushko/TE_evolution/1001Gp_TE_ANNOT/panTEome_v3_1001Gp/annotation_chr_s/single_genome_EDTA/100755/100755.Chr_scaffolds.fa.mod.EDTA.anno/100755.Chr_scaffolds.fa.mod.EDTA.RM.out
    output: /tmp/global2/ssushko/TE_evolution/1001Gp_TE_ANNOT/panTEome_v3_1001Gp/annotation_chr_s/single_genome_EDTA/100755/100755.Chr_scaffolds.fa.mod.EDTA.TElib.fa.keep.list, /tmp/global2/ssushko/TE_evolution/1001Gp_TE_ANNOT/panTEome_v3_1001Gp/annotation_chr_s/single_genome_EDTA/100755/100755.Chr_scaffolds.fa.mod.EDTA.TElib.mincopyfiltered.fa
    log: logs/100755_extr_minnflcop.log
    jobid: 1295
    reason: Missing output files: /tmp/global2/ssushko/TE_evolution/1001Gp_TE_ANNOT/panTEome_v3_1001Gp/annotation_chr_s/single_genome_EDTA/100755/100755.Chr_scaffolds.fa.mod.EDTA.TElib.mincopyfiltered.fa
    wildcards: sample=100755
    resources: mem_mb=1000, mem_mib=954, disk_mb=1000, disk_mib=954, tmpdir=<TBD>


[Fri Sep  5 14:44:40 2025]
rule extract_min_n_fl_copies:
    input: /tmp/global2/ssushko/TE_evolution/1001Gp_TE_ANNOT/panTEome_v3_1001Gp/annotation_chr_s/single_genome_EDTA/100791/100791.Chr_scaffolds.fa.mod.EDTA.TEanno.sgannot.gff3, /tmp/global2/ssushko/TE_evolution/1001Gp_TE_ANNOT/panTEome_v3_1001Gp/annotation_chr_s/single_genome_EDTA/100791/100791.Chr_scaffolds.fa.mod.EDTA.anno/100791.Chr_scaffolds.fa.mod.EDTA.RM.out
    output: /tmp/global2/ssushko/TE_evolution/1001Gp_TE_ANNOT/panTEome_v3_1001Gp/annotation_chr_s/single_genome_EDTA/100791/100791.Chr_scaffolds.fa.mod.EDTA.TElib.fa.keep.list, /tmp/global2/ssushko/TE_evolution/1001Gp_TE_ANNOT/panTEome_v3_1001Gp/annotation_chr_s/single_genome_EDTA/100791/100791.Chr_scaffolds.fa.mod.EDTA.TElib.mincopyfiltered.fa
    log: logs/100791_extr_minnflcop.log
    jobid: 1435
    reason: Missing output files: /tmp/global2/ssushko/TE_evolution/1001Gp_TE_ANNOT/panTEome_v3_1001Gp/annotation_chr_s/single_genome_EDTA/100791/100791.Chr_scaffolds.fa.mod.EDTA.TElib.mincopyfiltered.fa
    wildcards: sample=100791
    resources: mem_mb=1000, mem_mib=954, disk_mb=1000, disk_mib=954, tmpdir=<TBD>


[Fri Sep  5 14:44:40 2025]
rule extract_min_n_fl_copies:
    input: /tmp/global2/ssushko/TE_evolution/1001Gp_TE_ANNOT/panTEome_v3_1001Gp/annotation_chr_s/single_genome_EDTA/100293/100293.Chr_scaffolds.fa.mod.EDTA.TEanno.sgannot.gff3, /tmp/global2/ssushko/TE_evolution/1001Gp_TE_ANNOT/panTEome_v3_1001Gp/annotation_chr_s/single_genome_EDTA/100293/100293.Chr_scaffolds.fa.mod.EDTA.anno/100293.Chr_scaffolds.fa.mod.EDTA.RM.out
    output: /tmp/global2/ssushko/TE_evolution/1001Gp_TE_ANNOT/panTEome_v3_1001Gp/annotation_chr_s/single_genome_EDTA/100293/100293.Chr_scaffolds.fa.mod.EDTA.TElib.fa.keep.list, /tmp/global2/ssushko/TE_evolution/1001Gp_TE_ANNOT/panTEome_v3_1001Gp/annotation_chr_s/single_genome_EDTA/100293/100293.Chr_scaffolds.fa.mod.EDTA.TElib.mincopyfiltered.fa
    log: logs/100293_extr_minnflcop.log
    jobid: 611
    reason: Missing output files: /tmp/global2/ssushko/TE_evolution/1001Gp_TE_ANNOT/panTEome_v3_1001Gp/annotation_chr_s/single_genome_EDTA/100293/100293.Chr_scaffolds.fa.mod.EDTA.TElib.mincopyfiltered.fa
    wildcards: sample=100293
    resources: mem_mb=1000, mem_mib=954, disk_mb=1000, disk_mib=954, tmpdir=<TBD>


[Fri Sep  5 14:44:40 2025]
rule extract_min_n_fl_copies:
    input: /tmp/global2/ssushko/TE_evolution/1001Gp_TE_ANNOT/panTEome_v3_1001Gp/annotation_chr_s/single_genome_EDTA/100302/100302.Chr_scaffolds.fa.mod.EDTA.TEanno.sgannot.gff3, /tmp/global2/ssushko/TE_evolution/1001Gp_TE_ANNOT/panTEome_v3_1001Gp/annotation_chr_s/single_genome_EDTA/100302/100302.Chr_scaffolds.fa.mod.EDTA.anno/100302.Chr_scaffolds.fa.mod.EDTA.RM.out
    output: /tmp/global2/ssushko/TE_evolution/1001Gp_TE_ANNOT/panTEome_v3_1001Gp/annotation_chr_s/single_genome_EDTA/100302/100302.Chr_scaffolds.fa.mod.EDTA.TElib.fa.keep.list, /tmp/global2/ssushko/TE_evolution/1001Gp_TE_ANNOT/panTEome_v3_1001Gp/annotation_chr_s/single_genome_EDTA/100302/100302.Chr_scaffolds.fa.mod.EDTA.TElib.mincopyfiltered.fa
    log: logs/100302_extr_minnflcop.log
    jobid: 639
    reason: Missing output files: /tmp/global2/ssushko/TE_evolution/1001Gp_TE_ANNOT/panTEome_v3_1001Gp/annotation_chr_s/single_genome_EDTA/100302/100302.Chr_scaffolds.fa.mod.EDTA.TElib.mincopyfiltered.fa
    wildcards: sample=100302
    resources: mem_mb=1000, mem_mib=954, disk_mb=1000, disk_mib=954, tmpdir=<TBD>


[Fri Sep  5 14:44:40 2025]
rule extract_min_n_fl_copies:
    input: /tmp/global2/ssushko/TE_evolution/1001Gp_TE_ANNOT/panTEome_v3_1001Gp/annotation_chr_s/single_genome_EDTA/100668/100668.Chr_scaffolds.fa.mod.EDTA.TEanno.sgannot.gff3, /tmp/global2/ssushko/TE_evolution/1001Gp_TE_ANNOT/panTEome_v3_1001Gp/annotation_chr_s/single_genome_EDTA/100668/100668.Chr_scaffolds.fa.mod.EDTA.anno/100668.Chr_scaffolds.fa.mod.EDTA.RM.out
    output: /tmp/global2/ssushko/TE_evolution/1001Gp_TE_ANNOT/panTEome_v3_1001Gp/annotation_chr_s/single_genome_EDTA/100668/100668.Chr_scaffolds.fa.mod.EDTA.TElib.fa.keep.list, /tmp/global2/ssushko/TE_evolution/1001Gp_TE_ANNOT/panTEome_v3_1001Gp/annotation_chr_s/single_genome_EDTA/100668/100668.Chr_scaffolds.fa.mod.EDTA.TElib.mincopyfiltered.fa
    log: logs/100668_extr_minnflcop.log
    jobid: 947
    reason: Missing output files: /tmp/global2/ssushko/TE_evolution/1001Gp_TE_ANNOT/panTEome_v3_1001Gp/annotation_chr_s/single_genome_EDTA/100668/100668.Chr_scaffolds.fa.mod.EDTA.TElib.mincopyfiltered.fa
    wildcards: sample=100668
    resources: mem_mb=1000, mem_mib=954, disk_mb=1000, disk_mib=954, tmpdir=<TBD>


[Fri Sep  5 14:44:40 2025]
rule extract_min_n_fl_copies:
    input: /tmp/global2/ssushko/TE_evolution/1001Gp_TE_ANNOT/panTEome_v3_1001Gp/annotation_chr_s/single_genome_EDTA/100675/100675.Chr_scaffolds.fa.mod.EDTA.TEanno.sgannot.gff3, /tmp/global2/ssushko/TE_evolution/1001Gp_TE_ANNOT/panTEome_v3_1001Gp/annotation_chr_s/single_genome_EDTA/100675/100675.Chr_scaffolds.fa.mod.EDTA.anno/100675.Chr_scaffolds.fa.mod.EDTA.RM.out
    output: /tmp/global2/ssushko/TE_evolution/1001Gp_TE_ANNOT/panTEome_v3_1001Gp/annotation_chr_s/single_genome_EDTA/100675/100675.Chr_scaffolds.fa.mod.EDTA.TElib.fa.keep.list, /tmp/global2/ssushko/TE_evolution/1001Gp_TE_ANNOT/panTEome_v3_1001Gp/annotation_chr_s/single_genome_EDTA/100675/100675.Chr_scaffolds.fa.mod.EDTA.TElib.mincopyfiltered.fa
    log: logs/100675_extr_minnflcop.log
    jobid: 975
    reason: Missing output files: /tmp/global2/ssushko/TE_evolution/1001Gp_TE_ANNOT/panTEome_v3_1001Gp/annotation_chr_s/single_genome_EDTA/100675/100675.Chr_scaffolds.fa.mod.EDTA.TElib.mincopyfiltered.fa
    wildcards: sample=100675
    resources: mem_mb=1000, mem_mib=954, disk_mb=1000, disk_mib=954, tmpdir=<TBD>


[Fri Sep  5 14:44:40 2025]
rule extract_min_n_fl_copies:
    input: /tmp/global2/ssushko/TE_evolution/1001Gp_TE_ANNOT/panTEome_v3_1001Gp/annotation_chr_s/single_genome_EDTA/100039/100039.Chr_scaffolds.fa.mod.EDTA.TEanno.sgannot.gff3, /tmp/global2/ssushko/TE_evolution/1001Gp_TE_ANNOT/panTEome_v3_1001Gp/annotation_chr_s/single_genome_EDTA/100039/100039.Chr_scaffolds.fa.mod.EDTA.anno/100039.Chr_scaffolds.fa.mod.EDTA.RM.out
    output: /tmp/global2/ssushko/TE_evolution/1001Gp_TE_ANNOT/panTEome_v3_1001Gp/annotation_chr_s/single_genome_EDTA/100039/100039.Chr_scaffolds.fa.mod.EDTA.TElib.fa.keep.list, /tmp/global2/ssushko/TE_evolution/1001Gp_TE_ANNOT/panTEome_v3_1001Gp/annotation_chr_s/single_genome_EDTA/100039/100039.Chr_scaffolds.fa.mod.EDTA.TElib.mincopyfiltered.fa
    log: logs/100039_extr_minnflcop.log
    jobid: 39
    reason: Missing output files: /tmp/global2/ssushko/TE_evolution/1001Gp_TE_ANNOT/panTEome_v3_1001Gp/annotation_chr_s/single_genome_EDTA/100039/100039.Chr_scaffolds.fa.mod.EDTA.TElib.mincopyfiltered.fa
    wildcards: sample=100039
    resources: mem_mb=1000, mem_mib=954, disk_mb=1000, disk_mib=954, tmpdir=<TBD>


[Fri Sep  5 14:44:40 2025]
rule extract_min_n_fl_copies:
    input: /tmp/global2/ssushko/TE_evolution/1001Gp_TE_ANNOT/panTEome_v3_1001Gp/annotation_chr_s/single_genome_EDTA/100046/100046.Chr_scaffolds.fa.mod.EDTA.TEanno.sgannot.gff3, /tmp/global2/ssushko/TE_evolution/1001Gp_TE_ANNOT/panTEome_v3_1001Gp/annotation_chr_s/single_genome_EDTA/100046/100046.Chr_scaffolds.fa.mod.EDTA.anno/100046.Chr_scaffolds.fa.mod.EDTA.RM.out
    output: /tmp/global2/ssushko/TE_evolution/1001Gp_TE_ANNOT/panTEome_v3_1001Gp/annotation_chr_s/single_genome_EDTA/100046/100046.Chr_scaffolds.fa.mod.EDTA.TElib.fa.keep.list, /tmp/global2/ssushko/TE_evolution/1001Gp_TE_ANNOT/panTEome_v3_1001Gp/annotation_chr_s/single_genome_EDTA/100046/100046.Chr_scaffolds.fa.mod.EDTA.TElib.mincopyfiltered.fa
    log: logs/100046_extr_minnflcop.log
    jobid: 67
    reason: Missing output files: /tmp/global2/ssushko/TE_evolution/1001Gp_TE_ANNOT/panTEome_v3_1001Gp/annotation_chr_s/single_genome_EDTA/100046/100046.Chr_scaffolds.fa.mod.EDTA.TElib.mincopyfiltered.fa
    wildcards: sample=100046
    resources: mem_mb=1000, mem_mib=954, disk_mb=1000, disk_mib=954, tmpdir=<TBD>


[Fri Sep  5 14:44:40 2025]
rule extract_min_n_fl_copies:
    input: /tmp/global2/ssushko/TE_evolution/1001Gp_TE_ANNOT/panTEome_v3_1001Gp/annotation_chr_s/single_genome_EDTA/100328/100328.Chr_scaffolds.fa.mod.EDTA.TEanno.sgannot.gff3, /tmp/global2/ssushko/TE_evolution/1001Gp_TE_ANNOT/panTEome_v3_1001Gp/annotation_chr_s/single_genome_EDTA/100328/100328.Chr_scaffolds.fa.mod.EDTA.anno/100328.Chr_scaffolds.fa.mod.EDTA.RM.out
    output: /tmp/global2/ssushko/TE_evolution/1001Gp_TE_ANNOT/panTEome_v3_1001Gp/annotation_chr_s/single_genome_EDTA/100328/100328.Chr_scaffolds.fa.mod.EDTA.TElib.fa.keep.list, /tmp/global2/ssushko/TE_evolution/1001Gp_TE_ANNOT/panTEome_v3_1001Gp/annotation_chr_s/single_genome_EDTA/100328/100328.Chr_scaffolds.fa.mod.EDTA.TElib.mincopyfiltered.fa
    log: logs/100328_extr_minnflcop.log
    jobid: 723
    reason: Missing output files: /tmp/global2/ssushko/TE_evolution/1001Gp_TE_ANNOT/panTEome_v3_1001Gp/annotation_chr_s/single_genome_EDTA/100328/100328.Chr_scaffolds.fa.mod.EDTA.TElib.mincopyfiltered.fa
    wildcards: sample=100328
    resources: mem_mb=1000, mem_mib=954, disk_mb=1000, disk_mib=954, tmpdir=<TBD>


[Fri Sep  5 14:44:40 2025]
rule extract_min_n_fl_copies:
    input: /tmp/global2/ssushko/TE_evolution/1001Gp_TE_ANNOT/panTEome_v3_1001Gp/annotation_chr_s/single_genome_EDTA/100809/100809.Chr_scaffolds.fa.mod.EDTA.TEanno.sgannot.gff3, /tmp/global2/ssushko/TE_evolution/1001Gp_TE_ANNOT/panTEome_v3_1001Gp/annotation_chr_s/single_genome_EDTA/100809/100809.Chr_scaffolds.fa.mod.EDTA.anno/100809.Chr_scaffolds.fa.mod.EDTA.RM.out
    output: /tmp/global2/ssushko/TE_evolution/1001Gp_TE_ANNOT/panTEome_v3_1001Gp/annotation_chr_s/single_genome_EDTA/100809/100809.Chr_scaffolds.fa.mod.EDTA.TElib.fa.keep.list, /tmp/global2/ssushko/TE_evolution/1001Gp_TE_ANNOT/panTEome_v3_1001Gp/annotation_chr_s/single_genome_EDTA/100809/100809.Chr_scaffolds.fa.mod.EDTA.TElib.mincopyfiltered.fa
    log: logs/100809_extr_minnflcop.log
    jobid: 1507
    reason: Missing output files: /tmp/global2/ssushko/TE_evolution/1001Gp_TE_ANNOT/panTEome_v3_1001Gp/annotation_chr_s/single_genome_EDTA/100809/100809.Chr_scaffolds.fa.mod.EDTA.TElib.mincopyfiltered.fa
    wildcards: sample=100809
    resources: mem_mb=1000, mem_mib=954, disk_mb=1000, disk_mib=954, tmpdir=<TBD>


[Fri Sep  5 14:44:40 2025]
rule extract_min_n_fl_copies:
    input: /tmp/global2/ssushko/TE_evolution/1001Gp_TE_ANNOT/panTEome_v3_1001Gp/annotation_chr_s/single_genome_EDTA/100844/100844.Chr_scaffolds.fa.mod.EDTA.TEanno.sgannot.gff3, /tmp/global2/ssushko/TE_evolution/1001Gp_TE_ANNOT/panTEome_v3_1001Gp/annotation_chr_s/single_genome_EDTA/100844/100844.Chr_scaffolds.fa.mod.EDTA.anno/100844.Chr_scaffolds.fa.mod.EDTA.RM.out
    output: /tmp/global2/ssushko/TE_evolution/1001Gp_TE_ANNOT/panTEome_v3_1001Gp/annotation_chr_s/single_genome_EDTA/100844/100844.Chr_scaffolds.fa.mod.EDTA.TElib.fa.keep.list, /tmp/global2/ssushko/TE_evolution/1001Gp_TE_ANNOT/panTEome_v3_1001Gp/annotation_chr_s/single_genome_EDTA/100844/100844.Chr_scaffolds.fa.mod.EDTA.TElib.mincopyfiltered.fa
    log: logs/100844_extr_minnflcop.log
    jobid: 1647
    reason: Missing output files: /tmp/global2/ssushko/TE_evolution/1001Gp_TE_ANNOT/panTEome_v3_1001Gp/annotation_chr_s/single_genome_EDTA/100844/100844.Chr_scaffolds.fa.mod.EDTA.TElib.mincopyfiltered.fa
    wildcards: sample=100844
    resources: mem_mb=1000, mem_mib=954, disk_mb=1000, disk_mib=954, tmpdir=<TBD>


[Fri Sep  5 14:44:40 2025]
rule extract_min_n_fl_copies:
    input: /tmp/global2/ssushko/TE_evolution/1001Gp_TE_ANNOT/panTEome_v3_1001Gp/annotation_chr_s/single_genome_EDTA/100907/100907.Chr_scaffolds.fa.mod.EDTA.TEanno.sgannot.gff3, /tmp/global2/ssushko/TE_evolution/1001Gp_TE_ANNOT/panTEome_v3_1001Gp/annotation_chr_s/single_genome_EDTA/100907/100907.Chr_scaffolds.fa.mod.EDTA.anno/100907.Chr_scaffolds.fa.mod.EDTA.RM.out
    output: /tmp/global2/ssushko/TE_evolution/1001Gp_TE_ANNOT/panTEome_v3_1001Gp/annotation_chr_s/single_genome_EDTA/100907/100907.Chr_scaffolds.fa.mod.EDTA.TElib.fa.keep.list, /tmp/global2/ssushko/TE_evolution/1001Gp_TE_ANNOT/panTEome_v3_1001Gp/annotation_chr_s/single_genome_EDTA/100907/100907.Chr_scaffolds.fa.mod.EDTA.TElib.mincopyfiltered.fa
    log: logs/100907_extr_minnflcop.log
    jobid: 1899
    reason: Missing output files: /tmp/global2/ssushko/TE_evolution/1001Gp_TE_ANNOT/panTEome_v3_1001Gp/annotation_chr_s/single_genome_EDTA/100907/100907.Chr_scaffolds.fa.mod.EDTA.TElib.mincopyfiltered.fa
    wildcards: sample=100907
    resources: mem_mb=1000, mem_mib=954, disk_mb=1000, disk_mib=954, tmpdir=<TBD>


[Fri Sep  5 14:44:40 2025]
rule extract_min_n_fl_copies:
    input: /tmp/global2/ssushko/TE_evolution/1001Gp_TE_ANNOT/panTEome_v3_1001Gp/annotation_chr_s/single_genome_EDTA/101012/101012.Chr_scaffolds.fa.mod.EDTA.TEanno.sgannot.gff3, /tmp/global2/ssushko/TE_evolution/1001Gp_TE_ANNOT/panTEome_v3_1001Gp/annotation_chr_s/single_genome_EDTA/101012/101012.Chr_scaffolds.fa.mod.EDTA.anno/101012.Chr_scaffolds.fa.mod.EDTA.RM.out
    output: /tmp/global2/ssushko/TE_evolution/1001Gp_TE_ANNOT/panTEome_v3_1001Gp/annotation_chr_s/single_genome_EDTA/101012/101012.Chr_scaffolds.fa.mod.EDTA.TElib.fa.keep.list, /tmp/global2/ssushko/TE_evolution/1001Gp_TE_ANNOT/panTEome_v3_1001Gp/annotation_chr_s/single_genome_EDTA/101012/101012.Chr_scaffolds.fa.mod.EDTA.TElib.mincopyfiltered.fa
    log: logs/101012_extr_minnflcop.log
    jobid: 2319
    reason: Missing output files: /tmp/global2/ssushko/TE_evolution/1001Gp_TE_ANNOT/panTEome_v3_1001Gp/annotation_chr_s/single_genome_EDTA/101012/101012.Chr_scaffolds.fa.mod.EDTA.TElib.mincopyfiltered.fa
    wildcards: sample=101012
    resources: mem_mb=1000, mem_mib=954, disk_mb=1000, disk_mib=954, tmpdir=<TBD>


[Fri Sep  5 14:44:40 2025]
rule extract_min_n_fl_copies:
    input: /tmp/global2/ssushko/TE_evolution/1001Gp_TE_ANNOT/panTEome_v3_1001Gp/annotation_chr_s/single_genome_EDTA/101054/101054.Chr_scaffolds.fa.mod.EDTA.TEanno.sgannot.gff3, /tmp/global2/ssushko/TE_evolution/1001Gp_TE_ANNOT/panTEome_v3_1001Gp/annotation_chr_s/single_genome_EDTA/101054/101054.Chr_scaffolds.fa.mod.EDTA.anno/101054.Chr_scaffolds.fa.mod.EDTA.RM.out
    output: /tmp/global2/ssushko/TE_evolution/1001Gp_TE_ANNOT/panTEome_v3_1001Gp/annotation_chr_s/single_genome_EDTA/101054/101054.Chr_scaffolds.fa.mod.EDTA.TElib.fa.keep.list, /tmp/global2/ssushko/TE_evolution/1001Gp_TE_ANNOT/panTEome_v3_1001Gp/annotation_chr_s/single_genome_EDTA/101054/101054.Chr_scaffolds.fa.mod.EDTA.TElib.mincopyfiltered.fa
    log: logs/101054_extr_minnflcop.log
    jobid: 2459
    reason: Missing output files: /tmp/global2/ssushko/TE_evolution/1001Gp_TE_ANNOT/panTEome_v3_1001Gp/annotation_chr_s/single_genome_EDTA/101054/101054.Chr_scaffolds.fa.mod.EDTA.TElib.mincopyfiltered.fa
    wildcards: sample=101054
    resources: mem_mb=1000, mem_mib=954, disk_mb=1000, disk_mib=954, tmpdir=<TBD>


[Fri Sep  5 14:44:40 2025]
rule extract_min_n_fl_copies:
    input: /tmp/global2/ssushko/TE_evolution/1001Gp_TE_ANNOT/panTEome_v3_1001Gp/annotation_chr_s/single_genome_EDTA/100233/100233.Chr_scaffolds.fa.mod.EDTA.TEanno.sgannot.gff3, /tmp/global2/ssushko/TE_evolution/1001Gp_TE_ANNOT/panTEome_v3_1001Gp/annotation_chr_s/single_genome_EDTA/100233/100233.Chr_scaffolds.fa.mod.EDTA.anno/100233.Chr_scaffolds.fa.mod.EDTA.RM.out
    output: /tmp/global2/ssushko/TE_evolution/1001Gp_TE_ANNOT/panTEome_v3_1001Gp/annotation_chr_s/single_genome_EDTA/100233/100233.Chr_scaffolds.fa.mod.EDTA.TElib.fa.keep.list, /tmp/global2/ssushko/TE_evolution/1001Gp_TE_ANNOT/panTEome_v3_1001Gp/annotation_chr_s/single_genome_EDTA/100233/100233.Chr_scaffolds.fa.mod.EDTA.TElib.mincopyfiltered.fa
    log: logs/100233_extr_minnflcop.log
    jobid: 543
    reason: Missing output files: /tmp/global2/ssushko/TE_evolution/1001Gp_TE_ANNOT/panTEome_v3_1001Gp/annotation_chr_s/single_genome_EDTA/100233/100233.Chr_scaffolds.fa.mod.EDTA.TElib.mincopyfiltered.fa
    wildcards: sample=100233
    resources: mem_mb=1000, mem_mib=954, disk_mb=1000, disk_mib=954, tmpdir=<TBD>


[Fri Sep  5 14:44:40 2025]
rule extract_min_n_fl_copies:
    input: /tmp/global2/ssushko/TE_evolution/1001Gp_TE_ANNOT/panTEome_v3_1001Gp/annotation_chr_s/single_genome_EDTA/100315/100315.Chr_scaffolds.fa.mod.EDTA.TEanno.sgannot.gff3, /tmp/global2/ssushko/TE_evolution/1001Gp_TE_ANNOT/panTEome_v3_1001Gp/annotation_chr_s/single_genome_EDTA/100315/100315.Chr_scaffolds.fa.mod.EDTA.anno/100315.Chr_scaffolds.fa.mod.EDTA.RM.out
    output: /tmp/global2/ssushko/TE_evolution/1001Gp_TE_ANNOT/panTEome_v3_1001Gp/annotation_chr_s/single_genome_EDTA/100315/100315.Chr_scaffolds.fa.mod.EDTA.TElib.fa.keep.list, /tmp/global2/ssushko/TE_evolution/1001Gp_TE_ANNOT/panTEome_v3_1001Gp/annotation_chr_s/single_genome_EDTA/100315/100315.Chr_scaffolds.fa.mod.EDTA.TElib.mincopyfiltered.fa
    log: logs/100315_extr_minnflcop.log
    jobid: 683
    reason: Missing output files: /tmp/global2/ssushko/TE_evolution/1001Gp_TE_ANNOT/panTEome_v3_1001Gp/annotation_chr_s/single_genome_EDTA/100315/100315.Chr_scaffolds.fa.mod.EDTA.TElib.mincopyfiltered.fa
    wildcards: sample=100315
    resources: mem_mb=1000, mem_mib=954, disk_mb=1000, disk_mib=954, tmpdir=<TBD>


[Fri Sep  5 14:44:40 2025]
rule extract_min_n_fl_copies:
    input: /tmp/global2/ssushko/TE_evolution/1001Gp_TE_ANNOT/panTEome_v3_1001Gp/annotation_chr_s/single_genome_EDTA/100693/100693.Chr_scaffolds.fa.mod.EDTA.TEanno.sgannot.gff3, /tmp/global2/ssushko/TE_evolution/1001Gp_TE_ANNOT/panTEome_v3_1001Gp/annotation_chr_s/single_genome_EDTA/100693/100693.Chr_scaffolds.fa.mod.EDTA.anno/100693.Chr_scaffolds.fa.mod.EDTA.RM.out
    output: /tmp/global2/ssushko/TE_evolution/1001Gp_TE_ANNOT/panTEome_v3_1001Gp/annotation_chr_s/single_genome_EDTA/100693/100693.Chr_scaffolds.fa.mod.EDTA.TElib.fa.keep.list, /tmp/global2/ssushko/TE_evolution/1001Gp_TE_ANNOT/panTEome_v3_1001Gp/annotation_chr_s/single_genome_EDTA/100693/100693.Chr_scaffolds.fa.mod.EDTA.TElib.mincopyfiltered.fa
    log: logs/100693_extr_minnflcop.log
    jobid: 1047
    reason: Missing output files: /tmp/global2/ssushko/TE_evolution/1001Gp_TE_ANNOT/panTEome_v3_1001Gp/annotation_chr_s/single_genome_EDTA/100693/100693.Chr_scaffolds.fa.mod.EDTA.TElib.mincopyfiltered.fa
    wildcards: sample=100693
    resources: mem_mb=1000, mem_mib=954, disk_mb=1000, disk_mib=954, tmpdir=<TBD>


[Fri Sep  5 14:44:40 2025]
rule extract_min_n_fl_copies:
    input: /tmp/global2/ssushko/TE_evolution/1001Gp_TE_ANNOT/panTEome_v3_1001Gp/annotation_chr_s/single_genome_EDTA/100137/100137.Chr_scaffolds.fa.mod.EDTA.TEanno.sgannot.gff3, /tmp/global2/ssushko/TE_evolution/1001Gp_TE_ANNOT/panTEome_v3_1001Gp/annotation_chr_s/single_genome_EDTA/100137/100137.Chr_scaffolds.fa.mod.EDTA.anno/100137.Chr_scaffolds.fa.mod.EDTA.RM.out
    output: /tmp/global2/ssushko/TE_evolution/1001Gp_TE_ANNOT/panTEome_v3_1001Gp/annotation_chr_s/single_genome_EDTA/100137/100137.Chr_scaffolds.fa.mod.EDTA.TElib.fa.keep.list, /tmp/global2/ssushko/TE_evolution/1001Gp_TE_ANNOT/panTEome_v3_1001Gp/annotation_chr_s/single_genome_EDTA/100137/100137.Chr_scaffolds.fa.mod.EDTA.TElib.mincopyfiltered.fa
    log: logs/100137_extr_minnflcop.log
    jobid: 419
    reason: Missing output files: /tmp/global2/ssushko/TE_evolution/1001Gp_TE_ANNOT/panTEome_v3_1001Gp/annotation_chr_s/single_genome_EDTA/100137/100137.Chr_scaffolds.fa.mod.EDTA.TElib.mincopyfiltered.fa
    wildcards: sample=100137
    resources: mem_mb=1000, mem_mib=954, disk_mb=1000, disk_mib=954, tmpdir=<TBD>


[Fri Sep  5 14:44:40 2025]
rule extract_min_n_fl_copies:
    input: /tmp/global2/ssushko/TE_evolution/1001Gp_TE_ANNOT/panTEome_v3_1001Gp/annotation_chr_s/single_genome_EDTA/100194/100194.Chr_scaffolds.fa.mod.EDTA.TEanno.sgannot.gff3, /tmp/global2/ssushko/TE_evolution/1001Gp_TE_ANNOT/panTEome_v3_1001Gp/annotation_chr_s/single_genome_EDTA/100194/100194.Chr_scaffolds.fa.mod.EDTA.anno/100194.Chr_scaffolds.fa.mod.EDTA.RM.out
    output: /tmp/global2/ssushko/TE_evolution/1001Gp_TE_ANNOT/panTEome_v3_1001Gp/annotation_chr_s/single_genome_EDTA/100194/100194.Chr_scaffolds.fa.mod.EDTA.TElib.fa.keep.list, /tmp/global2/ssushko/TE_evolution/1001Gp_TE_ANNOT/panTEome_v3_1001Gp/annotation_chr_s/single_genome_EDTA/100194/100194.Chr_scaffolds.fa.mod.EDTA.TElib.mincopyfiltered.fa
    log: logs/100194_extr_minnflcop.log
    jobid: 503
    reason: Missing output files: /tmp/global2/ssushko/TE_evolution/1001Gp_TE_ANNOT/panTEome_v3_1001Gp/annotation_chr_s/single_genome_EDTA/100194/100194.Chr_scaffolds.fa.mod.EDTA.TElib.mincopyfiltered.fa
    wildcards: sample=100194
    resources: mem_mb=1000, mem_mib=954, disk_mb=1000, disk_mib=954, tmpdir=<TBD>


[Fri Sep  5 14:44:40 2025]
rule extract_min_n_fl_copies:
    input: /tmp/global2/ssushko/TE_evolution/1001Gp_TE_ANNOT/panTEome_v3_1001Gp/annotation_chr_s/single_genome_EDTA/100728/100728.Chr_scaffolds.fa.mod.EDTA.TEanno.sgannot.gff3, /tmp/global2/ssushko/TE_evolution/1001Gp_TE_ANNOT/panTEome_v3_1001Gp/annotation_chr_s/single_genome_EDTA/100728/100728.Chr_scaffolds.fa.mod.EDTA.anno/100728.Chr_scaffolds.fa.mod.EDTA.RM.out
    output: /tmp/global2/ssushko/TE_evolution/1001Gp_TE_ANNOT/panTEome_v3_1001Gp/annotation_chr_s/single_genome_EDTA/100728/100728.Chr_scaffolds.fa.mod.EDTA.TElib.fa.keep.list, /tmp/global2/ssushko/TE_evolution/1001Gp_TE_ANNOT/panTEome_v3_1001Gp/annotation_chr_s/single_genome_EDTA/100728/100728.Chr_scaffolds.fa.mod.EDTA.TElib.mincopyfiltered.fa
    log: logs/100728_extr_minnflcop.log
    jobid: 1187
    reason: Missing output files: /tmp/global2/ssushko/TE_evolution/1001Gp_TE_ANNOT/panTEome_v3_1001Gp/annotation_chr_s/single_genome_EDTA/100728/100728.Chr_scaffolds.fa.mod.EDTA.TElib.mincopyfiltered.fa
    wildcards: sample=100728
    resources: mem_mb=1000, mem_mib=954, disk_mb=1000, disk_mib=954, tmpdir=<TBD>


[Fri Sep  5 14:44:40 2025]
rule extract_min_n_fl_copies:
    input: /tmp/global2/ssushko/TE_evolution/1001Gp_TE_ANNOT/panTEome_v3_1001Gp/annotation_chr_s/single_genome_EDTA/100756/100756.Chr_scaffolds.fa.mod.EDTA.TEanno.sgannot.gff3, /tmp/global2/ssushko/TE_evolution/1001Gp_TE_ANNOT/panTEome_v3_1001Gp/annotation_chr_s/single_genome_EDTA/100756/100756.Chr_scaffolds.fa.mod.EDTA.anno/100756.Chr_scaffolds.fa.mod.EDTA.RM.out
    output: /tmp/global2/ssushko/TE_evolution/1001Gp_TE_ANNOT/panTEome_v3_1001Gp/annotation_chr_s/single_genome_EDTA/100756/100756.Chr_scaffolds.fa.mod.EDTA.TElib.fa.keep.list, /tmp/global2/ssushko/TE_evolution/1001Gp_TE_ANNOT/panTEome_v3_1001Gp/annotation_chr_s/single_genome_EDTA/100756/100756.Chr_scaffolds.fa.mod.EDTA.TElib.mincopyfiltered.fa
    log: logs/100756_extr_minnflcop.log
    jobid: 1299
    reason: Missing output files: /tmp/global2/ssushko/TE_evolution/1001Gp_TE_ANNOT/panTEome_v3_1001Gp/annotation_chr_s/single_genome_EDTA/100756/100756.Chr_scaffolds.fa.mod.EDTA.TElib.mincopyfiltered.fa
    wildcards: sample=100756
    resources: mem_mb=1000, mem_mib=954, disk_mb=1000, disk_mib=954, tmpdir=<TBD>


[Fri Sep  5 14:44:40 2025]
rule extract_min_n_fl_copies:
    input: /tmp/global2/ssushko/TE_evolution/1001Gp_TE_ANNOT/panTEome_v3_1001Gp/annotation_chr_s/single_genome_EDTA/100792/100792.Chr_scaffolds.fa.mod.EDTA.TEanno.sgannot.gff3, /tmp/global2/ssushko/TE_evolution/1001Gp_TE_ANNOT/panTEome_v3_1001Gp/annotation_chr_s/single_genome_EDTA/100792/100792.Chr_scaffolds.fa.mod.EDTA.anno/100792.Chr_scaffolds.fa.mod.EDTA.RM.out
    output: /tmp/global2/ssushko/TE_evolution/1001Gp_TE_ANNOT/panTEome_v3_1001Gp/annotation_chr_s/single_genome_EDTA/100792/100792.Chr_scaffolds.fa.mod.EDTA.TElib.fa.keep.list, /tmp/global2/ssushko/TE_evolution/1001Gp_TE_ANNOT/panTEome_v3_1001Gp/annotation_chr_s/single_genome_EDTA/100792/100792.Chr_scaffolds.fa.mod.EDTA.TElib.mincopyfiltered.fa
    log: logs/100792_extr_minnflcop.log
    jobid: 1439
    reason: Missing output files: /tmp/global2/ssushko/TE_evolution/1001Gp_TE_ANNOT/panTEome_v3_1001Gp/annotation_chr_s/single_genome_EDTA/100792/100792.Chr_scaffolds.fa.mod.EDTA.TElib.mincopyfiltered.fa
    wildcards: sample=100792
    resources: mem_mb=1000, mem_mib=954, disk_mb=1000, disk_mib=954, tmpdir=<TBD>


[Fri Sep  5 14:44:40 2025]
rule extract_min_n_fl_copies:
    input: /tmp/global2/ssushko/TE_evolution/1001Gp_TE_ANNOT/panTEome_v3_1001Gp/annotation_chr_s/single_genome_EDTA/100686/100686.Chr_scaffolds.fa.mod.EDTA.TEanno.sgannot.gff3, /tmp/global2/ssushko/TE_evolution/1001Gp_TE_ANNOT/panTEome_v3_1001Gp/annotation_chr_s/single_genome_EDTA/100686/100686.Chr_scaffolds.fa.mod.EDTA.anno/100686.Chr_scaffolds.fa.mod.EDTA.RM.out
    output: /tmp/global2/ssushko/TE_evolution/1001Gp_TE_ANNOT/panTEome_v3_1001Gp/annotation_chr_s/single_genome_EDTA/100686/100686.Chr_scaffolds.fa.mod.EDTA.TElib.fa.keep.list, /tmp/global2/ssushko/TE_evolution/1001Gp_TE_ANNOT/panTEome_v3_1001Gp/annotation_chr_s/single_genome_EDTA/100686/100686.Chr_scaffolds.fa.mod.EDTA.TElib.mincopyfiltered.fa
    log: logs/100686_extr_minnflcop.log
    jobid: 1019
    reason: Missing output files: /tmp/global2/ssushko/TE_evolution/1001Gp_TE_ANNOT/panTEome_v3_1001Gp/annotation_chr_s/single_genome_EDTA/100686/100686.Chr_scaffolds.fa.mod.EDTA.TElib.mincopyfiltered.fa
    wildcards: sample=100686
    resources: mem_mb=1000, mem_mib=954, disk_mb=1000, disk_mib=954, tmpdir=<TBD>


[Fri Sep  5 14:44:40 2025]
rule extract_min_n_fl_copies:
    input: /tmp/global2/ssushko/TE_evolution/1001Gp_TE_ANNOT/panTEome_v3_1001Gp/annotation_chr_s/single_genome_EDTA/100294/100294.Chr_scaffolds.fa.mod.EDTA.TEanno.sgannot.gff3, /tmp/global2/ssushko/TE_evolution/1001Gp_TE_ANNOT/panTEome_v3_1001Gp/annotation_chr_s/single_genome_EDTA/100294/100294.Chr_scaffolds.fa.mod.EDTA.anno/100294.Chr_scaffolds.fa.mod.EDTA.RM.out
    output: /tmp/global2/ssushko/TE_evolution/1001Gp_TE_ANNOT/panTEome_v3_1001Gp/annotation_chr_s/single_genome_EDTA/100294/100294.Chr_scaffolds.fa.mod.EDTA.TElib.fa.keep.list, /tmp/global2/ssushko/TE_evolution/1001Gp_TE_ANNOT/panTEome_v3_1001Gp/annotation_chr_s/single_genome_EDTA/100294/100294.Chr_scaffolds.fa.mod.EDTA.TElib.mincopyfiltered.fa
    log: logs/100294_extr_minnflcop.log
    jobid: 615
    reason: Missing output files: /tmp/global2/ssushko/TE_evolution/1001Gp_TE_ANNOT/panTEome_v3_1001Gp/annotation_chr_s/single_genome_EDTA/100294/100294.Chr_scaffolds.fa.mod.EDTA.TElib.mincopyfiltered.fa
    wildcards: sample=100294
    resources: mem_mb=1000, mem_mib=954, disk_mb=1000, disk_mib=954, tmpdir=<TBD>


[Fri Sep  5 14:44:40 2025]
rule extract_min_n_fl_copies:
    input: /tmp/global2/ssushko/TE_evolution/1001Gp_TE_ANNOT/panTEome_v3_1001Gp/annotation_chr_s/single_genome_EDTA/100303/100303.Chr_scaffolds.fa.mod.EDTA.TEanno.sgannot.gff3, /tmp/global2/ssushko/TE_evolution/1001Gp_TE_ANNOT/panTEome_v3_1001Gp/annotation_chr_s/single_genome_EDTA/100303/100303.Chr_scaffolds.fa.mod.EDTA.anno/100303.Chr_scaffolds.fa.mod.EDTA.RM.out
    output: /tmp/global2/ssushko/TE_evolution/1001Gp_TE_ANNOT/panTEome_v3_1001Gp/annotation_chr_s/single_genome_EDTA/100303/100303.Chr_scaffolds.fa.mod.EDTA.TElib.fa.keep.list, /tmp/global2/ssushko/TE_evolution/1001Gp_TE_ANNOT/panTEome_v3_1001Gp/annotation_chr_s/single_genome_EDTA/100303/100303.Chr_scaffolds.fa.mod.EDTA.TElib.mincopyfiltered.fa
    log: logs/100303_extr_minnflcop.log
    jobid: 643
    reason: Missing output files: /tmp/global2/ssushko/TE_evolution/1001Gp_TE_ANNOT/panTEome_v3_1001Gp/annotation_chr_s/single_genome_EDTA/100303/100303.Chr_scaffolds.fa.mod.EDTA.TElib.mincopyfiltered.fa
    wildcards: sample=100303
    resources: mem_mb=1000, mem_mib=954, disk_mb=1000, disk_mib=954, tmpdir=<TBD>


[Fri Sep  5 14:44:40 2025]
rule extract_min_n_fl_copies:
    input: /tmp/global2/ssushko/TE_evolution/1001Gp_TE_ANNOT/panTEome_v3_1001Gp/annotation_chr_s/single_genome_EDTA/100975/100975.Chr_scaffolds.fa.mod.EDTA.TEanno.sgannot.gff3, /tmp/global2/ssushko/TE_evolution/1001Gp_TE_ANNOT/panTEome_v3_1001Gp/annotation_chr_s/single_genome_EDTA/100975/100975.Chr_scaffolds.fa.mod.EDTA.anno/100975.Chr_scaffolds.fa.mod.EDTA.RM.out
    output: /tmp/global2/ssushko/TE_evolution/1001Gp_TE_ANNOT/panTEome_v3_1001Gp/annotation_chr_s/single_genome_EDTA/100975/100975.Chr_scaffolds.fa.mod.EDTA.TElib.fa.keep.list, /tmp/global2/ssushko/TE_evolution/1001Gp_TE_ANNOT/panTEome_v3_1001Gp/annotation_chr_s/single_genome_EDTA/100975/100975.Chr_scaffolds.fa.mod.EDTA.TElib.mincopyfiltered.fa
    log: logs/100975_extr_minnflcop.log
    jobid: 2171
    reason: Missing output files: /tmp/global2/ssushko/TE_evolution/1001Gp_TE_ANNOT/panTEome_v3_1001Gp/annotation_chr_s/single_genome_EDTA/100975/100975.Chr_scaffolds.fa.mod.EDTA.TElib.mincopyfiltered.fa
    wildcards: sample=100975
    resources: mem_mb=1000, mem_mib=954, disk_mb=1000, disk_mib=954, tmpdir=<TBD>


[Fri Sep  5 14:44:40 2025]
rule extract_min_n_fl_copies:
    input: /tmp/global2/ssushko/TE_evolution/1001Gp_TE_ANNOT/panTEome_v3_1001Gp/annotation_chr_s/single_genome_EDTA/100335/100335.Chr_scaffolds.fa.mod.EDTA.TEanno.sgannot.gff3, /tmp/global2/ssushko/TE_evolution/1001Gp_TE_ANNOT/panTEome_v3_1001Gp/annotation_chr_s/single_genome_EDTA/100335/100335.Chr_scaffolds.fa.mod.EDTA.anno/100335.Chr_scaffolds.fa.mod.EDTA.RM.out
    output: /tmp/global2/ssushko/TE_evolution/1001Gp_TE_ANNOT/panTEome_v3_1001Gp/annotation_chr_s/single_genome_EDTA/100335/100335.Chr_scaffolds.fa.mod.EDTA.TElib.fa.keep.list, /tmp/global2/ssushko/TE_evolution/1001Gp_TE_ANNOT/panTEome_v3_1001Gp/annotation_chr_s/single_genome_EDTA/100335/100335.Chr_scaffolds.fa.mod.EDTA.TElib.mincopyfiltered.fa
    log: logs/100335_extr_minnflcop.log
    jobid: 739
    reason: Missing output files: /tmp/global2/ssushko/TE_evolution/1001Gp_TE_ANNOT/panTEome_v3_1001Gp/annotation_chr_s/single_genome_EDTA/100335/100335.Chr_scaffolds.fa.mod.EDTA.TElib.mincopyfiltered.fa
    wildcards: sample=100335
    resources: mem_mb=1000, mem_mib=954, disk_mb=1000, disk_mib=954, tmpdir=<TBD>


[Fri Sep  5 14:44:40 2025]
rule extract_min_n_fl_copies:
    input: /tmp/global2/ssushko/TE_evolution/1001Gp_TE_ANNOT/panTEome_v3_1001Gp/annotation_chr_s/single_genome_EDTA/100676/100676.Chr_scaffolds.fa.mod.EDTA.TEanno.sgannot.gff3, /tmp/global2/ssushko/TE_evolution/1001Gp_TE_ANNOT/panTEome_v3_1001Gp/annotation_chr_s/single_genome_EDTA/100676/100676.Chr_scaffolds.fa.mod.EDTA.anno/100676.Chr_scaffolds.fa.mod.EDTA.RM.out
    output: /tmp/global2/ssushko/TE_evolution/1001Gp_TE_ANNOT/panTEome_v3_1001Gp/annotation_chr_s/single_genome_EDTA/100676/100676.Chr_scaffolds.fa.mod.EDTA.TElib.fa.keep.list, /tmp/global2/ssushko/TE_evolution/1001Gp_TE_ANNOT/panTEome_v3_1001Gp/annotation_chr_s/single_genome_EDTA/100676/100676.Chr_scaffolds.fa.mod.EDTA.TElib.mincopyfiltered.fa
    log: logs/100676_extr_minnflcop.log
    jobid: 979
    reason: Missing output files: /tmp/global2/ssushko/TE_evolution/1001Gp_TE_ANNOT/panTEome_v3_1001Gp/annotation_chr_s/single_genome_EDTA/100676/100676.Chr_scaffolds.fa.mod.EDTA.TElib.mincopyfiltered.fa
    wildcards: sample=100676
    resources: mem_mb=1000, mem_mib=954, disk_mb=1000, disk_mib=954, tmpdir=<TBD>


[Fri Sep  5 14:44:40 2025]
rule extract_min_n_fl_copies:
    input: /tmp/global2/ssushko/TE_evolution/1001Gp_TE_ANNOT/panTEome_v3_1001Gp/annotation_chr_s/single_genome_EDTA/100669/100669.Chr_scaffolds.fa.mod.EDTA.TEanno.sgannot.gff3, /tmp/global2/ssushko/TE_evolution/1001Gp_TE_ANNOT/panTEome_v3_1001Gp/annotation_chr_s/single_genome_EDTA/100669/100669.Chr_scaffolds.fa.mod.EDTA.anno/100669.Chr_scaffolds.fa.mod.EDTA.RM.out
    output: /tmp/global2/ssushko/TE_evolution/1001Gp_TE_ANNOT/panTEome_v3_1001Gp/annotation_chr_s/single_genome_EDTA/100669/100669.Chr_scaffolds.fa.mod.EDTA.TElib.fa.keep.list, /tmp/global2/ssushko/TE_evolution/1001Gp_TE_ANNOT/panTEome_v3_1001Gp/annotation_chr_s/single_genome_EDTA/100669/100669.Chr_scaffolds.fa.mod.EDTA.TElib.mincopyfiltered.fa
    log: logs/100669_extr_minnflcop.log
    jobid: 951
    reason: Missing output files: /tmp/global2/ssushko/TE_evolution/1001Gp_TE_ANNOT/panTEome_v3_1001Gp/annotation_chr_s/single_genome_EDTA/100669/100669.Chr_scaffolds.fa.mod.EDTA.TElib.mincopyfiltered.fa
    wildcards: sample=100669
    resources: mem_mb=1000, mem_mib=954, disk_mb=1000, disk_mib=954, tmpdir=<TBD>


[Fri Sep  5 14:44:40 2025]
rule extract_min_n_fl_copies:
    input: /tmp/global2/ssushko/TE_evolution/1001Gp_TE_ANNOT/panTEome_v3_1001Gp/annotation_chr_s/single_genome_EDTA/100040/100040.Chr_scaffolds.fa.mod.EDTA.TEanno.sgannot.gff3, /tmp/global2/ssushko/TE_evolution/1001Gp_TE_ANNOT/panTEome_v3_1001Gp/annotation_chr_s/single_genome_EDTA/100040/100040.Chr_scaffolds.fa.mod.EDTA.anno/100040.Chr_scaffolds.fa.mod.EDTA.RM.out
    output: /tmp/global2/ssushko/TE_evolution/1001Gp_TE_ANNOT/panTEome_v3_1001Gp/annotation_chr_s/single_genome_EDTA/100040/100040.Chr_scaffolds.fa.mod.EDTA.TElib.fa.keep.list, /tmp/global2/ssushko/TE_evolution/1001Gp_TE_ANNOT/panTEome_v3_1001Gp/annotation_chr_s/single_genome_EDTA/100040/100040.Chr_scaffolds.fa.mod.EDTA.TElib.mincopyfiltered.fa
    log: logs/100040_extr_minnflcop.log
    jobid: 43
    reason: Missing output files: /tmp/global2/ssushko/TE_evolution/1001Gp_TE_ANNOT/panTEome_v3_1001Gp/annotation_chr_s/single_genome_EDTA/100040/100040.Chr_scaffolds.fa.mod.EDTA.TElib.mincopyfiltered.fa
    wildcards: sample=100040
    resources: mem_mb=1000, mem_mib=954, disk_mb=1000, disk_mib=954, tmpdir=<TBD>


[Fri Sep  5 14:44:40 2025]
rule extract_min_n_fl_copies:
    input: /tmp/global2/ssushko/TE_evolution/1001Gp_TE_ANNOT/panTEome_v3_1001Gp/annotation_chr_s/single_genome_EDTA/100047/100047.Chr_scaffolds.fa.mod.EDTA.TEanno.sgannot.gff3, /tmp/global2/ssushko/TE_evolution/1001Gp_TE_ANNOT/panTEome_v3_1001Gp/annotation_chr_s/single_genome_EDTA/100047/100047.Chr_scaffolds.fa.mod.EDTA.anno/100047.Chr_scaffolds.fa.mod.EDTA.RM.out
    output: /tmp/global2/ssushko/TE_evolution/1001Gp_TE_ANNOT/panTEome_v3_1001Gp/annotation_chr_s/single_genome_EDTA/100047/100047.Chr_scaffolds.fa.mod.EDTA.TElib.fa.keep.list, /tmp/global2/ssushko/TE_evolution/1001Gp_TE_ANNOT/panTEome_v3_1001Gp/annotation_chr_s/single_genome_EDTA/100047/100047.Chr_scaffolds.fa.mod.EDTA.TElib.mincopyfiltered.fa
    log: logs/100047_extr_minnflcop.log
    jobid: 71
    reason: Missing output files: /tmp/global2/ssushko/TE_evolution/1001Gp_TE_ANNOT/panTEome_v3_1001Gp/annotation_chr_s/single_genome_EDTA/100047/100047.Chr_scaffolds.fa.mod.EDTA.TElib.mincopyfiltered.fa
    wildcards: sample=100047
    resources: mem_mb=1000, mem_mib=954, disk_mb=1000, disk_mib=954, tmpdir=<TBD>


[Fri Sep  5 14:44:40 2025]
rule extract_min_n_fl_copies:
    input: /tmp/global2/ssushko/TE_evolution/1001Gp_TE_ANNOT/panTEome_v3_1001Gp/annotation_chr_s/single_genome_EDTA/100329/100329.Chr_scaffolds.fa.mod.EDTA.TEanno.sgannot.gff3, /tmp/global2/ssushko/TE_evolution/1001Gp_TE_ANNOT/panTEome_v3_1001Gp/annotation_chr_s/single_genome_EDTA/100329/100329.Chr_scaffolds.fa.mod.EDTA.anno/100329.Chr_scaffolds.fa.mod.EDTA.RM.out
    output: /tmp/global2/ssushko/TE_evolution/1001Gp_TE_ANNOT/panTEome_v3_1001Gp/annotation_chr_s/single_genome_EDTA/100329/100329.Chr_scaffolds.fa.mod.EDTA.TElib.fa.keep.list, /tmp/global2/ssushko/TE_evolution/1001Gp_TE_ANNOT/panTEome_v3_1001Gp/annotation_chr_s/single_genome_EDTA/100329/100329.Chr_scaffolds.fa.mod.EDTA.TElib.mincopyfiltered.fa
    log: logs/100329_extr_minnflcop.log
    jobid: 727
    reason: Missing output files: /tmp/global2/ssushko/TE_evolution/1001Gp_TE_ANNOT/panTEome_v3_1001Gp/annotation_chr_s/single_genome_EDTA/100329/100329.Chr_scaffolds.fa.mod.EDTA.TElib.mincopyfiltered.fa
    wildcards: sample=100329
    resources: mem_mb=1000, mem_mib=954, disk_mb=1000, disk_mib=954, tmpdir=<TBD>


[Fri Sep  5 14:44:40 2025]
rule extract_min_n_fl_copies:
    input: /tmp/global2/ssushko/TE_evolution/1001Gp_TE_ANNOT/panTEome_v3_1001Gp/annotation_chr_s/single_genome_EDTA/100810/100810.Chr_scaffolds.fa.mod.EDTA.TEanno.sgannot.gff3, /tmp/global2/ssushko/TE_evolution/1001Gp_TE_ANNOT/panTEome_v3_1001Gp/annotation_chr_s/single_genome_EDTA/100810/100810.Chr_scaffolds.fa.mod.EDTA.anno/100810.Chr_scaffolds.fa.mod.EDTA.RM.out
    output: /tmp/global2/ssushko/TE_evolution/1001Gp_TE_ANNOT/panTEome_v3_1001Gp/annotation_chr_s/single_genome_EDTA/100810/100810.Chr_scaffolds.fa.mod.EDTA.TElib.fa.keep.list, /tmp/global2/ssushko/TE_evolution/1001Gp_TE_ANNOT/panTEome_v3_1001Gp/annotation_chr_s/single_genome_EDTA/100810/100810.Chr_scaffolds.fa.mod.EDTA.TElib.mincopyfiltered.fa
    log: logs/100810_extr_minnflcop.log
    jobid: 1511
    reason: Missing output files: /tmp/global2/ssushko/TE_evolution/1001Gp_TE_ANNOT/panTEome_v3_1001Gp/annotation_chr_s/single_genome_EDTA/100810/100810.Chr_scaffolds.fa.mod.EDTA.TElib.mincopyfiltered.fa
    wildcards: sample=100810
    resources: mem_mb=1000, mem_mib=954, disk_mb=1000, disk_mib=954, tmpdir=<TBD>


[Fri Sep  5 14:44:40 2025]
rule extract_min_n_fl_copies:
    input: /tmp/global2/ssushko/TE_evolution/1001Gp_TE_ANNOT/panTEome_v3_1001Gp/annotation_chr_s/single_genome_EDTA/100845/100845.Chr_scaffolds.fa.mod.EDTA.TEanno.sgannot.gff3, /tmp/global2/ssushko/TE_evolution/1001Gp_TE_ANNOT/panTEome_v3_1001Gp/annotation_chr_s/single_genome_EDTA/100845/100845.Chr_scaffolds.fa.mod.EDTA.anno/100845.Chr_scaffolds.fa.mod.EDTA.RM.out
    output: /tmp/global2/ssushko/TE_evolution/1001Gp_TE_ANNOT/panTEome_v3_1001Gp/annotation_chr_s/single_genome_EDTA/100845/100845.Chr_scaffolds.fa.mod.EDTA.TElib.fa.keep.list, /tmp/global2/ssushko/TE_evolution/1001Gp_TE_ANNOT/panTEome_v3_1001Gp/annotation_chr_s/single_genome_EDTA/100845/100845.Chr_scaffolds.fa.mod.EDTA.TElib.mincopyfiltered.fa
    log: logs/100845_extr_minnflcop.log
    jobid: 1651
    reason: Missing output files: /tmp/global2/ssushko/TE_evolution/1001Gp_TE_ANNOT/panTEome_v3_1001Gp/annotation_chr_s/single_genome_EDTA/100845/100845.Chr_scaffolds.fa.mod.EDTA.TElib.mincopyfiltered.fa
    wildcards: sample=100845
    resources: mem_mb=1000, mem_mib=954, disk_mb=1000, disk_mib=954, tmpdir=<TBD>


[Fri Sep  5 14:44:40 2025]
rule extract_min_n_fl_copies:
    input: /tmp/global2/ssushko/TE_evolution/1001Gp_TE_ANNOT/panTEome_v3_1001Gp/annotation_chr_s/single_genome_EDTA/100908/100908.Chr_scaffolds.fa.mod.EDTA.TEanno.sgannot.gff3, /tmp/global2/ssushko/TE_evolution/1001Gp_TE_ANNOT/panTEome_v3_1001Gp/annotation_chr_s/single_genome_EDTA/100908/100908.Chr_scaffolds.fa.mod.EDTA.anno/100908.Chr_scaffolds.fa.mod.EDTA.RM.out
    output: /tmp/global2/ssushko/TE_evolution/1001Gp_TE_ANNOT/panTEome_v3_1001Gp/annotation_chr_s/single_genome_EDTA/100908/100908.Chr_scaffolds.fa.mod.EDTA.TElib.fa.keep.list, /tmp/global2/ssushko/TE_evolution/1001Gp_TE_ANNOT/panTEome_v3_1001Gp/annotation_chr_s/single_genome_EDTA/100908/100908.Chr_scaffolds.fa.mod.EDTA.TElib.mincopyfiltered.fa
    log: logs/100908_extr_minnflcop.log
    jobid: 1903
    reason: Missing output files: /tmp/global2/ssushko/TE_evolution/1001Gp_TE_ANNOT/panTEome_v3_1001Gp/annotation_chr_s/single_genome_EDTA/100908/100908.Chr_scaffolds.fa.mod.EDTA.TElib.mincopyfiltered.fa
    wildcards: sample=100908
    resources: mem_mb=1000, mem_mib=954, disk_mb=1000, disk_mib=954, tmpdir=<TBD>


[Fri Sep  5 14:44:40 2025]
rule extract_min_n_fl_copies:
    input: /tmp/global2/ssushko/TE_evolution/1001Gp_TE_ANNOT/panTEome_v3_1001Gp/annotation_chr_s/single_genome_EDTA/101013/101013.Chr_scaffolds.fa.mod.EDTA.TEanno.sgannot.gff3, /tmp/global2/ssushko/TE_evolution/1001Gp_TE_ANNOT/panTEome_v3_1001Gp/annotation_chr_s/single_genome_EDTA/101013/101013.Chr_scaffolds.fa.mod.EDTA.anno/101013.Chr_scaffolds.fa.mod.EDTA.RM.out
    output: /tmp/global2/ssushko/TE_evolution/1001Gp_TE_ANNOT/panTEome_v3_1001Gp/annotation_chr_s/single_genome_EDTA/101013/101013.Chr_scaffolds.fa.mod.EDTA.TElib.fa.keep.list, /tmp/global2/ssushko/TE_evolution/1001Gp_TE_ANNOT/panTEome_v3_1001Gp/annotation_chr_s/single_genome_EDTA/101013/101013.Chr_scaffolds.fa.mod.EDTA.TElib.mincopyfiltered.fa
    log: logs/101013_extr_minnflcop.log
    jobid: 2323
    reason: Missing output files: /tmp/global2/ssushko/TE_evolution/1001Gp_TE_ANNOT/panTEome_v3_1001Gp/annotation_chr_s/single_genome_EDTA/101013/101013.Chr_scaffolds.fa.mod.EDTA.TElib.mincopyfiltered.fa
    wildcards: sample=101013
    resources: mem_mb=1000, mem_mib=954, disk_mb=1000, disk_mib=954, tmpdir=<TBD>


[Fri Sep  5 14:44:40 2025]
rule extract_min_n_fl_copies:
    input: /tmp/global2/ssushko/TE_evolution/1001Gp_TE_ANNOT/panTEome_v3_1001Gp/annotation_chr_s/single_genome_EDTA/101055/101055.Chr_scaffolds.fa.mod.EDTA.TEanno.sgannot.gff3, /tmp/global2/ssushko/TE_evolution/1001Gp_TE_ANNOT/panTEome_v3_1001Gp/annotation_chr_s/single_genome_EDTA/101055/101055.Chr_scaffolds.fa.mod.EDTA.anno/101055.Chr_scaffolds.fa.mod.EDTA.RM.out
    output: /tmp/global2/ssushko/TE_evolution/1001Gp_TE_ANNOT/panTEome_v3_1001Gp/annotation_chr_s/single_genome_EDTA/101055/101055.Chr_scaffolds.fa.mod.EDTA.TElib.fa.keep.list, /tmp/global2/ssushko/TE_evolution/1001Gp_TE_ANNOT/panTEome_v3_1001Gp/annotation_chr_s/single_genome_EDTA/101055/101055.Chr_scaffolds.fa.mod.EDTA.TElib.mincopyfiltered.fa
    log: logs/101055_extr_minnflcop.log
    jobid: 2463
    reason: Missing output files: /tmp/global2/ssushko/TE_evolution/1001Gp_TE_ANNOT/panTEome_v3_1001Gp/annotation_chr_s/single_genome_EDTA/101055/101055.Chr_scaffolds.fa.mod.EDTA.TElib.mincopyfiltered.fa
    wildcards: sample=101055
    resources: mem_mb=1000, mem_mib=954, disk_mb=1000, disk_mib=954, tmpdir=<TBD>


[Fri Sep  5 14:44:40 2025]
rule extract_min_n_fl_copies:
    input: /tmp/global2/ssushko/TE_evolution/1001Gp_TE_ANNOT/panTEome_v3_1001Gp/annotation_chr_s/single_genome_EDTA/100265/100265.Chr_scaffolds.fa.mod.EDTA.TEanno.sgannot.gff3, /tmp/global2/ssushko/TE_evolution/1001Gp_TE_ANNOT/panTEome_v3_1001Gp/annotation_chr_s/single_genome_EDTA/100265/100265.Chr_scaffolds.fa.mod.EDTA.anno/100265.Chr_scaffolds.fa.mod.EDTA.RM.out
    output: /tmp/global2/ssushko/TE_evolution/1001Gp_TE_ANNOT/panTEome_v3_1001Gp/annotation_chr_s/single_genome_EDTA/100265/100265.Chr_scaffolds.fa.mod.EDTA.TElib.fa.keep.list, /tmp/global2/ssushko/TE_evolution/1001Gp_TE_ANNOT/panTEome_v3_1001Gp/annotation_chr_s/single_genome_EDTA/100265/100265.Chr_scaffolds.fa.mod.EDTA.TElib.mincopyfiltered.fa
    log: logs/100265_extr_minnflcop.log
    jobid: 547
    reason: Missing output files: /tmp/global2/ssushko/TE_evolution/1001Gp_TE_ANNOT/panTEome_v3_1001Gp/annotation_chr_s/single_genome_EDTA/100265/100265.Chr_scaffolds.fa.mod.EDTA.TElib.mincopyfiltered.fa
    wildcards: sample=100265
    resources: mem_mb=1000, mem_mib=954, disk_mb=1000, disk_mib=954, tmpdir=<TBD>


[Fri Sep  5 14:44:40 2025]
rule extract_min_n_fl_copies:
    input: /tmp/global2/ssushko/TE_evolution/1001Gp_TE_ANNOT/panTEome_v3_1001Gp/annotation_chr_s/single_genome_EDTA/100561/100561.Chr_scaffolds.fa.mod.EDTA.TEanno.sgannot.gff3, /tmp/global2/ssushko/TE_evolution/1001Gp_TE_ANNOT/panTEome_v3_1001Gp/annotation_chr_s/single_genome_EDTA/100561/100561.Chr_scaffolds.fa.mod.EDTA.anno/100561.Chr_scaffolds.fa.mod.EDTA.RM.out
    output: /tmp/global2/ssushko/TE_evolution/1001Gp_TE_ANNOT/panTEome_v3_1001Gp/annotation_chr_s/single_genome_EDTA/100561/100561.Chr_scaffolds.fa.mod.EDTA.TElib.fa.keep.list, /tmp/global2/ssushko/TE_evolution/1001Gp_TE_ANNOT/panTEome_v3_1001Gp/annotation_chr_s/single_genome_EDTA/100561/100561.Chr_scaffolds.fa.mod.EDTA.TElib.mincopyfiltered.fa
    log: logs/100561_extr_minnflcop.log
    jobid: 855
    reason: Missing output files: /tmp/global2/ssushko/TE_evolution/1001Gp_TE_ANNOT/panTEome_v3_1001Gp/annotation_chr_s/single_genome_EDTA/100561/100561.Chr_scaffolds.fa.mod.EDTA.TElib.mincopyfiltered.fa
    wildcards: sample=100561
    resources: mem_mb=1000, mem_mib=954, disk_mb=1000, disk_mib=954, tmpdir=<TBD>


[Fri Sep  5 14:44:40 2025]
rule extract_min_n_fl_copies:
    input: /tmp/global2/ssushko/TE_evolution/1001Gp_TE_ANNOT/panTEome_v3_1001Gp/annotation_chr_s/single_genome_EDTA/100729/100729.Chr_scaffolds.fa.mod.EDTA.TEanno.sgannot.gff3, /tmp/global2/ssushko/TE_evolution/1001Gp_TE_ANNOT/panTEome_v3_1001Gp/annotation_chr_s/single_genome_EDTA/100729/100729.Chr_scaffolds.fa.mod.EDTA.anno/100729.Chr_scaffolds.fa.mod.EDTA.RM.out
    output: /tmp/global2/ssushko/TE_evolution/1001Gp_TE_ANNOT/panTEome_v3_1001Gp/annotation_chr_s/single_genome_EDTA/100729/100729.Chr_scaffolds.fa.mod.EDTA.TElib.fa.keep.list, /tmp/global2/ssushko/TE_evolution/1001Gp_TE_ANNOT/panTEome_v3_1001Gp/annotation_chr_s/single_genome_EDTA/100729/100729.Chr_scaffolds.fa.mod.EDTA.TElib.mincopyfiltered.fa
    log: logs/100729_extr_minnflcop.log
    jobid: 1191
    reason: Missing output files: /tmp/global2/ssushko/TE_evolution/1001Gp_TE_ANNOT/panTEome_v3_1001Gp/annotation_chr_s/single_genome_EDTA/100729/100729.Chr_scaffolds.fa.mod.EDTA.TElib.mincopyfiltered.fa
    wildcards: sample=100729
    resources: mem_mb=1000, mem_mib=954, disk_mb=1000, disk_mib=954, tmpdir=<TBD>


[Fri Sep  5 14:44:40 2025]
rule extract_min_n_fl_copies:
    input: /tmp/global2/ssushko/TE_evolution/1001Gp_TE_ANNOT/panTEome_v3_1001Gp/annotation_chr_s/single_genome_EDTA/100694/100694.Chr_scaffolds.fa.mod.EDTA.TEanno.sgannot.gff3, /tmp/global2/ssushko/TE_evolution/1001Gp_TE_ANNOT/panTEome_v3_1001Gp/annotation_chr_s/single_genome_EDTA/100694/100694.Chr_scaffolds.fa.mod.EDTA.anno/100694.Chr_scaffolds.fa.mod.EDTA.RM.out
    output: /tmp/global2/ssushko/TE_evolution/1001Gp_TE_ANNOT/panTEome_v3_1001Gp/annotation_chr_s/single_genome_EDTA/100694/100694.Chr_scaffolds.fa.mod.EDTA.TElib.fa.keep.list, /tmp/global2/ssushko/TE_evolution/1001Gp_TE_ANNOT/panTEome_v3_1001Gp/annotation_chr_s/single_genome_EDTA/100694/100694.Chr_scaffolds.fa.mod.EDTA.TElib.mincopyfiltered.fa
    log: logs/100694_extr_minnflcop.log
    jobid: 1051
    reason: Missing output files: /tmp/global2/ssushko/TE_evolution/1001Gp_TE_ANNOT/panTEome_v3_1001Gp/annotation_chr_s/single_genome_EDTA/100694/100694.Chr_scaffolds.fa.mod.EDTA.TElib.mincopyfiltered.fa
    wildcards: sample=100694
    resources: mem_mb=1000, mem_mib=954, disk_mb=1000, disk_mib=954, tmpdir=<TBD>


[Fri Sep  5 14:44:40 2025]
rule extract_min_n_fl_copies:
    input: /tmp/global2/ssushko/TE_evolution/1001Gp_TE_ANNOT/panTEome_v3_1001Gp/annotation_chr_s/single_genome_EDTA/100139/100139.Chr_scaffolds.fa.mod.EDTA.TEanno.sgannot.gff3, /tmp/global2/ssushko/TE_evolution/1001Gp_TE_ANNOT/panTEome_v3_1001Gp/annotation_chr_s/single_genome_EDTA/100139/100139.Chr_scaffolds.fa.mod.EDTA.anno/100139.Chr_scaffolds.fa.mod.EDTA.RM.out
    output: /tmp/global2/ssushko/TE_evolution/1001Gp_TE_ANNOT/panTEome_v3_1001Gp/annotation_chr_s/single_genome_EDTA/100139/100139.Chr_scaffolds.fa.mod.EDTA.TElib.fa.keep.list, /tmp/global2/ssushko/TE_evolution/1001Gp_TE_ANNOT/panTEome_v3_1001Gp/annotation_chr_s/single_genome_EDTA/100139/100139.Chr_scaffolds.fa.mod.EDTA.TElib.mincopyfiltered.fa
    log: logs/100139_extr_minnflcop.log
    jobid: 423
    reason: Missing output files: /tmp/global2/ssushko/TE_evolution/1001Gp_TE_ANNOT/panTEome_v3_1001Gp/annotation_chr_s/single_genome_EDTA/100139/100139.Chr_scaffolds.fa.mod.EDTA.TElib.mincopyfiltered.fa
    wildcards: sample=100139
    resources: mem_mb=1000, mem_mib=954, disk_mb=1000, disk_mib=954, tmpdir=<TBD>


[Fri Sep  5 14:44:40 2025]
rule extract_min_n_fl_copies:
    input: /tmp/global2/ssushko/TE_evolution/1001Gp_TE_ANNOT/panTEome_v3_1001Gp/annotation_chr_s/single_genome_EDTA/100195/100195.Chr_scaffolds.fa.mod.EDTA.TEanno.sgannot.gff3, /tmp/global2/ssushko/TE_evolution/1001Gp_TE_ANNOT/panTEome_v3_1001Gp/annotation_chr_s/single_genome_EDTA/100195/100195.Chr_scaffolds.fa.mod.EDTA.anno/100195.Chr_scaffolds.fa.mod.EDTA.RM.out
    output: /tmp/global2/ssushko/TE_evolution/1001Gp_TE_ANNOT/panTEome_v3_1001Gp/annotation_chr_s/single_genome_EDTA/100195/100195.Chr_scaffolds.fa.mod.EDTA.TElib.fa.keep.list, /tmp/global2/ssushko/TE_evolution/1001Gp_TE_ANNOT/panTEome_v3_1001Gp/annotation_chr_s/single_genome_EDTA/100195/100195.Chr_scaffolds.fa.mod.EDTA.TElib.mincopyfiltered.fa
    log: logs/100195_extr_minnflcop.log
    jobid: 507
    reason: Missing output files: /tmp/global2/ssushko/TE_evolution/1001Gp_TE_ANNOT/panTEome_v3_1001Gp/annotation_chr_s/single_genome_EDTA/100195/100195.Chr_scaffolds.fa.mod.EDTA.TElib.mincopyfiltered.fa
    wildcards: sample=100195
    resources: mem_mb=1000, mem_mib=954, disk_mb=1000, disk_mib=954, tmpdir=<TBD>


[Fri Sep  5 14:44:40 2025]
rule extract_min_n_fl_copies:
    input: /tmp/global2/ssushko/TE_evolution/1001Gp_TE_ANNOT/panTEome_v3_1001Gp/annotation_chr_s/single_genome_EDTA/100316/100316.Chr_scaffolds.fa.mod.EDTA.TEanno.sgannot.gff3, /tmp/global2/ssushko/TE_evolution/1001Gp_TE_ANNOT/panTEome_v3_1001Gp/annotation_chr_s/single_genome_EDTA/100316/100316.Chr_scaffolds.fa.mod.EDTA.anno/100316.Chr_scaffolds.fa.mod.EDTA.RM.out
    output: /tmp/global2/ssushko/TE_evolution/1001Gp_TE_ANNOT/panTEome_v3_1001Gp/annotation_chr_s/single_genome_EDTA/100316/100316.Chr_scaffolds.fa.mod.EDTA.TElib.fa.keep.list, /tmp/global2/ssushko/TE_evolution/1001Gp_TE_ANNOT/panTEome_v3_1001Gp/annotation_chr_s/single_genome_EDTA/100316/100316.Chr_scaffolds.fa.mod.EDTA.TElib.mincopyfiltered.fa
    log: logs/100316_extr_minnflcop.log
    jobid: 687
    reason: Missing output files: /tmp/global2/ssushko/TE_evolution/1001Gp_TE_ANNOT/panTEome_v3_1001Gp/annotation_chr_s/single_genome_EDTA/100316/100316.Chr_scaffolds.fa.mod.EDTA.TElib.mincopyfiltered.fa
    wildcards: sample=100316
    resources: mem_mb=1000, mem_mib=954, disk_mb=1000, disk_mib=954, tmpdir=<TBD>


[Fri Sep  5 14:44:40 2025]
rule extract_min_n_fl_copies:
    input: /tmp/global2/ssushko/TE_evolution/1001Gp_TE_ANNOT/panTEome_v3_1001Gp/annotation_chr_s/single_genome_EDTA/100757/100757.Chr_scaffolds.fa.mod.EDTA.TEanno.sgannot.gff3, /tmp/global2/ssushko/TE_evolution/1001Gp_TE_ANNOT/panTEome_v3_1001Gp/annotation_chr_s/single_genome_EDTA/100757/100757.Chr_scaffolds.fa.mod.EDTA.anno/100757.Chr_scaffolds.fa.mod.EDTA.RM.out
    output: /tmp/global2/ssushko/TE_evolution/1001Gp_TE_ANNOT/panTEome_v3_1001Gp/annotation_chr_s/single_genome_EDTA/100757/100757.Chr_scaffolds.fa.mod.EDTA.TElib.fa.keep.list, /tmp/global2/ssushko/TE_evolution/1001Gp_TE_ANNOT/panTEome_v3_1001Gp/annotation_chr_s/single_genome_EDTA/100757/100757.Chr_scaffolds.fa.mod.EDTA.TElib.mincopyfiltered.fa
    log: logs/100757_extr_minnflcop.log
    jobid: 1303
    reason: Missing output files: /tmp/global2/ssushko/TE_evolution/1001Gp_TE_ANNOT/panTEome_v3_1001Gp/annotation_chr_s/single_genome_EDTA/100757/100757.Chr_scaffolds.fa.mod.EDTA.TElib.mincopyfiltered.fa
    wildcards: sample=100757
    resources: mem_mb=1000, mem_mib=954, disk_mb=1000, disk_mib=954, tmpdir=<TBD>


[Fri Sep  5 14:44:40 2025]
rule extract_min_n_fl_copies:
    input: /tmp/global2/ssushko/TE_evolution/1001Gp_TE_ANNOT/panTEome_v3_1001Gp/annotation_chr_s/single_genome_EDTA/100793/100793.Chr_scaffolds.fa.mod.EDTA.TEanno.sgannot.gff3, /tmp/global2/ssushko/TE_evolution/1001Gp_TE_ANNOT/panTEome_v3_1001Gp/annotation_chr_s/single_genome_EDTA/100793/100793.Chr_scaffolds.fa.mod.EDTA.anno/100793.Chr_scaffolds.fa.mod.EDTA.RM.out
    output: /tmp/global2/ssushko/TE_evolution/1001Gp_TE_ANNOT/panTEome_v3_1001Gp/annotation_chr_s/single_genome_EDTA/100793/100793.Chr_scaffolds.fa.mod.EDTA.TElib.fa.keep.list, /tmp/global2/ssushko/TE_evolution/1001Gp_TE_ANNOT/panTEome_v3_1001Gp/annotation_chr_s/single_genome_EDTA/100793/100793.Chr_scaffolds.fa.mod.EDTA.TElib.mincopyfiltered.fa
    log: logs/100793_extr_minnflcop.log
    jobid: 1443
    reason: Missing output files: /tmp/global2/ssushko/TE_evolution/1001Gp_TE_ANNOT/panTEome_v3_1001Gp/annotation_chr_s/single_genome_EDTA/100793/100793.Chr_scaffolds.fa.mod.EDTA.TElib.mincopyfiltered.fa
    wildcards: sample=100793
    resources: mem_mb=1000, mem_mib=954, disk_mb=1000, disk_mib=954, tmpdir=<TBD>


[Fri Sep  5 14:44:40 2025]
rule extract_min_n_fl_copies:
    input: /tmp/global2/ssushko/TE_evolution/1001Gp_TE_ANNOT/panTEome_v3_1001Gp/annotation_chr_s/single_genome_EDTA/101030/101030.Chr_scaffolds.fa.mod.EDTA.TEanno.sgannot.gff3, /tmp/global2/ssushko/TE_evolution/1001Gp_TE_ANNOT/panTEome_v3_1001Gp/annotation_chr_s/single_genome_EDTA/101030/101030.Chr_scaffolds.fa.mod.EDTA.anno/101030.Chr_scaffolds.fa.mod.EDTA.RM.out
    output: /tmp/global2/ssushko/TE_evolution/1001Gp_TE_ANNOT/panTEome_v3_1001Gp/annotation_chr_s/single_genome_EDTA/101030/101030.Chr_scaffolds.fa.mod.EDTA.TElib.fa.keep.list, /tmp/global2/ssushko/TE_evolution/1001Gp_TE_ANNOT/panTEome_v3_1001Gp/annotation_chr_s/single_genome_EDTA/101030/101030.Chr_scaffolds.fa.mod.EDTA.TElib.mincopyfiltered.fa
    log: logs/101030_extr_minnflcop.log
    jobid: 2391
    reason: Missing output files: /tmp/global2/ssushko/TE_evolution/1001Gp_TE_ANNOT/panTEome_v3_1001Gp/annotation_chr_s/single_genome_EDTA/101030/101030.Chr_scaffolds.fa.mod.EDTA.TElib.mincopyfiltered.fa
    wildcards: sample=101030
    resources: mem_mb=1000, mem_mib=954, disk_mb=1000, disk_mib=954, tmpdir=<TBD>


[Fri Sep  5 14:44:40 2025]
rule extract_min_n_fl_copies:
    input: /tmp/global2/ssushko/TE_evolution/1001Gp_TE_ANNOT/panTEome_v3_1001Gp/annotation_chr_s/single_genome_EDTA/100295/100295.Chr_scaffolds.fa.mod.EDTA.TEanno.sgannot.gff3, /tmp/global2/ssushko/TE_evolution/1001Gp_TE_ANNOT/panTEome_v3_1001Gp/annotation_chr_s/single_genome_EDTA/100295/100295.Chr_scaffolds.fa.mod.EDTA.anno/100295.Chr_scaffolds.fa.mod.EDTA.RM.out
    output: /tmp/global2/ssushko/TE_evolution/1001Gp_TE_ANNOT/panTEome_v3_1001Gp/annotation_chr_s/single_genome_EDTA/100295/100295.Chr_scaffolds.fa.mod.EDTA.TElib.fa.keep.list, /tmp/global2/ssushko/TE_evolution/1001Gp_TE_ANNOT/panTEome_v3_1001Gp/annotation_chr_s/single_genome_EDTA/100295/100295.Chr_scaffolds.fa.mod.EDTA.TElib.mincopyfiltered.fa
    log: logs/100295_extr_minnflcop.log
    jobid: 619
    reason: Missing output files: /tmp/global2/ssushko/TE_evolution/1001Gp_TE_ANNOT/panTEome_v3_1001Gp/annotation_chr_s/single_genome_EDTA/100295/100295.Chr_scaffolds.fa.mod.EDTA.TElib.mincopyfiltered.fa
    wildcards: sample=100295
    resources: mem_mb=1000, mem_mib=954, disk_mb=1000, disk_mib=954, tmpdir=<TBD>


[Fri Sep  5 14:44:40 2025]
rule extract_min_n_fl_copies:
    input: /tmp/global2/ssushko/TE_evolution/1001Gp_TE_ANNOT/panTEome_v3_1001Gp/annotation_chr_s/single_genome_EDTA/100304/100304.Chr_scaffolds.fa.mod.EDTA.TEanno.sgannot.gff3, /tmp/global2/ssushko/TE_evolution/1001Gp_TE_ANNOT/panTEome_v3_1001Gp/annotation_chr_s/single_genome_EDTA/100304/100304.Chr_scaffolds.fa.mod.EDTA.anno/100304.Chr_scaffolds.fa.mod.EDTA.RM.out
    output: /tmp/global2/ssushko/TE_evolution/1001Gp_TE_ANNOT/panTEome_v3_1001Gp/annotation_chr_s/single_genome_EDTA/100304/100304.Chr_scaffolds.fa.mod.EDTA.TElib.fa.keep.list, /tmp/global2/ssushko/TE_evolution/1001Gp_TE_ANNOT/panTEome_v3_1001Gp/annotation_chr_s/single_genome_EDTA/100304/100304.Chr_scaffolds.fa.mod.EDTA.TElib.mincopyfiltered.fa
    log: logs/100304_extr_minnflcop.log
    jobid: 647
    reason: Missing output files: /tmp/global2/ssushko/TE_evolution/1001Gp_TE_ANNOT/panTEome_v3_1001Gp/annotation_chr_s/single_genome_EDTA/100304/100304.Chr_scaffolds.fa.mod.EDTA.TElib.mincopyfiltered.fa
    wildcards: sample=100304
    resources: mem_mb=1000, mem_mib=954, disk_mb=1000, disk_mib=954, tmpdir=<TBD>


[Fri Sep  5 14:44:40 2025]
rule extract_min_n_fl_copies:
    input: /tmp/global2/ssushko/TE_evolution/1001Gp_TE_ANNOT/panTEome_v3_1001Gp/annotation_chr_s/single_genome_EDTA/101038/101038.Chr_scaffolds.fa.mod.EDTA.TEanno.sgannot.gff3, /tmp/global2/ssushko/TE_evolution/1001Gp_TE_ANNOT/panTEome_v3_1001Gp/annotation_chr_s/single_genome_EDTA/101038/101038.Chr_scaffolds.fa.mod.EDTA.anno/101038.Chr_scaffolds.fa.mod.EDTA.RM.out
    output: /tmp/global2/ssushko/TE_evolution/1001Gp_TE_ANNOT/panTEome_v3_1001Gp/annotation_chr_s/single_genome_EDTA/101038/101038.Chr_scaffolds.fa.mod.EDTA.TElib.fa.keep.list, /tmp/global2/ssushko/TE_evolution/1001Gp_TE_ANNOT/panTEome_v3_1001Gp/annotation_chr_s/single_genome_EDTA/101038/101038.Chr_scaffolds.fa.mod.EDTA.TElib.mincopyfiltered.fa
    log: logs/101038_extr_minnflcop.log
    jobid: 2423
    reason: Missing output files: /tmp/global2/ssushko/TE_evolution/1001Gp_TE_ANNOT/panTEome_v3_1001Gp/annotation_chr_s/single_genome_EDTA/101038/101038.Chr_scaffolds.fa.mod.EDTA.TElib.mincopyfiltered.fa
    wildcards: sample=101038
    resources: mem_mb=1000, mem_mib=954, disk_mb=1000, disk_mib=954, tmpdir=<TBD>


[Fri Sep  5 14:44:40 2025]
rule extract_min_n_fl_copies:
    input: /tmp/global2/ssushko/TE_evolution/1001Gp_TE_ANNOT/panTEome_v3_1001Gp/annotation_chr_s/single_genome_EDTA/100670/100670.Chr_scaffolds.fa.mod.EDTA.TEanno.sgannot.gff3, /tmp/global2/ssushko/TE_evolution/1001Gp_TE_ANNOT/panTEome_v3_1001Gp/annotation_chr_s/single_genome_EDTA/100670/100670.Chr_scaffolds.fa.mod.EDTA.anno/100670.Chr_scaffolds.fa.mod.EDTA.RM.out
    output: /tmp/global2/ssushko/TE_evolution/1001Gp_TE_ANNOT/panTEome_v3_1001Gp/annotation_chr_s/single_genome_EDTA/100670/100670.Chr_scaffolds.fa.mod.EDTA.TElib.fa.keep.list, /tmp/global2/ssushko/TE_evolution/1001Gp_TE_ANNOT/panTEome_v3_1001Gp/annotation_chr_s/single_genome_EDTA/100670/100670.Chr_scaffolds.fa.mod.EDTA.TElib.mincopyfiltered.fa
    log: logs/100670_extr_minnflcop.log
    jobid: 955
    reason: Missing output files: /tmp/global2/ssushko/TE_evolution/1001Gp_TE_ANNOT/panTEome_v3_1001Gp/annotation_chr_s/single_genome_EDTA/100670/100670.Chr_scaffolds.fa.mod.EDTA.TElib.mincopyfiltered.fa
    wildcards: sample=100670
    resources: mem_mb=1000, mem_mib=954, disk_mb=1000, disk_mib=954, tmpdir=<TBD>


[Fri Sep  5 14:44:40 2025]
rule extract_min_n_fl_copies:
    input: /tmp/global2/ssushko/TE_evolution/1001Gp_TE_ANNOT/panTEome_v3_1001Gp/annotation_chr_s/single_genome_EDTA/100677/100677.Chr_scaffolds.fa.mod.EDTA.TEanno.sgannot.gff3, /tmp/global2/ssushko/TE_evolution/1001Gp_TE_ANNOT/panTEome_v3_1001Gp/annotation_chr_s/single_genome_EDTA/100677/100677.Chr_scaffolds.fa.mod.EDTA.anno/100677.Chr_scaffolds.fa.mod.EDTA.RM.out
    output: /tmp/global2/ssushko/TE_evolution/1001Gp_TE_ANNOT/panTEome_v3_1001Gp/annotation_chr_s/single_genome_EDTA/100677/100677.Chr_scaffolds.fa.mod.EDTA.TElib.fa.keep.list, /tmp/global2/ssushko/TE_evolution/1001Gp_TE_ANNOT/panTEome_v3_1001Gp/annotation_chr_s/single_genome_EDTA/100677/100677.Chr_scaffolds.fa.mod.EDTA.TElib.mincopyfiltered.fa
    log: logs/100677_extr_minnflcop.log
    jobid: 983
    reason: Missing output files: /tmp/global2/ssushko/TE_evolution/1001Gp_TE_ANNOT/panTEome_v3_1001Gp/annotation_chr_s/single_genome_EDTA/100677/100677.Chr_scaffolds.fa.mod.EDTA.TElib.mincopyfiltered.fa
    wildcards: sample=100677
    resources: mem_mb=1000, mem_mib=954, disk_mb=1000, disk_mib=954, tmpdir=<TBD>


[Fri Sep  5 14:44:40 2025]
rule extract_min_n_fl_copies:
    input: /tmp/global2/ssushko/TE_evolution/1001Gp_TE_ANNOT/panTEome_v3_1001Gp/annotation_chr_s/single_genome_EDTA/100041/100041.Chr_scaffolds.fa.mod.EDTA.TEanno.sgannot.gff3, /tmp/global2/ssushko/TE_evolution/1001Gp_TE_ANNOT/panTEome_v3_1001Gp/annotation_chr_s/single_genome_EDTA/100041/100041.Chr_scaffolds.fa.mod.EDTA.anno/100041.Chr_scaffolds.fa.mod.EDTA.RM.out
    output: /tmp/global2/ssushko/TE_evolution/1001Gp_TE_ANNOT/panTEome_v3_1001Gp/annotation_chr_s/single_genome_EDTA/100041/100041.Chr_scaffolds.fa.mod.EDTA.TElib.fa.keep.list, /tmp/global2/ssushko/TE_evolution/1001Gp_TE_ANNOT/panTEome_v3_1001Gp/annotation_chr_s/single_genome_EDTA/100041/100041.Chr_scaffolds.fa.mod.EDTA.TElib.mincopyfiltered.fa
    log: logs/100041_extr_minnflcop.log
    jobid: 47
    reason: Missing output files: /tmp/global2/ssushko/TE_evolution/1001Gp_TE_ANNOT/panTEome_v3_1001Gp/annotation_chr_s/single_genome_EDTA/100041/100041.Chr_scaffolds.fa.mod.EDTA.TElib.mincopyfiltered.fa
    wildcards: sample=100041
    resources: mem_mb=1000, mem_mib=954, disk_mb=1000, disk_mib=954, tmpdir=<TBD>


[Fri Sep  5 14:44:40 2025]
rule extract_min_n_fl_copies:
    input: /tmp/global2/ssushko/TE_evolution/1001Gp_TE_ANNOT/panTEome_v3_1001Gp/annotation_chr_s/single_genome_EDTA/100048/100048.Chr_scaffolds.fa.mod.EDTA.TEanno.sgannot.gff3, /tmp/global2/ssushko/TE_evolution/1001Gp_TE_ANNOT/panTEome_v3_1001Gp/annotation_chr_s/single_genome_EDTA/100048/100048.Chr_scaffolds.fa.mod.EDTA.anno/100048.Chr_scaffolds.fa.mod.EDTA.RM.out
    output: /tmp/global2/ssushko/TE_evolution/1001Gp_TE_ANNOT/panTEome_v3_1001Gp/annotation_chr_s/single_genome_EDTA/100048/100048.Chr_scaffolds.fa.mod.EDTA.TElib.fa.keep.list, /tmp/global2/ssushko/TE_evolution/1001Gp_TE_ANNOT/panTEome_v3_1001Gp/annotation_chr_s/single_genome_EDTA/100048/100048.Chr_scaffolds.fa.mod.EDTA.TElib.mincopyfiltered.fa
    log: logs/100048_extr_minnflcop.log
    jobid: 75
    reason: Missing output files: /tmp/global2/ssushko/TE_evolution/1001Gp_TE_ANNOT/panTEome_v3_1001Gp/annotation_chr_s/single_genome_EDTA/100048/100048.Chr_scaffolds.fa.mod.EDTA.TElib.mincopyfiltered.fa
    wildcards: sample=100048
    resources: mem_mb=1000, mem_mib=954, disk_mb=1000, disk_mib=954, tmpdir=<TBD>


[Fri Sep  5 14:44:40 2025]
rule extract_min_n_fl_copies:
    input: /tmp/global2/ssushko/TE_evolution/1001Gp_TE_ANNOT/panTEome_v3_1001Gp/annotation_chr_s/single_genome_EDTA/100330/100330.Chr_scaffolds.fa.mod.EDTA.TEanno.sgannot.gff3, /tmp/global2/ssushko/TE_evolution/1001Gp_TE_ANNOT/panTEome_v3_1001Gp/annotation_chr_s/single_genome_EDTA/100330/100330.Chr_scaffolds.fa.mod.EDTA.anno/100330.Chr_scaffolds.fa.mod.EDTA.RM.out
    output: /tmp/global2/ssushko/TE_evolution/1001Gp_TE_ANNOT/panTEome_v3_1001Gp/annotation_chr_s/single_genome_EDTA/100330/100330.Chr_scaffolds.fa.mod.EDTA.TElib.fa.keep.list, /tmp/global2/ssushko/TE_evolution/1001Gp_TE_ANNOT/panTEome_v3_1001Gp/annotation_chr_s/single_genome_EDTA/100330/100330.Chr_scaffolds.fa.mod.EDTA.TElib.mincopyfiltered.fa
    log: logs/100330_extr_minnflcop.log
    jobid: 731
    reason: Missing output files: /tmp/global2/ssushko/TE_evolution/1001Gp_TE_ANNOT/panTEome_v3_1001Gp/annotation_chr_s/single_genome_EDTA/100330/100330.Chr_scaffolds.fa.mod.EDTA.TElib.mincopyfiltered.fa
    wildcards: sample=100330
    resources: mem_mb=1000, mem_mib=954, disk_mb=1000, disk_mib=954, tmpdir=<TBD>


[Fri Sep  5 14:44:40 2025]
rule extract_min_n_fl_copies:
    input: /tmp/global2/ssushko/TE_evolution/1001Gp_TE_ANNOT/panTEome_v3_1001Gp/annotation_chr_s/single_genome_EDTA/100811/100811.Chr_scaffolds.fa.mod.EDTA.TEanno.sgannot.gff3, /tmp/global2/ssushko/TE_evolution/1001Gp_TE_ANNOT/panTEome_v3_1001Gp/annotation_chr_s/single_genome_EDTA/100811/100811.Chr_scaffolds.fa.mod.EDTA.anno/100811.Chr_scaffolds.fa.mod.EDTA.RM.out
    output: /tmp/global2/ssushko/TE_evolution/1001Gp_TE_ANNOT/panTEome_v3_1001Gp/annotation_chr_s/single_genome_EDTA/100811/100811.Chr_scaffolds.fa.mod.EDTA.TElib.fa.keep.list, /tmp/global2/ssushko/TE_evolution/1001Gp_TE_ANNOT/panTEome_v3_1001Gp/annotation_chr_s/single_genome_EDTA/100811/100811.Chr_scaffolds.fa.mod.EDTA.TElib.mincopyfiltered.fa
    log: logs/100811_extr_minnflcop.log
    jobid: 1515
    reason: Missing output files: /tmp/global2/ssushko/TE_evolution/1001Gp_TE_ANNOT/panTEome_v3_1001Gp/annotation_chr_s/single_genome_EDTA/100811/100811.Chr_scaffolds.fa.mod.EDTA.TElib.mincopyfiltered.fa
    wildcards: sample=100811
    resources: mem_mb=1000, mem_mib=954, disk_mb=1000, disk_mib=954, tmpdir=<TBD>


[Fri Sep  5 14:44:40 2025]
rule extract_min_n_fl_copies:
    input: /tmp/global2/ssushko/TE_evolution/1001Gp_TE_ANNOT/panTEome_v3_1001Gp/annotation_chr_s/single_genome_EDTA/100846/100846.Chr_scaffolds.fa.mod.EDTA.TEanno.sgannot.gff3, /tmp/global2/ssushko/TE_evolution/1001Gp_TE_ANNOT/panTEome_v3_1001Gp/annotation_chr_s/single_genome_EDTA/100846/100846.Chr_scaffolds.fa.mod.EDTA.anno/100846.Chr_scaffolds.fa.mod.EDTA.RM.out
    output: /tmp/global2/ssushko/TE_evolution/1001Gp_TE_ANNOT/panTEome_v3_1001Gp/annotation_chr_s/single_genome_EDTA/100846/100846.Chr_scaffolds.fa.mod.EDTA.TElib.fa.keep.list, /tmp/global2/ssushko/TE_evolution/1001Gp_TE_ANNOT/panTEome_v3_1001Gp/annotation_chr_s/single_genome_EDTA/100846/100846.Chr_scaffolds.fa.mod.EDTA.TElib.mincopyfiltered.fa
    log: logs/100846_extr_minnflcop.log
    jobid: 1655
    reason: Missing output files: /tmp/global2/ssushko/TE_evolution/1001Gp_TE_ANNOT/panTEome_v3_1001Gp/annotation_chr_s/single_genome_EDTA/100846/100846.Chr_scaffolds.fa.mod.EDTA.TElib.mincopyfiltered.fa
    wildcards: sample=100846
    resources: mem_mb=1000, mem_mib=954, disk_mb=1000, disk_mib=954, tmpdir=<TBD>


[Fri Sep  5 14:44:40 2025]
rule extract_min_n_fl_copies:
    input: /tmp/global2/ssushko/TE_evolution/1001Gp_TE_ANNOT/panTEome_v3_1001Gp/annotation_chr_s/single_genome_EDTA/100909/100909.Chr_scaffolds.fa.mod.EDTA.TEanno.sgannot.gff3, /tmp/global2/ssushko/TE_evolution/1001Gp_TE_ANNOT/panTEome_v3_1001Gp/annotation_chr_s/single_genome_EDTA/100909/100909.Chr_scaffolds.fa.mod.EDTA.anno/100909.Chr_scaffolds.fa.mod.EDTA.RM.out
    output: /tmp/global2/ssushko/TE_evolution/1001Gp_TE_ANNOT/panTEome_v3_1001Gp/annotation_chr_s/single_genome_EDTA/100909/100909.Chr_scaffolds.fa.mod.EDTA.TElib.fa.keep.list, /tmp/global2/ssushko/TE_evolution/1001Gp_TE_ANNOT/panTEome_v3_1001Gp/annotation_chr_s/single_genome_EDTA/100909/100909.Chr_scaffolds.fa.mod.EDTA.TElib.mincopyfiltered.fa
    log: logs/100909_extr_minnflcop.log
    jobid: 1907
    reason: Missing output files: /tmp/global2/ssushko/TE_evolution/1001Gp_TE_ANNOT/panTEome_v3_1001Gp/annotation_chr_s/single_genome_EDTA/100909/100909.Chr_scaffolds.fa.mod.EDTA.TElib.mincopyfiltered.fa
    wildcards: sample=100909
    resources: mem_mb=1000, mem_mib=954, disk_mb=1000, disk_mib=954, tmpdir=<TBD>


[Fri Sep  5 14:44:40 2025]
rule extract_min_n_fl_copies:
    input: /tmp/global2/ssushko/TE_evolution/1001Gp_TE_ANNOT/panTEome_v3_1001Gp/annotation_chr_s/single_genome_EDTA/101014/101014.Chr_scaffolds.fa.mod.EDTA.TEanno.sgannot.gff3, /tmp/global2/ssushko/TE_evolution/1001Gp_TE_ANNOT/panTEome_v3_1001Gp/annotation_chr_s/single_genome_EDTA/101014/101014.Chr_scaffolds.fa.mod.EDTA.anno/101014.Chr_scaffolds.fa.mod.EDTA.RM.out
    output: /tmp/global2/ssushko/TE_evolution/1001Gp_TE_ANNOT/panTEome_v3_1001Gp/annotation_chr_s/single_genome_EDTA/101014/101014.Chr_scaffolds.fa.mod.EDTA.TElib.fa.keep.list, /tmp/global2/ssushko/TE_evolution/1001Gp_TE_ANNOT/panTEome_v3_1001Gp/annotation_chr_s/single_genome_EDTA/101014/101014.Chr_scaffolds.fa.mod.EDTA.TElib.mincopyfiltered.fa
    log: logs/101014_extr_minnflcop.log
    jobid: 2327
    reason: Missing output files: /tmp/global2/ssushko/TE_evolution/1001Gp_TE_ANNOT/panTEome_v3_1001Gp/annotation_chr_s/single_genome_EDTA/101014/101014.Chr_scaffolds.fa.mod.EDTA.TElib.mincopyfiltered.fa
    wildcards: sample=101014
    resources: mem_mb=1000, mem_mib=954, disk_mb=1000, disk_mib=954, tmpdir=<TBD>


[Fri Sep  5 14:44:40 2025]
rule extract_min_n_fl_copies:
    input: /tmp/global2/ssushko/TE_evolution/1001Gp_TE_ANNOT/panTEome_v3_1001Gp/annotation_chr_s/single_genome_EDTA/101056/101056.Chr_scaffolds.fa.mod.EDTA.TEanno.sgannot.gff3, /tmp/global2/ssushko/TE_evolution/1001Gp_TE_ANNOT/panTEome_v3_1001Gp/annotation_chr_s/single_genome_EDTA/101056/101056.Chr_scaffolds.fa.mod.EDTA.anno/101056.Chr_scaffolds.fa.mod.EDTA.RM.out
    output: /tmp/global2/ssushko/TE_evolution/1001Gp_TE_ANNOT/panTEome_v3_1001Gp/annotation_chr_s/single_genome_EDTA/101056/101056.Chr_scaffolds.fa.mod.EDTA.TElib.fa.keep.list, /tmp/global2/ssushko/TE_evolution/1001Gp_TE_ANNOT/panTEome_v3_1001Gp/annotation_chr_s/single_genome_EDTA/101056/101056.Chr_scaffolds.fa.mod.EDTA.TElib.mincopyfiltered.fa
    log: logs/101056_extr_minnflcop.log
    jobid: 2467
    reason: Missing output files: /tmp/global2/ssushko/TE_evolution/1001Gp_TE_ANNOT/panTEome_v3_1001Gp/annotation_chr_s/single_genome_EDTA/101056/101056.Chr_scaffolds.fa.mod.EDTA.TElib.mincopyfiltered.fa
    wildcards: sample=101056
    resources: mem_mb=1000, mem_mib=954, disk_mb=1000, disk_mib=954, tmpdir=<TBD>


[Fri Sep  5 14:44:40 2025]
rule extract_min_n_fl_copies:
    input: /tmp/global2/ssushko/TE_evolution/1001Gp_TE_ANNOT/panTEome_v3_1001Gp/annotation_chr_s/single_genome_EDTA/100762/100762.Chr_scaffolds.fa.mod.EDTA.TEanno.sgannot.gff3, /tmp/global2/ssushko/TE_evolution/1001Gp_TE_ANNOT/panTEome_v3_1001Gp/annotation_chr_s/single_genome_EDTA/100762/100762.Chr_scaffolds.fa.mod.EDTA.anno/100762.Chr_scaffolds.fa.mod.EDTA.RM.out
    output: /tmp/global2/ssushko/TE_evolution/1001Gp_TE_ANNOT/panTEome_v3_1001Gp/annotation_chr_s/single_genome_EDTA/100762/100762.Chr_scaffolds.fa.mod.EDTA.TElib.fa.keep.list, /tmp/global2/ssushko/TE_evolution/1001Gp_TE_ANNOT/panTEome_v3_1001Gp/annotation_chr_s/single_genome_EDTA/100762/100762.Chr_scaffolds.fa.mod.EDTA.TElib.mincopyfiltered.fa
    log: logs/100762_extr_minnflcop.log
    jobid: 1323
    reason: Missing output files: /tmp/global2/ssushko/TE_evolution/1001Gp_TE_ANNOT/panTEome_v3_1001Gp/annotation_chr_s/single_genome_EDTA/100762/100762.Chr_scaffolds.fa.mod.EDTA.TElib.mincopyfiltered.fa
    wildcards: sample=100762
    resources: mem_mb=1000, mem_mib=954, disk_mb=1000, disk_mib=954, tmpdir=<TBD>


[Fri Sep  5 14:44:40 2025]
rule extract_min_n_fl_copies:
    input: /tmp/global2/ssushko/TE_evolution/1001Gp_TE_ANNOT/panTEome_v3_1001Gp/annotation_chr_s/single_genome_EDTA/100117/100117.Chr_scaffolds.fa.mod.EDTA.TEanno.sgannot.gff3, /tmp/global2/ssushko/TE_evolution/1001Gp_TE_ANNOT/panTEome_v3_1001Gp/annotation_chr_s/single_genome_EDTA/100117/100117.Chr_scaffolds.fa.mod.EDTA.anno/100117.Chr_scaffolds.fa.mod.EDTA.RM.out
    output: /tmp/global2/ssushko/TE_evolution/1001Gp_TE_ANNOT/panTEome_v3_1001Gp/annotation_chr_s/single_genome_EDTA/100117/100117.Chr_scaffolds.fa.mod.EDTA.TElib.fa.keep.list, /tmp/global2/ssushko/TE_evolution/1001Gp_TE_ANNOT/panTEome_v3_1001Gp/annotation_chr_s/single_genome_EDTA/100117/100117.Chr_scaffolds.fa.mod.EDTA.TElib.mincopyfiltered.fa
    log: logs/100117_extr_minnflcop.log
    jobid: 343
    reason: Missing output files: /tmp/global2/ssushko/TE_evolution/1001Gp_TE_ANNOT/panTEome_v3_1001Gp/annotation_chr_s/single_genome_EDTA/100117/100117.Chr_scaffolds.fa.mod.EDTA.TElib.mincopyfiltered.fa
    wildcards: sample=100117
    resources: mem_mb=1000, mem_mib=954, disk_mb=1000, disk_mib=954, tmpdir=<TBD>


[Fri Sep  5 14:44:40 2025]
rule extract_min_n_fl_copies:
    input: /tmp/global2/ssushko/TE_evolution/1001Gp_TE_ANNOT/panTEome_v3_1001Gp/annotation_chr_s/single_genome_EDTA/100850/100850.Chr_scaffolds.fa.mod.EDTA.TEanno.sgannot.gff3, /tmp/global2/ssushko/TE_evolution/1001Gp_TE_ANNOT/panTEome_v3_1001Gp/annotation_chr_s/single_genome_EDTA/100850/100850.Chr_scaffolds.fa.mod.EDTA.anno/100850.Chr_scaffolds.fa.mod.EDTA.RM.out
    output: /tmp/global2/ssushko/TE_evolution/1001Gp_TE_ANNOT/panTEome_v3_1001Gp/annotation_chr_s/single_genome_EDTA/100850/100850.Chr_scaffolds.fa.mod.EDTA.TElib.fa.keep.list, /tmp/global2/ssushko/TE_evolution/1001Gp_TE_ANNOT/panTEome_v3_1001Gp/annotation_chr_s/single_genome_EDTA/100850/100850.Chr_scaffolds.fa.mod.EDTA.TElib.mincopyfiltered.fa
    log: logs/100850_extr_minnflcop.log
    jobid: 1671
    reason: Missing output files: /tmp/global2/ssushko/TE_evolution/1001Gp_TE_ANNOT/panTEome_v3_1001Gp/annotation_chr_s/single_genome_EDTA/100850/100850.Chr_scaffolds.fa.mod.EDTA.TElib.mincopyfiltered.fa
    wildcards: sample=100850
    resources: mem_mb=1000, mem_mib=954, disk_mb=1000, disk_mib=954, tmpdir=<TBD>


[Fri Sep  5 14:44:40 2025]
rule extract_min_n_fl_copies:
    input: /tmp/global2/ssushko/TE_evolution/1001Gp_TE_ANNOT/panTEome_v3_1001Gp/annotation_chr_s/single_genome_EDTA/100858/100858.Chr_scaffolds.fa.mod.EDTA.TEanno.sgannot.gff3, /tmp/global2/ssushko/TE_evolution/1001Gp_TE_ANNOT/panTEome_v3_1001Gp/annotation_chr_s/single_genome_EDTA/100858/100858.Chr_scaffolds.fa.mod.EDTA.anno/100858.Chr_scaffolds.fa.mod.EDTA.RM.out
    output: /tmp/global2/ssushko/TE_evolution/1001Gp_TE_ANNOT/panTEome_v3_1001Gp/annotation_chr_s/single_genome_EDTA/100858/100858.Chr_scaffolds.fa.mod.EDTA.TElib.fa.keep.list, /tmp/global2/ssushko/TE_evolution/1001Gp_TE_ANNOT/panTEome_v3_1001Gp/annotation_chr_s/single_genome_EDTA/100858/100858.Chr_scaffolds.fa.mod.EDTA.TElib.mincopyfiltered.fa
    log: logs/100858_extr_minnflcop.log
    jobid: 1703
    reason: Missing output files: /tmp/global2/ssushko/TE_evolution/1001Gp_TE_ANNOT/panTEome_v3_1001Gp/annotation_chr_s/single_genome_EDTA/100858/100858.Chr_scaffolds.fa.mod.EDTA.TElib.mincopyfiltered.fa
    wildcards: sample=100858
    resources: mem_mb=1000, mem_mib=954, disk_mb=1000, disk_mib=954, tmpdir=<TBD>


[Fri Sep  5 14:44:40 2025]
rule extract_min_n_fl_copies:
    input: /tmp/global2/ssushko/TE_evolution/1001Gp_TE_ANNOT/panTEome_v3_1001Gp/annotation_chr_s/single_genome_EDTA/100976/100976.Chr_scaffolds.fa.mod.EDTA.TEanno.sgannot.gff3, /tmp/global2/ssushko/TE_evolution/1001Gp_TE_ANNOT/panTEome_v3_1001Gp/annotation_chr_s/single_genome_EDTA/100976/100976.Chr_scaffolds.fa.mod.EDTA.anno/100976.Chr_scaffolds.fa.mod.EDTA.RM.out
    output: /tmp/global2/ssushko/TE_evolution/1001Gp_TE_ANNOT/panTEome_v3_1001Gp/annotation_chr_s/single_genome_EDTA/100976/100976.Chr_scaffolds.fa.mod.EDTA.TElib.fa.keep.list, /tmp/global2/ssushko/TE_evolution/1001Gp_TE_ANNOT/panTEome_v3_1001Gp/annotation_chr_s/single_genome_EDTA/100976/100976.Chr_scaffolds.fa.mod.EDTA.TElib.mincopyfiltered.fa
    log: logs/100976_extr_minnflcop.log
    jobid: 2175
    reason: Missing output files: /tmp/global2/ssushko/TE_evolution/1001Gp_TE_ANNOT/panTEome_v3_1001Gp/annotation_chr_s/single_genome_EDTA/100976/100976.Chr_scaffolds.fa.mod.EDTA.TElib.mincopyfiltered.fa
    wildcards: sample=100976
    resources: mem_mb=1000, mem_mib=954, disk_mb=1000, disk_mib=954, tmpdir=<TBD>


[Fri Sep  5 14:44:40 2025]
rule extract_min_n_fl_copies:
    input: /tmp/global2/ssushko/TE_evolution/1001Gp_TE_ANNOT/panTEome_v3_1001Gp/annotation_chr_s/single_genome_EDTA/100109/100109.Chr_scaffolds.fa.mod.EDTA.TEanno.sgannot.gff3, /tmp/global2/ssushko/TE_evolution/1001Gp_TE_ANNOT/panTEome_v3_1001Gp/annotation_chr_s/single_genome_EDTA/100109/100109.Chr_scaffolds.fa.mod.EDTA.anno/100109.Chr_scaffolds.fa.mod.EDTA.RM.out
    output: /tmp/global2/ssushko/TE_evolution/1001Gp_TE_ANNOT/panTEome_v3_1001Gp/annotation_chr_s/single_genome_EDTA/100109/100109.Chr_scaffolds.fa.mod.EDTA.TElib.fa.keep.list, /tmp/global2/ssushko/TE_evolution/1001Gp_TE_ANNOT/panTEome_v3_1001Gp/annotation_chr_s/single_genome_EDTA/100109/100109.Chr_scaffolds.fa.mod.EDTA.TElib.mincopyfiltered.fa
    log: logs/100109_extr_minnflcop.log
    jobid: 315
    reason: Missing output files: /tmp/global2/ssushko/TE_evolution/1001Gp_TE_ANNOT/panTEome_v3_1001Gp/annotation_chr_s/single_genome_EDTA/100109/100109.Chr_scaffolds.fa.mod.EDTA.TElib.mincopyfiltered.fa
    wildcards: sample=100109
    resources: mem_mb=1000, mem_mib=954, disk_mb=1000, disk_mib=954, tmpdir=<TBD>


[Fri Sep  5 14:44:40 2025]
rule extract_min_n_fl_copies:
    input: /tmp/global2/ssushko/TE_evolution/1001Gp_TE_ANNOT/panTEome_v3_1001Gp/annotation_chr_s/single_genome_EDTA/100147/100147.Chr_scaffolds.fa.mod.EDTA.TEanno.sgannot.gff3, /tmp/global2/ssushko/TE_evolution/1001Gp_TE_ANNOT/panTEome_v3_1001Gp/annotation_chr_s/single_genome_EDTA/100147/100147.Chr_scaffolds.fa.mod.EDTA.anno/100147.Chr_scaffolds.fa.mod.EDTA.RM.out
    output: /tmp/global2/ssushko/TE_evolution/1001Gp_TE_ANNOT/panTEome_v3_1001Gp/annotation_chr_s/single_genome_EDTA/100147/100147.Chr_scaffolds.fa.mod.EDTA.TElib.fa.keep.list, /tmp/global2/ssushko/TE_evolution/1001Gp_TE_ANNOT/panTEome_v3_1001Gp/annotation_chr_s/single_genome_EDTA/100147/100147.Chr_scaffolds.fa.mod.EDTA.TElib.mincopyfiltered.fa
    log: logs/100147_extr_minnflcop.log
    jobid: 455
    reason: Missing output files: /tmp/global2/ssushko/TE_evolution/1001Gp_TE_ANNOT/panTEome_v3_1001Gp/annotation_chr_s/single_genome_EDTA/100147/100147.Chr_scaffolds.fa.mod.EDTA.TElib.mincopyfiltered.fa
    wildcards: sample=100147
    resources: mem_mb=1000, mem_mib=954, disk_mb=1000, disk_mib=954, tmpdir=<TBD>


[Fri Sep  5 14:44:40 2025]
rule extract_min_n_fl_copies:
    input: /tmp/global2/ssushko/TE_evolution/1001Gp_TE_ANNOT/panTEome_v3_1001Gp/annotation_chr_s/single_genome_EDTA/100510/100510.Chr_scaffolds.fa.mod.EDTA.TEanno.sgannot.gff3, /tmp/global2/ssushko/TE_evolution/1001Gp_TE_ANNOT/panTEome_v3_1001Gp/annotation_chr_s/single_genome_EDTA/100510/100510.Chr_scaffolds.fa.mod.EDTA.anno/100510.Chr_scaffolds.fa.mod.EDTA.RM.out
    output: /tmp/global2/ssushko/TE_evolution/1001Gp_TE_ANNOT/panTEome_v3_1001Gp/annotation_chr_s/single_genome_EDTA/100510/100510.Chr_scaffolds.fa.mod.EDTA.TElib.fa.keep.list, /tmp/global2/ssushko/TE_evolution/1001Gp_TE_ANNOT/panTEome_v3_1001Gp/annotation_chr_s/single_genome_EDTA/100510/100510.Chr_scaffolds.fa.mod.EDTA.TElib.mincopyfiltered.fa
    log: logs/100510_extr_minnflcop.log
    jobid: 803
    reason: Missing output files: /tmp/global2/ssushko/TE_evolution/1001Gp_TE_ANNOT/panTEome_v3_1001Gp/annotation_chr_s/single_genome_EDTA/100510/100510.Chr_scaffolds.fa.mod.EDTA.TElib.mincopyfiltered.fa
    wildcards: sample=100510
    resources: mem_mb=1000, mem_mib=954, disk_mb=1000, disk_mib=954, tmpdir=<TBD>


[Fri Sep  5 14:44:40 2025]
rule extract_min_n_fl_copies:
    input: /tmp/global2/ssushko/TE_evolution/1001Gp_TE_ANNOT/panTEome_v3_1001Gp/annotation_chr_s/single_genome_EDTA/100317/100317.Chr_scaffolds.fa.mod.EDTA.TEanno.sgannot.gff3, /tmp/global2/ssushko/TE_evolution/1001Gp_TE_ANNOT/panTEome_v3_1001Gp/annotation_chr_s/single_genome_EDTA/100317/100317.Chr_scaffolds.fa.mod.EDTA.anno/100317.Chr_scaffolds.fa.mod.EDTA.RM.out
    output: /tmp/global2/ssushko/TE_evolution/1001Gp_TE_ANNOT/panTEome_v3_1001Gp/annotation_chr_s/single_genome_EDTA/100317/100317.Chr_scaffolds.fa.mod.EDTA.TElib.fa.keep.list, /tmp/global2/ssushko/TE_evolution/1001Gp_TE_ANNOT/panTEome_v3_1001Gp/annotation_chr_s/single_genome_EDTA/100317/100317.Chr_scaffolds.fa.mod.EDTA.TElib.mincopyfiltered.fa
    log: logs/100317_extr_minnflcop.log
    jobid: 691
    reason: Missing output files: /tmp/global2/ssushko/TE_evolution/1001Gp_TE_ANNOT/panTEome_v3_1001Gp/annotation_chr_s/single_genome_EDTA/100317/100317.Chr_scaffolds.fa.mod.EDTA.TElib.mincopyfiltered.fa
    wildcards: sample=100317
    resources: mem_mb=1000, mem_mib=954, disk_mb=1000, disk_mib=954, tmpdir=<TBD>


[Fri Sep  5 14:44:40 2025]
rule extract_min_n_fl_copies:
    input: /tmp/global2/ssushko/TE_evolution/1001Gp_TE_ANNOT/panTEome_v3_1001Gp/annotation_chr_s/single_genome_EDTA/100773/100773.Chr_scaffolds.fa.mod.EDTA.TEanno.sgannot.gff3, /tmp/global2/ssushko/TE_evolution/1001Gp_TE_ANNOT/panTEome_v3_1001Gp/annotation_chr_s/single_genome_EDTA/100773/100773.Chr_scaffolds.fa.mod.EDTA.anno/100773.Chr_scaffolds.fa.mod.EDTA.RM.out
    output: /tmp/global2/ssushko/TE_evolution/1001Gp_TE_ANNOT/panTEome_v3_1001Gp/annotation_chr_s/single_genome_EDTA/100773/100773.Chr_scaffolds.fa.mod.EDTA.TElib.fa.keep.list, /tmp/global2/ssushko/TE_evolution/1001Gp_TE_ANNOT/panTEome_v3_1001Gp/annotation_chr_s/single_genome_EDTA/100773/100773.Chr_scaffolds.fa.mod.EDTA.TElib.mincopyfiltered.fa
    log: logs/100773_extr_minnflcop.log
    jobid: 1363
    reason: Missing output files: /tmp/global2/ssushko/TE_evolution/1001Gp_TE_ANNOT/panTEome_v3_1001Gp/annotation_chr_s/single_genome_EDTA/100773/100773.Chr_scaffolds.fa.mod.EDTA.TElib.mincopyfiltered.fa
    wildcards: sample=100773
    resources: mem_mb=1000, mem_mib=954, disk_mb=1000, disk_mib=954, tmpdir=<TBD>


[Fri Sep  5 14:44:40 2025]
rule extract_min_n_fl_copies:
    input: /tmp/global2/ssushko/TE_evolution/1001Gp_TE_ANNOT/panTEome_v3_1001Gp/annotation_chr_s/single_genome_EDTA/100815/100815.Chr_scaffolds.fa.mod.EDTA.TEanno.sgannot.gff3, /tmp/global2/ssushko/TE_evolution/1001Gp_TE_ANNOT/panTEome_v3_1001Gp/annotation_chr_s/single_genome_EDTA/100815/100815.Chr_scaffolds.fa.mod.EDTA.anno/100815.Chr_scaffolds.fa.mod.EDTA.RM.out
    output: /tmp/global2/ssushko/TE_evolution/1001Gp_TE_ANNOT/panTEome_v3_1001Gp/annotation_chr_s/single_genome_EDTA/100815/100815.Chr_scaffolds.fa.mod.EDTA.TElib.fa.keep.list, /tmp/global2/ssushko/TE_evolution/1001Gp_TE_ANNOT/panTEome_v3_1001Gp/annotation_chr_s/single_genome_EDTA/100815/100815.Chr_scaffolds.fa.mod.EDTA.TElib.mincopyfiltered.fa
    log: logs/100815_extr_minnflcop.log
    jobid: 1531
    reason: Missing output files: /tmp/global2/ssushko/TE_evolution/1001Gp_TE_ANNOT/panTEome_v3_1001Gp/annotation_chr_s/single_genome_EDTA/100815/100815.Chr_scaffolds.fa.mod.EDTA.TElib.mincopyfiltered.fa
    wildcards: sample=100815
    resources: mem_mb=1000, mem_mib=954, disk_mb=1000, disk_mib=954, tmpdir=<TBD>


[Fri Sep  5 14:44:40 2025]
rule extract_min_n_fl_copies:
    input: /tmp/global2/ssushko/TE_evolution/1001Gp_TE_ANNOT/panTEome_v3_1001Gp/annotation_chr_s/single_genome_EDTA/100836/100836.Chr_scaffolds.fa.mod.EDTA.TEanno.sgannot.gff3, /tmp/global2/ssushko/TE_evolution/1001Gp_TE_ANNOT/panTEome_v3_1001Gp/annotation_chr_s/single_genome_EDTA/100836/100836.Chr_scaffolds.fa.mod.EDTA.anno/100836.Chr_scaffolds.fa.mod.EDTA.RM.out
    output: /tmp/global2/ssushko/TE_evolution/1001Gp_TE_ANNOT/panTEome_v3_1001Gp/annotation_chr_s/single_genome_EDTA/100836/100836.Chr_scaffolds.fa.mod.EDTA.TElib.fa.keep.list, /tmp/global2/ssushko/TE_evolution/1001Gp_TE_ANNOT/panTEome_v3_1001Gp/annotation_chr_s/single_genome_EDTA/100836/100836.Chr_scaffolds.fa.mod.EDTA.TElib.mincopyfiltered.fa
    log: logs/100836_extr_minnflcop.log
    jobid: 1615
    reason: Missing output files: /tmp/global2/ssushko/TE_evolution/1001Gp_TE_ANNOT/panTEome_v3_1001Gp/annotation_chr_s/single_genome_EDTA/100836/100836.Chr_scaffolds.fa.mod.EDTA.TElib.mincopyfiltered.fa
    wildcards: sample=100836
    resources: mem_mb=1000, mem_mib=954, disk_mb=1000, disk_mib=954, tmpdir=<TBD>


[Fri Sep  5 14:44:40 2025]
rule extract_min_n_fl_copies:
    input: /tmp/global2/ssushko/TE_evolution/1001Gp_TE_ANNOT/panTEome_v3_1001Gp/annotation_chr_s/single_genome_EDTA/100913/100913.Chr_scaffolds.fa.mod.EDTA.TEanno.sgannot.gff3, /tmp/global2/ssushko/TE_evolution/1001Gp_TE_ANNOT/panTEome_v3_1001Gp/annotation_chr_s/single_genome_EDTA/100913/100913.Chr_scaffolds.fa.mod.EDTA.anno/100913.Chr_scaffolds.fa.mod.EDTA.RM.out
    output: /tmp/global2/ssushko/TE_evolution/1001Gp_TE_ANNOT/panTEome_v3_1001Gp/annotation_chr_s/single_genome_EDTA/100913/100913.Chr_scaffolds.fa.mod.EDTA.TElib.fa.keep.list, /tmp/global2/ssushko/TE_evolution/1001Gp_TE_ANNOT/panTEome_v3_1001Gp/annotation_chr_s/single_genome_EDTA/100913/100913.Chr_scaffolds.fa.mod.EDTA.TElib.mincopyfiltered.fa
    log: logs/100913_extr_minnflcop.log
    jobid: 1923
    reason: Missing output files: /tmp/global2/ssushko/TE_evolution/1001Gp_TE_ANNOT/panTEome_v3_1001Gp/annotation_chr_s/single_genome_EDTA/100913/100913.Chr_scaffolds.fa.mod.EDTA.TElib.mincopyfiltered.fa
    wildcards: sample=100913
    resources: mem_mb=1000, mem_mib=954, disk_mb=1000, disk_mib=954, tmpdir=<TBD>


[Fri Sep  5 14:44:40 2025]
rule extract_min_n_fl_copies:
    input: /tmp/global2/ssushko/TE_evolution/1001Gp_TE_ANNOT/panTEome_v3_1001Gp/annotation_chr_s/single_genome_EDTA/100934/100934.Chr_scaffolds.fa.mod.EDTA.TEanno.sgannot.gff3, /tmp/global2/ssushko/TE_evolution/1001Gp_TE_ANNOT/panTEome_v3_1001Gp/annotation_chr_s/single_genome_EDTA/100934/100934.Chr_scaffolds.fa.mod.EDTA.anno/100934.Chr_scaffolds.fa.mod.EDTA.RM.out
    output: /tmp/global2/ssushko/TE_evolution/1001Gp_TE_ANNOT/panTEome_v3_1001Gp/annotation_chr_s/single_genome_EDTA/100934/100934.Chr_scaffolds.fa.mod.EDTA.TElib.fa.keep.list, /tmp/global2/ssushko/TE_evolution/1001Gp_TE_ANNOT/panTEome_v3_1001Gp/annotation_chr_s/single_genome_EDTA/100934/100934.Chr_scaffolds.fa.mod.EDTA.TElib.mincopyfiltered.fa
    log: logs/100934_extr_minnflcop.log
    jobid: 2007
    reason: Missing output files: /tmp/global2/ssushko/TE_evolution/1001Gp_TE_ANNOT/panTEome_v3_1001Gp/annotation_chr_s/single_genome_EDTA/100934/100934.Chr_scaffolds.fa.mod.EDTA.TElib.mincopyfiltered.fa
    wildcards: sample=100934
    resources: mem_mb=1000, mem_mib=954, disk_mb=1000, disk_mib=954, tmpdir=<TBD>


[Fri Sep  5 14:44:40 2025]
rule extract_min_n_fl_copies:
    input: /tmp/global2/ssushko/TE_evolution/1001Gp_TE_ANNOT/panTEome_v3_1001Gp/annotation_chr_s/single_genome_EDTA/100944/100944.Chr_scaffolds.fa.mod.EDTA.TEanno.sgannot.gff3, /tmp/global2/ssushko/TE_evolution/1001Gp_TE_ANNOT/panTEome_v3_1001Gp/annotation_chr_s/single_genome_EDTA/100944/100944.Chr_scaffolds.fa.mod.EDTA.anno/100944.Chr_scaffolds.fa.mod.EDTA.RM.out
    output: /tmp/global2/ssushko/TE_evolution/1001Gp_TE_ANNOT/panTEome_v3_1001Gp/annotation_chr_s/single_genome_EDTA/100944/100944.Chr_scaffolds.fa.mod.EDTA.TElib.fa.keep.list, /tmp/global2/ssushko/TE_evolution/1001Gp_TE_ANNOT/panTEome_v3_1001Gp/annotation_chr_s/single_genome_EDTA/100944/100944.Chr_scaffolds.fa.mod.EDTA.TElib.mincopyfiltered.fa
    log: logs/100944_extr_minnflcop.log
    jobid: 2047
    reason: Missing output files: /tmp/global2/ssushko/TE_evolution/1001Gp_TE_ANNOT/panTEome_v3_1001Gp/annotation_chr_s/single_genome_EDTA/100944/100944.Chr_scaffolds.fa.mod.EDTA.TElib.mincopyfiltered.fa
    wildcards: sample=100944
    resources: mem_mb=1000, mem_mib=954, disk_mb=1000, disk_mib=954, tmpdir=<TBD>


[Fri Sep  5 14:44:40 2025]
rule extract_min_n_fl_copies:
    input: /tmp/global2/ssushko/TE_evolution/1001Gp_TE_ANNOT/panTEome_v3_1001Gp/annotation_chr_s/single_genome_EDTA/100959/100959.Chr_scaffolds.fa.mod.EDTA.TEanno.sgannot.gff3, /tmp/global2/ssushko/TE_evolution/1001Gp_TE_ANNOT/panTEome_v3_1001Gp/annotation_chr_s/single_genome_EDTA/100959/100959.Chr_scaffolds.fa.mod.EDTA.anno/100959.Chr_scaffolds.fa.mod.EDTA.RM.out
    output: /tmp/global2/ssushko/TE_evolution/1001Gp_TE_ANNOT/panTEome_v3_1001Gp/annotation_chr_s/single_genome_EDTA/100959/100959.Chr_scaffolds.fa.mod.EDTA.TElib.fa.keep.list, /tmp/global2/ssushko/TE_evolution/1001Gp_TE_ANNOT/panTEome_v3_1001Gp/annotation_chr_s/single_genome_EDTA/100959/100959.Chr_scaffolds.fa.mod.EDTA.TElib.mincopyfiltered.fa
    log: logs/100959_extr_minnflcop.log
    jobid: 2107
    reason: Missing output files: /tmp/global2/ssushko/TE_evolution/1001Gp_TE_ANNOT/panTEome_v3_1001Gp/annotation_chr_s/single_genome_EDTA/100959/100959.Chr_scaffolds.fa.mod.EDTA.TElib.mincopyfiltered.fa
    wildcards: sample=100959
    resources: mem_mb=1000, mem_mib=954, disk_mb=1000, disk_mib=954, tmpdir=<TBD>


[Fri Sep  5 14:44:40 2025]
rule extract_min_n_fl_copies:
    input: /tmp/global2/ssushko/TE_evolution/1001Gp_TE_ANNOT/panTEome_v3_1001Gp/annotation_chr_s/single_genome_EDTA/101022/101022.Chr_scaffolds.fa.mod.EDTA.TEanno.sgannot.gff3, /tmp/global2/ssushko/TE_evolution/1001Gp_TE_ANNOT/panTEome_v3_1001Gp/annotation_chr_s/single_genome_EDTA/101022/101022.Chr_scaffolds.fa.mod.EDTA.anno/101022.Chr_scaffolds.fa.mod.EDTA.RM.out
    output: /tmp/global2/ssushko/TE_evolution/1001Gp_TE_ANNOT/panTEome_v3_1001Gp/annotation_chr_s/single_genome_EDTA/101022/101022.Chr_scaffolds.fa.mod.EDTA.TElib.fa.keep.list, /tmp/global2/ssushko/TE_evolution/1001Gp_TE_ANNOT/panTEome_v3_1001Gp/annotation_chr_s/single_genome_EDTA/101022/101022.Chr_scaffolds.fa.mod.EDTA.TElib.mincopyfiltered.fa
    log: logs/101022_extr_minnflcop.log
    jobid: 2359
    reason: Missing output files: /tmp/global2/ssushko/TE_evolution/1001Gp_TE_ANNOT/panTEome_v3_1001Gp/annotation_chr_s/single_genome_EDTA/101022/101022.Chr_scaffolds.fa.mod.EDTA.TElib.mincopyfiltered.fa
    wildcards: sample=101022
    resources: mem_mb=1000, mem_mib=954, disk_mb=1000, disk_mib=954, tmpdir=<TBD>


[Fri Sep  5 14:44:40 2025]
rule extract_min_n_fl_copies:
    input: /tmp/global2/ssushko/TE_evolution/1001Gp_TE_ANNOT/panTEome_v3_1001Gp/annotation_chr_s/single_genome_EDTA/100952/100952.Chr_scaffolds.fa.mod.EDTA.TEanno.sgannot.gff3, /tmp/global2/ssushko/TE_evolution/1001Gp_TE_ANNOT/panTEome_v3_1001Gp/annotation_chr_s/single_genome_EDTA/100952/100952.Chr_scaffolds.fa.mod.EDTA.anno/100952.Chr_scaffolds.fa.mod.EDTA.RM.out
    output: /tmp/global2/ssushko/TE_evolution/1001Gp_TE_ANNOT/panTEome_v3_1001Gp/annotation_chr_s/single_genome_EDTA/100952/100952.Chr_scaffolds.fa.mod.EDTA.TElib.fa.keep.list, /tmp/global2/ssushko/TE_evolution/1001Gp_TE_ANNOT/panTEome_v3_1001Gp/annotation_chr_s/single_genome_EDTA/100952/100952.Chr_scaffolds.fa.mod.EDTA.TElib.mincopyfiltered.fa
    log: logs/100952_extr_minnflcop.log
    jobid: 2079
    reason: Missing output files: /tmp/global2/ssushko/TE_evolution/1001Gp_TE_ANNOT/panTEome_v3_1001Gp/annotation_chr_s/single_genome_EDTA/100952/100952.Chr_scaffolds.fa.mod.EDTA.TElib.mincopyfiltered.fa
    wildcards: sample=100952
    resources: mem_mb=1000, mem_mib=954, disk_mb=1000, disk_mib=954, tmpdir=<TBD>


[Fri Sep  5 14:44:40 2025]
rule extract_min_n_fl_copies:
    input: /tmp/global2/ssushko/TE_evolution/1001Gp_TE_ANNOT/panTEome_v3_1001Gp/annotation_chr_s/single_genome_EDTA/100713/100713.Chr_scaffolds.fa.mod.EDTA.TEanno.sgannot.gff3, /tmp/global2/ssushko/TE_evolution/1001Gp_TE_ANNOT/panTEome_v3_1001Gp/annotation_chr_s/single_genome_EDTA/100713/100713.Chr_scaffolds.fa.mod.EDTA.anno/100713.Chr_scaffolds.fa.mod.EDTA.RM.out
    output: /tmp/global2/ssushko/TE_evolution/1001Gp_TE_ANNOT/panTEome_v3_1001Gp/annotation_chr_s/single_genome_EDTA/100713/100713.Chr_scaffolds.fa.mod.EDTA.TElib.fa.keep.list, /tmp/global2/ssushko/TE_evolution/1001Gp_TE_ANNOT/panTEome_v3_1001Gp/annotation_chr_s/single_genome_EDTA/100713/100713.Chr_scaffolds.fa.mod.EDTA.TElib.mincopyfiltered.fa
    log: logs/100713_extr_minnflcop.log
    jobid: 1127
    reason: Missing output files: /tmp/global2/ssushko/TE_evolution/1001Gp_TE_ANNOT/panTEome_v3_1001Gp/annotation_chr_s/single_genome_EDTA/100713/100713.Chr_scaffolds.fa.mod.EDTA.TElib.mincopyfiltered.fa
    wildcards: sample=100713
    resources: mem_mb=1000, mem_mib=954, disk_mb=1000, disk_mib=954, tmpdir=<TBD>


[Fri Sep  5 14:44:40 2025]
rule extract_min_n_fl_copies:
    input: /tmp/global2/ssushko/TE_evolution/1001Gp_TE_ANNOT/panTEome_v3_1001Gp/annotation_chr_s/single_genome_EDTA/100071/100071.Chr_scaffolds.fa.mod.EDTA.TEanno.sgannot.gff3, /tmp/global2/ssushko/TE_evolution/1001Gp_TE_ANNOT/panTEome_v3_1001Gp/annotation_chr_s/single_genome_EDTA/100071/100071.Chr_scaffolds.fa.mod.EDTA.anno/100071.Chr_scaffolds.fa.mod.EDTA.RM.out
    output: /tmp/global2/ssushko/TE_evolution/1001Gp_TE_ANNOT/panTEome_v3_1001Gp/annotation_chr_s/single_genome_EDTA/100071/100071.Chr_scaffolds.fa.mod.EDTA.TElib.fa.keep.list, /tmp/global2/ssushko/TE_evolution/1001Gp_TE_ANNOT/panTEome_v3_1001Gp/annotation_chr_s/single_genome_EDTA/100071/100071.Chr_scaffolds.fa.mod.EDTA.TElib.mincopyfiltered.fa
    log: logs/100071_extr_minnflcop.log
    jobid: 163
    reason: Missing output files: /tmp/global2/ssushko/TE_evolution/1001Gp_TE_ANNOT/panTEome_v3_1001Gp/annotation_chr_s/single_genome_EDTA/100071/100071.Chr_scaffolds.fa.mod.EDTA.TElib.mincopyfiltered.fa
    wildcards: sample=100071
    resources: mem_mb=1000, mem_mib=954, disk_mb=1000, disk_mib=954, tmpdir=<TBD>


[Fri Sep  5 14:44:40 2025]
rule extract_min_n_fl_copies:
    input: /tmp/global2/ssushko/TE_evolution/1001Gp_TE_ANNOT/panTEome_v3_1001Gp/annotation_chr_s/single_genome_EDTA/100078/100078.Chr_scaffolds.fa.mod.EDTA.TEanno.sgannot.gff3, /tmp/global2/ssushko/TE_evolution/1001Gp_TE_ANNOT/panTEome_v3_1001Gp/annotation_chr_s/single_genome_EDTA/100078/100078.Chr_scaffolds.fa.mod.EDTA.anno/100078.Chr_scaffolds.fa.mod.EDTA.RM.out
    output: /tmp/global2/ssushko/TE_evolution/1001Gp_TE_ANNOT/panTEome_v3_1001Gp/annotation_chr_s/single_genome_EDTA/100078/100078.Chr_scaffolds.fa.mod.EDTA.TElib.fa.keep.list, /tmp/global2/ssushko/TE_evolution/1001Gp_TE_ANNOT/panTEome_v3_1001Gp/annotation_chr_s/single_genome_EDTA/100078/100078.Chr_scaffolds.fa.mod.EDTA.TElib.mincopyfiltered.fa
    log: logs/100078_extr_minnflcop.log
    jobid: 191
    reason: Missing output files: /tmp/global2/ssushko/TE_evolution/1001Gp_TE_ANNOT/panTEome_v3_1001Gp/annotation_chr_s/single_genome_EDTA/100078/100078.Chr_scaffolds.fa.mod.EDTA.TElib.mincopyfiltered.fa
    wildcards: sample=100078
    resources: mem_mb=1000, mem_mib=954, disk_mb=1000, disk_mib=954, tmpdir=<TBD>


[Fri Sep  5 14:44:40 2025]
rule extract_min_n_fl_copies:
    input: /tmp/global2/ssushko/TE_evolution/1001Gp_TE_ANNOT/panTEome_v3_1001Gp/annotation_chr_s/single_genome_EDTA/100121/100121.Chr_scaffolds.fa.mod.EDTA.TEanno.sgannot.gff3, /tmp/global2/ssushko/TE_evolution/1001Gp_TE_ANNOT/panTEome_v3_1001Gp/annotation_chr_s/single_genome_EDTA/100121/100121.Chr_scaffolds.fa.mod.EDTA.anno/100121.Chr_scaffolds.fa.mod.EDTA.RM.out
    output: /tmp/global2/ssushko/TE_evolution/1001Gp_TE_ANNOT/panTEome_v3_1001Gp/annotation_chr_s/single_genome_EDTA/100121/100121.Chr_scaffolds.fa.mod.EDTA.TElib.fa.keep.list, /tmp/global2/ssushko/TE_evolution/1001Gp_TE_ANNOT/panTEome_v3_1001Gp/annotation_chr_s/single_genome_EDTA/100121/100121.Chr_scaffolds.fa.mod.EDTA.TElib.mincopyfiltered.fa
    log: logs/100121_extr_minnflcop.log
    jobid: 359
    reason: Missing output files: /tmp/global2/ssushko/TE_evolution/1001Gp_TE_ANNOT/panTEome_v3_1001Gp/annotation_chr_s/single_genome_EDTA/100121/100121.Chr_scaffolds.fa.mod.EDTA.TElib.mincopyfiltered.fa
    wildcards: sample=100121
    resources: mem_mb=1000, mem_mib=954, disk_mb=1000, disk_mib=954, tmpdir=<TBD>


[Fri Sep  5 14:44:40 2025]
rule extract_min_n_fl_copies:
    input: /tmp/global2/ssushko/TE_evolution/1001Gp_TE_ANNOT/panTEome_v3_1001Gp/annotation_chr_s/single_genome_EDTA/100151/100151.Chr_scaffolds.fa.mod.EDTA.TEanno.sgannot.gff3, /tmp/global2/ssushko/TE_evolution/1001Gp_TE_ANNOT/panTEome_v3_1001Gp/annotation_chr_s/single_genome_EDTA/100151/100151.Chr_scaffolds.fa.mod.EDTA.anno/100151.Chr_scaffolds.fa.mod.EDTA.RM.out
    output: /tmp/global2/ssushko/TE_evolution/1001Gp_TE_ANNOT/panTEome_v3_1001Gp/annotation_chr_s/single_genome_EDTA/100151/100151.Chr_scaffolds.fa.mod.EDTA.TElib.fa.keep.list, /tmp/global2/ssushko/TE_evolution/1001Gp_TE_ANNOT/panTEome_v3_1001Gp/annotation_chr_s/single_genome_EDTA/100151/100151.Chr_scaffolds.fa.mod.EDTA.TElib.mincopyfiltered.fa
    log: logs/100151_extr_minnflcop.log
    jobid: 471
    reason: Missing output files: /tmp/global2/ssushko/TE_evolution/1001Gp_TE_ANNOT/panTEome_v3_1001Gp/annotation_chr_s/single_genome_EDTA/100151/100151.Chr_scaffolds.fa.mod.EDTA.TElib.mincopyfiltered.fa
    wildcards: sample=100151
    resources: mem_mb=1000, mem_mib=954, disk_mb=1000, disk_mib=954, tmpdir=<TBD>


[Fri Sep  5 14:44:40 2025]
rule extract_min_n_fl_copies:
    input: /tmp/global2/ssushko/TE_evolution/1001Gp_TE_ANNOT/panTEome_v3_1001Gp/annotation_chr_s/single_genome_EDTA/100331/100331.Chr_scaffolds.fa.mod.EDTA.TEanno.sgannot.gff3, /tmp/global2/ssushko/TE_evolution/1001Gp_TE_ANNOT/panTEome_v3_1001Gp/annotation_chr_s/single_genome_EDTA/100331/100331.Chr_scaffolds.fa.mod.EDTA.anno/100331.Chr_scaffolds.fa.mod.EDTA.RM.out
    output: /tmp/global2/ssushko/TE_evolution/1001Gp_TE_ANNOT/panTEome_v3_1001Gp/annotation_chr_s/single_genome_EDTA/100331/100331.Chr_scaffolds.fa.mod.EDTA.TElib.fa.keep.list, /tmp/global2/ssushko/TE_evolution/1001Gp_TE_ANNOT/panTEome_v3_1001Gp/annotation_chr_s/single_genome_EDTA/100331/100331.Chr_scaffolds.fa.mod.EDTA.TElib.mincopyfiltered.fa
    log: logs/100331_extr_minnflcop.log
    jobid: 735
    reason: Missing output files: /tmp/global2/ssushko/TE_evolution/1001Gp_TE_ANNOT/panTEome_v3_1001Gp/annotation_chr_s/single_genome_EDTA/100331/100331.Chr_scaffolds.fa.mod.EDTA.TElib.mincopyfiltered.fa
    wildcards: sample=100331
    resources: mem_mb=1000, mem_mib=954, disk_mb=1000, disk_mib=954, tmpdir=<TBD>


[Fri Sep  5 14:44:40 2025]
rule extract_min_n_fl_copies:
    input: /tmp/global2/ssushko/TE_evolution/1001Gp_TE_ANNOT/panTEome_v3_1001Gp/annotation_chr_s/single_genome_EDTA/100557/100557.Chr_scaffolds.fa.mod.EDTA.TEanno.sgannot.gff3, /tmp/global2/ssushko/TE_evolution/1001Gp_TE_ANNOT/panTEome_v3_1001Gp/annotation_chr_s/single_genome_EDTA/100557/100557.Chr_scaffolds.fa.mod.EDTA.anno/100557.Chr_scaffolds.fa.mod.EDTA.RM.out
    output: /tmp/global2/ssushko/TE_evolution/1001Gp_TE_ANNOT/panTEome_v3_1001Gp/annotation_chr_s/single_genome_EDTA/100557/100557.Chr_scaffolds.fa.mod.EDTA.TElib.fa.keep.list, /tmp/global2/ssushko/TE_evolution/1001Gp_TE_ANNOT/panTEome_v3_1001Gp/annotation_chr_s/single_genome_EDTA/100557/100557.Chr_scaffolds.fa.mod.EDTA.TElib.mincopyfiltered.fa
    log: logs/100557_extr_minnflcop.log
    jobid: 847
    reason: Missing output files: /tmp/global2/ssushko/TE_evolution/1001Gp_TE_ANNOT/panTEome_v3_1001Gp/annotation_chr_s/single_genome_EDTA/100557/100557.Chr_scaffolds.fa.mod.EDTA.TElib.mincopyfiltered.fa
    wildcards: sample=100557
    resources: mem_mb=1000, mem_mib=954, disk_mb=1000, disk_mib=954, tmpdir=<TBD>


[Fri Sep  5 14:44:40 2025]
rule extract_min_n_fl_copies:
    input: /tmp/global2/ssushko/TE_evolution/1001Gp_TE_ANNOT/panTEome_v3_1001Gp/annotation_chr_s/single_genome_EDTA/100892/100892.Chr_scaffolds.fa.mod.EDTA.TEanno.sgannot.gff3, /tmp/global2/ssushko/TE_evolution/1001Gp_TE_ANNOT/panTEome_v3_1001Gp/annotation_chr_s/single_genome_EDTA/100892/100892.Chr_scaffolds.fa.mod.EDTA.anno/100892.Chr_scaffolds.fa.mod.EDTA.RM.out
    output: /tmp/global2/ssushko/TE_evolution/1001Gp_TE_ANNOT/panTEome_v3_1001Gp/annotation_chr_s/single_genome_EDTA/100892/100892.Chr_scaffolds.fa.mod.EDTA.TElib.fa.keep.list, /tmp/global2/ssushko/TE_evolution/1001Gp_TE_ANNOT/panTEome_v3_1001Gp/annotation_chr_s/single_genome_EDTA/100892/100892.Chr_scaffolds.fa.mod.EDTA.TElib.mincopyfiltered.fa
    log: logs/100892_extr_minnflcop.log
    jobid: 1839
    reason: Missing output files: /tmp/global2/ssushko/TE_evolution/1001Gp_TE_ANNOT/panTEome_v3_1001Gp/annotation_chr_s/single_genome_EDTA/100892/100892.Chr_scaffolds.fa.mod.EDTA.TElib.mincopyfiltered.fa
    wildcards: sample=100892
    resources: mem_mb=1000, mem_mib=954, disk_mb=1000, disk_mib=954, tmpdir=<TBD>


[Fri Sep  5 14:44:40 2025]
rule extract_min_n_fl_copies:
    input: /tmp/global2/ssushko/TE_evolution/1001Gp_TE_ANNOT/panTEome_v3_1001Gp/annotation_chr_s/single_genome_EDTA/101044/101044.Chr_scaffolds.fa.mod.EDTA.TEanno.sgannot.gff3, /tmp/global2/ssushko/TE_evolution/1001Gp_TE_ANNOT/panTEome_v3_1001Gp/annotation_chr_s/single_genome_EDTA/101044/101044.Chr_scaffolds.fa.mod.EDTA.anno/101044.Chr_scaffolds.fa.mod.EDTA.RM.out
    output: /tmp/global2/ssushko/TE_evolution/1001Gp_TE_ANNOT/panTEome_v3_1001Gp/annotation_chr_s/single_genome_EDTA/101044/101044.Chr_scaffolds.fa.mod.EDTA.TElib.fa.keep.list, /tmp/global2/ssushko/TE_evolution/1001Gp_TE_ANNOT/panTEome_v3_1001Gp/annotation_chr_s/single_genome_EDTA/101044/101044.Chr_scaffolds.fa.mod.EDTA.TElib.mincopyfiltered.fa
    log: logs/101044_extr_minnflcop.log
    jobid: 2447
    reason: Missing output files: /tmp/global2/ssushko/TE_evolution/1001Gp_TE_ANNOT/panTEome_v3_1001Gp/annotation_chr_s/single_genome_EDTA/101044/101044.Chr_scaffolds.fa.mod.EDTA.TElib.mincopyfiltered.fa
    wildcards: sample=101044
    resources: mem_mb=1000, mem_mib=954, disk_mb=1000, disk_mib=954, tmpdir=<TBD>


[Fri Sep  5 14:44:40 2025]
rule extract_min_n_fl_copies:
    input: /tmp/global2/ssushko/TE_evolution/1001Gp_TE_ANNOT/panTEome_v3_1001Gp/annotation_chr_s/single_genome_EDTA/100977/100977.Chr_scaffolds.fa.mod.EDTA.TEanno.sgannot.gff3, /tmp/global2/ssushko/TE_evolution/1001Gp_TE_ANNOT/panTEome_v3_1001Gp/annotation_chr_s/single_genome_EDTA/100977/100977.Chr_scaffolds.fa.mod.EDTA.anno/100977.Chr_scaffolds.fa.mod.EDTA.RM.out
    output: /tmp/global2/ssushko/TE_evolution/1001Gp_TE_ANNOT/panTEome_v3_1001Gp/annotation_chr_s/single_genome_EDTA/100977/100977.Chr_scaffolds.fa.mod.EDTA.TElib.fa.keep.list, /tmp/global2/ssushko/TE_evolution/1001Gp_TE_ANNOT/panTEome_v3_1001Gp/annotation_chr_s/single_genome_EDTA/100977/100977.Chr_scaffolds.fa.mod.EDTA.TElib.mincopyfiltered.fa
    log: logs/100977_extr_minnflcop.log
    jobid: 2179
    reason: Missing output files: /tmp/global2/ssushko/TE_evolution/1001Gp_TE_ANNOT/panTEome_v3_1001Gp/annotation_chr_s/single_genome_EDTA/100977/100977.Chr_scaffolds.fa.mod.EDTA.TElib.mincopyfiltered.fa
    wildcards: sample=100977
    resources: mem_mb=1000, mem_mib=954, disk_mb=1000, disk_mib=954, tmpdir=<TBD>


[Fri Sep  5 14:44:40 2025]
rule extract_min_n_fl_copies:
    input: /tmp/global2/ssushko/TE_evolution/1001Gp_TE_ANNOT/panTEome_v3_1001Gp/annotation_chr_s/single_genome_EDTA/100110/100110.Chr_scaffolds.fa.mod.EDTA.TEanno.sgannot.gff3, /tmp/global2/ssushko/TE_evolution/1001Gp_TE_ANNOT/panTEome_v3_1001Gp/annotation_chr_s/single_genome_EDTA/100110/100110.Chr_scaffolds.fa.mod.EDTA.anno/100110.Chr_scaffolds.fa.mod.EDTA.RM.out
    output: /tmp/global2/ssushko/TE_evolution/1001Gp_TE_ANNOT/panTEome_v3_1001Gp/annotation_chr_s/single_genome_EDTA/100110/100110.Chr_scaffolds.fa.mod.EDTA.TElib.fa.keep.list, /tmp/global2/ssushko/TE_evolution/1001Gp_TE_ANNOT/panTEome_v3_1001Gp/annotation_chr_s/single_genome_EDTA/100110/100110.Chr_scaffolds.fa.mod.EDTA.TElib.mincopyfiltered.fa
    log: logs/100110_extr_minnflcop.log
    jobid: 319
    reason: Missing output files: /tmp/global2/ssushko/TE_evolution/1001Gp_TE_ANNOT/panTEome_v3_1001Gp/annotation_chr_s/single_genome_EDTA/100110/100110.Chr_scaffolds.fa.mod.EDTA.TElib.mincopyfiltered.fa
    wildcards: sample=100110
    resources: mem_mb=1000, mem_mib=954, disk_mb=1000, disk_mib=954, tmpdir=<TBD>


[Fri Sep  5 14:44:40 2025]
rule extract_min_n_fl_copies:
    input: /tmp/global2/ssushko/TE_evolution/1001Gp_TE_ANNOT/panTEome_v3_1001Gp/annotation_chr_s/single_genome_EDTA/100148/100148.Chr_scaffolds.fa.mod.EDTA.TEanno.sgannot.gff3, /tmp/global2/ssushko/TE_evolution/1001Gp_TE_ANNOT/panTEome_v3_1001Gp/annotation_chr_s/single_genome_EDTA/100148/100148.Chr_scaffolds.fa.mod.EDTA.anno/100148.Chr_scaffolds.fa.mod.EDTA.RM.out
    output: /tmp/global2/ssushko/TE_evolution/1001Gp_TE_ANNOT/panTEome_v3_1001Gp/annotation_chr_s/single_genome_EDTA/100148/100148.Chr_scaffolds.fa.mod.EDTA.TElib.fa.keep.list, /tmp/global2/ssushko/TE_evolution/1001Gp_TE_ANNOT/panTEome_v3_1001Gp/annotation_chr_s/single_genome_EDTA/100148/100148.Chr_scaffolds.fa.mod.EDTA.TElib.mincopyfiltered.fa
    log: logs/100148_extr_minnflcop.log
    jobid: 459
    reason: Missing output files: /tmp/global2/ssushko/TE_evolution/1001Gp_TE_ANNOT/panTEome_v3_1001Gp/annotation_chr_s/single_genome_EDTA/100148/100148.Chr_scaffolds.fa.mod.EDTA.TElib.mincopyfiltered.fa
    wildcards: sample=100148
    resources: mem_mb=1000, mem_mib=954, disk_mb=1000, disk_mib=954, tmpdir=<TBD>


[Fri Sep  5 14:44:40 2025]
rule extract_min_n_fl_copies:
    input: /tmp/global2/ssushko/TE_evolution/1001Gp_TE_ANNOT/panTEome_v3_1001Gp/annotation_chr_s/single_genome_EDTA/100318/100318.Chr_scaffolds.fa.mod.EDTA.TEanno.sgannot.gff3, /tmp/global2/ssushko/TE_evolution/1001Gp_TE_ANNOT/panTEome_v3_1001Gp/annotation_chr_s/single_genome_EDTA/100318/100318.Chr_scaffolds.fa.mod.EDTA.anno/100318.Chr_scaffolds.fa.mod.EDTA.RM.out
    output: /tmp/global2/ssushko/TE_evolution/1001Gp_TE_ANNOT/panTEome_v3_1001Gp/annotation_chr_s/single_genome_EDTA/100318/100318.Chr_scaffolds.fa.mod.EDTA.TElib.fa.keep.list, /tmp/global2/ssushko/TE_evolution/1001Gp_TE_ANNOT/panTEome_v3_1001Gp/annotation_chr_s/single_genome_EDTA/100318/100318.Chr_scaffolds.fa.mod.EDTA.TElib.mincopyfiltered.fa
    log: logs/100318_extr_minnflcop.log
    jobid: 695
    reason: Missing output files: /tmp/global2/ssushko/TE_evolution/1001Gp_TE_ANNOT/panTEome_v3_1001Gp/annotation_chr_s/single_genome_EDTA/100318/100318.Chr_scaffolds.fa.mod.EDTA.TElib.mincopyfiltered.fa
    wildcards: sample=100318
    resources: mem_mb=1000, mem_mib=954, disk_mb=1000, disk_mib=954, tmpdir=<TBD>


[Fri Sep  5 14:44:40 2025]
rule extract_min_n_fl_copies:
    input: /tmp/global2/ssushko/TE_evolution/1001Gp_TE_ANNOT/panTEome_v3_1001Gp/annotation_chr_s/single_genome_EDTA/100514/100514.Chr_scaffolds.fa.mod.EDTA.TEanno.sgannot.gff3, /tmp/global2/ssushko/TE_evolution/1001Gp_TE_ANNOT/panTEome_v3_1001Gp/annotation_chr_s/single_genome_EDTA/100514/100514.Chr_scaffolds.fa.mod.EDTA.anno/100514.Chr_scaffolds.fa.mod.EDTA.RM.out
    output: /tmp/global2/ssushko/TE_evolution/1001Gp_TE_ANNOT/panTEome_v3_1001Gp/annotation_chr_s/single_genome_EDTA/100514/100514.Chr_scaffolds.fa.mod.EDTA.TElib.fa.keep.list, /tmp/global2/ssushko/TE_evolution/1001Gp_TE_ANNOT/panTEome_v3_1001Gp/annotation_chr_s/single_genome_EDTA/100514/100514.Chr_scaffolds.fa.mod.EDTA.TElib.mincopyfiltered.fa
    log: logs/100514_extr_minnflcop.log
    jobid: 807
    reason: Missing output files: /tmp/global2/ssushko/TE_evolution/1001Gp_TE_ANNOT/panTEome_v3_1001Gp/annotation_chr_s/single_genome_EDTA/100514/100514.Chr_scaffolds.fa.mod.EDTA.TElib.mincopyfiltered.fa
    wildcards: sample=100514
    resources: mem_mb=1000, mem_mib=954, disk_mb=1000, disk_mib=954, tmpdir=<TBD>


[Fri Sep  5 14:44:40 2025]
rule extract_min_n_fl_copies:
    input: /tmp/global2/ssushko/TE_evolution/1001Gp_TE_ANNOT/panTEome_v3_1001Gp/annotation_chr_s/single_genome_EDTA/100774/100774.Chr_scaffolds.fa.mod.EDTA.TEanno.sgannot.gff3, /tmp/global2/ssushko/TE_evolution/1001Gp_TE_ANNOT/panTEome_v3_1001Gp/annotation_chr_s/single_genome_EDTA/100774/100774.Chr_scaffolds.fa.mod.EDTA.anno/100774.Chr_scaffolds.fa.mod.EDTA.RM.out
    output: /tmp/global2/ssushko/TE_evolution/1001Gp_TE_ANNOT/panTEome_v3_1001Gp/annotation_chr_s/single_genome_EDTA/100774/100774.Chr_scaffolds.fa.mod.EDTA.TElib.fa.keep.list, /tmp/global2/ssushko/TE_evolution/1001Gp_TE_ANNOT/panTEome_v3_1001Gp/annotation_chr_s/single_genome_EDTA/100774/100774.Chr_scaffolds.fa.mod.EDTA.TElib.mincopyfiltered.fa
    log: logs/100774_extr_minnflcop.log
    jobid: 1367
    reason: Missing output files: /tmp/global2/ssushko/TE_evolution/1001Gp_TE_ANNOT/panTEome_v3_1001Gp/annotation_chr_s/single_genome_EDTA/100774/100774.Chr_scaffolds.fa.mod.EDTA.TElib.mincopyfiltered.fa
    wildcards: sample=100774
    resources: mem_mb=1000, mem_mib=954, disk_mb=1000, disk_mib=954, tmpdir=<TBD>


[Fri Sep  5 14:44:40 2025]
rule extract_min_n_fl_copies:
    input: /tmp/global2/ssushko/TE_evolution/1001Gp_TE_ANNOT/panTEome_v3_1001Gp/annotation_chr_s/single_genome_EDTA/100816/100816.Chr_scaffolds.fa.mod.EDTA.TEanno.sgannot.gff3, /tmp/global2/ssushko/TE_evolution/1001Gp_TE_ANNOT/panTEome_v3_1001Gp/annotation_chr_s/single_genome_EDTA/100816/100816.Chr_scaffolds.fa.mod.EDTA.anno/100816.Chr_scaffolds.fa.mod.EDTA.RM.out
    output: /tmp/global2/ssushko/TE_evolution/1001Gp_TE_ANNOT/panTEome_v3_1001Gp/annotation_chr_s/single_genome_EDTA/100816/100816.Chr_scaffolds.fa.mod.EDTA.TElib.fa.keep.list, /tmp/global2/ssushko/TE_evolution/1001Gp_TE_ANNOT/panTEome_v3_1001Gp/annotation_chr_s/single_genome_EDTA/100816/100816.Chr_scaffolds.fa.mod.EDTA.TElib.mincopyfiltered.fa
    log: logs/100816_extr_minnflcop.log
    jobid: 1535
    reason: Missing output files: /tmp/global2/ssushko/TE_evolution/1001Gp_TE_ANNOT/panTEome_v3_1001Gp/annotation_chr_s/single_genome_EDTA/100816/100816.Chr_scaffolds.fa.mod.EDTA.TElib.mincopyfiltered.fa
    wildcards: sample=100816
    resources: mem_mb=1000, mem_mib=954, disk_mb=1000, disk_mib=954, tmpdir=<TBD>


[Fri Sep  5 14:44:40 2025]
rule extract_min_n_fl_copies:
    input: /tmp/global2/ssushko/TE_evolution/1001Gp_TE_ANNOT/panTEome_v3_1001Gp/annotation_chr_s/single_genome_EDTA/100837/100837.Chr_scaffolds.fa.mod.EDTA.TEanno.sgannot.gff3, /tmp/global2/ssushko/TE_evolution/1001Gp_TE_ANNOT/panTEome_v3_1001Gp/annotation_chr_s/single_genome_EDTA/100837/100837.Chr_scaffolds.fa.mod.EDTA.anno/100837.Chr_scaffolds.fa.mod.EDTA.RM.out
    output: /tmp/global2/ssushko/TE_evolution/1001Gp_TE_ANNOT/panTEome_v3_1001Gp/annotation_chr_s/single_genome_EDTA/100837/100837.Chr_scaffolds.fa.mod.EDTA.TElib.fa.keep.list, /tmp/global2/ssushko/TE_evolution/1001Gp_TE_ANNOT/panTEome_v3_1001Gp/annotation_chr_s/single_genome_EDTA/100837/100837.Chr_scaffolds.fa.mod.EDTA.TElib.mincopyfiltered.fa
    log: logs/100837_extr_minnflcop.log
    jobid: 1619
    reason: Missing output files: /tmp/global2/ssushko/TE_evolution/1001Gp_TE_ANNOT/panTEome_v3_1001Gp/annotation_chr_s/single_genome_EDTA/100837/100837.Chr_scaffolds.fa.mod.EDTA.TElib.mincopyfiltered.fa
    wildcards: sample=100837
    resources: mem_mb=1000, mem_mib=954, disk_mb=1000, disk_mib=954, tmpdir=<TBD>


[Fri Sep  5 14:44:40 2025]
rule extract_min_n_fl_copies:
    input: /tmp/global2/ssushko/TE_evolution/1001Gp_TE_ANNOT/panTEome_v3_1001Gp/annotation_chr_s/single_genome_EDTA/100914/100914.Chr_scaffolds.fa.mod.EDTA.TEanno.sgannot.gff3, /tmp/global2/ssushko/TE_evolution/1001Gp_TE_ANNOT/panTEome_v3_1001Gp/annotation_chr_s/single_genome_EDTA/100914/100914.Chr_scaffolds.fa.mod.EDTA.anno/100914.Chr_scaffolds.fa.mod.EDTA.RM.out
    output: /tmp/global2/ssushko/TE_evolution/1001Gp_TE_ANNOT/panTEome_v3_1001Gp/annotation_chr_s/single_genome_EDTA/100914/100914.Chr_scaffolds.fa.mod.EDTA.TElib.fa.keep.list, /tmp/global2/ssushko/TE_evolution/1001Gp_TE_ANNOT/panTEome_v3_1001Gp/annotation_chr_s/single_genome_EDTA/100914/100914.Chr_scaffolds.fa.mod.EDTA.TElib.mincopyfiltered.fa
    log: logs/100914_extr_minnflcop.log
    jobid: 1927
    reason: Missing output files: /tmp/global2/ssushko/TE_evolution/1001Gp_TE_ANNOT/panTEome_v3_1001Gp/annotation_chr_s/single_genome_EDTA/100914/100914.Chr_scaffolds.fa.mod.EDTA.TElib.mincopyfiltered.fa
    wildcards: sample=100914
    resources: mem_mb=1000, mem_mib=954, disk_mb=1000, disk_mib=954, tmpdir=<TBD>


[Fri Sep  5 14:44:40 2025]
rule extract_min_n_fl_copies:
    input: /tmp/global2/ssushko/TE_evolution/1001Gp_TE_ANNOT/panTEome_v3_1001Gp/annotation_chr_s/single_genome_EDTA/100935/100935.Chr_scaffolds.fa.mod.EDTA.TEanno.sgannot.gff3, /tmp/global2/ssushko/TE_evolution/1001Gp_TE_ANNOT/panTEome_v3_1001Gp/annotation_chr_s/single_genome_EDTA/100935/100935.Chr_scaffolds.fa.mod.EDTA.anno/100935.Chr_scaffolds.fa.mod.EDTA.RM.out
    output: /tmp/global2/ssushko/TE_evolution/1001Gp_TE_ANNOT/panTEome_v3_1001Gp/annotation_chr_s/single_genome_EDTA/100935/100935.Chr_scaffolds.fa.mod.EDTA.TElib.fa.keep.list, /tmp/global2/ssushko/TE_evolution/1001Gp_TE_ANNOT/panTEome_v3_1001Gp/annotation_chr_s/single_genome_EDTA/100935/100935.Chr_scaffolds.fa.mod.EDTA.TElib.mincopyfiltered.fa
    log: logs/100935_extr_minnflcop.log
    jobid: 2011
    reason: Missing output files: /tmp/global2/ssushko/TE_evolution/1001Gp_TE_ANNOT/panTEome_v3_1001Gp/annotation_chr_s/single_genome_EDTA/100935/100935.Chr_scaffolds.fa.mod.EDTA.TElib.mincopyfiltered.fa
    wildcards: sample=100935
    resources: mem_mb=1000, mem_mib=954, disk_mb=1000, disk_mib=954, tmpdir=<TBD>


[Fri Sep  5 14:44:40 2025]
rule extract_min_n_fl_copies:
    input: /tmp/global2/ssushko/TE_evolution/1001Gp_TE_ANNOT/panTEome_v3_1001Gp/annotation_chr_s/single_genome_EDTA/101023/101023.Chr_scaffolds.fa.mod.EDTA.TEanno.sgannot.gff3, /tmp/global2/ssushko/TE_evolution/1001Gp_TE_ANNOT/panTEome_v3_1001Gp/annotation_chr_s/single_genome_EDTA/101023/101023.Chr_scaffolds.fa.mod.EDTA.anno/101023.Chr_scaffolds.fa.mod.EDTA.RM.out
    output: /tmp/global2/ssushko/TE_evolution/1001Gp_TE_ANNOT/panTEome_v3_1001Gp/annotation_chr_s/single_genome_EDTA/101023/101023.Chr_scaffolds.fa.mod.EDTA.TElib.fa.keep.list, /tmp/global2/ssushko/TE_evolution/1001Gp_TE_ANNOT/panTEome_v3_1001Gp/annotation_chr_s/single_genome_EDTA/101023/101023.Chr_scaffolds.fa.mod.EDTA.TElib.mincopyfiltered.fa
    log: logs/101023_extr_minnflcop.log
    jobid: 2363
    reason: Missing output files: /tmp/global2/ssushko/TE_evolution/1001Gp_TE_ANNOT/panTEome_v3_1001Gp/annotation_chr_s/single_genome_EDTA/101023/101023.Chr_scaffolds.fa.mod.EDTA.TElib.mincopyfiltered.fa
    wildcards: sample=101023
    resources: mem_mb=1000, mem_mib=954, disk_mb=1000, disk_mib=954, tmpdir=<TBD>


[Fri Sep  5 14:44:40 2025]
rule extract_min_n_fl_copies:
    input: /tmp/global2/ssushko/TE_evolution/1001Gp_TE_ANNOT/panTEome_v3_1001Gp/annotation_chr_s/single_genome_EDTA/100925/100925.Chr_scaffolds.fa.mod.EDTA.TEanno.sgannot.gff3, /tmp/global2/ssushko/TE_evolution/1001Gp_TE_ANNOT/panTEome_v3_1001Gp/annotation_chr_s/single_genome_EDTA/100925/100925.Chr_scaffolds.fa.mod.EDTA.anno/100925.Chr_scaffolds.fa.mod.EDTA.RM.out
    output: /tmp/global2/ssushko/TE_evolution/1001Gp_TE_ANNOT/panTEome_v3_1001Gp/annotation_chr_s/single_genome_EDTA/100925/100925.Chr_scaffolds.fa.mod.EDTA.TElib.fa.keep.list, /tmp/global2/ssushko/TE_evolution/1001Gp_TE_ANNOT/panTEome_v3_1001Gp/annotation_chr_s/single_genome_EDTA/100925/100925.Chr_scaffolds.fa.mod.EDTA.TElib.mincopyfiltered.fa
    log: logs/100925_extr_minnflcop.log
    jobid: 1971
    reason: Missing output files: /tmp/global2/ssushko/TE_evolution/1001Gp_TE_ANNOT/panTEome_v3_1001Gp/annotation_chr_s/single_genome_EDTA/100925/100925.Chr_scaffolds.fa.mod.EDTA.TElib.mincopyfiltered.fa
    wildcards: sample=100925
    resources: mem_mb=1000, mem_mib=954, disk_mb=1000, disk_mib=954, tmpdir=<TBD>


[Fri Sep  5 14:44:40 2025]
rule extract_min_n_fl_copies:
    input: /tmp/global2/ssushko/TE_evolution/1001Gp_TE_ANNOT/panTEome_v3_1001Gp/annotation_chr_s/single_genome_EDTA/100953/100953.Chr_scaffolds.fa.mod.EDTA.TEanno.sgannot.gff3, /tmp/global2/ssushko/TE_evolution/1001Gp_TE_ANNOT/panTEome_v3_1001Gp/annotation_chr_s/single_genome_EDTA/100953/100953.Chr_scaffolds.fa.mod.EDTA.anno/100953.Chr_scaffolds.fa.mod.EDTA.RM.out
    output: /tmp/global2/ssushko/TE_evolution/1001Gp_TE_ANNOT/panTEome_v3_1001Gp/annotation_chr_s/single_genome_EDTA/100953/100953.Chr_scaffolds.fa.mod.EDTA.TElib.fa.keep.list, /tmp/global2/ssushko/TE_evolution/1001Gp_TE_ANNOT/panTEome_v3_1001Gp/annotation_chr_s/single_genome_EDTA/100953/100953.Chr_scaffolds.fa.mod.EDTA.TElib.mincopyfiltered.fa
    log: logs/100953_extr_minnflcop.log
    jobid: 2083
    reason: Missing output files: /tmp/global2/ssushko/TE_evolution/1001Gp_TE_ANNOT/panTEome_v3_1001Gp/annotation_chr_s/single_genome_EDTA/100953/100953.Chr_scaffolds.fa.mod.EDTA.TElib.mincopyfiltered.fa
    wildcards: sample=100953
    resources: mem_mb=1000, mem_mib=954, disk_mb=1000, disk_mib=954, tmpdir=<TBD>


[Fri Sep  5 14:44:40 2025]
rule extract_min_n_fl_copies:
    input: /tmp/global2/ssushko/TE_evolution/1001Gp_TE_ANNOT/panTEome_v3_1001Gp/annotation_chr_s/single_genome_EDTA/100960/100960.Chr_scaffolds.fa.mod.EDTA.TEanno.sgannot.gff3, /tmp/global2/ssushko/TE_evolution/1001Gp_TE_ANNOT/panTEome_v3_1001Gp/annotation_chr_s/single_genome_EDTA/100960/100960.Chr_scaffolds.fa.mod.EDTA.anno/100960.Chr_scaffolds.fa.mod.EDTA.RM.out
    output: /tmp/global2/ssushko/TE_evolution/1001Gp_TE_ANNOT/panTEome_v3_1001Gp/annotation_chr_s/single_genome_EDTA/100960/100960.Chr_scaffolds.fa.mod.EDTA.TElib.fa.keep.list, /tmp/global2/ssushko/TE_evolution/1001Gp_TE_ANNOT/panTEome_v3_1001Gp/annotation_chr_s/single_genome_EDTA/100960/100960.Chr_scaffolds.fa.mod.EDTA.TElib.mincopyfiltered.fa
    log: logs/100960_extr_minnflcop.log
    jobid: 2111
    reason: Missing output files: /tmp/global2/ssushko/TE_evolution/1001Gp_TE_ANNOT/panTEome_v3_1001Gp/annotation_chr_s/single_genome_EDTA/100960/100960.Chr_scaffolds.fa.mod.EDTA.TElib.mincopyfiltered.fa
    wildcards: sample=100960
    resources: mem_mb=1000, mem_mib=954, disk_mb=1000, disk_mib=954, tmpdir=<TBD>


[Fri Sep  5 14:44:40 2025]
rule extract_min_n_fl_copies:
    input: /tmp/global2/ssushko/TE_evolution/1001Gp_TE_ANNOT/panTEome_v3_1001Gp/annotation_chr_s/single_genome_EDTA/100152/100152.Chr_scaffolds.fa.mod.EDTA.TEanno.sgannot.gff3, /tmp/global2/ssushko/TE_evolution/1001Gp_TE_ANNOT/panTEome_v3_1001Gp/annotation_chr_s/single_genome_EDTA/100152/100152.Chr_scaffolds.fa.mod.EDTA.anno/100152.Chr_scaffolds.fa.mod.EDTA.RM.out
    output: /tmp/global2/ssushko/TE_evolution/1001Gp_TE_ANNOT/panTEome_v3_1001Gp/annotation_chr_s/single_genome_EDTA/100152/100152.Chr_scaffolds.fa.mod.EDTA.TElib.fa.keep.list, /tmp/global2/ssushko/TE_evolution/1001Gp_TE_ANNOT/panTEome_v3_1001Gp/annotation_chr_s/single_genome_EDTA/100152/100152.Chr_scaffolds.fa.mod.EDTA.TElib.mincopyfiltered.fa
    log: logs/100152_extr_minnflcop.log
    jobid: 475
    reason: Missing output files: /tmp/global2/ssushko/TE_evolution/1001Gp_TE_ANNOT/panTEome_v3_1001Gp/annotation_chr_s/single_genome_EDTA/100152/100152.Chr_scaffolds.fa.mod.EDTA.TElib.mincopyfiltered.fa
    wildcards: sample=100152
    resources: mem_mb=1000, mem_mib=954, disk_mb=1000, disk_mib=954, tmpdir=<TBD>


[Fri Sep  5 14:44:40 2025]
rule extract_min_n_fl_copies:
    input: /tmp/global2/ssushko/TE_evolution/1001Gp_TE_ANNOT/panTEome_v3_1001Gp/annotation_chr_s/single_genome_EDTA/100558/100558.Chr_scaffolds.fa.mod.EDTA.TEanno.sgannot.gff3, /tmp/global2/ssushko/TE_evolution/1001Gp_TE_ANNOT/panTEome_v3_1001Gp/annotation_chr_s/single_genome_EDTA/100558/100558.Chr_scaffolds.fa.mod.EDTA.anno/100558.Chr_scaffolds.fa.mod.EDTA.RM.out
    output: /tmp/global2/ssushko/TE_evolution/1001Gp_TE_ANNOT/panTEome_v3_1001Gp/annotation_chr_s/single_genome_EDTA/100558/100558.Chr_scaffolds.fa.mod.EDTA.TElib.fa.keep.list, /tmp/global2/ssushko/TE_evolution/1001Gp_TE_ANNOT/panTEome_v3_1001Gp/annotation_chr_s/single_genome_EDTA/100558/100558.Chr_scaffolds.fa.mod.EDTA.TElib.mincopyfiltered.fa
    log: logs/100558_extr_minnflcop.log
    jobid: 851
    reason: Missing output files: /tmp/global2/ssushko/TE_evolution/1001Gp_TE_ANNOT/panTEome_v3_1001Gp/annotation_chr_s/single_genome_EDTA/100558/100558.Chr_scaffolds.fa.mod.EDTA.TElib.mincopyfiltered.fa
    wildcards: sample=100558
    resources: mem_mb=1000, mem_mib=954, disk_mb=1000, disk_mib=954, tmpdir=<TBD>


[Fri Sep  5 14:44:40 2025]
rule extract_min_n_fl_copies:
    input: /tmp/global2/ssushko/TE_evolution/1001Gp_TE_ANNOT/panTEome_v3_1001Gp/annotation_chr_s/single_genome_EDTA/100079/100079.Chr_scaffolds.fa.mod.EDTA.TEanno.sgannot.gff3, /tmp/global2/ssushko/TE_evolution/1001Gp_TE_ANNOT/panTEome_v3_1001Gp/annotation_chr_s/single_genome_EDTA/100079/100079.Chr_scaffolds.fa.mod.EDTA.anno/100079.Chr_scaffolds.fa.mod.EDTA.RM.out
    output: /tmp/global2/ssushko/TE_evolution/1001Gp_TE_ANNOT/panTEome_v3_1001Gp/annotation_chr_s/single_genome_EDTA/100079/100079.Chr_scaffolds.fa.mod.EDTA.TElib.fa.keep.list, /tmp/global2/ssushko/TE_evolution/1001Gp_TE_ANNOT/panTEome_v3_1001Gp/annotation_chr_s/single_genome_EDTA/100079/100079.Chr_scaffolds.fa.mod.EDTA.TElib.mincopyfiltered.fa
    log: logs/100079_extr_minnflcop.log
    jobid: 195
    reason: Missing output files: /tmp/global2/ssushko/TE_evolution/1001Gp_TE_ANNOT/panTEome_v3_1001Gp/annotation_chr_s/single_genome_EDTA/100079/100079.Chr_scaffolds.fa.mod.EDTA.TElib.mincopyfiltered.fa
    wildcards: sample=100079
    resources: mem_mb=1000, mem_mib=954, disk_mb=1000, disk_mib=954, tmpdir=<TBD>


[Fri Sep  5 14:44:40 2025]
rule extract_min_n_fl_copies:
    input: /tmp/global2/ssushko/TE_evolution/1001Gp_TE_ANNOT/panTEome_v3_1001Gp/annotation_chr_s/single_genome_EDTA/100072/100072.Chr_scaffolds.fa.mod.EDTA.TEanno.sgannot.gff3, /tmp/global2/ssushko/TE_evolution/1001Gp_TE_ANNOT/panTEome_v3_1001Gp/annotation_chr_s/single_genome_EDTA/100072/100072.Chr_scaffolds.fa.mod.EDTA.anno/100072.Chr_scaffolds.fa.mod.EDTA.RM.out
    output: /tmp/global2/ssushko/TE_evolution/1001Gp_TE_ANNOT/panTEome_v3_1001Gp/annotation_chr_s/single_genome_EDTA/100072/100072.Chr_scaffolds.fa.mod.EDTA.TElib.fa.keep.list, /tmp/global2/ssushko/TE_evolution/1001Gp_TE_ANNOT/panTEome_v3_1001Gp/annotation_chr_s/single_genome_EDTA/100072/100072.Chr_scaffolds.fa.mod.EDTA.TElib.mincopyfiltered.fa
    log: logs/100072_extr_minnflcop.log
    jobid: 167
    reason: Missing output files: /tmp/global2/ssushko/TE_evolution/1001Gp_TE_ANNOT/panTEome_v3_1001Gp/annotation_chr_s/single_genome_EDTA/100072/100072.Chr_scaffolds.fa.mod.EDTA.TElib.mincopyfiltered.fa
    wildcards: sample=100072
    resources: mem_mb=1000, mem_mib=954, disk_mb=1000, disk_mib=954, tmpdir=<TBD>


[Fri Sep  5 14:44:40 2025]
rule extract_min_n_fl_copies:
    input: /tmp/global2/ssushko/TE_evolution/1001Gp_TE_ANNOT/panTEome_v3_1001Gp/annotation_chr_s/single_genome_EDTA/100123/100123.Chr_scaffolds.fa.mod.EDTA.TEanno.sgannot.gff3, /tmp/global2/ssushko/TE_evolution/1001Gp_TE_ANNOT/panTEome_v3_1001Gp/annotation_chr_s/single_genome_EDTA/100123/100123.Chr_scaffolds.fa.mod.EDTA.anno/100123.Chr_scaffolds.fa.mod.EDTA.RM.out
    output: /tmp/global2/ssushko/TE_evolution/1001Gp_TE_ANNOT/panTEome_v3_1001Gp/annotation_chr_s/single_genome_EDTA/100123/100123.Chr_scaffolds.fa.mod.EDTA.TElib.fa.keep.list, /tmp/global2/ssushko/TE_evolution/1001Gp_TE_ANNOT/panTEome_v3_1001Gp/annotation_chr_s/single_genome_EDTA/100123/100123.Chr_scaffolds.fa.mod.EDTA.TElib.mincopyfiltered.fa
    log: logs/100123_extr_minnflcop.log
    jobid: 363
    reason: Missing output files: /tmp/global2/ssushko/TE_evolution/1001Gp_TE_ANNOT/panTEome_v3_1001Gp/annotation_chr_s/single_genome_EDTA/100123/100123.Chr_scaffolds.fa.mod.EDTA.TElib.mincopyfiltered.fa
    wildcards: sample=100123
    resources: mem_mb=1000, mem_mib=954, disk_mb=1000, disk_mib=954, tmpdir=<TBD>


[Fri Sep  5 14:44:40 2025]
rule extract_min_n_fl_copies:
    input: /tmp/global2/ssushko/TE_evolution/1001Gp_TE_ANNOT/panTEome_v3_1001Gp/annotation_chr_s/single_genome_EDTA/100714/100714.Chr_scaffolds.fa.mod.EDTA.TEanno.sgannot.gff3, /tmp/global2/ssushko/TE_evolution/1001Gp_TE_ANNOT/panTEome_v3_1001Gp/annotation_chr_s/single_genome_EDTA/100714/100714.Chr_scaffolds.fa.mod.EDTA.anno/100714.Chr_scaffolds.fa.mod.EDTA.RM.out
    output: /tmp/global2/ssushko/TE_evolution/1001Gp_TE_ANNOT/panTEome_v3_1001Gp/annotation_chr_s/single_genome_EDTA/100714/100714.Chr_scaffolds.fa.mod.EDTA.TElib.fa.keep.list, /tmp/global2/ssushko/TE_evolution/1001Gp_TE_ANNOT/panTEome_v3_1001Gp/annotation_chr_s/single_genome_EDTA/100714/100714.Chr_scaffolds.fa.mod.EDTA.TElib.mincopyfiltered.fa
    log: logs/100714_extr_minnflcop.log
    jobid: 1131
    reason: Missing output files: /tmp/global2/ssushko/TE_evolution/1001Gp_TE_ANNOT/panTEome_v3_1001Gp/annotation_chr_s/single_genome_EDTA/100714/100714.Chr_scaffolds.fa.mod.EDTA.TElib.mincopyfiltered.fa
    wildcards: sample=100714
    resources: mem_mb=1000, mem_mib=954, disk_mb=1000, disk_mib=954, tmpdir=<TBD>


[Fri Sep  5 14:44:40 2025]
rule extract_min_n_fl_copies:
    input: /tmp/global2/ssushko/TE_evolution/1001Gp_TE_ANNOT/panTEome_v3_1001Gp/annotation_chr_s/single_genome_EDTA/100971/100971.Chr_scaffolds.fa.mod.EDTA.TEanno.sgannot.gff3, /tmp/global2/ssushko/TE_evolution/1001Gp_TE_ANNOT/panTEome_v3_1001Gp/annotation_chr_s/single_genome_EDTA/100971/100971.Chr_scaffolds.fa.mod.EDTA.anno/100971.Chr_scaffolds.fa.mod.EDTA.RM.out
    output: /tmp/global2/ssushko/TE_evolution/1001Gp_TE_ANNOT/panTEome_v3_1001Gp/annotation_chr_s/single_genome_EDTA/100971/100971.Chr_scaffolds.fa.mod.EDTA.TElib.fa.keep.list, /tmp/global2/ssushko/TE_evolution/1001Gp_TE_ANNOT/panTEome_v3_1001Gp/annotation_chr_s/single_genome_EDTA/100971/100971.Chr_scaffolds.fa.mod.EDTA.TElib.mincopyfiltered.fa
    log: logs/100971_extr_minnflcop.log
    jobid: 2155
    reason: Missing output files: /tmp/global2/ssushko/TE_evolution/1001Gp_TE_ANNOT/panTEome_v3_1001Gp/annotation_chr_s/single_genome_EDTA/100971/100971.Chr_scaffolds.fa.mod.EDTA.TElib.mincopyfiltered.fa
    wildcards: sample=100971
    resources: mem_mb=1000, mem_mib=954, disk_mb=1000, disk_mib=954, tmpdir=<TBD>


[Fri Sep  5 14:44:40 2025]
rule extract_min_n_fl_copies:
    input: /tmp/global2/ssushko/TE_evolution/1001Gp_TE_ANNOT/panTEome_v3_1001Gp/annotation_chr_s/single_genome_EDTA/100978/100978.Chr_scaffolds.fa.mod.EDTA.TEanno.sgannot.gff3, /tmp/global2/ssushko/TE_evolution/1001Gp_TE_ANNOT/panTEome_v3_1001Gp/annotation_chr_s/single_genome_EDTA/100978/100978.Chr_scaffolds.fa.mod.EDTA.anno/100978.Chr_scaffolds.fa.mod.EDTA.RM.out
    output: /tmp/global2/ssushko/TE_evolution/1001Gp_TE_ANNOT/panTEome_v3_1001Gp/annotation_chr_s/single_genome_EDTA/100978/100978.Chr_scaffolds.fa.mod.EDTA.TElib.fa.keep.list, /tmp/global2/ssushko/TE_evolution/1001Gp_TE_ANNOT/panTEome_v3_1001Gp/annotation_chr_s/single_genome_EDTA/100978/100978.Chr_scaffolds.fa.mod.EDTA.TElib.mincopyfiltered.fa
    log: logs/100978_extr_minnflcop.log
    jobid: 2183
    reason: Missing output files: /tmp/global2/ssushko/TE_evolution/1001Gp_TE_ANNOT/panTEome_v3_1001Gp/annotation_chr_s/single_genome_EDTA/100978/100978.Chr_scaffolds.fa.mod.EDTA.TElib.mincopyfiltered.fa
    wildcards: sample=100978
    resources: mem_mb=1000, mem_mib=954, disk_mb=1000, disk_mib=954, tmpdir=<TBD>


[Fri Sep  5 14:44:40 2025]
rule extract_min_n_fl_copies:
    input: /tmp/global2/ssushko/TE_evolution/1001Gp_TE_ANNOT/panTEome_v3_1001Gp/annotation_chr_s/single_genome_EDTA/100320/100320.Chr_scaffolds.fa.mod.EDTA.TEanno.sgannot.gff3, /tmp/global2/ssushko/TE_evolution/1001Gp_TE_ANNOT/panTEome_v3_1001Gp/annotation_chr_s/single_genome_EDTA/100320/100320.Chr_scaffolds.fa.mod.EDTA.anno/100320.Chr_scaffolds.fa.mod.EDTA.RM.out
    output: /tmp/global2/ssushko/TE_evolution/1001Gp_TE_ANNOT/panTEome_v3_1001Gp/annotation_chr_s/single_genome_EDTA/100320/100320.Chr_scaffolds.fa.mod.EDTA.TElib.fa.keep.list, /tmp/global2/ssushko/TE_evolution/1001Gp_TE_ANNOT/panTEome_v3_1001Gp/annotation_chr_s/single_genome_EDTA/100320/100320.Chr_scaffolds.fa.mod.EDTA.TElib.mincopyfiltered.fa
    log: logs/100320_extr_minnflcop.log
    jobid: 699
    reason: Missing output files: /tmp/global2/ssushko/TE_evolution/1001Gp_TE_ANNOT/panTEome_v3_1001Gp/annotation_chr_s/single_genome_EDTA/100320/100320.Chr_scaffolds.fa.mod.EDTA.TElib.mincopyfiltered.fa
    wildcards: sample=100320
    resources: mem_mb=1000, mem_mib=954, disk_mb=1000, disk_mib=954, tmpdir=<TBD>


[Fri Sep  5 14:44:40 2025]
rule extract_min_n_fl_copies:
    input: /tmp/global2/ssushko/TE_evolution/1001Gp_TE_ANNOT/panTEome_v3_1001Gp/annotation_chr_s/single_genome_EDTA/100111/100111.Chr_scaffolds.fa.mod.EDTA.TEanno.sgannot.gff3, /tmp/global2/ssushko/TE_evolution/1001Gp_TE_ANNOT/panTEome_v3_1001Gp/annotation_chr_s/single_genome_EDTA/100111/100111.Chr_scaffolds.fa.mod.EDTA.anno/100111.Chr_scaffolds.fa.mod.EDTA.RM.out
    output: /tmp/global2/ssushko/TE_evolution/1001Gp_TE_ANNOT/panTEome_v3_1001Gp/annotation_chr_s/single_genome_EDTA/100111/100111.Chr_scaffolds.fa.mod.EDTA.TElib.fa.keep.list, /tmp/global2/ssushko/TE_evolution/1001Gp_TE_ANNOT/panTEome_v3_1001Gp/annotation_chr_s/single_genome_EDTA/100111/100111.Chr_scaffolds.fa.mod.EDTA.TElib.mincopyfiltered.fa
    log: logs/100111_extr_minnflcop.log
    jobid: 323
    reason: Missing output files: /tmp/global2/ssushko/TE_evolution/1001Gp_TE_ANNOT/panTEome_v3_1001Gp/annotation_chr_s/single_genome_EDTA/100111/100111.Chr_scaffolds.fa.mod.EDTA.TElib.mincopyfiltered.fa
    wildcards: sample=100111
    resources: mem_mb=1000, mem_mib=954, disk_mb=1000, disk_mib=954, tmpdir=<TBD>


[Fri Sep  5 14:44:40 2025]
rule extract_min_n_fl_copies:
    input: /tmp/global2/ssushko/TE_evolution/1001Gp_TE_ANNOT/panTEome_v3_1001Gp/annotation_chr_s/single_genome_EDTA/100149/100149.Chr_scaffolds.fa.mod.EDTA.TEanno.sgannot.gff3, /tmp/global2/ssushko/TE_evolution/1001Gp_TE_ANNOT/panTEome_v3_1001Gp/annotation_chr_s/single_genome_EDTA/100149/100149.Chr_scaffolds.fa.mod.EDTA.anno/100149.Chr_scaffolds.fa.mod.EDTA.RM.out
    output: /tmp/global2/ssushko/TE_evolution/1001Gp_TE_ANNOT/panTEome_v3_1001Gp/annotation_chr_s/single_genome_EDTA/100149/100149.Chr_scaffolds.fa.mod.EDTA.TElib.fa.keep.list, /tmp/global2/ssushko/TE_evolution/1001Gp_TE_ANNOT/panTEome_v3_1001Gp/annotation_chr_s/single_genome_EDTA/100149/100149.Chr_scaffolds.fa.mod.EDTA.TElib.mincopyfiltered.fa
    log: logs/100149_extr_minnflcop.log
    jobid: 463
    reason: Missing output files: /tmp/global2/ssushko/TE_evolution/1001Gp_TE_ANNOT/panTEome_v3_1001Gp/annotation_chr_s/single_genome_EDTA/100149/100149.Chr_scaffolds.fa.mod.EDTA.TElib.mincopyfiltered.fa
    wildcards: sample=100149
    resources: mem_mb=1000, mem_mib=954, disk_mb=1000, disk_mib=954, tmpdir=<TBD>


[Fri Sep  5 14:44:40 2025]
rule extract_min_n_fl_copies:
    input: /tmp/global2/ssushko/TE_evolution/1001Gp_TE_ANNOT/panTEome_v3_1001Gp/annotation_chr_s/single_genome_EDTA/100516/100516.Chr_scaffolds.fa.mod.EDTA.TEanno.sgannot.gff3, /tmp/global2/ssushko/TE_evolution/1001Gp_TE_ANNOT/panTEome_v3_1001Gp/annotation_chr_s/single_genome_EDTA/100516/100516.Chr_scaffolds.fa.mod.EDTA.anno/100516.Chr_scaffolds.fa.mod.EDTA.RM.out
    output: /tmp/global2/ssushko/TE_evolution/1001Gp_TE_ANNOT/panTEome_v3_1001Gp/annotation_chr_s/single_genome_EDTA/100516/100516.Chr_scaffolds.fa.mod.EDTA.TElib.fa.keep.list, /tmp/global2/ssushko/TE_evolution/1001Gp_TE_ANNOT/panTEome_v3_1001Gp/annotation_chr_s/single_genome_EDTA/100516/100516.Chr_scaffolds.fa.mod.EDTA.TElib.mincopyfiltered.fa
    log: logs/100516_extr_minnflcop.log
    jobid: 811
    reason: Missing output files: /tmp/global2/ssushko/TE_evolution/1001Gp_TE_ANNOT/panTEome_v3_1001Gp/annotation_chr_s/single_genome_EDTA/100516/100516.Chr_scaffolds.fa.mod.EDTA.TElib.mincopyfiltered.fa
    wildcards: sample=100516
    resources: mem_mb=1000, mem_mib=954, disk_mb=1000, disk_mib=954, tmpdir=<TBD>


[Fri Sep  5 14:44:40 2025]
rule extract_min_n_fl_copies:
    input: /tmp/global2/ssushko/TE_evolution/1001Gp_TE_ANNOT/panTEome_v3_1001Gp/annotation_chr_s/single_genome_EDTA/100775/100775.Chr_scaffolds.fa.mod.EDTA.TEanno.sgannot.gff3, /tmp/global2/ssushko/TE_evolution/1001Gp_TE_ANNOT/panTEome_v3_1001Gp/annotation_chr_s/single_genome_EDTA/100775/100775.Chr_scaffolds.fa.mod.EDTA.anno/100775.Chr_scaffolds.fa.mod.EDTA.RM.out
    output: /tmp/global2/ssushko/TE_evolution/1001Gp_TE_ANNOT/panTEome_v3_1001Gp/annotation_chr_s/single_genome_EDTA/100775/100775.Chr_scaffolds.fa.mod.EDTA.TElib.fa.keep.list, /tmp/global2/ssushko/TE_evolution/1001Gp_TE_ANNOT/panTEome_v3_1001Gp/annotation_chr_s/single_genome_EDTA/100775/100775.Chr_scaffolds.fa.mod.EDTA.TElib.mincopyfiltered.fa
    log: logs/100775_extr_minnflcop.log
    jobid: 1371
    reason: Missing output files: /tmp/global2/ssushko/TE_evolution/1001Gp_TE_ANNOT/panTEome_v3_1001Gp/annotation_chr_s/single_genome_EDTA/100775/100775.Chr_scaffolds.fa.mod.EDTA.TElib.mincopyfiltered.fa
    wildcards: sample=100775
    resources: mem_mb=1000, mem_mib=954, disk_mb=1000, disk_mib=954, tmpdir=<TBD>


[Fri Sep  5 14:44:40 2025]
rule extract_min_n_fl_copies:
    input: /tmp/global2/ssushko/TE_evolution/1001Gp_TE_ANNOT/panTEome_v3_1001Gp/annotation_chr_s/single_genome_EDTA/100817/100817.Chr_scaffolds.fa.mod.EDTA.TEanno.sgannot.gff3, /tmp/global2/ssushko/TE_evolution/1001Gp_TE_ANNOT/panTEome_v3_1001Gp/annotation_chr_s/single_genome_EDTA/100817/100817.Chr_scaffolds.fa.mod.EDTA.anno/100817.Chr_scaffolds.fa.mod.EDTA.RM.out
    output: /tmp/global2/ssushko/TE_evolution/1001Gp_TE_ANNOT/panTEome_v3_1001Gp/annotation_chr_s/single_genome_EDTA/100817/100817.Chr_scaffolds.fa.mod.EDTA.TElib.fa.keep.list, /tmp/global2/ssushko/TE_evolution/1001Gp_TE_ANNOT/panTEome_v3_1001Gp/annotation_chr_s/single_genome_EDTA/100817/100817.Chr_scaffolds.fa.mod.EDTA.TElib.mincopyfiltered.fa
    log: logs/100817_extr_minnflcop.log
    jobid: 1539
    reason: Missing output files: /tmp/global2/ssushko/TE_evolution/1001Gp_TE_ANNOT/panTEome_v3_1001Gp/annotation_chr_s/single_genome_EDTA/100817/100817.Chr_scaffolds.fa.mod.EDTA.TElib.mincopyfiltered.fa
    wildcards: sample=100817
    resources: mem_mb=1000, mem_mib=954, disk_mb=1000, disk_mib=954, tmpdir=<TBD>


[Fri Sep  5 14:44:40 2025]
rule extract_min_n_fl_copies:
    input: /tmp/global2/ssushko/TE_evolution/1001Gp_TE_ANNOT/panTEome_v3_1001Gp/annotation_chr_s/single_genome_EDTA/100838/100838.Chr_scaffolds.fa.mod.EDTA.TEanno.sgannot.gff3, /tmp/global2/ssushko/TE_evolution/1001Gp_TE_ANNOT/panTEome_v3_1001Gp/annotation_chr_s/single_genome_EDTA/100838/100838.Chr_scaffolds.fa.mod.EDTA.anno/100838.Chr_scaffolds.fa.mod.EDTA.RM.out
    output: /tmp/global2/ssushko/TE_evolution/1001Gp_TE_ANNOT/panTEome_v3_1001Gp/annotation_chr_s/single_genome_EDTA/100838/100838.Chr_scaffolds.fa.mod.EDTA.TElib.fa.keep.list, /tmp/global2/ssushko/TE_evolution/1001Gp_TE_ANNOT/panTEome_v3_1001Gp/annotation_chr_s/single_genome_EDTA/100838/100838.Chr_scaffolds.fa.mod.EDTA.TElib.mincopyfiltered.fa
    log: logs/100838_extr_minnflcop.log
    jobid: 1623
    reason: Missing output files: /tmp/global2/ssushko/TE_evolution/1001Gp_TE_ANNOT/panTEome_v3_1001Gp/annotation_chr_s/single_genome_EDTA/100838/100838.Chr_scaffolds.fa.mod.EDTA.TElib.mincopyfiltered.fa
    wildcards: sample=100838
    resources: mem_mb=1000, mem_mib=954, disk_mb=1000, disk_mib=954, tmpdir=<TBD>


[Fri Sep  5 14:44:40 2025]
rule extract_min_n_fl_copies:
    input: /tmp/global2/ssushko/TE_evolution/1001Gp_TE_ANNOT/panTEome_v3_1001Gp/annotation_chr_s/single_genome_EDTA/100915/100915.Chr_scaffolds.fa.mod.EDTA.TEanno.sgannot.gff3, /tmp/global2/ssushko/TE_evolution/1001Gp_TE_ANNOT/panTEome_v3_1001Gp/annotation_chr_s/single_genome_EDTA/100915/100915.Chr_scaffolds.fa.mod.EDTA.anno/100915.Chr_scaffolds.fa.mod.EDTA.RM.out
    output: /tmp/global2/ssushko/TE_evolution/1001Gp_TE_ANNOT/panTEome_v3_1001Gp/annotation_chr_s/single_genome_EDTA/100915/100915.Chr_scaffolds.fa.mod.EDTA.TElib.fa.keep.list, /tmp/global2/ssushko/TE_evolution/1001Gp_TE_ANNOT/panTEome_v3_1001Gp/annotation_chr_s/single_genome_EDTA/100915/100915.Chr_scaffolds.fa.mod.EDTA.TElib.mincopyfiltered.fa
    log: logs/100915_extr_minnflcop.log
    jobid: 1931
    reason: Missing output files: /tmp/global2/ssushko/TE_evolution/1001Gp_TE_ANNOT/panTEome_v3_1001Gp/annotation_chr_s/single_genome_EDTA/100915/100915.Chr_scaffolds.fa.mod.EDTA.TElib.mincopyfiltered.fa
    wildcards: sample=100915
    resources: mem_mb=1000, mem_mib=954, disk_mb=1000, disk_mib=954, tmpdir=<TBD>


[Fri Sep  5 14:44:40 2025]
rule extract_min_n_fl_copies:
    input: /tmp/global2/ssushko/TE_evolution/1001Gp_TE_ANNOT/panTEome_v3_1001Gp/annotation_chr_s/single_genome_EDTA/100936/100936.Chr_scaffolds.fa.mod.EDTA.TEanno.sgannot.gff3, /tmp/global2/ssushko/TE_evolution/1001Gp_TE_ANNOT/panTEome_v3_1001Gp/annotation_chr_s/single_genome_EDTA/100936/100936.Chr_scaffolds.fa.mod.EDTA.anno/100936.Chr_scaffolds.fa.mod.EDTA.RM.out
    output: /tmp/global2/ssushko/TE_evolution/1001Gp_TE_ANNOT/panTEome_v3_1001Gp/annotation_chr_s/single_genome_EDTA/100936/100936.Chr_scaffolds.fa.mod.EDTA.TElib.fa.keep.list, /tmp/global2/ssushko/TE_evolution/1001Gp_TE_ANNOT/panTEome_v3_1001Gp/annotation_chr_s/single_genome_EDTA/100936/100936.Chr_scaffolds.fa.mod.EDTA.TElib.mincopyfiltered.fa
    log: logs/100936_extr_minnflcop.log
    jobid: 2015
    reason: Missing output files: /tmp/global2/ssushko/TE_evolution/1001Gp_TE_ANNOT/panTEome_v3_1001Gp/annotation_chr_s/single_genome_EDTA/100936/100936.Chr_scaffolds.fa.mod.EDTA.TElib.mincopyfiltered.fa
    wildcards: sample=100936
    resources: mem_mb=1000, mem_mib=954, disk_mb=1000, disk_mib=954, tmpdir=<TBD>


[Fri Sep  5 14:44:40 2025]
rule extract_min_n_fl_copies:
    input: /tmp/global2/ssushko/TE_evolution/1001Gp_TE_ANNOT/panTEome_v3_1001Gp/annotation_chr_s/single_genome_EDTA/100961/100961.Chr_scaffolds.fa.mod.EDTA.TEanno.sgannot.gff3, /tmp/global2/ssushko/TE_evolution/1001Gp_TE_ANNOT/panTEome_v3_1001Gp/annotation_chr_s/single_genome_EDTA/100961/100961.Chr_scaffolds.fa.mod.EDTA.anno/100961.Chr_scaffolds.fa.mod.EDTA.RM.out
    output: /tmp/global2/ssushko/TE_evolution/1001Gp_TE_ANNOT/panTEome_v3_1001Gp/annotation_chr_s/single_genome_EDTA/100961/100961.Chr_scaffolds.fa.mod.EDTA.TElib.fa.keep.list, /tmp/global2/ssushko/TE_evolution/1001Gp_TE_ANNOT/panTEome_v3_1001Gp/annotation_chr_s/single_genome_EDTA/100961/100961.Chr_scaffolds.fa.mod.EDTA.TElib.mincopyfiltered.fa
    log: logs/100961_extr_minnflcop.log
    jobid: 2115
    reason: Missing output files: /tmp/global2/ssushko/TE_evolution/1001Gp_TE_ANNOT/panTEome_v3_1001Gp/annotation_chr_s/single_genome_EDTA/100961/100961.Chr_scaffolds.fa.mod.EDTA.TElib.mincopyfiltered.fa
    wildcards: sample=100961
    resources: mem_mb=1000, mem_mib=954, disk_mb=1000, disk_mib=954, tmpdir=<TBD>


[Fri Sep  5 14:44:40 2025]
rule extract_min_n_fl_copies:
    input: /tmp/global2/ssushko/TE_evolution/1001Gp_TE_ANNOT/panTEome_v3_1001Gp/annotation_chr_s/single_genome_EDTA/101024/101024.Chr_scaffolds.fa.mod.EDTA.TEanno.sgannot.gff3, /tmp/global2/ssushko/TE_evolution/1001Gp_TE_ANNOT/panTEome_v3_1001Gp/annotation_chr_s/single_genome_EDTA/101024/101024.Chr_scaffolds.fa.mod.EDTA.anno/101024.Chr_scaffolds.fa.mod.EDTA.RM.out
    output: /tmp/global2/ssushko/TE_evolution/1001Gp_TE_ANNOT/panTEome_v3_1001Gp/annotation_chr_s/single_genome_EDTA/101024/101024.Chr_scaffolds.fa.mod.EDTA.TElib.fa.keep.list, /tmp/global2/ssushko/TE_evolution/1001Gp_TE_ANNOT/panTEome_v3_1001Gp/annotation_chr_s/single_genome_EDTA/101024/101024.Chr_scaffolds.fa.mod.EDTA.TElib.mincopyfiltered.fa
    log: logs/101024_extr_minnflcop.log
    jobid: 2367
    reason: Missing output files: /tmp/global2/ssushko/TE_evolution/1001Gp_TE_ANNOT/panTEome_v3_1001Gp/annotation_chr_s/single_genome_EDTA/101024/101024.Chr_scaffolds.fa.mod.EDTA.TElib.mincopyfiltered.fa
    wildcards: sample=101024
    resources: mem_mb=1000, mem_mib=954, disk_mb=1000, disk_mib=954, tmpdir=<TBD>


[Fri Sep  5 14:44:40 2025]
rule extract_min_n_fl_copies:
    input: /tmp/global2/ssushko/TE_evolution/1001Gp_TE_ANNOT/panTEome_v3_1001Gp/annotation_chr_s/single_genome_EDTA/100926/100926.Chr_scaffolds.fa.mod.EDTA.TEanno.sgannot.gff3, /tmp/global2/ssushko/TE_evolution/1001Gp_TE_ANNOT/panTEome_v3_1001Gp/annotation_chr_s/single_genome_EDTA/100926/100926.Chr_scaffolds.fa.mod.EDTA.anno/100926.Chr_scaffolds.fa.mod.EDTA.RM.out
    output: /tmp/global2/ssushko/TE_evolution/1001Gp_TE_ANNOT/panTEome_v3_1001Gp/annotation_chr_s/single_genome_EDTA/100926/100926.Chr_scaffolds.fa.mod.EDTA.TElib.fa.keep.list, /tmp/global2/ssushko/TE_evolution/1001Gp_TE_ANNOT/panTEome_v3_1001Gp/annotation_chr_s/single_genome_EDTA/100926/100926.Chr_scaffolds.fa.mod.EDTA.TElib.mincopyfiltered.fa
    log: logs/100926_extr_minnflcop.log
    jobid: 1975
    reason: Missing output files: /tmp/global2/ssushko/TE_evolution/1001Gp_TE_ANNOT/panTEome_v3_1001Gp/annotation_chr_s/single_genome_EDTA/100926/100926.Chr_scaffolds.fa.mod.EDTA.TElib.mincopyfiltered.fa
    wildcards: sample=100926
    resources: mem_mb=1000, mem_mib=954, disk_mb=1000, disk_mib=954, tmpdir=<TBD>


[Fri Sep  5 14:44:40 2025]
rule extract_min_n_fl_copies:
    input: /tmp/global2/ssushko/TE_evolution/1001Gp_TE_ANNOT/panTEome_v3_1001Gp/annotation_chr_s/single_genome_EDTA/100954/100954.Chr_scaffolds.fa.mod.EDTA.TEanno.sgannot.gff3, /tmp/global2/ssushko/TE_evolution/1001Gp_TE_ANNOT/panTEome_v3_1001Gp/annotation_chr_s/single_genome_EDTA/100954/100954.Chr_scaffolds.fa.mod.EDTA.anno/100954.Chr_scaffolds.fa.mod.EDTA.RM.out
    output: /tmp/global2/ssushko/TE_evolution/1001Gp_TE_ANNOT/panTEome_v3_1001Gp/annotation_chr_s/single_genome_EDTA/100954/100954.Chr_scaffolds.fa.mod.EDTA.TElib.fa.keep.list, /tmp/global2/ssushko/TE_evolution/1001Gp_TE_ANNOT/panTEome_v3_1001Gp/annotation_chr_s/single_genome_EDTA/100954/100954.Chr_scaffolds.fa.mod.EDTA.TElib.mincopyfiltered.fa
    log: logs/100954_extr_minnflcop.log
    jobid: 2087
    reason: Missing output files: /tmp/global2/ssushko/TE_evolution/1001Gp_TE_ANNOT/panTEome_v3_1001Gp/annotation_chr_s/single_genome_EDTA/100954/100954.Chr_scaffolds.fa.mod.EDTA.TElib.mincopyfiltered.fa
    wildcards: sample=100954
    resources: mem_mb=1000, mem_mib=954, disk_mb=1000, disk_mib=954, tmpdir=<TBD>


[Fri Sep  5 14:44:40 2025]
rule extract_min_n_fl_copies:
    input: /tmp/global2/ssushko/TE_evolution/1001Gp_TE_ANNOT/panTEome_v3_1001Gp/annotation_chr_s/single_genome_EDTA/100715/100715.Chr_scaffolds.fa.mod.EDTA.TEanno.sgannot.gff3, /tmp/global2/ssushko/TE_evolution/1001Gp_TE_ANNOT/panTEome_v3_1001Gp/annotation_chr_s/single_genome_EDTA/100715/100715.Chr_scaffolds.fa.mod.EDTA.anno/100715.Chr_scaffolds.fa.mod.EDTA.RM.out
    output: /tmp/global2/ssushko/TE_evolution/1001Gp_TE_ANNOT/panTEome_v3_1001Gp/annotation_chr_s/single_genome_EDTA/100715/100715.Chr_scaffolds.fa.mod.EDTA.TElib.fa.keep.list, /tmp/global2/ssushko/TE_evolution/1001Gp_TE_ANNOT/panTEome_v3_1001Gp/annotation_chr_s/single_genome_EDTA/100715/100715.Chr_scaffolds.fa.mod.EDTA.TElib.mincopyfiltered.fa
    log: logs/100715_extr_minnflcop.log
    jobid: 1135
    reason: Missing output files: /tmp/global2/ssushko/TE_evolution/1001Gp_TE_ANNOT/panTEome_v3_1001Gp/annotation_chr_s/single_genome_EDTA/100715/100715.Chr_scaffolds.fa.mod.EDTA.TElib.mincopyfiltered.fa
    wildcards: sample=100715
    resources: mem_mb=1000, mem_mib=954, disk_mb=1000, disk_mib=954, tmpdir=<TBD>


[Fri Sep  5 14:44:40 2025]
rule extract_min_n_fl_copies:
    input: /tmp/global2/ssushko/TE_evolution/1001Gp_TE_ANNOT/panTEome_v3_1001Gp/annotation_chr_s/single_genome_EDTA/100073/100073.Chr_scaffolds.fa.mod.EDTA.TEanno.sgannot.gff3, /tmp/global2/ssushko/TE_evolution/1001Gp_TE_ANNOT/panTEome_v3_1001Gp/annotation_chr_s/single_genome_EDTA/100073/100073.Chr_scaffolds.fa.mod.EDTA.anno/100073.Chr_scaffolds.fa.mod.EDTA.RM.out
    output: /tmp/global2/ssushko/TE_evolution/1001Gp_TE_ANNOT/panTEome_v3_1001Gp/annotation_chr_s/single_genome_EDTA/100073/100073.Chr_scaffolds.fa.mod.EDTA.TElib.fa.keep.list, /tmp/global2/ssushko/TE_evolution/1001Gp_TE_ANNOT/panTEome_v3_1001Gp/annotation_chr_s/single_genome_EDTA/100073/100073.Chr_scaffolds.fa.mod.EDTA.TElib.mincopyfiltered.fa
    log: logs/100073_extr_minnflcop.log
    jobid: 171
    reason: Missing output files: /tmp/global2/ssushko/TE_evolution/1001Gp_TE_ANNOT/panTEome_v3_1001Gp/annotation_chr_s/single_genome_EDTA/100073/100073.Chr_scaffolds.fa.mod.EDTA.TElib.mincopyfiltered.fa
    wildcards: sample=100073
    resources: mem_mb=1000, mem_mib=954, disk_mb=1000, disk_mib=954, tmpdir=<TBD>


[Fri Sep  5 14:44:40 2025]
rule extract_min_n_fl_copies:
    input: /tmp/global2/ssushko/TE_evolution/1001Gp_TE_ANNOT/panTEome_v3_1001Gp/annotation_chr_s/single_genome_EDTA/100861/100861.Chr_scaffolds.fa.mod.EDTA.TEanno.sgannot.gff3, /tmp/global2/ssushko/TE_evolution/1001Gp_TE_ANNOT/panTEome_v3_1001Gp/annotation_chr_s/single_genome_EDTA/100861/100861.Chr_scaffolds.fa.mod.EDTA.anno/100861.Chr_scaffolds.fa.mod.EDTA.RM.out
    output: /tmp/global2/ssushko/TE_evolution/1001Gp_TE_ANNOT/panTEome_v3_1001Gp/annotation_chr_s/single_genome_EDTA/100861/100861.Chr_scaffolds.fa.mod.EDTA.TElib.fa.keep.list, /tmp/global2/ssushko/TE_evolution/1001Gp_TE_ANNOT/panTEome_v3_1001Gp/annotation_chr_s/single_genome_EDTA/100861/100861.Chr_scaffolds.fa.mod.EDTA.TElib.mincopyfiltered.fa
    log: logs/100861_extr_minnflcop.log
    jobid: 1715
    reason: Missing output files: /tmp/global2/ssushko/TE_evolution/1001Gp_TE_ANNOT/panTEome_v3_1001Gp/annotation_chr_s/single_genome_EDTA/100861/100861.Chr_scaffolds.fa.mod.EDTA.TElib.mincopyfiltered.fa
    wildcards: sample=100861
    resources: mem_mb=1000, mem_mib=954, disk_mb=1000, disk_mib=954, tmpdir=<TBD>


[Fri Sep  5 14:44:40 2025]
rule extract_min_n_fl_copies:
    input: /tmp/global2/ssushko/TE_evolution/1001Gp_TE_ANNOT/panTEome_v3_1001Gp/annotation_chr_s/single_genome_EDTA/100080/100080.Chr_scaffolds.fa.mod.EDTA.TEanno.sgannot.gff3, /tmp/global2/ssushko/TE_evolution/1001Gp_TE_ANNOT/panTEome_v3_1001Gp/annotation_chr_s/single_genome_EDTA/100080/100080.Chr_scaffolds.fa.mod.EDTA.anno/100080.Chr_scaffolds.fa.mod.EDTA.RM.out
    output: /tmp/global2/ssushko/TE_evolution/1001Gp_TE_ANNOT/panTEome_v3_1001Gp/annotation_chr_s/single_genome_EDTA/100080/100080.Chr_scaffolds.fa.mod.EDTA.TElib.fa.keep.list, /tmp/global2/ssushko/TE_evolution/1001Gp_TE_ANNOT/panTEome_v3_1001Gp/annotation_chr_s/single_genome_EDTA/100080/100080.Chr_scaffolds.fa.mod.EDTA.TElib.mincopyfiltered.fa
    log: logs/100080_extr_minnflcop.log
    jobid: 199
    reason: Missing output files: /tmp/global2/ssushko/TE_evolution/1001Gp_TE_ANNOT/panTEome_v3_1001Gp/annotation_chr_s/single_genome_EDTA/100080/100080.Chr_scaffolds.fa.mod.EDTA.TElib.mincopyfiltered.fa
    wildcards: sample=100080
    resources: mem_mb=1000, mem_mib=954, disk_mb=1000, disk_mib=954, tmpdir=<TBD>


[Fri Sep  5 14:44:40 2025]
rule extract_min_n_fl_copies:
    input: /tmp/global2/ssushko/TE_evolution/1001Gp_TE_ANNOT/panTEome_v3_1001Gp/annotation_chr_s/single_genome_EDTA/100124/100124.Chr_scaffolds.fa.mod.EDTA.TEanno.sgannot.gff3, /tmp/global2/ssushko/TE_evolution/1001Gp_TE_ANNOT/panTEome_v3_1001Gp/annotation_chr_s/single_genome_EDTA/100124/100124.Chr_scaffolds.fa.mod.EDTA.anno/100124.Chr_scaffolds.fa.mod.EDTA.RM.out
    output: /tmp/global2/ssushko/TE_evolution/1001Gp_TE_ANNOT/panTEome_v3_1001Gp/annotation_chr_s/single_genome_EDTA/100124/100124.Chr_scaffolds.fa.mod.EDTA.TElib.fa.keep.list, /tmp/global2/ssushko/TE_evolution/1001Gp_TE_ANNOT/panTEome_v3_1001Gp/annotation_chr_s/single_genome_EDTA/100124/100124.Chr_scaffolds.fa.mod.EDTA.TElib.mincopyfiltered.fa
    log: logs/100124_extr_minnflcop.log
    jobid: 367
    reason: Missing output files: /tmp/global2/ssushko/TE_evolution/1001Gp_TE_ANNOT/panTEome_v3_1001Gp/annotation_chr_s/single_genome_EDTA/100124/100124.Chr_scaffolds.fa.mod.EDTA.TElib.mincopyfiltered.fa
    wildcards: sample=100124
    resources: mem_mb=1000, mem_mib=954, disk_mb=1000, disk_mib=954, tmpdir=<TBD>


[Fri Sep  5 14:44:40 2025]
rule extract_min_n_fl_copies:
    input: /tmp/global2/ssushko/TE_evolution/1001Gp_TE_ANNOT/panTEome_v3_1001Gp/annotation_chr_s/single_genome_EDTA/100153/100153.Chr_scaffolds.fa.mod.EDTA.TEanno.sgannot.gff3, /tmp/global2/ssushko/TE_evolution/1001Gp_TE_ANNOT/panTEome_v3_1001Gp/annotation_chr_s/single_genome_EDTA/100153/100153.Chr_scaffolds.fa.mod.EDTA.anno/100153.Chr_scaffolds.fa.mod.EDTA.RM.out
    output: /tmp/global2/ssushko/TE_evolution/1001Gp_TE_ANNOT/panTEome_v3_1001Gp/annotation_chr_s/single_genome_EDTA/100153/100153.Chr_scaffolds.fa.mod.EDTA.TElib.fa.keep.list, /tmp/global2/ssushko/TE_evolution/1001Gp_TE_ANNOT/panTEome_v3_1001Gp/annotation_chr_s/single_genome_EDTA/100153/100153.Chr_scaffolds.fa.mod.EDTA.TElib.mincopyfiltered.fa
    log: logs/100153_extr_minnflcop.log
    jobid: 479
    reason: Missing output files: /tmp/global2/ssushko/TE_evolution/1001Gp_TE_ANNOT/panTEome_v3_1001Gp/annotation_chr_s/single_genome_EDTA/100153/100153.Chr_scaffolds.fa.mod.EDTA.TElib.mincopyfiltered.fa
    wildcards: sample=100153
    resources: mem_mb=1000, mem_mib=954, disk_mb=1000, disk_mib=954, tmpdir=<TBD>


[Fri Sep  5 14:44:40 2025]
rule extract_min_n_fl_copies:
    input: /tmp/global2/ssushko/TE_evolution/1001Gp_TE_ANNOT/panTEome_v3_1001Gp/annotation_chr_s/single_genome_EDTA/100979/100979.Chr_scaffolds.fa.mod.EDTA.TEanno.sgannot.gff3, /tmp/global2/ssushko/TE_evolution/1001Gp_TE_ANNOT/panTEome_v3_1001Gp/annotation_chr_s/single_genome_EDTA/100979/100979.Chr_scaffolds.fa.mod.EDTA.anno/100979.Chr_scaffolds.fa.mod.EDTA.RM.out
    output: /tmp/global2/ssushko/TE_evolution/1001Gp_TE_ANNOT/panTEome_v3_1001Gp/annotation_chr_s/single_genome_EDTA/100979/100979.Chr_scaffolds.fa.mod.EDTA.TElib.fa.keep.list, /tmp/global2/ssushko/TE_evolution/1001Gp_TE_ANNOT/panTEome_v3_1001Gp/annotation_chr_s/single_genome_EDTA/100979/100979.Chr_scaffolds.fa.mod.EDTA.TElib.mincopyfiltered.fa
    log: logs/100979_extr_minnflcop.log
    jobid: 2187
    reason: Missing output files: /tmp/global2/ssushko/TE_evolution/1001Gp_TE_ANNOT/panTEome_v3_1001Gp/annotation_chr_s/single_genome_EDTA/100979/100979.Chr_scaffolds.fa.mod.EDTA.TElib.mincopyfiltered.fa
    wildcards: sample=100979
    resources: mem_mb=1000, mem_mib=954, disk_mb=1000, disk_mib=954, tmpdir=<TBD>


[Fri Sep  5 14:44:40 2025]
rule extract_min_n_fl_copies:
    input: /tmp/global2/ssushko/TE_evolution/1001Gp_TE_ANNOT/panTEome_v3_1001Gp/annotation_chr_s/single_genome_EDTA/100518/100518.Chr_scaffolds.fa.mod.EDTA.TEanno.sgannot.gff3, /tmp/global2/ssushko/TE_evolution/1001Gp_TE_ANNOT/panTEome_v3_1001Gp/annotation_chr_s/single_genome_EDTA/100518/100518.Chr_scaffolds.fa.mod.EDTA.anno/100518.Chr_scaffolds.fa.mod.EDTA.RM.out
    output: /tmp/global2/ssushko/TE_evolution/1001Gp_TE_ANNOT/panTEome_v3_1001Gp/annotation_chr_s/single_genome_EDTA/100518/100518.Chr_scaffolds.fa.mod.EDTA.TElib.fa.keep.list, /tmp/global2/ssushko/TE_evolution/1001Gp_TE_ANNOT/panTEome_v3_1001Gp/annotation_chr_s/single_genome_EDTA/100518/100518.Chr_scaffolds.fa.mod.EDTA.TElib.mincopyfiltered.fa
    log: logs/100518_extr_minnflcop.log
    jobid: 815
    reason: Missing output files: /tmp/global2/ssushko/TE_evolution/1001Gp_TE_ANNOT/panTEome_v3_1001Gp/annotation_chr_s/single_genome_EDTA/100518/100518.Chr_scaffolds.fa.mod.EDTA.TElib.mincopyfiltered.fa
    wildcards: sample=100518
    resources: mem_mb=1000, mem_mib=954, disk_mb=1000, disk_mib=954, tmpdir=<TBD>


[Fri Sep  5 14:44:40 2025]
rule extract_min_n_fl_copies:
    input: /tmp/global2/ssushko/TE_evolution/1001Gp_TE_ANNOT/panTEome_v3_1001Gp/annotation_chr_s/single_genome_EDTA/100113/100113.Chr_scaffolds.fa.mod.EDTA.TEanno.sgannot.gff3, /tmp/global2/ssushko/TE_evolution/1001Gp_TE_ANNOT/panTEome_v3_1001Gp/annotation_chr_s/single_genome_EDTA/100113/100113.Chr_scaffolds.fa.mod.EDTA.anno/100113.Chr_scaffolds.fa.mod.EDTA.RM.out
    output: /tmp/global2/ssushko/TE_evolution/1001Gp_TE_ANNOT/panTEome_v3_1001Gp/annotation_chr_s/single_genome_EDTA/100113/100113.Chr_scaffolds.fa.mod.EDTA.TElib.fa.keep.list, /tmp/global2/ssushko/TE_evolution/1001Gp_TE_ANNOT/panTEome_v3_1001Gp/annotation_chr_s/single_genome_EDTA/100113/100113.Chr_scaffolds.fa.mod.EDTA.TElib.mincopyfiltered.fa
    log: logs/100113_extr_minnflcop.log
    jobid: 327
    reason: Missing output files: /tmp/global2/ssushko/TE_evolution/1001Gp_TE_ANNOT/panTEome_v3_1001Gp/annotation_chr_s/single_genome_EDTA/100113/100113.Chr_scaffolds.fa.mod.EDTA.TElib.mincopyfiltered.fa
    wildcards: sample=100113
    resources: mem_mb=1000, mem_mib=954, disk_mb=1000, disk_mib=954, tmpdir=<TBD>


[Fri Sep  5 14:44:40 2025]
rule extract_min_n_fl_copies:
    input: /tmp/global2/ssushko/TE_evolution/1001Gp_TE_ANNOT/panTEome_v3_1001Gp/annotation_chr_s/single_genome_EDTA/100150/100150.Chr_scaffolds.fa.mod.EDTA.TEanno.sgannot.gff3, /tmp/global2/ssushko/TE_evolution/1001Gp_TE_ANNOT/panTEome_v3_1001Gp/annotation_chr_s/single_genome_EDTA/100150/100150.Chr_scaffolds.fa.mod.EDTA.anno/100150.Chr_scaffolds.fa.mod.EDTA.RM.out
    output: /tmp/global2/ssushko/TE_evolution/1001Gp_TE_ANNOT/panTEome_v3_1001Gp/annotation_chr_s/single_genome_EDTA/100150/100150.Chr_scaffolds.fa.mod.EDTA.TElib.fa.keep.list, /tmp/global2/ssushko/TE_evolution/1001Gp_TE_ANNOT/panTEome_v3_1001Gp/annotation_chr_s/single_genome_EDTA/100150/100150.Chr_scaffolds.fa.mod.EDTA.TElib.mincopyfiltered.fa
    log: logs/100150_extr_minnflcop.log
    jobid: 467
    reason: Missing output files: /tmp/global2/ssushko/TE_evolution/1001Gp_TE_ANNOT/panTEome_v3_1001Gp/annotation_chr_s/single_genome_EDTA/100150/100150.Chr_scaffolds.fa.mod.EDTA.TElib.mincopyfiltered.fa
    wildcards: sample=100150
    resources: mem_mb=1000, mem_mib=954, disk_mb=1000, disk_mib=954, tmpdir=<TBD>


[Fri Sep  5 14:44:40 2025]
rule extract_min_n_fl_copies:
    input: /tmp/global2/ssushko/TE_evolution/1001Gp_TE_ANNOT/panTEome_v3_1001Gp/annotation_chr_s/single_genome_EDTA/100323/100323.Chr_scaffolds.fa.mod.EDTA.TEanno.sgannot.gff3, /tmp/global2/ssushko/TE_evolution/1001Gp_TE_ANNOT/panTEome_v3_1001Gp/annotation_chr_s/single_genome_EDTA/100323/100323.Chr_scaffolds.fa.mod.EDTA.anno/100323.Chr_scaffolds.fa.mod.EDTA.RM.out
    output: /tmp/global2/ssushko/TE_evolution/1001Gp_TE_ANNOT/panTEome_v3_1001Gp/annotation_chr_s/single_genome_EDTA/100323/100323.Chr_scaffolds.fa.mod.EDTA.TElib.fa.keep.list, /tmp/global2/ssushko/TE_evolution/1001Gp_TE_ANNOT/panTEome_v3_1001Gp/annotation_chr_s/single_genome_EDTA/100323/100323.Chr_scaffolds.fa.mod.EDTA.TElib.mincopyfiltered.fa
    log: logs/100323_extr_minnflcop.log
    jobid: 703
    reason: Missing output files: /tmp/global2/ssushko/TE_evolution/1001Gp_TE_ANNOT/panTEome_v3_1001Gp/annotation_chr_s/single_genome_EDTA/100323/100323.Chr_scaffolds.fa.mod.EDTA.TElib.mincopyfiltered.fa
    wildcards: sample=100323
    resources: mem_mb=1000, mem_mib=954, disk_mb=1000, disk_mib=954, tmpdir=<TBD>


[Fri Sep  5 14:44:40 2025]
rule extract_min_n_fl_copies:
    input: /tmp/global2/ssushko/TE_evolution/1001Gp_TE_ANNOT/panTEome_v3_1001Gp/annotation_chr_s/single_genome_EDTA/100776/100776.Chr_scaffolds.fa.mod.EDTA.TEanno.sgannot.gff3, /tmp/global2/ssushko/TE_evolution/1001Gp_TE_ANNOT/panTEome_v3_1001Gp/annotation_chr_s/single_genome_EDTA/100776/100776.Chr_scaffolds.fa.mod.EDTA.anno/100776.Chr_scaffolds.fa.mod.EDTA.RM.out
    output: /tmp/global2/ssushko/TE_evolution/1001Gp_TE_ANNOT/panTEome_v3_1001Gp/annotation_chr_s/single_genome_EDTA/100776/100776.Chr_scaffolds.fa.mod.EDTA.TElib.fa.keep.list, /tmp/global2/ssushko/TE_evolution/1001Gp_TE_ANNOT/panTEome_v3_1001Gp/annotation_chr_s/single_genome_EDTA/100776/100776.Chr_scaffolds.fa.mod.EDTA.TElib.mincopyfiltered.fa
    log: logs/100776_extr_minnflcop.log
    jobid: 1375
    reason: Missing output files: /tmp/global2/ssushko/TE_evolution/1001Gp_TE_ANNOT/panTEome_v3_1001Gp/annotation_chr_s/single_genome_EDTA/100776/100776.Chr_scaffolds.fa.mod.EDTA.TElib.mincopyfiltered.fa
    wildcards: sample=100776
    resources: mem_mb=1000, mem_mib=954, disk_mb=1000, disk_mib=954, tmpdir=<TBD>


[Fri Sep  5 14:44:40 2025]
rule extract_min_n_fl_copies:
    input: /tmp/global2/ssushko/TE_evolution/1001Gp_TE_ANNOT/panTEome_v3_1001Gp/annotation_chr_s/single_genome_EDTA/100818/100818.Chr_scaffolds.fa.mod.EDTA.TEanno.sgannot.gff3, /tmp/global2/ssushko/TE_evolution/1001Gp_TE_ANNOT/panTEome_v3_1001Gp/annotation_chr_s/single_genome_EDTA/100818/100818.Chr_scaffolds.fa.mod.EDTA.anno/100818.Chr_scaffolds.fa.mod.EDTA.RM.out
    output: /tmp/global2/ssushko/TE_evolution/1001Gp_TE_ANNOT/panTEome_v3_1001Gp/annotation_chr_s/single_genome_EDTA/100818/100818.Chr_scaffolds.fa.mod.EDTA.TElib.fa.keep.list, /tmp/global2/ssushko/TE_evolution/1001Gp_TE_ANNOT/panTEome_v3_1001Gp/annotation_chr_s/single_genome_EDTA/100818/100818.Chr_scaffolds.fa.mod.EDTA.TElib.mincopyfiltered.fa
    log: logs/100818_extr_minnflcop.log
    jobid: 1543
    reason: Missing output files: /tmp/global2/ssushko/TE_evolution/1001Gp_TE_ANNOT/panTEome_v3_1001Gp/annotation_chr_s/single_genome_EDTA/100818/100818.Chr_scaffolds.fa.mod.EDTA.TElib.mincopyfiltered.fa
    wildcards: sample=100818
    resources: mem_mb=1000, mem_mib=954, disk_mb=1000, disk_mib=954, tmpdir=<TBD>


[Fri Sep  5 14:44:40 2025]
rule extract_min_n_fl_copies:
    input: /tmp/global2/ssushko/TE_evolution/1001Gp_TE_ANNOT/panTEome_v3_1001Gp/annotation_chr_s/single_genome_EDTA/100839/100839.Chr_scaffolds.fa.mod.EDTA.TEanno.sgannot.gff3, /tmp/global2/ssushko/TE_evolution/1001Gp_TE_ANNOT/panTEome_v3_1001Gp/annotation_chr_s/single_genome_EDTA/100839/100839.Chr_scaffolds.fa.mod.EDTA.anno/100839.Chr_scaffolds.fa.mod.EDTA.RM.out
    output: /tmp/global2/ssushko/TE_evolution/1001Gp_TE_ANNOT/panTEome_v3_1001Gp/annotation_chr_s/single_genome_EDTA/100839/100839.Chr_scaffolds.fa.mod.EDTA.TElib.fa.keep.list, /tmp/global2/ssushko/TE_evolution/1001Gp_TE_ANNOT/panTEome_v3_1001Gp/annotation_chr_s/single_genome_EDTA/100839/100839.Chr_scaffolds.fa.mod.EDTA.TElib.mincopyfiltered.fa
    log: logs/100839_extr_minnflcop.log
    jobid: 1627
    reason: Missing output files: /tmp/global2/ssushko/TE_evolution/1001Gp_TE_ANNOT/panTEome_v3_1001Gp/annotation_chr_s/single_genome_EDTA/100839/100839.Chr_scaffolds.fa.mod.EDTA.TElib.mincopyfiltered.fa
    wildcards: sample=100839
    resources: mem_mb=1000, mem_mib=954, disk_mb=1000, disk_mib=954, tmpdir=<TBD>


[Fri Sep  5 14:44:40 2025]
rule extract_min_n_fl_copies:
    input: /tmp/global2/ssushko/TE_evolution/1001Gp_TE_ANNOT/panTEome_v3_1001Gp/annotation_chr_s/single_genome_EDTA/100916/100916.Chr_scaffolds.fa.mod.EDTA.TEanno.sgannot.gff3, /tmp/global2/ssushko/TE_evolution/1001Gp_TE_ANNOT/panTEome_v3_1001Gp/annotation_chr_s/single_genome_EDTA/100916/100916.Chr_scaffolds.fa.mod.EDTA.anno/100916.Chr_scaffolds.fa.mod.EDTA.RM.out
    output: /tmp/global2/ssushko/TE_evolution/1001Gp_TE_ANNOT/panTEome_v3_1001Gp/annotation_chr_s/single_genome_EDTA/100916/100916.Chr_scaffolds.fa.mod.EDTA.TElib.fa.keep.list, /tmp/global2/ssushko/TE_evolution/1001Gp_TE_ANNOT/panTEome_v3_1001Gp/annotation_chr_s/single_genome_EDTA/100916/100916.Chr_scaffolds.fa.mod.EDTA.TElib.mincopyfiltered.fa
    log: logs/100916_extr_minnflcop.log
    jobid: 1935
    reason: Missing output files: /tmp/global2/ssushko/TE_evolution/1001Gp_TE_ANNOT/panTEome_v3_1001Gp/annotation_chr_s/single_genome_EDTA/100916/100916.Chr_scaffolds.fa.mod.EDTA.TElib.mincopyfiltered.fa
    wildcards: sample=100916
    resources: mem_mb=1000, mem_mib=954, disk_mb=1000, disk_mib=954, tmpdir=<TBD>


[Fri Sep  5 14:44:40 2025]
rule extract_min_n_fl_copies:
    input: /tmp/global2/ssushko/TE_evolution/1001Gp_TE_ANNOT/panTEome_v3_1001Gp/annotation_chr_s/single_genome_EDTA/100937/100937.Chr_scaffolds.fa.mod.EDTA.TEanno.sgannot.gff3, /tmp/global2/ssushko/TE_evolution/1001Gp_TE_ANNOT/panTEome_v3_1001Gp/annotation_chr_s/single_genome_EDTA/100937/100937.Chr_scaffolds.fa.mod.EDTA.anno/100937.Chr_scaffolds.fa.mod.EDTA.RM.out
    output: /tmp/global2/ssushko/TE_evolution/1001Gp_TE_ANNOT/panTEome_v3_1001Gp/annotation_chr_s/single_genome_EDTA/100937/100937.Chr_scaffolds.fa.mod.EDTA.TElib.fa.keep.list, /tmp/global2/ssushko/TE_evolution/1001Gp_TE_ANNOT/panTEome_v3_1001Gp/annotation_chr_s/single_genome_EDTA/100937/100937.Chr_scaffolds.fa.mod.EDTA.TElib.mincopyfiltered.fa
    log: logs/100937_extr_minnflcop.log
    jobid: 2019
    reason: Missing output files: /tmp/global2/ssushko/TE_evolution/1001Gp_TE_ANNOT/panTEome_v3_1001Gp/annotation_chr_s/single_genome_EDTA/100937/100937.Chr_scaffolds.fa.mod.EDTA.TElib.mincopyfiltered.fa
    wildcards: sample=100937
    resources: mem_mb=1000, mem_mib=954, disk_mb=1000, disk_mib=954, tmpdir=<TBD>


[Fri Sep  5 14:44:40 2025]
rule extract_min_n_fl_copies:
    input: /tmp/global2/ssushko/TE_evolution/1001Gp_TE_ANNOT/panTEome_v3_1001Gp/annotation_chr_s/single_genome_EDTA/100340/100340.Chr_scaffolds.fa.mod.EDTA.TEanno.sgannot.gff3, /tmp/global2/ssushko/TE_evolution/1001Gp_TE_ANNOT/panTEome_v3_1001Gp/annotation_chr_s/single_genome_EDTA/100340/100340.Chr_scaffolds.fa.mod.EDTA.anno/100340.Chr_scaffolds.fa.mod.EDTA.RM.out
    output: /tmp/global2/ssushko/TE_evolution/1001Gp_TE_ANNOT/panTEome_v3_1001Gp/annotation_chr_s/single_genome_EDTA/100340/100340.Chr_scaffolds.fa.mod.EDTA.TElib.fa.keep.list, /tmp/global2/ssushko/TE_evolution/1001Gp_TE_ANNOT/panTEome_v3_1001Gp/annotation_chr_s/single_genome_EDTA/100340/100340.Chr_scaffolds.fa.mod.EDTA.TElib.mincopyfiltered.fa
    log: logs/100340_extr_minnflcop.log
    jobid: 743
    reason: Missing output files: /tmp/global2/ssushko/TE_evolution/1001Gp_TE_ANNOT/panTEome_v3_1001Gp/annotation_chr_s/single_genome_EDTA/100340/100340.Chr_scaffolds.fa.mod.EDTA.TElib.mincopyfiltered.fa
    wildcards: sample=100340
    resources: mem_mb=1000, mem_mib=954, disk_mb=1000, disk_mib=954, tmpdir=<TBD>


[Fri Sep  5 14:44:40 2025]
rule extract_min_n_fl_copies:
    input: /tmp/global2/ssushko/TE_evolution/1001Gp_TE_ANNOT/panTEome_v3_1001Gp/annotation_chr_s/single_genome_EDTA/100924/100924.Chr_scaffolds.fa.mod.EDTA.TEanno.sgannot.gff3, /tmp/global2/ssushko/TE_evolution/1001Gp_TE_ANNOT/panTEome_v3_1001Gp/annotation_chr_s/single_genome_EDTA/100924/100924.Chr_scaffolds.fa.mod.EDTA.anno/100924.Chr_scaffolds.fa.mod.EDTA.RM.out
    output: /tmp/global2/ssushko/TE_evolution/1001Gp_TE_ANNOT/panTEome_v3_1001Gp/annotation_chr_s/single_genome_EDTA/100924/100924.Chr_scaffolds.fa.mod.EDTA.TElib.fa.keep.list, /tmp/global2/ssushko/TE_evolution/1001Gp_TE_ANNOT/panTEome_v3_1001Gp/annotation_chr_s/single_genome_EDTA/100924/100924.Chr_scaffolds.fa.mod.EDTA.TElib.mincopyfiltered.fa
    log: logs/100924_extr_minnflcop.log
    jobid: 1967
    reason: Missing output files: /tmp/global2/ssushko/TE_evolution/1001Gp_TE_ANNOT/panTEome_v3_1001Gp/annotation_chr_s/single_genome_EDTA/100924/100924.Chr_scaffolds.fa.mod.EDTA.TElib.mincopyfiltered.fa
    wildcards: sample=100924
    resources: mem_mb=1000, mem_mib=954, disk_mb=1000, disk_mib=954, tmpdir=<TBD>


[Fri Sep  5 14:44:40 2025]
rule extract_min_n_fl_copies:
    input: /tmp/global2/ssushko/TE_evolution/1001Gp_TE_ANNOT/panTEome_v3_1001Gp/annotation_chr_s/single_genome_EDTA/101039/101039.Chr_scaffolds.fa.mod.EDTA.TEanno.sgannot.gff3, /tmp/global2/ssushko/TE_evolution/1001Gp_TE_ANNOT/panTEome_v3_1001Gp/annotation_chr_s/single_genome_EDTA/101039/101039.Chr_scaffolds.fa.mod.EDTA.anno/101039.Chr_scaffolds.fa.mod.EDTA.RM.out
    output: /tmp/global2/ssushko/TE_evolution/1001Gp_TE_ANNOT/panTEome_v3_1001Gp/annotation_chr_s/single_genome_EDTA/101039/101039.Chr_scaffolds.fa.mod.EDTA.TElib.fa.keep.list, /tmp/global2/ssushko/TE_evolution/1001Gp_TE_ANNOT/panTEome_v3_1001Gp/annotation_chr_s/single_genome_EDTA/101039/101039.Chr_scaffolds.fa.mod.EDTA.TElib.mincopyfiltered.fa
    log: logs/101039_extr_minnflcop.log
    jobid: 2427
    reason: Missing output files: /tmp/global2/ssushko/TE_evolution/1001Gp_TE_ANNOT/panTEome_v3_1001Gp/annotation_chr_s/single_genome_EDTA/101039/101039.Chr_scaffolds.fa.mod.EDTA.TElib.mincopyfiltered.fa
    wildcards: sample=101039
    resources: mem_mb=1000, mem_mib=954, disk_mb=1000, disk_mib=954, tmpdir=<TBD>


[Fri Sep  5 14:44:40 2025]
rule extract_min_n_fl_copies:
    input: /tmp/global2/ssushko/TE_evolution/1001Gp_TE_ANNOT/panTEome_v3_1001Gp/annotation_chr_s/single_genome_EDTA/100702/100702.Chr_scaffolds.fa.mod.EDTA.TEanno.sgannot.gff3, /tmp/global2/ssushko/TE_evolution/1001Gp_TE_ANNOT/panTEome_v3_1001Gp/annotation_chr_s/single_genome_EDTA/100702/100702.Chr_scaffolds.fa.mod.EDTA.anno/100702.Chr_scaffolds.fa.mod.EDTA.RM.out
    output: /tmp/global2/ssushko/TE_evolution/1001Gp_TE_ANNOT/panTEome_v3_1001Gp/annotation_chr_s/single_genome_EDTA/100702/100702.Chr_scaffolds.fa.mod.EDTA.TElib.fa.keep.list, /tmp/global2/ssushko/TE_evolution/1001Gp_TE_ANNOT/panTEome_v3_1001Gp/annotation_chr_s/single_genome_EDTA/100702/100702.Chr_scaffolds.fa.mod.EDTA.TElib.mincopyfiltered.fa
    log: logs/100702_extr_minnflcop.log
    jobid: 1083
    reason: Missing output files: /tmp/global2/ssushko/TE_evolution/1001Gp_TE_ANNOT/panTEome_v3_1001Gp/annotation_chr_s/single_genome_EDTA/100702/100702.Chr_scaffolds.fa.mod.EDTA.TElib.mincopyfiltered.fa
    wildcards: sample=100702
    resources: mem_mb=1000, mem_mib=954, disk_mb=1000, disk_mib=954, tmpdir=<TBD>


[Fri Sep  5 14:44:40 2025]
rule extract_min_n_fl_copies:
    input: /tmp/global2/ssushko/TE_evolution/1001Gp_TE_ANNOT/panTEome_v3_1001Gp/annotation_chr_s/single_genome_EDTA/100476/100476.Chr_scaffolds.fa.mod.EDTA.TEanno.sgannot.gff3, /tmp/global2/ssushko/TE_evolution/1001Gp_TE_ANNOT/panTEome_v3_1001Gp/annotation_chr_s/single_genome_EDTA/100476/100476.Chr_scaffolds.fa.mod.EDTA.anno/100476.Chr_scaffolds.fa.mod.EDTA.RM.out
    output: /tmp/global2/ssushko/TE_evolution/1001Gp_TE_ANNOT/panTEome_v3_1001Gp/annotation_chr_s/single_genome_EDTA/100476/100476.Chr_scaffolds.fa.mod.EDTA.TElib.fa.keep.list, /tmp/global2/ssushko/TE_evolution/1001Gp_TE_ANNOT/panTEome_v3_1001Gp/annotation_chr_s/single_genome_EDTA/100476/100476.Chr_scaffolds.fa.mod.EDTA.TElib.mincopyfiltered.fa
    log: logs/100476_extr_minnflcop.log
    jobid: 775
    reason: Missing output files: /tmp/global2/ssushko/TE_evolution/1001Gp_TE_ANNOT/panTEome_v3_1001Gp/annotation_chr_s/single_genome_EDTA/100476/100476.Chr_scaffolds.fa.mod.EDTA.TElib.mincopyfiltered.fa
    wildcards: sample=100476
    resources: mem_mb=1000, mem_mib=954, disk_mb=1000, disk_mib=954, tmpdir=<TBD>


[Fri Sep  5 14:44:40 2025]
rule extract_min_n_fl_copies:
    input: /tmp/global2/ssushko/TE_evolution/1001Gp_TE_ANNOT/panTEome_v3_1001Gp/annotation_chr_s/single_genome_EDTA/100102/100102.Chr_scaffolds.fa.mod.EDTA.TEanno.sgannot.gff3, /tmp/global2/ssushko/TE_evolution/1001Gp_TE_ANNOT/panTEome_v3_1001Gp/annotation_chr_s/single_genome_EDTA/100102/100102.Chr_scaffolds.fa.mod.EDTA.anno/100102.Chr_scaffolds.fa.mod.EDTA.RM.out
    output: /tmp/global2/ssushko/TE_evolution/1001Gp_TE_ANNOT/panTEome_v3_1001Gp/annotation_chr_s/single_genome_EDTA/100102/100102.Chr_scaffolds.fa.mod.EDTA.TElib.fa.keep.list, /tmp/global2/ssushko/TE_evolution/1001Gp_TE_ANNOT/panTEome_v3_1001Gp/annotation_chr_s/single_genome_EDTA/100102/100102.Chr_scaffolds.fa.mod.EDTA.TElib.mincopyfiltered.fa
    log: logs/100102_extr_minnflcop.log
    jobid: 287
    reason: Missing output files: /tmp/global2/ssushko/TE_evolution/1001Gp_TE_ANNOT/panTEome_v3_1001Gp/annotation_chr_s/single_genome_EDTA/100102/100102.Chr_scaffolds.fa.mod.EDTA.TElib.mincopyfiltered.fa
    wildcards: sample=100102
    resources: mem_mb=1000, mem_mib=954, disk_mb=1000, disk_mib=954, tmpdir=<TBD>


[Fri Sep  5 14:44:40 2025]
rule extract_min_n_fl_copies:
    input: /tmp/global2/ssushko/TE_evolution/1001Gp_TE_ANNOT/panTEome_v3_1001Gp/annotation_chr_s/single_genome_EDTA/100140/100140.Chr_scaffolds.fa.mod.EDTA.TEanno.sgannot.gff3, /tmp/global2/ssushko/TE_evolution/1001Gp_TE_ANNOT/panTEome_v3_1001Gp/annotation_chr_s/single_genome_EDTA/100140/100140.Chr_scaffolds.fa.mod.EDTA.anno/100140.Chr_scaffolds.fa.mod.EDTA.RM.out
    output: /tmp/global2/ssushko/TE_evolution/1001Gp_TE_ANNOT/panTEome_v3_1001Gp/annotation_chr_s/single_genome_EDTA/100140/100140.Chr_scaffolds.fa.mod.EDTA.TElib.fa.keep.list, /tmp/global2/ssushko/TE_evolution/1001Gp_TE_ANNOT/panTEome_v3_1001Gp/annotation_chr_s/single_genome_EDTA/100140/100140.Chr_scaffolds.fa.mod.EDTA.TElib.mincopyfiltered.fa
    log: logs/100140_extr_minnflcop.log
    jobid: 427
    reason: Missing output files: /tmp/global2/ssushko/TE_evolution/1001Gp_TE_ANNOT/panTEome_v3_1001Gp/annotation_chr_s/single_genome_EDTA/100140/100140.Chr_scaffolds.fa.mod.EDTA.TElib.mincopyfiltered.fa
    wildcards: sample=100140
    resources: mem_mb=1000, mem_mib=954, disk_mb=1000, disk_mib=954, tmpdir=<TBD>


[Fri Sep  5 14:44:40 2025]
rule extract_min_n_fl_copies:
    input: /tmp/global2/ssushko/TE_evolution/1001Gp_TE_ANNOT/panTEome_v3_1001Gp/annotation_chr_s/single_genome_EDTA/100730/100730.Chr_scaffolds.fa.mod.EDTA.TEanno.sgannot.gff3, /tmp/global2/ssushko/TE_evolution/1001Gp_TE_ANNOT/panTEome_v3_1001Gp/annotation_chr_s/single_genome_EDTA/100730/100730.Chr_scaffolds.fa.mod.EDTA.anno/100730.Chr_scaffolds.fa.mod.EDTA.RM.out
    output: /tmp/global2/ssushko/TE_evolution/1001Gp_TE_ANNOT/panTEome_v3_1001Gp/annotation_chr_s/single_genome_EDTA/100730/100730.Chr_scaffolds.fa.mod.EDTA.TElib.fa.keep.list, /tmp/global2/ssushko/TE_evolution/1001Gp_TE_ANNOT/panTEome_v3_1001Gp/annotation_chr_s/single_genome_EDTA/100730/100730.Chr_scaffolds.fa.mod.EDTA.TElib.mincopyfiltered.fa
    log: logs/100730_extr_minnflcop.log
    jobid: 1195
    reason: Missing output files: /tmp/global2/ssushko/TE_evolution/1001Gp_TE_ANNOT/panTEome_v3_1001Gp/annotation_chr_s/single_genome_EDTA/100730/100730.Chr_scaffolds.fa.mod.EDTA.TElib.mincopyfiltered.fa
    wildcards: sample=100730
    resources: mem_mb=1000, mem_mib=954, disk_mb=1000, disk_mib=954, tmpdir=<TBD>


[Fri Sep  5 14:44:40 2025]
rule extract_min_n_fl_copies:
    input: /tmp/global2/ssushko/TE_evolution/1001Gp_TE_ANNOT/panTEome_v3_1001Gp/annotation_chr_s/single_genome_EDTA/100622/100622.Chr_scaffolds.fa.mod.EDTA.TEanno.sgannot.gff3, /tmp/global2/ssushko/TE_evolution/1001Gp_TE_ANNOT/panTEome_v3_1001Gp/annotation_chr_s/single_genome_EDTA/100622/100622.Chr_scaffolds.fa.mod.EDTA.anno/100622.Chr_scaffolds.fa.mod.EDTA.RM.out
    output: /tmp/global2/ssushko/TE_evolution/1001Gp_TE_ANNOT/panTEome_v3_1001Gp/annotation_chr_s/single_genome_EDTA/100622/100622.Chr_scaffolds.fa.mod.EDTA.TElib.fa.keep.list, /tmp/global2/ssushko/TE_evolution/1001Gp_TE_ANNOT/panTEome_v3_1001Gp/annotation_chr_s/single_genome_EDTA/100622/100622.Chr_scaffolds.fa.mod.EDTA.TElib.mincopyfiltered.fa
    log: logs/100622_extr_minnflcop.log
    jobid: 887
    reason: Missing output files: /tmp/global2/ssushko/TE_evolution/1001Gp_TE_ANNOT/panTEome_v3_1001Gp/annotation_chr_s/single_genome_EDTA/100622/100622.Chr_scaffolds.fa.mod.EDTA.TElib.mincopyfiltered.fa
    wildcards: sample=100622
    resources: mem_mb=1000, mem_mib=954, disk_mb=1000, disk_mib=954, tmpdir=<TBD>


[Fri Sep  5 14:44:40 2025]
rule extract_min_n_fl_copies:
    input: /tmp/global2/ssushko/TE_evolution/1001Gp_TE_ANNOT/panTEome_v3_1001Gp/annotation_chr_s/single_genome_EDTA/100737/100737.Chr_scaffolds.fa.mod.EDTA.TEanno.sgannot.gff3, /tmp/global2/ssushko/TE_evolution/1001Gp_TE_ANNOT/panTEome_v3_1001Gp/annotation_chr_s/single_genome_EDTA/100737/100737.Chr_scaffolds.fa.mod.EDTA.anno/100737.Chr_scaffolds.fa.mod.EDTA.RM.out
    output: /tmp/global2/ssushko/TE_evolution/1001Gp_TE_ANNOT/panTEome_v3_1001Gp/annotation_chr_s/single_genome_EDTA/100737/100737.Chr_scaffolds.fa.mod.EDTA.TElib.fa.keep.list, /tmp/global2/ssushko/TE_evolution/1001Gp_TE_ANNOT/panTEome_v3_1001Gp/annotation_chr_s/single_genome_EDTA/100737/100737.Chr_scaffolds.fa.mod.EDTA.TElib.mincopyfiltered.fa
    log: logs/100737_extr_minnflcop.log
    jobid: 1223
    reason: Missing output files: /tmp/global2/ssushko/TE_evolution/1001Gp_TE_ANNOT/panTEome_v3_1001Gp/annotation_chr_s/single_genome_EDTA/100737/100737.Chr_scaffolds.fa.mod.EDTA.TElib.mincopyfiltered.fa
    wildcards: sample=100737
    resources: mem_mb=1000, mem_mib=954, disk_mb=1000, disk_mib=954, tmpdir=<TBD>


[Fri Sep  5 14:44:40 2025]
rule extract_min_n_fl_copies:
    input: /tmp/global2/ssushko/TE_evolution/1001Gp_TE_ANNOT/panTEome_v3_1001Gp/annotation_chr_s/single_genome_EDTA/100758/100758.Chr_scaffolds.fa.mod.EDTA.TEanno.sgannot.gff3, /tmp/global2/ssushko/TE_evolution/1001Gp_TE_ANNOT/panTEome_v3_1001Gp/annotation_chr_s/single_genome_EDTA/100758/100758.Chr_scaffolds.fa.mod.EDTA.anno/100758.Chr_scaffolds.fa.mod.EDTA.RM.out
    output: /tmp/global2/ssushko/TE_evolution/1001Gp_TE_ANNOT/panTEome_v3_1001Gp/annotation_chr_s/single_genome_EDTA/100758/100758.Chr_scaffolds.fa.mod.EDTA.TElib.fa.keep.list, /tmp/global2/ssushko/TE_evolution/1001Gp_TE_ANNOT/panTEome_v3_1001Gp/annotation_chr_s/single_genome_EDTA/100758/100758.Chr_scaffolds.fa.mod.EDTA.TElib.mincopyfiltered.fa
    log: logs/100758_extr_minnflcop.log
    jobid: 1307
    reason: Missing output files: /tmp/global2/ssushko/TE_evolution/1001Gp_TE_ANNOT/panTEome_v3_1001Gp/annotation_chr_s/single_genome_EDTA/100758/100758.Chr_scaffolds.fa.mod.EDTA.TElib.mincopyfiltered.fa
    wildcards: sample=100758
    resources: mem_mb=1000, mem_mib=954, disk_mb=1000, disk_mib=954, tmpdir=<TBD>


[Fri Sep  5 14:44:40 2025]
rule extract_min_n_fl_copies:
    input: /tmp/global2/ssushko/TE_evolution/1001Gp_TE_ANNOT/panTEome_v3_1001Gp/annotation_chr_s/single_genome_EDTA/100871/100871.Chr_scaffolds.fa.mod.EDTA.TEanno.sgannot.gff3, /tmp/global2/ssushko/TE_evolution/1001Gp_TE_ANNOT/panTEome_v3_1001Gp/annotation_chr_s/single_genome_EDTA/100871/100871.Chr_scaffolds.fa.mod.EDTA.anno/100871.Chr_scaffolds.fa.mod.EDTA.RM.out
    output: /tmp/global2/ssushko/TE_evolution/1001Gp_TE_ANNOT/panTEome_v3_1001Gp/annotation_chr_s/single_genome_EDTA/100871/100871.Chr_scaffolds.fa.mod.EDTA.TElib.fa.keep.list, /tmp/global2/ssushko/TE_evolution/1001Gp_TE_ANNOT/panTEome_v3_1001Gp/annotation_chr_s/single_genome_EDTA/100871/100871.Chr_scaffolds.fa.mod.EDTA.TElib.mincopyfiltered.fa
    log: logs/100871_extr_minnflcop.log
    jobid: 1755
    reason: Missing output files: /tmp/global2/ssushko/TE_evolution/1001Gp_TE_ANNOT/panTEome_v3_1001Gp/annotation_chr_s/single_genome_EDTA/100871/100871.Chr_scaffolds.fa.mod.EDTA.TElib.mincopyfiltered.fa
    wildcards: sample=100871
    resources: mem_mb=1000, mem_mib=954, disk_mb=1000, disk_mib=954, tmpdir=<TBD>


[Fri Sep  5 14:44:40 2025]
rule extract_min_n_fl_copies:
    input: /tmp/global2/ssushko/TE_evolution/1001Gp_TE_ANNOT/panTEome_v3_1001Gp/annotation_chr_s/single_genome_EDTA/101031/101031.Chr_scaffolds.fa.mod.EDTA.TEanno.sgannot.gff3, /tmp/global2/ssushko/TE_evolution/1001Gp_TE_ANNOT/panTEome_v3_1001Gp/annotation_chr_s/single_genome_EDTA/101031/101031.Chr_scaffolds.fa.mod.EDTA.anno/101031.Chr_scaffolds.fa.mod.EDTA.RM.out
    output: /tmp/global2/ssushko/TE_evolution/1001Gp_TE_ANNOT/panTEome_v3_1001Gp/annotation_chr_s/single_genome_EDTA/101031/101031.Chr_scaffolds.fa.mod.EDTA.TElib.fa.keep.list, /tmp/global2/ssushko/TE_evolution/1001Gp_TE_ANNOT/panTEome_v3_1001Gp/annotation_chr_s/single_genome_EDTA/101031/101031.Chr_scaffolds.fa.mod.EDTA.TElib.mincopyfiltered.fa
    log: logs/101031_extr_minnflcop.log
    jobid: 2395
    reason: Missing output files: /tmp/global2/ssushko/TE_evolution/1001Gp_TE_ANNOT/panTEome_v3_1001Gp/annotation_chr_s/single_genome_EDTA/101031/101031.Chr_scaffolds.fa.mod.EDTA.TElib.mincopyfiltered.fa
    wildcards: sample=101031
    resources: mem_mb=1000, mem_mib=954, disk_mb=1000, disk_mib=954, tmpdir=<TBD>


[Fri Sep  5 14:44:40 2025]
rule extract_min_n_fl_copies:
    input: /tmp/global2/ssushko/TE_evolution/1001Gp_TE_ANNOT/panTEome_v3_1001Gp/annotation_chr_s/single_genome_EDTA/100049/100049.Chr_scaffolds.fa.mod.EDTA.TEanno.sgannot.gff3, /tmp/global2/ssushko/TE_evolution/1001Gp_TE_ANNOT/panTEome_v3_1001Gp/annotation_chr_s/single_genome_EDTA/100049/100049.Chr_scaffolds.fa.mod.EDTA.anno/100049.Chr_scaffolds.fa.mod.EDTA.RM.out
    output: /tmp/global2/ssushko/TE_evolution/1001Gp_TE_ANNOT/panTEome_v3_1001Gp/annotation_chr_s/single_genome_EDTA/100049/100049.Chr_scaffolds.fa.mod.EDTA.TElib.fa.keep.list, /tmp/global2/ssushko/TE_evolution/1001Gp_TE_ANNOT/panTEome_v3_1001Gp/annotation_chr_s/single_genome_EDTA/100049/100049.Chr_scaffolds.fa.mod.EDTA.TElib.mincopyfiltered.fa
    log: logs/100049_extr_minnflcop.log
    jobid: 79
    reason: Missing output files: /tmp/global2/ssushko/TE_evolution/1001Gp_TE_ANNOT/panTEome_v3_1001Gp/annotation_chr_s/single_genome_EDTA/100049/100049.Chr_scaffolds.fa.mod.EDTA.TElib.mincopyfiltered.fa
    wildcards: sample=100049
    resources: mem_mb=1000, mem_mib=954, disk_mb=1000, disk_mib=954, tmpdir=<TBD>


[Fri Sep  5 14:44:40 2025]
rule extract_min_n_fl_copies:
    input: /tmp/global2/ssushko/TE_evolution/1001Gp_TE_ANNOT/panTEome_v3_1001Gp/annotation_chr_s/single_genome_EDTA/100678/100678.Chr_scaffolds.fa.mod.EDTA.TEanno.sgannot.gff3, /tmp/global2/ssushko/TE_evolution/1001Gp_TE_ANNOT/panTEome_v3_1001Gp/annotation_chr_s/single_genome_EDTA/100678/100678.Chr_scaffolds.fa.mod.EDTA.anno/100678.Chr_scaffolds.fa.mod.EDTA.RM.out
    output: /tmp/global2/ssushko/TE_evolution/1001Gp_TE_ANNOT/panTEome_v3_1001Gp/annotation_chr_s/single_genome_EDTA/100678/100678.Chr_scaffolds.fa.mod.EDTA.TElib.fa.keep.list, /tmp/global2/ssushko/TE_evolution/1001Gp_TE_ANNOT/panTEome_v3_1001Gp/annotation_chr_s/single_genome_EDTA/100678/100678.Chr_scaffolds.fa.mod.EDTA.TElib.mincopyfiltered.fa
    log: logs/100678_extr_minnflcop.log
    jobid: 987
    reason: Missing output files: /tmp/global2/ssushko/TE_evolution/1001Gp_TE_ANNOT/panTEome_v3_1001Gp/annotation_chr_s/single_genome_EDTA/100678/100678.Chr_scaffolds.fa.mod.EDTA.TElib.mincopyfiltered.fa
    wildcards: sample=100678
    resources: mem_mb=1000, mem_mib=954, disk_mb=1000, disk_mib=954, tmpdir=<TBD>


[Fri Sep  5 14:44:40 2025]
rule extract_min_n_fl_copies:
    input: /tmp/global2/ssushko/TE_evolution/1001Gp_TE_ANNOT/panTEome_v3_1001Gp/annotation_chr_s/single_genome_EDTA/100748/100748.Chr_scaffolds.fa.mod.EDTA.TEanno.sgannot.gff3, /tmp/global2/ssushko/TE_evolution/1001Gp_TE_ANNOT/panTEome_v3_1001Gp/annotation_chr_s/single_genome_EDTA/100748/100748.Chr_scaffolds.fa.mod.EDTA.anno/100748.Chr_scaffolds.fa.mod.EDTA.RM.out
    output: /tmp/global2/ssushko/TE_evolution/1001Gp_TE_ANNOT/panTEome_v3_1001Gp/annotation_chr_s/single_genome_EDTA/100748/100748.Chr_scaffolds.fa.mod.EDTA.TElib.fa.keep.list, /tmp/global2/ssushko/TE_evolution/1001Gp_TE_ANNOT/panTEome_v3_1001Gp/annotation_chr_s/single_genome_EDTA/100748/100748.Chr_scaffolds.fa.mod.EDTA.TElib.mincopyfiltered.fa
    log: logs/100748_extr_minnflcop.log
    jobid: 1267
    reason: Missing output files: /tmp/global2/ssushko/TE_evolution/1001Gp_TE_ANNOT/panTEome_v3_1001Gp/annotation_chr_s/single_genome_EDTA/100748/100748.Chr_scaffolds.fa.mod.EDTA.TElib.mincopyfiltered.fa
    wildcards: sample=100748
    resources: mem_mb=1000, mem_mib=954, disk_mb=1000, disk_mib=954, tmpdir=<TBD>


[Fri Sep  5 14:44:40 2025]
rule extract_min_n_fl_copies:
    input: /tmp/global2/ssushko/TE_evolution/1001Gp_TE_ANNOT/panTEome_v3_1001Gp/annotation_chr_s/single_genome_EDTA/100784/100784.Chr_scaffolds.fa.mod.EDTA.TEanno.sgannot.gff3, /tmp/global2/ssushko/TE_evolution/1001Gp_TE_ANNOT/panTEome_v3_1001Gp/annotation_chr_s/single_genome_EDTA/100784/100784.Chr_scaffolds.fa.mod.EDTA.anno/100784.Chr_scaffolds.fa.mod.EDTA.RM.out
    output: /tmp/global2/ssushko/TE_evolution/1001Gp_TE_ANNOT/panTEome_v3_1001Gp/annotation_chr_s/single_genome_EDTA/100784/100784.Chr_scaffolds.fa.mod.EDTA.TElib.fa.keep.list, /tmp/global2/ssushko/TE_evolution/1001Gp_TE_ANNOT/panTEome_v3_1001Gp/annotation_chr_s/single_genome_EDTA/100784/100784.Chr_scaffolds.fa.mod.EDTA.TElib.mincopyfiltered.fa
    log: logs/100784_extr_minnflcop.log
    jobid: 1407
    reason: Missing output files: /tmp/global2/ssushko/TE_evolution/1001Gp_TE_ANNOT/panTEome_v3_1001Gp/annotation_chr_s/single_genome_EDTA/100784/100784.Chr_scaffolds.fa.mod.EDTA.TElib.mincopyfiltered.fa
    wildcards: sample=100784
    resources: mem_mb=1000, mem_mib=954, disk_mb=1000, disk_mib=954, tmpdir=<TBD>


[Fri Sep  5 14:44:40 2025]
rule extract_min_n_fl_copies:
    input: /tmp/global2/ssushko/TE_evolution/1001Gp_TE_ANNOT/panTEome_v3_1001Gp/annotation_chr_s/single_genome_EDTA/100812/100812.Chr_scaffolds.fa.mod.EDTA.TEanno.sgannot.gff3, /tmp/global2/ssushko/TE_evolution/1001Gp_TE_ANNOT/panTEome_v3_1001Gp/annotation_chr_s/single_genome_EDTA/100812/100812.Chr_scaffolds.fa.mod.EDTA.anno/100812.Chr_scaffolds.fa.mod.EDTA.RM.out
    output: /tmp/global2/ssushko/TE_evolution/1001Gp_TE_ANNOT/panTEome_v3_1001Gp/annotation_chr_s/single_genome_EDTA/100812/100812.Chr_scaffolds.fa.mod.EDTA.TElib.fa.keep.list, /tmp/global2/ssushko/TE_evolution/1001Gp_TE_ANNOT/panTEome_v3_1001Gp/annotation_chr_s/single_genome_EDTA/100812/100812.Chr_scaffolds.fa.mod.EDTA.TElib.mincopyfiltered.fa
    log: logs/100812_extr_minnflcop.log
    jobid: 1519
    reason: Missing output files: /tmp/global2/ssushko/TE_evolution/1001Gp_TE_ANNOT/panTEome_v3_1001Gp/annotation_chr_s/single_genome_EDTA/100812/100812.Chr_scaffolds.fa.mod.EDTA.TElib.mincopyfiltered.fa
    wildcards: sample=100812
    resources: mem_mb=1000, mem_mib=954, disk_mb=1000, disk_mib=954, tmpdir=<TBD>


[Fri Sep  5 14:44:40 2025]
rule extract_min_n_fl_copies:
    input: /tmp/global2/ssushko/TE_evolution/1001Gp_TE_ANNOT/panTEome_v3_1001Gp/annotation_chr_s/single_genome_EDTA/100819/100819.Chr_scaffolds.fa.mod.EDTA.TEanno.sgannot.gff3, /tmp/global2/ssushko/TE_evolution/1001Gp_TE_ANNOT/panTEome_v3_1001Gp/annotation_chr_s/single_genome_EDTA/100819/100819.Chr_scaffolds.fa.mod.EDTA.anno/100819.Chr_scaffolds.fa.mod.EDTA.RM.out
    output: /tmp/global2/ssushko/TE_evolution/1001Gp_TE_ANNOT/panTEome_v3_1001Gp/annotation_chr_s/single_genome_EDTA/100819/100819.Chr_scaffolds.fa.mod.EDTA.TElib.fa.keep.list, /tmp/global2/ssushko/TE_evolution/1001Gp_TE_ANNOT/panTEome_v3_1001Gp/annotation_chr_s/single_genome_EDTA/100819/100819.Chr_scaffolds.fa.mod.EDTA.TElib.mincopyfiltered.fa
    log: logs/100819_extr_minnflcop.log
    jobid: 1547
    reason: Missing output files: /tmp/global2/ssushko/TE_evolution/1001Gp_TE_ANNOT/panTEome_v3_1001Gp/annotation_chr_s/single_genome_EDTA/100819/100819.Chr_scaffolds.fa.mod.EDTA.TElib.mincopyfiltered.fa
    wildcards: sample=100819
    resources: mem_mb=1000, mem_mib=954, disk_mb=1000, disk_mib=954, tmpdir=<TBD>


[Fri Sep  5 14:44:40 2025]
rule extract_min_n_fl_copies:
    input: /tmp/global2/ssushko/TE_evolution/1001Gp_TE_ANNOT/panTEome_v3_1001Gp/annotation_chr_s/single_genome_EDTA/100882/100882.Chr_scaffolds.fa.mod.EDTA.TEanno.sgannot.gff3, /tmp/global2/ssushko/TE_evolution/1001Gp_TE_ANNOT/panTEome_v3_1001Gp/annotation_chr_s/single_genome_EDTA/100882/100882.Chr_scaffolds.fa.mod.EDTA.anno/100882.Chr_scaffolds.fa.mod.EDTA.RM.out
    output: /tmp/global2/ssushko/TE_evolution/1001Gp_TE_ANNOT/panTEome_v3_1001Gp/annotation_chr_s/single_genome_EDTA/100882/100882.Chr_scaffolds.fa.mod.EDTA.TElib.fa.keep.list, /tmp/global2/ssushko/TE_evolution/1001Gp_TE_ANNOT/panTEome_v3_1001Gp/annotation_chr_s/single_genome_EDTA/100882/100882.Chr_scaffolds.fa.mod.EDTA.TElib.mincopyfiltered.fa
    log: logs/100882_extr_minnflcop.log
    jobid: 1799
    reason: Missing output files: /tmp/global2/ssushko/TE_evolution/1001Gp_TE_ANNOT/panTEome_v3_1001Gp/annotation_chr_s/single_genome_EDTA/100882/100882.Chr_scaffolds.fa.mod.EDTA.TElib.mincopyfiltered.fa
    wildcards: sample=100882
    resources: mem_mb=1000, mem_mib=954, disk_mb=1000, disk_mib=954, tmpdir=<TBD>


[Fri Sep  5 14:44:40 2025]
rule extract_min_n_fl_copies:
    input: /tmp/global2/ssushko/TE_evolution/1001Gp_TE_ANNOT/panTEome_v3_1001Gp/annotation_chr_s/single_genome_EDTA/101015/101015.Chr_scaffolds.fa.mod.EDTA.TEanno.sgannot.gff3, /tmp/global2/ssushko/TE_evolution/1001Gp_TE_ANNOT/panTEome_v3_1001Gp/annotation_chr_s/single_genome_EDTA/101015/101015.Chr_scaffolds.fa.mod.EDTA.anno/101015.Chr_scaffolds.fa.mod.EDTA.RM.out
    output: /tmp/global2/ssushko/TE_evolution/1001Gp_TE_ANNOT/panTEome_v3_1001Gp/annotation_chr_s/single_genome_EDTA/101015/101015.Chr_scaffolds.fa.mod.EDTA.TElib.fa.keep.list, /tmp/global2/ssushko/TE_evolution/1001Gp_TE_ANNOT/panTEome_v3_1001Gp/annotation_chr_s/single_genome_EDTA/101015/101015.Chr_scaffolds.fa.mod.EDTA.TElib.mincopyfiltered.fa
    log: logs/101015_extr_minnflcop.log
    jobid: 2331
    reason: Missing output files: /tmp/global2/ssushko/TE_evolution/1001Gp_TE_ANNOT/panTEome_v3_1001Gp/annotation_chr_s/single_genome_EDTA/101015/101015.Chr_scaffolds.fa.mod.EDTA.TElib.mincopyfiltered.fa
    wildcards: sample=101015
    resources: mem_mb=1000, mem_mib=954, disk_mb=1000, disk_mib=954, tmpdir=<TBD>


[Fri Sep  5 14:44:40 2025]
rule extract_min_n_fl_copies:
    input: /tmp/global2/ssushko/TE_evolution/1001Gp_TE_ANNOT/panTEome_v3_1001Gp/annotation_chr_s/single_genome_EDTA/100118/100118.Chr_scaffolds.fa.mod.EDTA.TEanno.sgannot.gff3, /tmp/global2/ssushko/TE_evolution/1001Gp_TE_ANNOT/panTEome_v3_1001Gp/annotation_chr_s/single_genome_EDTA/100118/100118.Chr_scaffolds.fa.mod.EDTA.anno/100118.Chr_scaffolds.fa.mod.EDTA.RM.out
    output: /tmp/global2/ssushko/TE_evolution/1001Gp_TE_ANNOT/panTEome_v3_1001Gp/annotation_chr_s/single_genome_EDTA/100118/100118.Chr_scaffolds.fa.mod.EDTA.TElib.fa.keep.list, /tmp/global2/ssushko/TE_evolution/1001Gp_TE_ANNOT/panTEome_v3_1001Gp/annotation_chr_s/single_genome_EDTA/100118/100118.Chr_scaffolds.fa.mod.EDTA.TElib.mincopyfiltered.fa
    log: logs/100118_extr_minnflcop.log
    jobid: 347
    reason: Missing output files: /tmp/global2/ssushko/TE_evolution/1001Gp_TE_ANNOT/panTEome_v3_1001Gp/annotation_chr_s/single_genome_EDTA/100118/100118.Chr_scaffolds.fa.mod.EDTA.TElib.mincopyfiltered.fa
    wildcards: sample=100118
    resources: mem_mb=1000, mem_mib=954, disk_mb=1000, disk_mib=954, tmpdir=<TBD>


[Fri Sep  5 14:44:40 2025]
rule extract_min_n_fl_copies:
    input: /tmp/global2/ssushko/TE_evolution/1001Gp_TE_ANNOT/panTEome_v3_1001Gp/annotation_chr_s/single_genome_EDTA/100830/100830.Chr_scaffolds.fa.mod.EDTA.TEanno.sgannot.gff3, /tmp/global2/ssushko/TE_evolution/1001Gp_TE_ANNOT/panTEome_v3_1001Gp/annotation_chr_s/single_genome_EDTA/100830/100830.Chr_scaffolds.fa.mod.EDTA.anno/100830.Chr_scaffolds.fa.mod.EDTA.RM.out
    output: /tmp/global2/ssushko/TE_evolution/1001Gp_TE_ANNOT/panTEome_v3_1001Gp/annotation_chr_s/single_genome_EDTA/100830/100830.Chr_scaffolds.fa.mod.EDTA.TElib.fa.keep.list, /tmp/global2/ssushko/TE_evolution/1001Gp_TE_ANNOT/panTEome_v3_1001Gp/annotation_chr_s/single_genome_EDTA/100830/100830.Chr_scaffolds.fa.mod.EDTA.TElib.mincopyfiltered.fa
    log: logs/100830_extr_minnflcop.log
    jobid: 1591
    reason: Missing output files: /tmp/global2/ssushko/TE_evolution/1001Gp_TE_ANNOT/panTEome_v3_1001Gp/annotation_chr_s/single_genome_EDTA/100830/100830.Chr_scaffolds.fa.mod.EDTA.TElib.mincopyfiltered.fa
    wildcards: sample=100830
    resources: mem_mb=1000, mem_mib=954, disk_mb=1000, disk_mib=954, tmpdir=<TBD>


[Fri Sep  5 14:44:40 2025]
rule extract_min_n_fl_copies:
    input: /tmp/global2/ssushko/TE_evolution/1001Gp_TE_ANNOT/panTEome_v3_1001Gp/annotation_chr_s/single_genome_EDTA/100851/100851.Chr_scaffolds.fa.mod.EDTA.TEanno.sgannot.gff3, /tmp/global2/ssushko/TE_evolution/1001Gp_TE_ANNOT/panTEome_v3_1001Gp/annotation_chr_s/single_genome_EDTA/100851/100851.Chr_scaffolds.fa.mod.EDTA.anno/100851.Chr_scaffolds.fa.mod.EDTA.RM.out
    output: /tmp/global2/ssushko/TE_evolution/1001Gp_TE_ANNOT/panTEome_v3_1001Gp/annotation_chr_s/single_genome_EDTA/100851/100851.Chr_scaffolds.fa.mod.EDTA.TElib.fa.keep.list, /tmp/global2/ssushko/TE_evolution/1001Gp_TE_ANNOT/panTEome_v3_1001Gp/annotation_chr_s/single_genome_EDTA/100851/100851.Chr_scaffolds.fa.mod.EDTA.TElib.mincopyfiltered.fa
    log: logs/100851_extr_minnflcop.log
    jobid: 1675
    reason: Missing output files: /tmp/global2/ssushko/TE_evolution/1001Gp_TE_ANNOT/panTEome_v3_1001Gp/annotation_chr_s/single_genome_EDTA/100851/100851.Chr_scaffolds.fa.mod.EDTA.TElib.mincopyfiltered.fa
    wildcards: sample=100851
    resources: mem_mb=1000, mem_mib=954, disk_mb=1000, disk_mib=954, tmpdir=<TBD>


[Fri Sep  5 14:44:40 2025]
rule extract_min_n_fl_copies:
    input: /tmp/global2/ssushko/TE_evolution/1001Gp_TE_ANNOT/panTEome_v3_1001Gp/annotation_chr_s/single_genome_EDTA/101040/101040.Chr_scaffolds.fa.mod.EDTA.TEanno.sgannot.gff3, /tmp/global2/ssushko/TE_evolution/1001Gp_TE_ANNOT/panTEome_v3_1001Gp/annotation_chr_s/single_genome_EDTA/101040/101040.Chr_scaffolds.fa.mod.EDTA.anno/101040.Chr_scaffolds.fa.mod.EDTA.RM.out
    output: /tmp/global2/ssushko/TE_evolution/1001Gp_TE_ANNOT/panTEome_v3_1001Gp/annotation_chr_s/single_genome_EDTA/101040/101040.Chr_scaffolds.fa.mod.EDTA.TElib.fa.keep.list, /tmp/global2/ssushko/TE_evolution/1001Gp_TE_ANNOT/panTEome_v3_1001Gp/annotation_chr_s/single_genome_EDTA/101040/101040.Chr_scaffolds.fa.mod.EDTA.TElib.mincopyfiltered.fa
    log: logs/101040_extr_minnflcop.log
    jobid: 2431
    reason: Missing output files: /tmp/global2/ssushko/TE_evolution/1001Gp_TE_ANNOT/panTEome_v3_1001Gp/annotation_chr_s/single_genome_EDTA/101040/101040.Chr_scaffolds.fa.mod.EDTA.TElib.mincopyfiltered.fa
    wildcards: sample=101040
    resources: mem_mb=1000, mem_mib=954, disk_mb=1000, disk_mib=954, tmpdir=<TBD>


[Fri Sep  5 14:44:40 2025]
rule extract_min_n_fl_copies:
    input: /tmp/global2/ssushko/TE_evolution/1001Gp_TE_ANNOT/panTEome_v3_1001Gp/annotation_chr_s/single_genome_EDTA/100731/100731.Chr_scaffolds.fa.mod.EDTA.TEanno.sgannot.gff3, /tmp/global2/ssushko/TE_evolution/1001Gp_TE_ANNOT/panTEome_v3_1001Gp/annotation_chr_s/single_genome_EDTA/100731/100731.Chr_scaffolds.fa.mod.EDTA.anno/100731.Chr_scaffolds.fa.mod.EDTA.RM.out
    output: /tmp/global2/ssushko/TE_evolution/1001Gp_TE_ANNOT/panTEome_v3_1001Gp/annotation_chr_s/single_genome_EDTA/100731/100731.Chr_scaffolds.fa.mod.EDTA.TElib.fa.keep.list, /tmp/global2/ssushko/TE_evolution/1001Gp_TE_ANNOT/panTEome_v3_1001Gp/annotation_chr_s/single_genome_EDTA/100731/100731.Chr_scaffolds.fa.mod.EDTA.TElib.mincopyfiltered.fa
    log: logs/100731_extr_minnflcop.log
    jobid: 1199
    reason: Missing output files: /tmp/global2/ssushko/TE_evolution/1001Gp_TE_ANNOT/panTEome_v3_1001Gp/annotation_chr_s/single_genome_EDTA/100731/100731.Chr_scaffolds.fa.mod.EDTA.TElib.mincopyfiltered.fa
    wildcards: sample=100731
    resources: mem_mb=1000, mem_mib=954, disk_mb=1000, disk_mib=954, tmpdir=<TBD>


[Fri Sep  5 14:44:40 2025]
rule extract_min_n_fl_copies:
    input: /tmp/global2/ssushko/TE_evolution/1001Gp_TE_ANNOT/panTEome_v3_1001Gp/annotation_chr_s/single_genome_EDTA/100623/100623.Chr_scaffolds.fa.mod.EDTA.TEanno.sgannot.gff3, /tmp/global2/ssushko/TE_evolution/1001Gp_TE_ANNOT/panTEome_v3_1001Gp/annotation_chr_s/single_genome_EDTA/100623/100623.Chr_scaffolds.fa.mod.EDTA.anno/100623.Chr_scaffolds.fa.mod.EDTA.RM.out
    output: /tmp/global2/ssushko/TE_evolution/1001Gp_TE_ANNOT/panTEome_v3_1001Gp/annotation_chr_s/single_genome_EDTA/100623/100623.Chr_scaffolds.fa.mod.EDTA.TElib.fa.keep.list, /tmp/global2/ssushko/TE_evolution/1001Gp_TE_ANNOT/panTEome_v3_1001Gp/annotation_chr_s/single_genome_EDTA/100623/100623.Chr_scaffolds.fa.mod.EDTA.TElib.mincopyfiltered.fa
    log: logs/100623_extr_minnflcop.log
    jobid: 891
    reason: Missing output files: /tmp/global2/ssushko/TE_evolution/1001Gp_TE_ANNOT/panTEome_v3_1001Gp/annotation_chr_s/single_genome_EDTA/100623/100623.Chr_scaffolds.fa.mod.EDTA.TElib.mincopyfiltered.fa
    wildcards: sample=100623
    resources: mem_mb=1000, mem_mib=954, disk_mb=1000, disk_mib=954, tmpdir=<TBD>


[Fri Sep  5 14:44:40 2025]
rule extract_min_n_fl_copies:
    input: /tmp/global2/ssushko/TE_evolution/1001Gp_TE_ANNOT/panTEome_v3_1001Gp/annotation_chr_s/single_genome_EDTA/100103/100103.Chr_scaffolds.fa.mod.EDTA.TEanno.sgannot.gff3, /tmp/global2/ssushko/TE_evolution/1001Gp_TE_ANNOT/panTEome_v3_1001Gp/annotation_chr_s/single_genome_EDTA/100103/100103.Chr_scaffolds.fa.mod.EDTA.anno/100103.Chr_scaffolds.fa.mod.EDTA.RM.out
    output: /tmp/global2/ssushko/TE_evolution/1001Gp_TE_ANNOT/panTEome_v3_1001Gp/annotation_chr_s/single_genome_EDTA/100103/100103.Chr_scaffolds.fa.mod.EDTA.TElib.fa.keep.list, /tmp/global2/ssushko/TE_evolution/1001Gp_TE_ANNOT/panTEome_v3_1001Gp/annotation_chr_s/single_genome_EDTA/100103/100103.Chr_scaffolds.fa.mod.EDTA.TElib.mincopyfiltered.fa
    log: logs/100103_extr_minnflcop.log
    jobid: 291
    reason: Missing output files: /tmp/global2/ssushko/TE_evolution/1001Gp_TE_ANNOT/panTEome_v3_1001Gp/annotation_chr_s/single_genome_EDTA/100103/100103.Chr_scaffolds.fa.mod.EDTA.TElib.mincopyfiltered.fa
    wildcards: sample=100103
    resources: mem_mb=1000, mem_mib=954, disk_mb=1000, disk_mib=954, tmpdir=<TBD>


[Fri Sep  5 14:44:40 2025]
rule extract_min_n_fl_copies:
    input: /tmp/global2/ssushko/TE_evolution/1001Gp_TE_ANNOT/panTEome_v3_1001Gp/annotation_chr_s/single_genome_EDTA/100141/100141.Chr_scaffolds.fa.mod.EDTA.TEanno.sgannot.gff3, /tmp/global2/ssushko/TE_evolution/1001Gp_TE_ANNOT/panTEome_v3_1001Gp/annotation_chr_s/single_genome_EDTA/100141/100141.Chr_scaffolds.fa.mod.EDTA.anno/100141.Chr_scaffolds.fa.mod.EDTA.RM.out
    output: /tmp/global2/ssushko/TE_evolution/1001Gp_TE_ANNOT/panTEome_v3_1001Gp/annotation_chr_s/single_genome_EDTA/100141/100141.Chr_scaffolds.fa.mod.EDTA.TElib.fa.keep.list, /tmp/global2/ssushko/TE_evolution/1001Gp_TE_ANNOT/panTEome_v3_1001Gp/annotation_chr_s/single_genome_EDTA/100141/100141.Chr_scaffolds.fa.mod.EDTA.TElib.mincopyfiltered.fa
    log: logs/100141_extr_minnflcop.log
    jobid: 431
    reason: Missing output files: /tmp/global2/ssushko/TE_evolution/1001Gp_TE_ANNOT/panTEome_v3_1001Gp/annotation_chr_s/single_genome_EDTA/100141/100141.Chr_scaffolds.fa.mod.EDTA.TElib.mincopyfiltered.fa
    wildcards: sample=100141
    resources: mem_mb=1000, mem_mib=954, disk_mb=1000, disk_mib=954, tmpdir=<TBD>


[Fri Sep  5 14:44:40 2025]
rule extract_min_n_fl_copies:
    input: /tmp/global2/ssushko/TE_evolution/1001Gp_TE_ANNOT/panTEome_v3_1001Gp/annotation_chr_s/single_genome_EDTA/100703/100703.Chr_scaffolds.fa.mod.EDTA.TEanno.sgannot.gff3, /tmp/global2/ssushko/TE_evolution/1001Gp_TE_ANNOT/panTEome_v3_1001Gp/annotation_chr_s/single_genome_EDTA/100703/100703.Chr_scaffolds.fa.mod.EDTA.anno/100703.Chr_scaffolds.fa.mod.EDTA.RM.out
    output: /tmp/global2/ssushko/TE_evolution/1001Gp_TE_ANNOT/panTEome_v3_1001Gp/annotation_chr_s/single_genome_EDTA/100703/100703.Chr_scaffolds.fa.mod.EDTA.TElib.fa.keep.list, /tmp/global2/ssushko/TE_evolution/1001Gp_TE_ANNOT/panTEome_v3_1001Gp/annotation_chr_s/single_genome_EDTA/100703/100703.Chr_scaffolds.fa.mod.EDTA.TElib.mincopyfiltered.fa
    log: logs/100703_extr_minnflcop.log
    jobid: 1087
    reason: Missing output files: /tmp/global2/ssushko/TE_evolution/1001Gp_TE_ANNOT/panTEome_v3_1001Gp/annotation_chr_s/single_genome_EDTA/100703/100703.Chr_scaffolds.fa.mod.EDTA.TElib.mincopyfiltered.fa
    wildcards: sample=100703
    resources: mem_mb=1000, mem_mib=954, disk_mb=1000, disk_mib=954, tmpdir=<TBD>


[Fri Sep  5 14:44:40 2025]
rule extract_min_n_fl_copies:
    input: /tmp/global2/ssushko/TE_evolution/1001Gp_TE_ANNOT/panTEome_v3_1001Gp/annotation_chr_s/single_genome_EDTA/100489/100489.Chr_scaffolds.fa.mod.EDTA.TEanno.sgannot.gff3, /tmp/global2/ssushko/TE_evolution/1001Gp_TE_ANNOT/panTEome_v3_1001Gp/annotation_chr_s/single_genome_EDTA/100489/100489.Chr_scaffolds.fa.mod.EDTA.anno/100489.Chr_scaffolds.fa.mod.EDTA.RM.out
    output: /tmp/global2/ssushko/TE_evolution/1001Gp_TE_ANNOT/panTEome_v3_1001Gp/annotation_chr_s/single_genome_EDTA/100489/100489.Chr_scaffolds.fa.mod.EDTA.TElib.fa.keep.list, /tmp/global2/ssushko/TE_evolution/1001Gp_TE_ANNOT/panTEome_v3_1001Gp/annotation_chr_s/single_genome_EDTA/100489/100489.Chr_scaffolds.fa.mod.EDTA.TElib.mincopyfiltered.fa
    log: logs/100489_extr_minnflcop.log
    jobid: 779
    reason: Missing output files: /tmp/global2/ssushko/TE_evolution/1001Gp_TE_ANNOT/panTEome_v3_1001Gp/annotation_chr_s/single_genome_EDTA/100489/100489.Chr_scaffolds.fa.mod.EDTA.TElib.mincopyfiltered.fa
    wildcards: sample=100489
    resources: mem_mb=1000, mem_mib=954, disk_mb=1000, disk_mib=954, tmpdir=<TBD>


[Fri Sep  5 14:44:40 2025]
rule extract_min_n_fl_copies:
    input: /tmp/global2/ssushko/TE_evolution/1001Gp_TE_ANNOT/panTEome_v3_1001Gp/annotation_chr_s/single_genome_EDTA/100738/100738.Chr_scaffolds.fa.mod.EDTA.TEanno.sgannot.gff3, /tmp/global2/ssushko/TE_evolution/1001Gp_TE_ANNOT/panTEome_v3_1001Gp/annotation_chr_s/single_genome_EDTA/100738/100738.Chr_scaffolds.fa.mod.EDTA.anno/100738.Chr_scaffolds.fa.mod.EDTA.RM.out
    output: /tmp/global2/ssushko/TE_evolution/1001Gp_TE_ANNOT/panTEome_v3_1001Gp/annotation_chr_s/single_genome_EDTA/100738/100738.Chr_scaffolds.fa.mod.EDTA.TElib.fa.keep.list, /tmp/global2/ssushko/TE_evolution/1001Gp_TE_ANNOT/panTEome_v3_1001Gp/annotation_chr_s/single_genome_EDTA/100738/100738.Chr_scaffolds.fa.mod.EDTA.TElib.mincopyfiltered.fa
    log: logs/100738_extr_minnflcop.log
    jobid: 1227
    reason: Missing output files: /tmp/global2/ssushko/TE_evolution/1001Gp_TE_ANNOT/panTEome_v3_1001Gp/annotation_chr_s/single_genome_EDTA/100738/100738.Chr_scaffolds.fa.mod.EDTA.TElib.mincopyfiltered.fa
    wildcards: sample=100738
    resources: mem_mb=1000, mem_mib=954, disk_mb=1000, disk_mib=954, tmpdir=<TBD>


[Fri Sep  5 14:44:40 2025]
rule extract_min_n_fl_copies:
    input: /tmp/global2/ssushko/TE_evolution/1001Gp_TE_ANNOT/panTEome_v3_1001Gp/annotation_chr_s/single_genome_EDTA/100759/100759.Chr_scaffolds.fa.mod.EDTA.TEanno.sgannot.gff3, /tmp/global2/ssushko/TE_evolution/1001Gp_TE_ANNOT/panTEome_v3_1001Gp/annotation_chr_s/single_genome_EDTA/100759/100759.Chr_scaffolds.fa.mod.EDTA.anno/100759.Chr_scaffolds.fa.mod.EDTA.RM.out
    output: /tmp/global2/ssushko/TE_evolution/1001Gp_TE_ANNOT/panTEome_v3_1001Gp/annotation_chr_s/single_genome_EDTA/100759/100759.Chr_scaffolds.fa.mod.EDTA.TElib.fa.keep.list, /tmp/global2/ssushko/TE_evolution/1001Gp_TE_ANNOT/panTEome_v3_1001Gp/annotation_chr_s/single_genome_EDTA/100759/100759.Chr_scaffolds.fa.mod.EDTA.TElib.mincopyfiltered.fa
    log: logs/100759_extr_minnflcop.log
    jobid: 1311
    reason: Missing output files: /tmp/global2/ssushko/TE_evolution/1001Gp_TE_ANNOT/panTEome_v3_1001Gp/annotation_chr_s/single_genome_EDTA/100759/100759.Chr_scaffolds.fa.mod.EDTA.TElib.mincopyfiltered.fa
    wildcards: sample=100759
    resources: mem_mb=1000, mem_mib=954, disk_mb=1000, disk_mib=954, tmpdir=<TBD>


[Fri Sep  5 14:44:40 2025]
rule extract_min_n_fl_copies:
    input: /tmp/global2/ssushko/TE_evolution/1001Gp_TE_ANNOT/panTEome_v3_1001Gp/annotation_chr_s/single_genome_EDTA/100872/100872.Chr_scaffolds.fa.mod.EDTA.TEanno.sgannot.gff3, /tmp/global2/ssushko/TE_evolution/1001Gp_TE_ANNOT/panTEome_v3_1001Gp/annotation_chr_s/single_genome_EDTA/100872/100872.Chr_scaffolds.fa.mod.EDTA.anno/100872.Chr_scaffolds.fa.mod.EDTA.RM.out
    output: /tmp/global2/ssushko/TE_evolution/1001Gp_TE_ANNOT/panTEome_v3_1001Gp/annotation_chr_s/single_genome_EDTA/100872/100872.Chr_scaffolds.fa.mod.EDTA.TElib.fa.keep.list, /tmp/global2/ssushko/TE_evolution/1001Gp_TE_ANNOT/panTEome_v3_1001Gp/annotation_chr_s/single_genome_EDTA/100872/100872.Chr_scaffolds.fa.mod.EDTA.TElib.mincopyfiltered.fa
    log: logs/100872_extr_minnflcop.log
    jobid: 1759
    reason: Missing output files: /tmp/global2/ssushko/TE_evolution/1001Gp_TE_ANNOT/panTEome_v3_1001Gp/annotation_chr_s/single_genome_EDTA/100872/100872.Chr_scaffolds.fa.mod.EDTA.TElib.mincopyfiltered.fa
    wildcards: sample=100872
    resources: mem_mb=1000, mem_mib=954, disk_mb=1000, disk_mib=954, tmpdir=<TBD>


[Fri Sep  5 14:44:40 2025]
rule extract_min_n_fl_copies:
    input: /tmp/global2/ssushko/TE_evolution/1001Gp_TE_ANNOT/panTEome_v3_1001Gp/annotation_chr_s/single_genome_EDTA/100127/100127.Chr_scaffolds.fa.mod.EDTA.TEanno.sgannot.gff3, /tmp/global2/ssushko/TE_evolution/1001Gp_TE_ANNOT/panTEome_v3_1001Gp/annotation_chr_s/single_genome_EDTA/100127/100127.Chr_scaffolds.fa.mod.EDTA.anno/100127.Chr_scaffolds.fa.mod.EDTA.RM.out
    output: /tmp/global2/ssushko/TE_evolution/1001Gp_TE_ANNOT/panTEome_v3_1001Gp/annotation_chr_s/single_genome_EDTA/100127/100127.Chr_scaffolds.fa.mod.EDTA.TElib.fa.keep.list, /tmp/global2/ssushko/TE_evolution/1001Gp_TE_ANNOT/panTEome_v3_1001Gp/annotation_chr_s/single_genome_EDTA/100127/100127.Chr_scaffolds.fa.mod.EDTA.TElib.mincopyfiltered.fa
    log: logs/100127_extr_minnflcop.log
    jobid: 379
    reason: Missing output files: /tmp/global2/ssushko/TE_evolution/1001Gp_TE_ANNOT/panTEome_v3_1001Gp/annotation_chr_s/single_genome_EDTA/100127/100127.Chr_scaffolds.fa.mod.EDTA.TElib.mincopyfiltered.fa
    wildcards: sample=100127
    resources: mem_mb=1000, mem_mib=954, disk_mb=1000, disk_mib=954, tmpdir=<TBD>


[Fri Sep  5 14:44:40 2025]
rule extract_min_n_fl_copies:
    input: /tmp/global2/ssushko/TE_evolution/1001Gp_TE_ANNOT/panTEome_v3_1001Gp/annotation_chr_s/single_genome_EDTA/100859/100859.Chr_scaffolds.fa.mod.EDTA.TEanno.sgannot.gff3, /tmp/global2/ssushko/TE_evolution/1001Gp_TE_ANNOT/panTEome_v3_1001Gp/annotation_chr_s/single_genome_EDTA/100859/100859.Chr_scaffolds.fa.mod.EDTA.anno/100859.Chr_scaffolds.fa.mod.EDTA.RM.out
    output: /tmp/global2/ssushko/TE_evolution/1001Gp_TE_ANNOT/panTEome_v3_1001Gp/annotation_chr_s/single_genome_EDTA/100859/100859.Chr_scaffolds.fa.mod.EDTA.TElib.fa.keep.list, /tmp/global2/ssushko/TE_evolution/1001Gp_TE_ANNOT/panTEome_v3_1001Gp/annotation_chr_s/single_genome_EDTA/100859/100859.Chr_scaffolds.fa.mod.EDTA.TElib.mincopyfiltered.fa
    log: logs/100859_extr_minnflcop.log
    jobid: 1707
    reason: Missing output files: /tmp/global2/ssushko/TE_evolution/1001Gp_TE_ANNOT/panTEome_v3_1001Gp/annotation_chr_s/single_genome_EDTA/100859/100859.Chr_scaffolds.fa.mod.EDTA.TElib.mincopyfiltered.fa
    wildcards: sample=100859
    resources: mem_mb=1000, mem_mib=954, disk_mb=1000, disk_mib=954, tmpdir=<TBD>


[Fri Sep  5 14:44:40 2025]
rule extract_min_n_fl_copies:
    input: /tmp/global2/ssushko/TE_evolution/1001Gp_TE_ANNOT/panTEome_v3_1001Gp/annotation_chr_s/single_genome_EDTA/100042/100042.Chr_scaffolds.fa.mod.EDTA.TEanno.sgannot.gff3, /tmp/global2/ssushko/TE_evolution/1001Gp_TE_ANNOT/panTEome_v3_1001Gp/annotation_chr_s/single_genome_EDTA/100042/100042.Chr_scaffolds.fa.mod.EDTA.anno/100042.Chr_scaffolds.fa.mod.EDTA.RM.out
    output: /tmp/global2/ssushko/TE_evolution/1001Gp_TE_ANNOT/panTEome_v3_1001Gp/annotation_chr_s/single_genome_EDTA/100042/100042.Chr_scaffolds.fa.mod.EDTA.TElib.fa.keep.list, /tmp/global2/ssushko/TE_evolution/1001Gp_TE_ANNOT/panTEome_v3_1001Gp/annotation_chr_s/single_genome_EDTA/100042/100042.Chr_scaffolds.fa.mod.EDTA.TElib.mincopyfiltered.fa
    log: logs/100042_extr_minnflcop.log
    jobid: 51
    reason: Missing output files: /tmp/global2/ssushko/TE_evolution/1001Gp_TE_ANNOT/panTEome_v3_1001Gp/annotation_chr_s/single_genome_EDTA/100042/100042.Chr_scaffolds.fa.mod.EDTA.TElib.mincopyfiltered.fa
    wildcards: sample=100042
    resources: mem_mb=1000, mem_mib=954, disk_mb=1000, disk_mib=954, tmpdir=<TBD>


[Fri Sep  5 14:44:40 2025]
rule extract_min_n_fl_copies:
    input: /tmp/global2/ssushko/TE_evolution/1001Gp_TE_ANNOT/panTEome_v3_1001Gp/annotation_chr_s/single_genome_EDTA/100679/100679.Chr_scaffolds.fa.mod.EDTA.TEanno.sgannot.gff3, /tmp/global2/ssushko/TE_evolution/1001Gp_TE_ANNOT/panTEome_v3_1001Gp/annotation_chr_s/single_genome_EDTA/100679/100679.Chr_scaffolds.fa.mod.EDTA.anno/100679.Chr_scaffolds.fa.mod.EDTA.RM.out
    output: /tmp/global2/ssushko/TE_evolution/1001Gp_TE_ANNOT/panTEome_v3_1001Gp/annotation_chr_s/single_genome_EDTA/100679/100679.Chr_scaffolds.fa.mod.EDTA.TElib.fa.keep.list, /tmp/global2/ssushko/TE_evolution/1001Gp_TE_ANNOT/panTEome_v3_1001Gp/annotation_chr_s/single_genome_EDTA/100679/100679.Chr_scaffolds.fa.mod.EDTA.TElib.mincopyfiltered.fa
    log: logs/100679_extr_minnflcop.log
    jobid: 991
    reason: Missing output files: /tmp/global2/ssushko/TE_evolution/1001Gp_TE_ANNOT/panTEome_v3_1001Gp/annotation_chr_s/single_genome_EDTA/100679/100679.Chr_scaffolds.fa.mod.EDTA.TElib.mincopyfiltered.fa
    wildcards: sample=100679
    resources: mem_mb=1000, mem_mib=954, disk_mb=1000, disk_mib=954, tmpdir=<TBD>


[Fri Sep  5 14:44:40 2025]
rule extract_min_n_fl_copies:
    input: /tmp/global2/ssushko/TE_evolution/1001Gp_TE_ANNOT/panTEome_v3_1001Gp/annotation_chr_s/single_genome_EDTA/100050/100050.Chr_scaffolds.fa.mod.EDTA.TEanno.sgannot.gff3, /tmp/global2/ssushko/TE_evolution/1001Gp_TE_ANNOT/panTEome_v3_1001Gp/annotation_chr_s/single_genome_EDTA/100050/100050.Chr_scaffolds.fa.mod.EDTA.anno/100050.Chr_scaffolds.fa.mod.EDTA.RM.out
    output: /tmp/global2/ssushko/TE_evolution/1001Gp_TE_ANNOT/panTEome_v3_1001Gp/annotation_chr_s/single_genome_EDTA/100050/100050.Chr_scaffolds.fa.mod.EDTA.TElib.fa.keep.list, /tmp/global2/ssushko/TE_evolution/1001Gp_TE_ANNOT/panTEome_v3_1001Gp/annotation_chr_s/single_genome_EDTA/100050/100050.Chr_scaffolds.fa.mod.EDTA.TElib.mincopyfiltered.fa
    log: logs/100050_extr_minnflcop.log
    jobid: 83
    reason: Missing output files: /tmp/global2/ssushko/TE_evolution/1001Gp_TE_ANNOT/panTEome_v3_1001Gp/annotation_chr_s/single_genome_EDTA/100050/100050.Chr_scaffolds.fa.mod.EDTA.TElib.mincopyfiltered.fa
    wildcards: sample=100050
    resources: mem_mb=1000, mem_mib=954, disk_mb=1000, disk_mib=954, tmpdir=<TBD>


[Fri Sep  5 14:44:40 2025]
rule extract_min_n_fl_copies:
    input: /tmp/global2/ssushko/TE_evolution/1001Gp_TE_ANNOT/panTEome_v3_1001Gp/annotation_chr_s/single_genome_EDTA/100749/100749.Chr_scaffolds.fa.mod.EDTA.TEanno.sgannot.gff3, /tmp/global2/ssushko/TE_evolution/1001Gp_TE_ANNOT/panTEome_v3_1001Gp/annotation_chr_s/single_genome_EDTA/100749/100749.Chr_scaffolds.fa.mod.EDTA.anno/100749.Chr_scaffolds.fa.mod.EDTA.RM.out
    output: /tmp/global2/ssushko/TE_evolution/1001Gp_TE_ANNOT/panTEome_v3_1001Gp/annotation_chr_s/single_genome_EDTA/100749/100749.Chr_scaffolds.fa.mod.EDTA.TElib.fa.keep.list, /tmp/global2/ssushko/TE_evolution/1001Gp_TE_ANNOT/panTEome_v3_1001Gp/annotation_chr_s/single_genome_EDTA/100749/100749.Chr_scaffolds.fa.mod.EDTA.TElib.mincopyfiltered.fa
    log: logs/100749_extr_minnflcop.log
    jobid: 1271
    reason: Missing output files: /tmp/global2/ssushko/TE_evolution/1001Gp_TE_ANNOT/panTEome_v3_1001Gp/annotation_chr_s/single_genome_EDTA/100749/100749.Chr_scaffolds.fa.mod.EDTA.TElib.mincopyfiltered.fa
    wildcards: sample=100749
    resources: mem_mb=1000, mem_mib=954, disk_mb=1000, disk_mib=954, tmpdir=<TBD>


[Fri Sep  5 14:44:40 2025]
rule extract_min_n_fl_copies:
    input: /tmp/global2/ssushko/TE_evolution/1001Gp_TE_ANNOT/panTEome_v3_1001Gp/annotation_chr_s/single_genome_EDTA/100785/100785.Chr_scaffolds.fa.mod.EDTA.TEanno.sgannot.gff3, /tmp/global2/ssushko/TE_evolution/1001Gp_TE_ANNOT/panTEome_v3_1001Gp/annotation_chr_s/single_genome_EDTA/100785/100785.Chr_scaffolds.fa.mod.EDTA.anno/100785.Chr_scaffolds.fa.mod.EDTA.RM.out
    output: /tmp/global2/ssushko/TE_evolution/1001Gp_TE_ANNOT/panTEome_v3_1001Gp/annotation_chr_s/single_genome_EDTA/100785/100785.Chr_scaffolds.fa.mod.EDTA.TElib.fa.keep.list, /tmp/global2/ssushko/TE_evolution/1001Gp_TE_ANNOT/panTEome_v3_1001Gp/annotation_chr_s/single_genome_EDTA/100785/100785.Chr_scaffolds.fa.mod.EDTA.TElib.mincopyfiltered.fa
    log: logs/100785_extr_minnflcop.log
    jobid: 1411
    reason: Missing output files: /tmp/global2/ssushko/TE_evolution/1001Gp_TE_ANNOT/panTEome_v3_1001Gp/annotation_chr_s/single_genome_EDTA/100785/100785.Chr_scaffolds.fa.mod.EDTA.TElib.mincopyfiltered.fa
    wildcards: sample=100785
    resources: mem_mb=1000, mem_mib=954, disk_mb=1000, disk_mib=954, tmpdir=<TBD>


[Fri Sep  5 14:44:40 2025]
rule extract_min_n_fl_copies:
    input: /tmp/global2/ssushko/TE_evolution/1001Gp_TE_ANNOT/panTEome_v3_1001Gp/annotation_chr_s/single_genome_EDTA/100813/100813.Chr_scaffolds.fa.mod.EDTA.TEanno.sgannot.gff3, /tmp/global2/ssushko/TE_evolution/1001Gp_TE_ANNOT/panTEome_v3_1001Gp/annotation_chr_s/single_genome_EDTA/100813/100813.Chr_scaffolds.fa.mod.EDTA.anno/100813.Chr_scaffolds.fa.mod.EDTA.RM.out
    output: /tmp/global2/ssushko/TE_evolution/1001Gp_TE_ANNOT/panTEome_v3_1001Gp/annotation_chr_s/single_genome_EDTA/100813/100813.Chr_scaffolds.fa.mod.EDTA.TElib.fa.keep.list, /tmp/global2/ssushko/TE_evolution/1001Gp_TE_ANNOT/panTEome_v3_1001Gp/annotation_chr_s/single_genome_EDTA/100813/100813.Chr_scaffolds.fa.mod.EDTA.TElib.mincopyfiltered.fa
    log: logs/100813_extr_minnflcop.log
    jobid: 1523
    reason: Missing output files: /tmp/global2/ssushko/TE_evolution/1001Gp_TE_ANNOT/panTEome_v3_1001Gp/annotation_chr_s/single_genome_EDTA/100813/100813.Chr_scaffolds.fa.mod.EDTA.TElib.mincopyfiltered.fa
    wildcards: sample=100813
    resources: mem_mb=1000, mem_mib=954, disk_mb=1000, disk_mib=954, tmpdir=<TBD>


[Fri Sep  5 14:44:40 2025]
rule extract_min_n_fl_copies:
    input: /tmp/global2/ssushko/TE_evolution/1001Gp_TE_ANNOT/panTEome_v3_1001Gp/annotation_chr_s/single_genome_EDTA/100820/100820.Chr_scaffolds.fa.mod.EDTA.TEanno.sgannot.gff3, /tmp/global2/ssushko/TE_evolution/1001Gp_TE_ANNOT/panTEome_v3_1001Gp/annotation_chr_s/single_genome_EDTA/100820/100820.Chr_scaffolds.fa.mod.EDTA.anno/100820.Chr_scaffolds.fa.mod.EDTA.RM.out
    output: /tmp/global2/ssushko/TE_evolution/1001Gp_TE_ANNOT/panTEome_v3_1001Gp/annotation_chr_s/single_genome_EDTA/100820/100820.Chr_scaffolds.fa.mod.EDTA.TElib.fa.keep.list, /tmp/global2/ssushko/TE_evolution/1001Gp_TE_ANNOT/panTEome_v3_1001Gp/annotation_chr_s/single_genome_EDTA/100820/100820.Chr_scaffolds.fa.mod.EDTA.TElib.mincopyfiltered.fa
    log: logs/100820_extr_minnflcop.log
    jobid: 1551
    reason: Missing output files: /tmp/global2/ssushko/TE_evolution/1001Gp_TE_ANNOT/panTEome_v3_1001Gp/annotation_chr_s/single_genome_EDTA/100820/100820.Chr_scaffolds.fa.mod.EDTA.TElib.mincopyfiltered.fa
    wildcards: sample=100820
    resources: mem_mb=1000, mem_mib=954, disk_mb=1000, disk_mib=954, tmpdir=<TBD>


[Fri Sep  5 14:44:40 2025]
rule extract_min_n_fl_copies:
    input: /tmp/global2/ssushko/TE_evolution/1001Gp_TE_ANNOT/panTEome_v3_1001Gp/annotation_chr_s/single_genome_EDTA/100883/100883.Chr_scaffolds.fa.mod.EDTA.TEanno.sgannot.gff3, /tmp/global2/ssushko/TE_evolution/1001Gp_TE_ANNOT/panTEome_v3_1001Gp/annotation_chr_s/single_genome_EDTA/100883/100883.Chr_scaffolds.fa.mod.EDTA.anno/100883.Chr_scaffolds.fa.mod.EDTA.RM.out
    output: /tmp/global2/ssushko/TE_evolution/1001Gp_TE_ANNOT/panTEome_v3_1001Gp/annotation_chr_s/single_genome_EDTA/100883/100883.Chr_scaffolds.fa.mod.EDTA.TElib.fa.keep.list, /tmp/global2/ssushko/TE_evolution/1001Gp_TE_ANNOT/panTEome_v3_1001Gp/annotation_chr_s/single_genome_EDTA/100883/100883.Chr_scaffolds.fa.mod.EDTA.TElib.mincopyfiltered.fa
    log: logs/100883_extr_minnflcop.log
    jobid: 1803
    reason: Missing output files: /tmp/global2/ssushko/TE_evolution/1001Gp_TE_ANNOT/panTEome_v3_1001Gp/annotation_chr_s/single_genome_EDTA/100883/100883.Chr_scaffolds.fa.mod.EDTA.TElib.mincopyfiltered.fa
    wildcards: sample=100883
    resources: mem_mb=1000, mem_mib=954, disk_mb=1000, disk_mib=954, tmpdir=<TBD>


[Fri Sep  5 14:44:40 2025]
rule extract_min_n_fl_copies:
    input: /tmp/global2/ssushko/TE_evolution/1001Gp_TE_ANNOT/panTEome_v3_1001Gp/annotation_chr_s/single_genome_EDTA/101016/101016.Chr_scaffolds.fa.mod.EDTA.TEanno.sgannot.gff3, /tmp/global2/ssushko/TE_evolution/1001Gp_TE_ANNOT/panTEome_v3_1001Gp/annotation_chr_s/single_genome_EDTA/101016/101016.Chr_scaffolds.fa.mod.EDTA.anno/101016.Chr_scaffolds.fa.mod.EDTA.RM.out
    output: /tmp/global2/ssushko/TE_evolution/1001Gp_TE_ANNOT/panTEome_v3_1001Gp/annotation_chr_s/single_genome_EDTA/101016/101016.Chr_scaffolds.fa.mod.EDTA.TElib.fa.keep.list, /tmp/global2/ssushko/TE_evolution/1001Gp_TE_ANNOT/panTEome_v3_1001Gp/annotation_chr_s/single_genome_EDTA/101016/101016.Chr_scaffolds.fa.mod.EDTA.TElib.mincopyfiltered.fa
    log: logs/101016_extr_minnflcop.log
    jobid: 2335
    reason: Missing output files: /tmp/global2/ssushko/TE_evolution/1001Gp_TE_ANNOT/panTEome_v3_1001Gp/annotation_chr_s/single_genome_EDTA/101016/101016.Chr_scaffolds.fa.mod.EDTA.TElib.mincopyfiltered.fa
    wildcards: sample=101016
    resources: mem_mb=1000, mem_mib=954, disk_mb=1000, disk_mib=954, tmpdir=<TBD>


[Fri Sep  5 14:44:40 2025]
rule extract_min_n_fl_copies:
    input: /tmp/global2/ssushko/TE_evolution/1001Gp_TE_ANNOT/panTEome_v3_1001Gp/annotation_chr_s/single_genome_EDTA/100893/100893.Chr_scaffolds.fa.mod.EDTA.TEanno.sgannot.gff3, /tmp/global2/ssushko/TE_evolution/1001Gp_TE_ANNOT/panTEome_v3_1001Gp/annotation_chr_s/single_genome_EDTA/100893/100893.Chr_scaffolds.fa.mod.EDTA.anno/100893.Chr_scaffolds.fa.mod.EDTA.RM.out
    output: /tmp/global2/ssushko/TE_evolution/1001Gp_TE_ANNOT/panTEome_v3_1001Gp/annotation_chr_s/single_genome_EDTA/100893/100893.Chr_scaffolds.fa.mod.EDTA.TElib.fa.keep.list, /tmp/global2/ssushko/TE_evolution/1001Gp_TE_ANNOT/panTEome_v3_1001Gp/annotation_chr_s/single_genome_EDTA/100893/100893.Chr_scaffolds.fa.mod.EDTA.TElib.mincopyfiltered.fa
    log: logs/100893_extr_minnflcop.log
    jobid: 1843
    reason: Missing output files: /tmp/global2/ssushko/TE_evolution/1001Gp_TE_ANNOT/panTEome_v3_1001Gp/annotation_chr_s/single_genome_EDTA/100893/100893.Chr_scaffolds.fa.mod.EDTA.TElib.mincopyfiltered.fa
    wildcards: sample=100893
    resources: mem_mb=1000, mem_mib=954, disk_mb=1000, disk_mib=954, tmpdir=<TBD>


[Fri Sep  5 14:44:40 2025]
rule extract_min_n_fl_copies:
    input: /tmp/global2/ssushko/TE_evolution/1001Gp_TE_ANNOT/panTEome_v3_1001Gp/annotation_chr_s/single_genome_EDTA/101045/101045.Chr_scaffolds.fa.mod.EDTA.TEanno.sgannot.gff3, /tmp/global2/ssushko/TE_evolution/1001Gp_TE_ANNOT/panTEome_v3_1001Gp/annotation_chr_s/single_genome_EDTA/101045/101045.Chr_scaffolds.fa.mod.EDTA.anno/101045.Chr_scaffolds.fa.mod.EDTA.RM.out
    output: /tmp/global2/ssushko/TE_evolution/1001Gp_TE_ANNOT/panTEome_v3_1001Gp/annotation_chr_s/single_genome_EDTA/101045/101045.Chr_scaffolds.fa.mod.EDTA.TElib.fa.keep.list, /tmp/global2/ssushko/TE_evolution/1001Gp_TE_ANNOT/panTEome_v3_1001Gp/annotation_chr_s/single_genome_EDTA/101045/101045.Chr_scaffolds.fa.mod.EDTA.TElib.mincopyfiltered.fa
    log: logs/101045_extr_minnflcop.log
    jobid: 2451
    reason: Missing output files: /tmp/global2/ssushko/TE_evolution/1001Gp_TE_ANNOT/panTEome_v3_1001Gp/annotation_chr_s/single_genome_EDTA/101045/101045.Chr_scaffolds.fa.mod.EDTA.TElib.mincopyfiltered.fa
    wildcards: sample=101045
    resources: mem_mb=1000, mem_mib=954, disk_mb=1000, disk_mib=954, tmpdir=<TBD>


[Fri Sep  5 14:44:40 2025]
rule extract_min_n_fl_copies:
    input: /tmp/global2/ssushko/TE_evolution/1001Gp_TE_ANNOT/panTEome_v3_1001Gp/annotation_chr_s/single_genome_EDTA/101041/101041.Chr_scaffolds.fa.mod.EDTA.TEanno.sgannot.gff3, /tmp/global2/ssushko/TE_evolution/1001Gp_TE_ANNOT/panTEome_v3_1001Gp/annotation_chr_s/single_genome_EDTA/101041/101041.Chr_scaffolds.fa.mod.EDTA.anno/101041.Chr_scaffolds.fa.mod.EDTA.RM.out
    output: /tmp/global2/ssushko/TE_evolution/1001Gp_TE_ANNOT/panTEome_v3_1001Gp/annotation_chr_s/single_genome_EDTA/101041/101041.Chr_scaffolds.fa.mod.EDTA.TElib.fa.keep.list, /tmp/global2/ssushko/TE_evolution/1001Gp_TE_ANNOT/panTEome_v3_1001Gp/annotation_chr_s/single_genome_EDTA/101041/101041.Chr_scaffolds.fa.mod.EDTA.TElib.mincopyfiltered.fa
    log: logs/101041_extr_minnflcop.log
    jobid: 2435
    reason: Missing output files: /tmp/global2/ssushko/TE_evolution/1001Gp_TE_ANNOT/panTEome_v3_1001Gp/annotation_chr_s/single_genome_EDTA/101041/101041.Chr_scaffolds.fa.mod.EDTA.TElib.mincopyfiltered.fa
    wildcards: sample=101041
    resources: mem_mb=1000, mem_mib=954, disk_mb=1000, disk_mib=954, tmpdir=<TBD>


[Fri Sep  5 14:44:40 2025]
rule extract_min_n_fl_copies:
    input: /tmp/global2/ssushko/TE_evolution/1001Gp_TE_ANNOT/panTEome_v3_1001Gp/annotation_chr_s/single_genome_EDTA/100642/100642.Chr_scaffolds.fa.mod.EDTA.TEanno.sgannot.gff3, /tmp/global2/ssushko/TE_evolution/1001Gp_TE_ANNOT/panTEome_v3_1001Gp/annotation_chr_s/single_genome_EDTA/100642/100642.Chr_scaffolds.fa.mod.EDTA.anno/100642.Chr_scaffolds.fa.mod.EDTA.RM.out
    output: /tmp/global2/ssushko/TE_evolution/1001Gp_TE_ANNOT/panTEome_v3_1001Gp/annotation_chr_s/single_genome_EDTA/100642/100642.Chr_scaffolds.fa.mod.EDTA.TElib.fa.keep.list, /tmp/global2/ssushko/TE_evolution/1001Gp_TE_ANNOT/panTEome_v3_1001Gp/annotation_chr_s/single_genome_EDTA/100642/100642.Chr_scaffolds.fa.mod.EDTA.TElib.mincopyfiltered.fa
    log: logs/100642_extr_minnflcop.log
    jobid: 895
    reason: Missing output files: /tmp/global2/ssushko/TE_evolution/1001Gp_TE_ANNOT/panTEome_v3_1001Gp/annotation_chr_s/single_genome_EDTA/100642/100642.Chr_scaffolds.fa.mod.EDTA.TElib.mincopyfiltered.fa
    wildcards: sample=100642
    resources: mem_mb=1000, mem_mib=954, disk_mb=1000, disk_mib=954, tmpdir=<TBD>


[Fri Sep  5 14:44:40 2025]
rule extract_min_n_fl_copies:
    input: /tmp/global2/ssushko/TE_evolution/1001Gp_TE_ANNOT/panTEome_v3_1001Gp/annotation_chr_s/single_genome_EDTA/100704/100704.Chr_scaffolds.fa.mod.EDTA.TEanno.sgannot.gff3, /tmp/global2/ssushko/TE_evolution/1001Gp_TE_ANNOT/panTEome_v3_1001Gp/annotation_chr_s/single_genome_EDTA/100704/100704.Chr_scaffolds.fa.mod.EDTA.anno/100704.Chr_scaffolds.fa.mod.EDTA.RM.out
    output: /tmp/global2/ssushko/TE_evolution/1001Gp_TE_ANNOT/panTEome_v3_1001Gp/annotation_chr_s/single_genome_EDTA/100704/100704.Chr_scaffolds.fa.mod.EDTA.TElib.fa.keep.list, /tmp/global2/ssushko/TE_evolution/1001Gp_TE_ANNOT/panTEome_v3_1001Gp/annotation_chr_s/single_genome_EDTA/100704/100704.Chr_scaffolds.fa.mod.EDTA.TElib.mincopyfiltered.fa
    log: logs/100704_extr_minnflcop.log
    jobid: 1091
    reason: Missing output files: /tmp/global2/ssushko/TE_evolution/1001Gp_TE_ANNOT/panTEome_v3_1001Gp/annotation_chr_s/single_genome_EDTA/100704/100704.Chr_scaffolds.fa.mod.EDTA.TElib.mincopyfiltered.fa
    wildcards: sample=100704
    resources: mem_mb=1000, mem_mib=954, disk_mb=1000, disk_mib=954, tmpdir=<TBD>


[Fri Sep  5 14:44:40 2025]
rule extract_min_n_fl_copies:
    input: /tmp/global2/ssushko/TE_evolution/1001Gp_TE_ANNOT/panTEome_v3_1001Gp/annotation_chr_s/single_genome_EDTA/100492/100492.Chr_scaffolds.fa.mod.EDTA.TEanno.sgannot.gff3, /tmp/global2/ssushko/TE_evolution/1001Gp_TE_ANNOT/panTEome_v3_1001Gp/annotation_chr_s/single_genome_EDTA/100492/100492.Chr_scaffolds.fa.mod.EDTA.anno/100492.Chr_scaffolds.fa.mod.EDTA.RM.out
    output: /tmp/global2/ssushko/TE_evolution/1001Gp_TE_ANNOT/panTEome_v3_1001Gp/annotation_chr_s/single_genome_EDTA/100492/100492.Chr_scaffolds.fa.mod.EDTA.TElib.fa.keep.list, /tmp/global2/ssushko/TE_evolution/1001Gp_TE_ANNOT/panTEome_v3_1001Gp/annotation_chr_s/single_genome_EDTA/100492/100492.Chr_scaffolds.fa.mod.EDTA.TElib.mincopyfiltered.fa
    log: logs/100492_extr_minnflcop.log
    jobid: 783
    reason: Missing output files: /tmp/global2/ssushko/TE_evolution/1001Gp_TE_ANNOT/panTEome_v3_1001Gp/annotation_chr_s/single_genome_EDTA/100492/100492.Chr_scaffolds.fa.mod.EDTA.TElib.mincopyfiltered.fa
    wildcards: sample=100492
    resources: mem_mb=1000, mem_mib=954, disk_mb=1000, disk_mib=954, tmpdir=<TBD>


[Fri Sep  5 14:44:40 2025]
rule extract_min_n_fl_copies:
    input: /tmp/global2/ssushko/TE_evolution/1001Gp_TE_ANNOT/panTEome_v3_1001Gp/annotation_chr_s/single_genome_EDTA/100104/100104.Chr_scaffolds.fa.mod.EDTA.TEanno.sgannot.gff3, /tmp/global2/ssushko/TE_evolution/1001Gp_TE_ANNOT/panTEome_v3_1001Gp/annotation_chr_s/single_genome_EDTA/100104/100104.Chr_scaffolds.fa.mod.EDTA.anno/100104.Chr_scaffolds.fa.mod.EDTA.RM.out
    output: /tmp/global2/ssushko/TE_evolution/1001Gp_TE_ANNOT/panTEome_v3_1001Gp/annotation_chr_s/single_genome_EDTA/100104/100104.Chr_scaffolds.fa.mod.EDTA.TElib.fa.keep.list, /tmp/global2/ssushko/TE_evolution/1001Gp_TE_ANNOT/panTEome_v3_1001Gp/annotation_chr_s/single_genome_EDTA/100104/100104.Chr_scaffolds.fa.mod.EDTA.TElib.mincopyfiltered.fa
    log: logs/100104_extr_minnflcop.log
    jobid: 295
    reason: Missing output files: /tmp/global2/ssushko/TE_evolution/1001Gp_TE_ANNOT/panTEome_v3_1001Gp/annotation_chr_s/single_genome_EDTA/100104/100104.Chr_scaffolds.fa.mod.EDTA.TElib.mincopyfiltered.fa
    wildcards: sample=100104
    resources: mem_mb=1000, mem_mib=954, disk_mb=1000, disk_mib=954, tmpdir=<TBD>


[Fri Sep  5 14:44:40 2025]
rule extract_min_n_fl_copies:
    input: /tmp/global2/ssushko/TE_evolution/1001Gp_TE_ANNOT/panTEome_v3_1001Gp/annotation_chr_s/single_genome_EDTA/100142/100142.Chr_scaffolds.fa.mod.EDTA.TEanno.sgannot.gff3, /tmp/global2/ssushko/TE_evolution/1001Gp_TE_ANNOT/panTEome_v3_1001Gp/annotation_chr_s/single_genome_EDTA/100142/100142.Chr_scaffolds.fa.mod.EDTA.anno/100142.Chr_scaffolds.fa.mod.EDTA.RM.out
    output: /tmp/global2/ssushko/TE_evolution/1001Gp_TE_ANNOT/panTEome_v3_1001Gp/annotation_chr_s/single_genome_EDTA/100142/100142.Chr_scaffolds.fa.mod.EDTA.TElib.fa.keep.list, /tmp/global2/ssushko/TE_evolution/1001Gp_TE_ANNOT/panTEome_v3_1001Gp/annotation_chr_s/single_genome_EDTA/100142/100142.Chr_scaffolds.fa.mod.EDTA.TElib.mincopyfiltered.fa
    log: logs/100142_extr_minnflcop.log
    jobid: 435
    reason: Missing output files: /tmp/global2/ssushko/TE_evolution/1001Gp_TE_ANNOT/panTEome_v3_1001Gp/annotation_chr_s/single_genome_EDTA/100142/100142.Chr_scaffolds.fa.mod.EDTA.TElib.mincopyfiltered.fa
    wildcards: sample=100142
    resources: mem_mb=1000, mem_mib=954, disk_mb=1000, disk_mib=954, tmpdir=<TBD>


[Fri Sep  5 14:44:40 2025]
rule extract_min_n_fl_copies:
    input: /tmp/global2/ssushko/TE_evolution/1001Gp_TE_ANNOT/panTEome_v3_1001Gp/annotation_chr_s/single_genome_EDTA/100732/100732.Chr_scaffolds.fa.mod.EDTA.TEanno.sgannot.gff3, /tmp/global2/ssushko/TE_evolution/1001Gp_TE_ANNOT/panTEome_v3_1001Gp/annotation_chr_s/single_genome_EDTA/100732/100732.Chr_scaffolds.fa.mod.EDTA.anno/100732.Chr_scaffolds.fa.mod.EDTA.RM.out
    output: /tmp/global2/ssushko/TE_evolution/1001Gp_TE_ANNOT/panTEome_v3_1001Gp/annotation_chr_s/single_genome_EDTA/100732/100732.Chr_scaffolds.fa.mod.EDTA.TElib.fa.keep.list, /tmp/global2/ssushko/TE_evolution/1001Gp_TE_ANNOT/panTEome_v3_1001Gp/annotation_chr_s/single_genome_EDTA/100732/100732.Chr_scaffolds.fa.mod.EDTA.TElib.mincopyfiltered.fa
    log: logs/100732_extr_minnflcop.log
    jobid: 1203
    reason: Missing output files: /tmp/global2/ssushko/TE_evolution/1001Gp_TE_ANNOT/panTEome_v3_1001Gp/annotation_chr_s/single_genome_EDTA/100732/100732.Chr_scaffolds.fa.mod.EDTA.TElib.mincopyfiltered.fa
    wildcards: sample=100732
    resources: mem_mb=1000, mem_mib=954, disk_mb=1000, disk_mib=954, tmpdir=<TBD>


[Fri Sep  5 14:44:40 2025]
rule extract_min_n_fl_copies:
    input: /tmp/global2/ssushko/TE_evolution/1001Gp_TE_ANNOT/panTEome_v3_1001Gp/annotation_chr_s/single_genome_EDTA/100739/100739.Chr_scaffolds.fa.mod.EDTA.TEanno.sgannot.gff3, /tmp/global2/ssushko/TE_evolution/1001Gp_TE_ANNOT/panTEome_v3_1001Gp/annotation_chr_s/single_genome_EDTA/100739/100739.Chr_scaffolds.fa.mod.EDTA.anno/100739.Chr_scaffolds.fa.mod.EDTA.RM.out
    output: /tmp/global2/ssushko/TE_evolution/1001Gp_TE_ANNOT/panTEome_v3_1001Gp/annotation_chr_s/single_genome_EDTA/100739/100739.Chr_scaffolds.fa.mod.EDTA.TElib.fa.keep.list, /tmp/global2/ssushko/TE_evolution/1001Gp_TE_ANNOT/panTEome_v3_1001Gp/annotation_chr_s/single_genome_EDTA/100739/100739.Chr_scaffolds.fa.mod.EDTA.TElib.mincopyfiltered.fa
    log: logs/100739_extr_minnflcop.log
    jobid: 1231
    reason: Missing output files: /tmp/global2/ssushko/TE_evolution/1001Gp_TE_ANNOT/panTEome_v3_1001Gp/annotation_chr_s/single_genome_EDTA/100739/100739.Chr_scaffolds.fa.mod.EDTA.TElib.mincopyfiltered.fa
    wildcards: sample=100739
    resources: mem_mb=1000, mem_mib=954, disk_mb=1000, disk_mib=954, tmpdir=<TBD>


[Fri Sep  5 14:44:40 2025]
rule extract_min_n_fl_copies:
    input: /tmp/global2/ssushko/TE_evolution/1001Gp_TE_ANNOT/panTEome_v3_1001Gp/annotation_chr_s/single_genome_EDTA/100760/100760.Chr_scaffolds.fa.mod.EDTA.TEanno.sgannot.gff3, /tmp/global2/ssushko/TE_evolution/1001Gp_TE_ANNOT/panTEome_v3_1001Gp/annotation_chr_s/single_genome_EDTA/100760/100760.Chr_scaffolds.fa.mod.EDTA.anno/100760.Chr_scaffolds.fa.mod.EDTA.RM.out
    output: /tmp/global2/ssushko/TE_evolution/1001Gp_TE_ANNOT/panTEome_v3_1001Gp/annotation_chr_s/single_genome_EDTA/100760/100760.Chr_scaffolds.fa.mod.EDTA.TElib.fa.keep.list, /tmp/global2/ssushko/TE_evolution/1001Gp_TE_ANNOT/panTEome_v3_1001Gp/annotation_chr_s/single_genome_EDTA/100760/100760.Chr_scaffolds.fa.mod.EDTA.TElib.mincopyfiltered.fa
    log: logs/100760_extr_minnflcop.log
    jobid: 1315
    reason: Missing output files: /tmp/global2/ssushko/TE_evolution/1001Gp_TE_ANNOT/panTEome_v3_1001Gp/annotation_chr_s/single_genome_EDTA/100760/100760.Chr_scaffolds.fa.mod.EDTA.TElib.mincopyfiltered.fa
    wildcards: sample=100760
    resources: mem_mb=1000, mem_mib=954, disk_mb=1000, disk_mib=954, tmpdir=<TBD>


[Fri Sep  5 14:44:40 2025]
rule extract_min_n_fl_copies:
    input: /tmp/global2/ssushko/TE_evolution/1001Gp_TE_ANNOT/panTEome_v3_1001Gp/annotation_chr_s/single_genome_EDTA/100873/100873.Chr_scaffolds.fa.mod.EDTA.TEanno.sgannot.gff3, /tmp/global2/ssushko/TE_evolution/1001Gp_TE_ANNOT/panTEome_v3_1001Gp/annotation_chr_s/single_genome_EDTA/100873/100873.Chr_scaffolds.fa.mod.EDTA.anno/100873.Chr_scaffolds.fa.mod.EDTA.RM.out
    output: /tmp/global2/ssushko/TE_evolution/1001Gp_TE_ANNOT/panTEome_v3_1001Gp/annotation_chr_s/single_genome_EDTA/100873/100873.Chr_scaffolds.fa.mod.EDTA.TElib.fa.keep.list, /tmp/global2/ssushko/TE_evolution/1001Gp_TE_ANNOT/panTEome_v3_1001Gp/annotation_chr_s/single_genome_EDTA/100873/100873.Chr_scaffolds.fa.mod.EDTA.TElib.mincopyfiltered.fa
    log: logs/100873_extr_minnflcop.log
    jobid: 1763
    reason: Missing output files: /tmp/global2/ssushko/TE_evolution/1001Gp_TE_ANNOT/panTEome_v3_1001Gp/annotation_chr_s/single_genome_EDTA/100873/100873.Chr_scaffolds.fa.mod.EDTA.TElib.mincopyfiltered.fa
    wildcards: sample=100873
    resources: mem_mb=1000, mem_mib=954, disk_mb=1000, disk_mib=954, tmpdir=<TBD>


[Fri Sep  5 14:44:40 2025]
rule extract_min_n_fl_copies:
    input: /tmp/global2/ssushko/TE_evolution/1001Gp_TE_ANNOT/panTEome_v3_1001Gp/annotation_chr_s/single_genome_EDTA/100129/100129.Chr_scaffolds.fa.mod.EDTA.TEanno.sgannot.gff3, /tmp/global2/ssushko/TE_evolution/1001Gp_TE_ANNOT/panTEome_v3_1001Gp/annotation_chr_s/single_genome_EDTA/100129/100129.Chr_scaffolds.fa.mod.EDTA.anno/100129.Chr_scaffolds.fa.mod.EDTA.RM.out
    output: /tmp/global2/ssushko/TE_evolution/1001Gp_TE_ANNOT/panTEome_v3_1001Gp/annotation_chr_s/single_genome_EDTA/100129/100129.Chr_scaffolds.fa.mod.EDTA.TElib.fa.keep.list, /tmp/global2/ssushko/TE_evolution/1001Gp_TE_ANNOT/panTEome_v3_1001Gp/annotation_chr_s/single_genome_EDTA/100129/100129.Chr_scaffolds.fa.mod.EDTA.TElib.mincopyfiltered.fa
    log: logs/100129_extr_minnflcop.log
    jobid: 387
    reason: Missing output files: /tmp/global2/ssushko/TE_evolution/1001Gp_TE_ANNOT/panTEome_v3_1001Gp/annotation_chr_s/single_genome_EDTA/100129/100129.Chr_scaffolds.fa.mod.EDTA.TElib.mincopyfiltered.fa
    wildcards: sample=100129
    resources: mem_mb=1000, mem_mib=954, disk_mb=1000, disk_mib=954, tmpdir=<TBD>


[Fri Sep  5 14:44:40 2025]
rule extract_min_n_fl_copies:
    input: /tmp/global2/ssushko/TE_evolution/1001Gp_TE_ANNOT/panTEome_v3_1001Gp/annotation_chr_s/single_genome_EDTA/100927/100927.Chr_scaffolds.fa.mod.EDTA.TEanno.sgannot.gff3, /tmp/global2/ssushko/TE_evolution/1001Gp_TE_ANNOT/panTEome_v3_1001Gp/annotation_chr_s/single_genome_EDTA/100927/100927.Chr_scaffolds.fa.mod.EDTA.anno/100927.Chr_scaffolds.fa.mod.EDTA.RM.out
    output: /tmp/global2/ssushko/TE_evolution/1001Gp_TE_ANNOT/panTEome_v3_1001Gp/annotation_chr_s/single_genome_EDTA/100927/100927.Chr_scaffolds.fa.mod.EDTA.TElib.fa.keep.list, /tmp/global2/ssushko/TE_evolution/1001Gp_TE_ANNOT/panTEome_v3_1001Gp/annotation_chr_s/single_genome_EDTA/100927/100927.Chr_scaffolds.fa.mod.EDTA.TElib.mincopyfiltered.fa
    log: logs/100927_extr_minnflcop.log
    jobid: 1979
    reason: Missing output files: /tmp/global2/ssushko/TE_evolution/1001Gp_TE_ANNOT/panTEome_v3_1001Gp/annotation_chr_s/single_genome_EDTA/100927/100927.Chr_scaffolds.fa.mod.EDTA.TElib.mincopyfiltered.fa
    wildcards: sample=100927
    resources: mem_mb=1000, mem_mib=954, disk_mb=1000, disk_mib=954, tmpdir=<TBD>


[Fri Sep  5 14:44:40 2025]
rule extract_min_n_fl_copies:
    input: /tmp/global2/ssushko/TE_evolution/1001Gp_TE_ANNOT/panTEome_v3_1001Gp/annotation_chr_s/single_genome_EDTA/100680/100680.Chr_scaffolds.fa.mod.EDTA.TEanno.sgannot.gff3, /tmp/global2/ssushko/TE_evolution/1001Gp_TE_ANNOT/panTEome_v3_1001Gp/annotation_chr_s/single_genome_EDTA/100680/100680.Chr_scaffolds.fa.mod.EDTA.anno/100680.Chr_scaffolds.fa.mod.EDTA.RM.out
    output: /tmp/global2/ssushko/TE_evolution/1001Gp_TE_ANNOT/panTEome_v3_1001Gp/annotation_chr_s/single_genome_EDTA/100680/100680.Chr_scaffolds.fa.mod.EDTA.TElib.fa.keep.list, /tmp/global2/ssushko/TE_evolution/1001Gp_TE_ANNOT/panTEome_v3_1001Gp/annotation_chr_s/single_genome_EDTA/100680/100680.Chr_scaffolds.fa.mod.EDTA.TElib.mincopyfiltered.fa
    log: logs/100680_extr_minnflcop.log
    jobid: 995
    reason: Missing output files: /tmp/global2/ssushko/TE_evolution/1001Gp_TE_ANNOT/panTEome_v3_1001Gp/annotation_chr_s/single_genome_EDTA/100680/100680.Chr_scaffolds.fa.mod.EDTA.TElib.mincopyfiltered.fa
    wildcards: sample=100680
    resources: mem_mb=1000, mem_mib=954, disk_mb=1000, disk_mib=954, tmpdir=<TBD>


[Fri Sep  5 14:44:40 2025]
rule extract_min_n_fl_copies:
    input: /tmp/global2/ssushko/TE_evolution/1001Gp_TE_ANNOT/panTEome_v3_1001Gp/annotation_chr_s/single_genome_EDTA/100051/100051.Chr_scaffolds.fa.mod.EDTA.TEanno.sgannot.gff3, /tmp/global2/ssushko/TE_evolution/1001Gp_TE_ANNOT/panTEome_v3_1001Gp/annotation_chr_s/single_genome_EDTA/100051/100051.Chr_scaffolds.fa.mod.EDTA.anno/100051.Chr_scaffolds.fa.mod.EDTA.RM.out
    output: /tmp/global2/ssushko/TE_evolution/1001Gp_TE_ANNOT/panTEome_v3_1001Gp/annotation_chr_s/single_genome_EDTA/100051/100051.Chr_scaffolds.fa.mod.EDTA.TElib.fa.keep.list, /tmp/global2/ssushko/TE_evolution/1001Gp_TE_ANNOT/panTEome_v3_1001Gp/annotation_chr_s/single_genome_EDTA/100051/100051.Chr_scaffolds.fa.mod.EDTA.TElib.mincopyfiltered.fa
    log: logs/100051_extr_minnflcop.log
    jobid: 87
    reason: Missing output files: /tmp/global2/ssushko/TE_evolution/1001Gp_TE_ANNOT/panTEome_v3_1001Gp/annotation_chr_s/single_genome_EDTA/100051/100051.Chr_scaffolds.fa.mod.EDTA.TElib.mincopyfiltered.fa
    wildcards: sample=100051
    resources: mem_mb=1000, mem_mib=954, disk_mb=1000, disk_mib=954, tmpdir=<TBD>


[Fri Sep  5 14:44:40 2025]
rule extract_min_n_fl_copies:
    input: /tmp/global2/ssushko/TE_evolution/1001Gp_TE_ANNOT/panTEome_v3_1001Gp/annotation_chr_s/single_genome_EDTA/100750/100750.Chr_scaffolds.fa.mod.EDTA.TEanno.sgannot.gff3, /tmp/global2/ssushko/TE_evolution/1001Gp_TE_ANNOT/panTEome_v3_1001Gp/annotation_chr_s/single_genome_EDTA/100750/100750.Chr_scaffolds.fa.mod.EDTA.anno/100750.Chr_scaffolds.fa.mod.EDTA.RM.out
    output: /tmp/global2/ssushko/TE_evolution/1001Gp_TE_ANNOT/panTEome_v3_1001Gp/annotation_chr_s/single_genome_EDTA/100750/100750.Chr_scaffolds.fa.mod.EDTA.TElib.fa.keep.list, /tmp/global2/ssushko/TE_evolution/1001Gp_TE_ANNOT/panTEome_v3_1001Gp/annotation_chr_s/single_genome_EDTA/100750/100750.Chr_scaffolds.fa.mod.EDTA.TElib.mincopyfiltered.fa
    log: logs/100750_extr_minnflcop.log
    jobid: 1275
    reason: Missing output files: /tmp/global2/ssushko/TE_evolution/1001Gp_TE_ANNOT/panTEome_v3_1001Gp/annotation_chr_s/single_genome_EDTA/100750/100750.Chr_scaffolds.fa.mod.EDTA.TElib.mincopyfiltered.fa
    wildcards: sample=100750
    resources: mem_mb=1000, mem_mib=954, disk_mb=1000, disk_mib=954, tmpdir=<TBD>


[Fri Sep  5 14:44:40 2025]
rule extract_min_n_fl_copies:
    input: /tmp/global2/ssushko/TE_evolution/1001Gp_TE_ANNOT/panTEome_v3_1001Gp/annotation_chr_s/single_genome_EDTA/100786/100786.Chr_scaffolds.fa.mod.EDTA.TEanno.sgannot.gff3, /tmp/global2/ssushko/TE_evolution/1001Gp_TE_ANNOT/panTEome_v3_1001Gp/annotation_chr_s/single_genome_EDTA/100786/100786.Chr_scaffolds.fa.mod.EDTA.anno/100786.Chr_scaffolds.fa.mod.EDTA.RM.out
    output: /tmp/global2/ssushko/TE_evolution/1001Gp_TE_ANNOT/panTEome_v3_1001Gp/annotation_chr_s/single_genome_EDTA/100786/100786.Chr_scaffolds.fa.mod.EDTA.TElib.fa.keep.list, /tmp/global2/ssushko/TE_evolution/1001Gp_TE_ANNOT/panTEome_v3_1001Gp/annotation_chr_s/single_genome_EDTA/100786/100786.Chr_scaffolds.fa.mod.EDTA.TElib.mincopyfiltered.fa
    log: logs/100786_extr_minnflcop.log
    jobid: 1415
    reason: Missing output files: /tmp/global2/ssushko/TE_evolution/1001Gp_TE_ANNOT/panTEome_v3_1001Gp/annotation_chr_s/single_genome_EDTA/100786/100786.Chr_scaffolds.fa.mod.EDTA.TElib.mincopyfiltered.fa
    wildcards: sample=100786
    resources: mem_mb=1000, mem_mib=954, disk_mb=1000, disk_mib=954, tmpdir=<TBD>


[Fri Sep  5 14:44:40 2025]
rule extract_min_n_fl_copies:
    input: /tmp/global2/ssushko/TE_evolution/1001Gp_TE_ANNOT/panTEome_v3_1001Gp/annotation_chr_s/single_genome_EDTA/100814/100814.Chr_scaffolds.fa.mod.EDTA.TEanno.sgannot.gff3, /tmp/global2/ssushko/TE_evolution/1001Gp_TE_ANNOT/panTEome_v3_1001Gp/annotation_chr_s/single_genome_EDTA/100814/100814.Chr_scaffolds.fa.mod.EDTA.anno/100814.Chr_scaffolds.fa.mod.EDTA.RM.out
    output: /tmp/global2/ssushko/TE_evolution/1001Gp_TE_ANNOT/panTEome_v3_1001Gp/annotation_chr_s/single_genome_EDTA/100814/100814.Chr_scaffolds.fa.mod.EDTA.TElib.fa.keep.list, /tmp/global2/ssushko/TE_evolution/1001Gp_TE_ANNOT/panTEome_v3_1001Gp/annotation_chr_s/single_genome_EDTA/100814/100814.Chr_scaffolds.fa.mod.EDTA.TElib.mincopyfiltered.fa
    log: logs/100814_extr_minnflcop.log
    jobid: 1527
    reason: Missing output files: /tmp/global2/ssushko/TE_evolution/1001Gp_TE_ANNOT/panTEome_v3_1001Gp/annotation_chr_s/single_genome_EDTA/100814/100814.Chr_scaffolds.fa.mod.EDTA.TElib.mincopyfiltered.fa
    wildcards: sample=100814
    resources: mem_mb=1000, mem_mib=954, disk_mb=1000, disk_mib=954, tmpdir=<TBD>


[Fri Sep  5 14:44:40 2025]
rule extract_min_n_fl_copies:
    input: /tmp/global2/ssushko/TE_evolution/1001Gp_TE_ANNOT/panTEome_v3_1001Gp/annotation_chr_s/single_genome_EDTA/100821/100821.Chr_scaffolds.fa.mod.EDTA.TEanno.sgannot.gff3, /tmp/global2/ssushko/TE_evolution/1001Gp_TE_ANNOT/panTEome_v3_1001Gp/annotation_chr_s/single_genome_EDTA/100821/100821.Chr_scaffolds.fa.mod.EDTA.anno/100821.Chr_scaffolds.fa.mod.EDTA.RM.out
    output: /tmp/global2/ssushko/TE_evolution/1001Gp_TE_ANNOT/panTEome_v3_1001Gp/annotation_chr_s/single_genome_EDTA/100821/100821.Chr_scaffolds.fa.mod.EDTA.TElib.fa.keep.list, /tmp/global2/ssushko/TE_evolution/1001Gp_TE_ANNOT/panTEome_v3_1001Gp/annotation_chr_s/single_genome_EDTA/100821/100821.Chr_scaffolds.fa.mod.EDTA.TElib.mincopyfiltered.fa
    log: logs/100821_extr_minnflcop.log
    jobid: 1555
    reason: Missing output files: /tmp/global2/ssushko/TE_evolution/1001Gp_TE_ANNOT/panTEome_v3_1001Gp/annotation_chr_s/single_genome_EDTA/100821/100821.Chr_scaffolds.fa.mod.EDTA.TElib.mincopyfiltered.fa
    wildcards: sample=100821
    resources: mem_mb=1000, mem_mib=954, disk_mb=1000, disk_mib=954, tmpdir=<TBD>


[Fri Sep  5 14:44:40 2025]
rule extract_min_n_fl_copies:
    input: /tmp/global2/ssushko/TE_evolution/1001Gp_TE_ANNOT/panTEome_v3_1001Gp/annotation_chr_s/single_genome_EDTA/100884/100884.Chr_scaffolds.fa.mod.EDTA.TEanno.sgannot.gff3, /tmp/global2/ssushko/TE_evolution/1001Gp_TE_ANNOT/panTEome_v3_1001Gp/annotation_chr_s/single_genome_EDTA/100884/100884.Chr_scaffolds.fa.mod.EDTA.anno/100884.Chr_scaffolds.fa.mod.EDTA.RM.out
    output: /tmp/global2/ssushko/TE_evolution/1001Gp_TE_ANNOT/panTEome_v3_1001Gp/annotation_chr_s/single_genome_EDTA/100884/100884.Chr_scaffolds.fa.mod.EDTA.TElib.fa.keep.list, /tmp/global2/ssushko/TE_evolution/1001Gp_TE_ANNOT/panTEome_v3_1001Gp/annotation_chr_s/single_genome_EDTA/100884/100884.Chr_scaffolds.fa.mod.EDTA.TElib.mincopyfiltered.fa
    log: logs/100884_extr_minnflcop.log
    jobid: 1807
    reason: Missing output files: /tmp/global2/ssushko/TE_evolution/1001Gp_TE_ANNOT/panTEome_v3_1001Gp/annotation_chr_s/single_genome_EDTA/100884/100884.Chr_scaffolds.fa.mod.EDTA.TElib.mincopyfiltered.fa
    wildcards: sample=100884
    resources: mem_mb=1000, mem_mib=954, disk_mb=1000, disk_mib=954, tmpdir=<TBD>


[Fri Sep  5 14:44:40 2025]
rule extract_min_n_fl_copies:
    input: /tmp/global2/ssushko/TE_evolution/1001Gp_TE_ANNOT/panTEome_v3_1001Gp/annotation_chr_s/single_genome_EDTA/101017/101017.Chr_scaffolds.fa.mod.EDTA.TEanno.sgannot.gff3, /tmp/global2/ssushko/TE_evolution/1001Gp_TE_ANNOT/panTEome_v3_1001Gp/annotation_chr_s/single_genome_EDTA/101017/101017.Chr_scaffolds.fa.mod.EDTA.anno/101017.Chr_scaffolds.fa.mod.EDTA.RM.out
    output: /tmp/global2/ssushko/TE_evolution/1001Gp_TE_ANNOT/panTEome_v3_1001Gp/annotation_chr_s/single_genome_EDTA/101017/101017.Chr_scaffolds.fa.mod.EDTA.TElib.fa.keep.list, /tmp/global2/ssushko/TE_evolution/1001Gp_TE_ANNOT/panTEome_v3_1001Gp/annotation_chr_s/single_genome_EDTA/101017/101017.Chr_scaffolds.fa.mod.EDTA.TElib.mincopyfiltered.fa
    log: logs/101017_extr_minnflcop.log
    jobid: 2339
    reason: Missing output files: /tmp/global2/ssushko/TE_evolution/1001Gp_TE_ANNOT/panTEome_v3_1001Gp/annotation_chr_s/single_genome_EDTA/101017/101017.Chr_scaffolds.fa.mod.EDTA.TElib.mincopyfiltered.fa
    wildcards: sample=101017
    resources: mem_mb=1000, mem_mib=954, disk_mb=1000, disk_mib=954, tmpdir=<TBD>


[Fri Sep  5 14:44:40 2025]
rule extract_min_n_fl_copies:
    input: /tmp/global2/ssushko/TE_evolution/1001Gp_TE_ANNOT/panTEome_v3_1001Gp/annotation_chr_s/single_genome_EDTA/100972/100972.Chr_scaffolds.fa.mod.EDTA.TEanno.sgannot.gff3, /tmp/global2/ssushko/TE_evolution/1001Gp_TE_ANNOT/panTEome_v3_1001Gp/annotation_chr_s/single_genome_EDTA/100972/100972.Chr_scaffolds.fa.mod.EDTA.anno/100972.Chr_scaffolds.fa.mod.EDTA.RM.out
    output: /tmp/global2/ssushko/TE_evolution/1001Gp_TE_ANNOT/panTEome_v3_1001Gp/annotation_chr_s/single_genome_EDTA/100972/100972.Chr_scaffolds.fa.mod.EDTA.TElib.fa.keep.list, /tmp/global2/ssushko/TE_evolution/1001Gp_TE_ANNOT/panTEome_v3_1001Gp/annotation_chr_s/single_genome_EDTA/100972/100972.Chr_scaffolds.fa.mod.EDTA.TElib.mincopyfiltered.fa
    log: logs/100972_extr_minnflcop.log
    jobid: 2159
    reason: Missing output files: /tmp/global2/ssushko/TE_evolution/1001Gp_TE_ANNOT/panTEome_v3_1001Gp/annotation_chr_s/single_genome_EDTA/100972/100972.Chr_scaffolds.fa.mod.EDTA.TElib.mincopyfiltered.fa
    wildcards: sample=100972
    resources: mem_mb=1000, mem_mib=954, disk_mb=1000, disk_mib=954, tmpdir=<TBD>


[Fri Sep  5 14:44:40 2025]
rule extract_min_n_fl_copies:
    input: /tmp/global2/ssushko/TE_evolution/1001Gp_TE_ANNOT/panTEome_v3_1001Gp/annotation_chr_s/single_genome_EDTA/100705/100705.Chr_scaffolds.fa.mod.EDTA.TEanno.sgannot.gff3, /tmp/global2/ssushko/TE_evolution/1001Gp_TE_ANNOT/panTEome_v3_1001Gp/annotation_chr_s/single_genome_EDTA/100705/100705.Chr_scaffolds.fa.mod.EDTA.anno/100705.Chr_scaffolds.fa.mod.EDTA.RM.out
    output: /tmp/global2/ssushko/TE_evolution/1001Gp_TE_ANNOT/panTEome_v3_1001Gp/annotation_chr_s/single_genome_EDTA/100705/100705.Chr_scaffolds.fa.mod.EDTA.TElib.fa.keep.list, /tmp/global2/ssushko/TE_evolution/1001Gp_TE_ANNOT/panTEome_v3_1001Gp/annotation_chr_s/single_genome_EDTA/100705/100705.Chr_scaffolds.fa.mod.EDTA.TElib.mincopyfiltered.fa
    log: logs/100705_extr_minnflcop.log
    jobid: 1095
    reason: Missing output files: /tmp/global2/ssushko/TE_evolution/1001Gp_TE_ANNOT/panTEome_v3_1001Gp/annotation_chr_s/single_genome_EDTA/100705/100705.Chr_scaffolds.fa.mod.EDTA.TElib.mincopyfiltered.fa
    wildcards: sample=100705
    resources: mem_mb=1000, mem_mib=954, disk_mb=1000, disk_mib=954, tmpdir=<TBD>


[Fri Sep  5 14:44:40 2025]
rule extract_min_n_fl_copies:
    input: /tmp/global2/ssushko/TE_evolution/1001Gp_TE_ANNOT/panTEome_v3_1001Gp/annotation_chr_s/single_genome_EDTA/100498/100498.Chr_scaffolds.fa.mod.EDTA.TEanno.sgannot.gff3, /tmp/global2/ssushko/TE_evolution/1001Gp_TE_ANNOT/panTEome_v3_1001Gp/annotation_chr_s/single_genome_EDTA/100498/100498.Chr_scaffolds.fa.mod.EDTA.anno/100498.Chr_scaffolds.fa.mod.EDTA.RM.out
    output: /tmp/global2/ssushko/TE_evolution/1001Gp_TE_ANNOT/panTEome_v3_1001Gp/annotation_chr_s/single_genome_EDTA/100498/100498.Chr_scaffolds.fa.mod.EDTA.TElib.fa.keep.list, /tmp/global2/ssushko/TE_evolution/1001Gp_TE_ANNOT/panTEome_v3_1001Gp/annotation_chr_s/single_genome_EDTA/100498/100498.Chr_scaffolds.fa.mod.EDTA.TElib.mincopyfiltered.fa
    log: logs/100498_extr_minnflcop.log
    jobid: 787
    reason: Missing output files: /tmp/global2/ssushko/TE_evolution/1001Gp_TE_ANNOT/panTEome_v3_1001Gp/annotation_chr_s/single_genome_EDTA/100498/100498.Chr_scaffolds.fa.mod.EDTA.TElib.mincopyfiltered.fa
    wildcards: sample=100498
    resources: mem_mb=1000, mem_mib=954, disk_mb=1000, disk_mib=954, tmpdir=<TBD>


[Fri Sep  5 14:44:40 2025]
rule extract_min_n_fl_copies:
    input: /tmp/global2/ssushko/TE_evolution/1001Gp_TE_ANNOT/panTEome_v3_1001Gp/annotation_chr_s/single_genome_EDTA/100733/100733.Chr_scaffolds.fa.mod.EDTA.TEanno.sgannot.gff3, /tmp/global2/ssushko/TE_evolution/1001Gp_TE_ANNOT/panTEome_v3_1001Gp/annotation_chr_s/single_genome_EDTA/100733/100733.Chr_scaffolds.fa.mod.EDTA.anno/100733.Chr_scaffolds.fa.mod.EDTA.RM.out
    output: /tmp/global2/ssushko/TE_evolution/1001Gp_TE_ANNOT/panTEome_v3_1001Gp/annotation_chr_s/single_genome_EDTA/100733/100733.Chr_scaffolds.fa.mod.EDTA.TElib.fa.keep.list, /tmp/global2/ssushko/TE_evolution/1001Gp_TE_ANNOT/panTEome_v3_1001Gp/annotation_chr_s/single_genome_EDTA/100733/100733.Chr_scaffolds.fa.mod.EDTA.TElib.mincopyfiltered.fa
    log: logs/100733_extr_minnflcop.log
    jobid: 1207
    reason: Missing output files: /tmp/global2/ssushko/TE_evolution/1001Gp_TE_ANNOT/panTEome_v3_1001Gp/annotation_chr_s/single_genome_EDTA/100733/100733.Chr_scaffolds.fa.mod.EDTA.TElib.mincopyfiltered.fa
    wildcards: sample=100733
    resources: mem_mb=1000, mem_mib=954, disk_mb=1000, disk_mib=954, tmpdir=<TBD>


[Fri Sep  5 14:44:40 2025]
rule extract_min_n_fl_copies:
    input: /tmp/global2/ssushko/TE_evolution/1001Gp_TE_ANNOT/panTEome_v3_1001Gp/annotation_chr_s/single_genome_EDTA/100645/100645.Chr_scaffolds.fa.mod.EDTA.TEanno.sgannot.gff3, /tmp/global2/ssushko/TE_evolution/1001Gp_TE_ANNOT/panTEome_v3_1001Gp/annotation_chr_s/single_genome_EDTA/100645/100645.Chr_scaffolds.fa.mod.EDTA.anno/100645.Chr_scaffolds.fa.mod.EDTA.RM.out
    output: /tmp/global2/ssushko/TE_evolution/1001Gp_TE_ANNOT/panTEome_v3_1001Gp/annotation_chr_s/single_genome_EDTA/100645/100645.Chr_scaffolds.fa.mod.EDTA.TElib.fa.keep.list, /tmp/global2/ssushko/TE_evolution/1001Gp_TE_ANNOT/panTEome_v3_1001Gp/annotation_chr_s/single_genome_EDTA/100645/100645.Chr_scaffolds.fa.mod.EDTA.TElib.mincopyfiltered.fa
    log: logs/100645_extr_minnflcop.log
    jobid: 899
    reason: Missing output files: /tmp/global2/ssushko/TE_evolution/1001Gp_TE_ANNOT/panTEome_v3_1001Gp/annotation_chr_s/single_genome_EDTA/100645/100645.Chr_scaffolds.fa.mod.EDTA.TElib.mincopyfiltered.fa
    wildcards: sample=100645
    resources: mem_mb=1000, mem_mib=954, disk_mb=1000, disk_mib=954, tmpdir=<TBD>


[Fri Sep  5 14:44:40 2025]
rule extract_min_n_fl_copies:
    input: /tmp/global2/ssushko/TE_evolution/1001Gp_TE_ANNOT/panTEome_v3_1001Gp/annotation_chr_s/single_genome_EDTA/100105/100105.Chr_scaffolds.fa.mod.EDTA.TEanno.sgannot.gff3, /tmp/global2/ssushko/TE_evolution/1001Gp_TE_ANNOT/panTEome_v3_1001Gp/annotation_chr_s/single_genome_EDTA/100105/100105.Chr_scaffolds.fa.mod.EDTA.anno/100105.Chr_scaffolds.fa.mod.EDTA.RM.out
    output: /tmp/global2/ssushko/TE_evolution/1001Gp_TE_ANNOT/panTEome_v3_1001Gp/annotation_chr_s/single_genome_EDTA/100105/100105.Chr_scaffolds.fa.mod.EDTA.TElib.fa.keep.list, /tmp/global2/ssushko/TE_evolution/1001Gp_TE_ANNOT/panTEome_v3_1001Gp/annotation_chr_s/single_genome_EDTA/100105/100105.Chr_scaffolds.fa.mod.EDTA.TElib.mincopyfiltered.fa
    log: logs/100105_extr_minnflcop.log
    jobid: 299
    reason: Missing output files: /tmp/global2/ssushko/TE_evolution/1001Gp_TE_ANNOT/panTEome_v3_1001Gp/annotation_chr_s/single_genome_EDTA/100105/100105.Chr_scaffolds.fa.mod.EDTA.TElib.mincopyfiltered.fa
    wildcards: sample=100105
    resources: mem_mb=1000, mem_mib=954, disk_mb=1000, disk_mib=954, tmpdir=<TBD>


[Fri Sep  5 14:44:40 2025]
rule extract_min_n_fl_copies:
    input: /tmp/global2/ssushko/TE_evolution/1001Gp_TE_ANNOT/panTEome_v3_1001Gp/annotation_chr_s/single_genome_EDTA/100683/100683.Chr_scaffolds.fa.mod.EDTA.TEanno.sgannot.gff3, /tmp/global2/ssushko/TE_evolution/1001Gp_TE_ANNOT/panTEome_v3_1001Gp/annotation_chr_s/single_genome_EDTA/100683/100683.Chr_scaffolds.fa.mod.EDTA.anno/100683.Chr_scaffolds.fa.mod.EDTA.RM.out
    output: /tmp/global2/ssushko/TE_evolution/1001Gp_TE_ANNOT/panTEome_v3_1001Gp/annotation_chr_s/single_genome_EDTA/100683/100683.Chr_scaffolds.fa.mod.EDTA.TElib.fa.keep.list, /tmp/global2/ssushko/TE_evolution/1001Gp_TE_ANNOT/panTEome_v3_1001Gp/annotation_chr_s/single_genome_EDTA/100683/100683.Chr_scaffolds.fa.mod.EDTA.TElib.mincopyfiltered.fa
    log: logs/100683_extr_minnflcop.log
    jobid: 1007
    reason: Missing output files: /tmp/global2/ssushko/TE_evolution/1001Gp_TE_ANNOT/panTEome_v3_1001Gp/annotation_chr_s/single_genome_EDTA/100683/100683.Chr_scaffolds.fa.mod.EDTA.TElib.mincopyfiltered.fa
    wildcards: sample=100683
    resources: mem_mb=1000, mem_mib=954, disk_mb=1000, disk_mib=954, tmpdir=<TBD>


[Fri Sep  5 14:44:40 2025]
rule extract_min_n_fl_copies:
    input: /tmp/global2/ssushko/TE_evolution/1001Gp_TE_ANNOT/panTEome_v3_1001Gp/annotation_chr_s/single_genome_EDTA/100143/100143.Chr_scaffolds.fa.mod.EDTA.TEanno.sgannot.gff3, /tmp/global2/ssushko/TE_evolution/1001Gp_TE_ANNOT/panTEome_v3_1001Gp/annotation_chr_s/single_genome_EDTA/100143/100143.Chr_scaffolds.fa.mod.EDTA.anno/100143.Chr_scaffolds.fa.mod.EDTA.RM.out
    output: /tmp/global2/ssushko/TE_evolution/1001Gp_TE_ANNOT/panTEome_v3_1001Gp/annotation_chr_s/single_genome_EDTA/100143/100143.Chr_scaffolds.fa.mod.EDTA.TElib.fa.keep.list, /tmp/global2/ssushko/TE_evolution/1001Gp_TE_ANNOT/panTEome_v3_1001Gp/annotation_chr_s/single_genome_EDTA/100143/100143.Chr_scaffolds.fa.mod.EDTA.TElib.mincopyfiltered.fa
    log: logs/100143_extr_minnflcop.log
    jobid: 439
    reason: Missing output files: /tmp/global2/ssushko/TE_evolution/1001Gp_TE_ANNOT/panTEome_v3_1001Gp/annotation_chr_s/single_genome_EDTA/100143/100143.Chr_scaffolds.fa.mod.EDTA.TElib.mincopyfiltered.fa
    wildcards: sample=100143
    resources: mem_mb=1000, mem_mib=954, disk_mb=1000, disk_mib=954, tmpdir=<TBD>


[Fri Sep  5 14:44:40 2025]
rule extract_min_n_fl_copies:
    input: /tmp/global2/ssushko/TE_evolution/1001Gp_TE_ANNOT/panTEome_v3_1001Gp/annotation_chr_s/single_genome_EDTA/100740/100740.Chr_scaffolds.fa.mod.EDTA.TEanno.sgannot.gff3, /tmp/global2/ssushko/TE_evolution/1001Gp_TE_ANNOT/panTEome_v3_1001Gp/annotation_chr_s/single_genome_EDTA/100740/100740.Chr_scaffolds.fa.mod.EDTA.anno/100740.Chr_scaffolds.fa.mod.EDTA.RM.out
    output: /tmp/global2/ssushko/TE_evolution/1001Gp_TE_ANNOT/panTEome_v3_1001Gp/annotation_chr_s/single_genome_EDTA/100740/100740.Chr_scaffolds.fa.mod.EDTA.TElib.fa.keep.list, /tmp/global2/ssushko/TE_evolution/1001Gp_TE_ANNOT/panTEome_v3_1001Gp/annotation_chr_s/single_genome_EDTA/100740/100740.Chr_scaffolds.fa.mod.EDTA.TElib.mincopyfiltered.fa
    log: logs/100740_extr_minnflcop.log
    jobid: 1235
    reason: Missing output files: /tmp/global2/ssushko/TE_evolution/1001Gp_TE_ANNOT/panTEome_v3_1001Gp/annotation_chr_s/single_genome_EDTA/100740/100740.Chr_scaffolds.fa.mod.EDTA.TElib.mincopyfiltered.fa
    wildcards: sample=100740
    resources: mem_mb=1000, mem_mib=954, disk_mb=1000, disk_mib=954, tmpdir=<TBD>


[Fri Sep  5 14:44:40 2025]
rule extract_min_n_fl_copies:
    input: /tmp/global2/ssushko/TE_evolution/1001Gp_TE_ANNOT/panTEome_v3_1001Gp/annotation_chr_s/single_genome_EDTA/100761/100761.Chr_scaffolds.fa.mod.EDTA.TEanno.sgannot.gff3, /tmp/global2/ssushko/TE_evolution/1001Gp_TE_ANNOT/panTEome_v3_1001Gp/annotation_chr_s/single_genome_EDTA/100761/100761.Chr_scaffolds.fa.mod.EDTA.anno/100761.Chr_scaffolds.fa.mod.EDTA.RM.out
    output: /tmp/global2/ssushko/TE_evolution/1001Gp_TE_ANNOT/panTEome_v3_1001Gp/annotation_chr_s/single_genome_EDTA/100761/100761.Chr_scaffolds.fa.mod.EDTA.TElib.fa.keep.list, /tmp/global2/ssushko/TE_evolution/1001Gp_TE_ANNOT/panTEome_v3_1001Gp/annotation_chr_s/single_genome_EDTA/100761/100761.Chr_scaffolds.fa.mod.EDTA.TElib.mincopyfiltered.fa
    log: logs/100761_extr_minnflcop.log
    jobid: 1319
    reason: Missing output files: /tmp/global2/ssushko/TE_evolution/1001Gp_TE_ANNOT/panTEome_v3_1001Gp/annotation_chr_s/single_genome_EDTA/100761/100761.Chr_scaffolds.fa.mod.EDTA.TElib.mincopyfiltered.fa
    wildcards: sample=100761
    resources: mem_mb=1000, mem_mib=954, disk_mb=1000, disk_mib=954, tmpdir=<TBD>


[Fri Sep  5 14:44:40 2025]
rule extract_min_n_fl_copies:
    input: /tmp/global2/ssushko/TE_evolution/1001Gp_TE_ANNOT/panTEome_v3_1001Gp/annotation_chr_s/single_genome_EDTA/100874/100874.Chr_scaffolds.fa.mod.EDTA.TEanno.sgannot.gff3, /tmp/global2/ssushko/TE_evolution/1001Gp_TE_ANNOT/panTEome_v3_1001Gp/annotation_chr_s/single_genome_EDTA/100874/100874.Chr_scaffolds.fa.mod.EDTA.anno/100874.Chr_scaffolds.fa.mod.EDTA.RM.out
    output: /tmp/global2/ssushko/TE_evolution/1001Gp_TE_ANNOT/panTEome_v3_1001Gp/annotation_chr_s/single_genome_EDTA/100874/100874.Chr_scaffolds.fa.mod.EDTA.TElib.fa.keep.list, /tmp/global2/ssushko/TE_evolution/1001Gp_TE_ANNOT/panTEome_v3_1001Gp/annotation_chr_s/single_genome_EDTA/100874/100874.Chr_scaffolds.fa.mod.EDTA.TElib.mincopyfiltered.fa
    log: logs/100874_extr_minnflcop.log
    jobid: 1767
    reason: Missing output files: /tmp/global2/ssushko/TE_evolution/1001Gp_TE_ANNOT/panTEome_v3_1001Gp/annotation_chr_s/single_genome_EDTA/100874/100874.Chr_scaffolds.fa.mod.EDTA.TElib.mincopyfiltered.fa
    wildcards: sample=100874
    resources: mem_mb=1000, mem_mib=954, disk_mb=1000, disk_mib=954, tmpdir=<TBD>


[Fri Sep  5 14:44:40 2025]
rule extract_min_n_fl_copies:
    input: /tmp/global2/ssushko/TE_evolution/1001Gp_TE_ANNOT/panTEome_v3_1001Gp/annotation_chr_s/single_genome_EDTA/101042/101042.Chr_scaffolds.fa.mod.EDTA.TEanno.sgannot.gff3, /tmp/global2/ssushko/TE_evolution/1001Gp_TE_ANNOT/panTEome_v3_1001Gp/annotation_chr_s/single_genome_EDTA/101042/101042.Chr_scaffolds.fa.mod.EDTA.anno/101042.Chr_scaffolds.fa.mod.EDTA.RM.out
    output: /tmp/global2/ssushko/TE_evolution/1001Gp_TE_ANNOT/panTEome_v3_1001Gp/annotation_chr_s/single_genome_EDTA/101042/101042.Chr_scaffolds.fa.mod.EDTA.TElib.fa.keep.list, /tmp/global2/ssushko/TE_evolution/1001Gp_TE_ANNOT/panTEome_v3_1001Gp/annotation_chr_s/single_genome_EDTA/101042/101042.Chr_scaffolds.fa.mod.EDTA.TElib.mincopyfiltered.fa
    log: logs/101042_extr_minnflcop.log
    jobid: 2439
    reason: Missing output files: /tmp/global2/ssushko/TE_evolution/1001Gp_TE_ANNOT/panTEome_v3_1001Gp/annotation_chr_s/single_genome_EDTA/101042/101042.Chr_scaffolds.fa.mod.EDTA.TElib.mincopyfiltered.fa
    wildcards: sample=101042
    resources: mem_mb=1000, mem_mib=954, disk_mb=1000, disk_mib=954, tmpdir=<TBD>


[Fri Sep  5 14:44:41 2025]
rule concat_all_telibs:
    input: /tmp/global2/ssushko/TE_evolution/1001Gp_TE_ANNOT/panTEome_v3_1001Gp/annotation_chr_s/single_genome_EDTA/100000/100000.Chr_scaffolds.fa.mod.EDTA.TElib.mincopyfiltered.fa, /tmp/global2/ssushko/TE_evolution/1001Gp_TE_ANNOT/panTEome_v3_1001Gp/annotation_chr_s/single_genome_EDTA/100002/100002.Chr_scaffolds.fa.mod.EDTA.TElib.mincopyfiltered.fa, /tmp/global2/ssushko/TE_evolution/1001Gp_TE_ANNOT/panTEome_v3_1001Gp/annotation_chr_s/single_genome_EDTA/100018/100018.Chr_scaffolds.fa.mod.EDTA.TElib.mincopyfiltered.fa, /tmp/global2/ssushko/TE_evolution/1001Gp_TE_ANNOT/panTEome_v3_1001Gp/annotation_chr_s/single_genome_EDTA/100022/100022.Chr_scaffolds.fa.mod.EDTA.TElib.mincopyfiltered.fa, /tmp/global2/ssushko/TE_evolution/1001Gp_TE_ANNOT/panTEome_v3_1001Gp/annotation_chr_s/single_genome_EDTA/100024/100024.Chr_scaffolds.fa.mod.EDTA.TElib.mincopyfiltered.fa, /tmp/global2/ssushko/TE_evolution/1001Gp_TE_ANNOT/panTEome_v3_1001Gp/annotation_chr_s/single_genome_EDTA/100025/100025.Chr_scaffolds.fa.mod.EDTA.TElib.mincopyfiltered.fa, /tmp/global2/ssushko/TE_evolution/1001Gp_TE_ANNOT/panTEome_v3_1001Gp/annotation_chr_s/single_genome_EDTA/100027/100027.Chr_scaffolds.fa.mod.EDTA.TElib.mincopyfiltered.fa, /tmp/global2/ssushko/TE_evolution/1001Gp_TE_ANNOT/panTEome_v3_1001Gp/annotation_chr_s/single_genome_EDTA/100029/100029.Chr_scaffolds.fa.mod.EDTA.TElib.mincopyfiltered.fa, /tmp/global2/ssushko/TE_evolution/1001Gp_TE_ANNOT/panTEome_v3_1001Gp/annotation_chr_s/single_genome_EDTA/100030/100030.Chr_scaffolds.fa.mod.EDTA.TElib.mincopyfiltered.fa, /tmp/global2/ssushko/TE_evolution/1001Gp_TE_ANNOT/panTEome_v3_1001Gp/annotation_chr_s/single_genome_EDTA/100039/100039.Chr_scaffolds.fa.mod.EDTA.TElib.mincopyfiltered.fa, /tmp/global2/ssushko/TE_evolution/1001Gp_TE_ANNOT/panTEome_v3_1001Gp/annotation_chr_s/single_genome_EDTA/100040/100040.Chr_scaffolds.fa.mod.EDTA.TElib.mincopyfiltered.fa, /tmp/global2/ssushko/TE_evolution/1001Gp_TE_ANNOT/panTEome_v3_1001Gp/annotation_chr_s/single_genome_EDTA/100041/100041.Chr_scaffolds.fa.mod.EDTA.TElib.mincopyfiltered.fa, /tmp/global2/ssushko/TE_evolution/1001Gp_TE_ANNOT/panTEome_v3_1001Gp/annotation_chr_s/single_genome_EDTA/100042/100042.Chr_scaffolds.fa.mod.EDTA.TElib.mincopyfiltered.fa, /tmp/global2/ssushko/TE_evolution/1001Gp_TE_ANNOT/panTEome_v3_1001Gp/annotation_chr_s/single_genome_EDTA/100043/100043.Chr_scaffolds.fa.mod.EDTA.TElib.mincopyfiltered.fa, /tmp/global2/ssushko/TE_evolution/1001Gp_TE_ANNOT/panTEome_v3_1001Gp/annotation_chr_s/single_genome_EDTA/100044/100044.Chr_scaffolds.fa.mod.EDTA.TElib.mincopyfiltered.fa, /tmp/global2/ssushko/TE_evolution/1001Gp_TE_ANNOT/panTEome_v3_1001Gp/annotation_chr_s/single_genome_EDTA/100045/100045.Chr_scaffolds.fa.mod.EDTA.TElib.mincopyfiltered.fa, /tmp/global2/ssushko/TE_evolution/1001Gp_TE_ANNOT/panTEome_v3_1001Gp/annotation_chr_s/single_genome_EDTA/100046/100046.Chr_scaffolds.fa.mod.EDTA.TElib.mincopyfiltered.fa, /tmp/global2/ssushko/TE_evolution/1001Gp_TE_ANNOT/panTEome_v3_1001Gp/annotation_chr_s/single_genome_EDTA/100047/100047.Chr_scaffolds.fa.mod.EDTA.TElib.mincopyfiltered.fa, /tmp/global2/ssushko/TE_evolution/1001Gp_TE_ANNOT/panTEome_v3_1001Gp/annotation_chr_s/single_genome_EDTA/100048/100048.Chr_scaffolds.fa.mod.EDTA.TElib.mincopyfiltered.fa, /tmp/global2/ssushko/TE_evolution/1001Gp_TE_ANNOT/panTEome_v3_1001Gp/annotation_chr_s/single_genome_EDTA/100049/100049.Chr_scaffolds.fa.mod.EDTA.TElib.mincopyfiltered.fa, /tmp/global2/ssushko/TE_evolution/1001Gp_TE_ANNOT/panTEome_v3_1001Gp/annotation_chr_s/single_genome_EDTA/100050/100050.Chr_scaffolds.fa.mod.EDTA.TElib.mincopyfiltered.fa, /tmp/global2/ssushko/TE_evolution/1001Gp_TE_ANNOT/panTEome_v3_1001Gp/annotation_chr_s/single_genome_EDTA/100051/100051.Chr_scaffolds.fa.mod.EDTA.TElib.mincopyfiltered.fa, /tmp/global2/ssushko/TE_evolution/1001Gp_TE_ANNOT/panTEome_v3_1001Gp/annotation_chr_s/single_genome_EDTA/100052/100052.Chr_scaffolds.fa.mod.EDTA.TElib.mincopyfiltered.fa, /tmp/global2/ssushko/TE_evolution/1001Gp_TE_ANNOT/panTEome_v3_1001Gp/annotation_chr_s/single_genome_EDTA/100053/100053.Chr_scaffolds.fa.mod.EDTA.TElib.mincopyfiltered.fa, /tmp/global2/ssushko/TE_evolution/1001Gp_TE_ANNOT/panTEome_v3_1001Gp/annotation_chr_s/single_genome_EDTA/100055/100055.Chr_scaffolds.fa.mod.EDTA.TElib.mincopyfiltered.fa, /tmp/global2/ssushko/TE_evolution/1001Gp_TE_ANNOT/panTEome_v3_1001Gp/annotation_chr_s/single_genome_EDTA/100056/100056.Chr_scaffolds.fa.mod.EDTA.TElib.mincopyfiltered.fa, /tmp/global2/ssushko/TE_evolution/1001Gp_TE_ANNOT/panTEome_v3_1001Gp/annotation_chr_s/single_genome_EDTA/100057/100057.Chr_scaffolds.fa.mod.EDTA.TElib.mincopyfiltered.fa, /tmp/global2/ssushko/TE_evolution/1001Gp_TE_ANNOT/panTEome_v3_1001Gp/annotation_chr_s/single_genome_EDTA/100058/100058.Chr_scaffolds.fa.mod.EDTA.TElib.mincopyfiltered.fa, /tmp/global2/ssushko/TE_evolution/1001Gp_TE_ANNOT/panTEome_v3_1001Gp/annotation_chr_s/single_genome_EDTA/100059/100059.Chr_scaffolds.fa.mod.EDTA.TElib.mincopyfiltered.fa, /tmp/global2/ssushko/TE_evolution/1001Gp_TE_ANNOT/panTEome_v3_1001Gp/annotation_chr_s/single_genome_EDTA/100060/100060.Chr_scaffolds.fa.mod.EDTA.TElib.mincopyfiltered.fa, /tmp/global2/ssushko/TE_evolution/1001Gp_TE_ANNOT/panTEome_v3_1001Gp/annotation_chr_s/single_genome_EDTA/100061/100061.Chr_scaffolds.fa.mod.EDTA.TElib.mincopyfiltered.fa, /tmp/global2/ssushko/TE_evolution/1001Gp_TE_ANNOT/panTEome_v3_1001Gp/annotation_chr_s/single_genome_EDTA/100062/100062.Chr_scaffolds.fa.mod.EDTA.TElib.mincopyfiltered.fa, /tmp/global2/ssushko/TE_evolution/1001Gp_TE_ANNOT/panTEome_v3_1001Gp/annotation_chr_s/single_genome_EDTA/100063/100063.Chr_scaffolds.fa.mod.EDTA.TElib.mincopyfiltered.fa, /tmp/global2/ssushko/TE_evolution/1001Gp_TE_ANNOT/panTEome_v3_1001Gp/annotation_chr_s/single_genome_EDTA/100064/100064.Chr_scaffolds.fa.mod.EDTA.TElib.mincopyfiltered.fa, /tmp/global2/ssushko/TE_evolution/1001Gp_TE_ANNOT/panTEome_v3_1001Gp/annotation_chr_s/single_genome_EDTA/100065/100065.Chr_scaffolds.fa.mod.EDTA.TElib.mincopyfiltered.fa, /tmp/global2/ssushko/TE_evolution/1001Gp_TE_ANNOT/panTEome_v3_1001Gp/annotation_chr_s/single_genome_EDTA/100066/100066.Chr_scaffolds.fa.mod.EDTA.TElib.mincopyfiltered.fa, /tmp/global2/ssushko/TE_evolution/1001Gp_TE_ANNOT/panTEome_v3_1001Gp/annotation_chr_s/single_genome_EDTA/100067/100067.Chr_scaffolds.fa.mod.EDTA.TElib.mincopyfiltered.fa, /tmp/global2/ssushko/TE_evolution/1001Gp_TE_ANNOT/panTEome_v3_1001Gp/annotation_chr_s/single_genome_EDTA/100068/100068.Chr_scaffolds.fa.mod.EDTA.TElib.mincopyfiltered.fa, /tmp/global2/ssushko/TE_evolution/1001Gp_TE_ANNOT/panTEome_v3_1001Gp/annotation_chr_s/single_genome_EDTA/100069/100069.Chr_scaffolds.fa.mod.EDTA.TElib.mincopyfiltered.fa, /tmp/global2/ssushko/TE_evolution/1001Gp_TE_ANNOT/panTEome_v3_1001Gp/annotation_chr_s/single_genome_EDTA/100070/100070.Chr_scaffolds.fa.mod.EDTA.TElib.mincopyfiltered.fa, /tmp/global2/ssushko/TE_evolution/1001Gp_TE_ANNOT/panTEome_v3_1001Gp/annotation_chr_s/single_genome_EDTA/100071/100071.Chr_scaffolds.fa.mod.EDTA.TElib.mincopyfiltered.fa, /tmp/global2/ssushko/TE_evolution/1001Gp_TE_ANNOT/panTEome_v3_1001Gp/annotation_chr_s/single_genome_EDTA/100072/100072.Chr_scaffolds.fa.mod.EDTA.TElib.mincopyfiltered.fa, /tmp/global2/ssushko/TE_evolution/1001Gp_TE_ANNOT/panTEome_v3_1001Gp/annotation_chr_s/single_genome_EDTA/100073/100073.Chr_scaffolds.fa.mod.EDTA.TElib.mincopyfiltered.fa, /tmp/global2/ssushko/TE_evolution/1001Gp_TE_ANNOT/panTEome_v3_1001Gp/annotation_chr_s/single_genome_EDTA/100074/100074.Chr_scaffolds.fa.mod.EDTA.TElib.mincopyfiltered.fa, /tmp/global2/ssushko/TE_evolution/1001Gp_TE_ANNOT/panTEome_v3_1001Gp/annotation_chr_s/single_genome_EDTA/100075/100075.Chr_scaffolds.fa.mod.EDTA.TElib.mincopyfiltered.fa, /tmp/global2/ssushko/TE_evolution/1001Gp_TE_ANNOT/panTEome_v3_1001Gp/annotation_chr_s/single_genome_EDTA/100076/100076.Chr_scaffolds.fa.mod.EDTA.TElib.mincopyfiltered.fa, /tmp/global2/ssushko/TE_evolution/1001Gp_TE_ANNOT/panTEome_v3_1001Gp/annotation_chr_s/single_genome_EDTA/100077/100077.Chr_scaffolds.fa.mod.EDTA.TElib.mincopyfiltered.fa, /tmp/global2/ssushko/TE_evolution/1001Gp_TE_ANNOT/panTEome_v3_1001Gp/annotation_chr_s/single_genome_EDTA/100078/100078.Chr_scaffolds.fa.mod.EDTA.TElib.mincopyfiltered.fa, /tmp/global2/ssushko/TE_evolution/1001Gp_TE_ANNOT/panTEome_v3_1001Gp/annotation_chr_s/single_genome_EDTA/100079/100079.Chr_scaffolds.fa.mod.EDTA.TElib.mincopyfiltered.fa, /tmp/global2/ssushko/TE_evolution/1001Gp_TE_ANNOT/panTEome_v3_1001Gp/annotation_chr_s/single_genome_EDTA/100080/100080.Chr_scaffolds.fa.mod.EDTA.TElib.mincopyfiltered.fa, /tmp/global2/ssushko/TE_evolution/1001Gp_TE_ANNOT/panTEome_v3_1001Gp/annotation_chr_s/single_genome_EDTA/100081/100081.Chr_scaffolds.fa.mod.EDTA.TElib.mincopyfiltered.fa, /tmp/global2/ssushko/TE_evolution/1001Gp_TE_ANNOT/panTEome_v3_1001Gp/annotation_chr_s/single_genome_EDTA/100082/100082.Chr_scaffolds.fa.mod.EDTA.TElib.mincopyfiltered.fa, /tmp/global2/ssushko/TE_evolution/1001Gp_TE_ANNOT/panTEome_v3_1001Gp/annotation_chr_s/single_genome_EDTA/100083/100083.Chr_scaffolds.fa.mod.EDTA.TElib.mincopyfiltered.fa, /tmp/global2/ssushko/TE_evolution/1001Gp_TE_ANNOT/panTEome_v3_1001Gp/annotation_chr_s/single_genome_EDTA/100084/100084.Chr_scaffolds.fa.mod.EDTA.TElib.mincopyfiltered.fa, /tmp/global2/ssushko/TE_evolution/1001Gp_TE_ANNOT/panTEome_v3_1001Gp/annotation_chr_s/single_genome_EDTA/100085/100085.Chr_scaffolds.fa.mod.EDTA.TElib.mincopyfiltered.fa, /tmp/global2/ssushko/TE_evolution/1001Gp_TE_ANNOT/panTEome_v3_1001Gp/annotation_chr_s/single_genome_EDTA/100086/100086.Chr_scaffolds.fa.mod.EDTA.TElib.mincopyfiltered.fa, /tmp/global2/ssushko/TE_evolution/1001Gp_TE_ANNOT/panTEome_v3_1001Gp/annotation_chr_s/single_genome_EDTA/100087/100087.Chr_scaffolds.fa.mod.EDTA.TElib.mincopyfiltered.fa, /tmp/global2/ssushko/TE_evolution/1001Gp_TE_ANNOT/panTEome_v3_1001Gp/annotation_chr_s/single_genome_EDTA/100088/100088.Chr_scaffolds.fa.mod.EDTA.TElib.mincopyfiltered.fa, /tmp/global2/ssushko/TE_evolution/1001Gp_TE_ANNOT/panTEome_v3_1001Gp/annotation_chr_s/single_genome_EDTA/100089/100089.Chr_scaffolds.fa.mod.EDTA.TElib.mincopyfiltered.fa, /tmp/global2/ssushko/TE_evolution/1001Gp_TE_ANNOT/panTEome_v3_1001Gp/annotation_chr_s/single_genome_EDTA/100090/100090.Chr_scaffolds.fa.mod.EDTA.TElib.mincopyfiltered.fa, /tmp/global2/ssushko/TE_evolution/1001Gp_TE_ANNOT/panTEome_v3_1001Gp/annotation_chr_s/single_genome_EDTA/100091/100091.Chr_scaffolds.fa.mod.EDTA.TElib.mincopyfiltered.fa, /tmp/global2/ssushko/TE_evolution/1001Gp_TE_ANNOT/panTEome_v3_1001Gp/annotation_chr_s/single_genome_EDTA/100092/100092.Chr_scaffolds.fa.mod.EDTA.TElib.mincopyfiltered.fa, /tmp/global2/ssushko/TE_evolution/1001Gp_TE_ANNOT/panTEome_v3_1001Gp/annotation_chr_s/single_genome_EDTA/100093/100093.Chr_scaffolds.fa.mod.EDTA.TElib.mincopyfiltered.fa, /tmp/global2/ssushko/TE_evolution/1001Gp_TE_ANNOT/panTEome_v3_1001Gp/annotation_chr_s/single_genome_EDTA/100094/100094.Chr_scaffolds.fa.mod.EDTA.TElib.mincopyfiltered.fa, /tmp/global2/ssushko/TE_evolution/1001Gp_TE_ANNOT/panTEome_v3_1001Gp/annotation_chr_s/single_genome_EDTA/100095/100095.Chr_scaffolds.fa.mod.EDTA.TElib.mincopyfiltered.fa, /tmp/global2/ssushko/TE_evolution/1001Gp_TE_ANNOT/panTEome_v3_1001Gp/annotation_chr_s/single_genome_EDTA/100096/100096.Chr_scaffolds.fa.mod.EDTA.TElib.mincopyfiltered.fa, /tmp/global2/ssushko/TE_evolution/1001Gp_TE_ANNOT/panTEome_v3_1001Gp/annotation_chr_s/single_genome_EDTA/100097/100097.Chr_scaffolds.fa.mod.EDTA.TElib.mincopyfiltered.fa, /tmp/global2/ssushko/TE_evolution/1001Gp_TE_ANNOT/panTEome_v3_1001Gp/annotation_chr_s/single_genome_EDTA/100098/100098.Chr_scaffolds.fa.mod.EDTA.TElib.mincopyfiltered.fa, /tmp/global2/ssushko/TE_evolution/1001Gp_TE_ANNOT/panTEome_v3_1001Gp/annotation_chr_s/single_genome_EDTA/100099/100099.Chr_scaffolds.fa.mod.EDTA.TElib.mincopyfiltered.fa, /tmp/global2/ssushko/TE_evolution/1001Gp_TE_ANNOT/panTEome_v3_1001Gp/annotation_chr_s/single_genome_EDTA/100100/100100.Chr_scaffolds.fa.mod.EDTA.TElib.mincopyfiltered.fa, /tmp/global2/ssushko/TE_evolution/1001Gp_TE_ANNOT/panTEome_v3_1001Gp/annotation_chr_s/single_genome_EDTA/100101/100101.Chr_scaffolds.fa.mod.EDTA.TElib.mincopyfiltered.fa, /tmp/global2/ssushko/TE_evolution/1001Gp_TE_ANNOT/panTEome_v3_1001Gp/annotation_chr_s/single_genome_EDTA/100102/100102.Chr_scaffolds.fa.mod.EDTA.TElib.mincopyfiltered.fa, /tmp/global2/ssushko/TE_evolution/1001Gp_TE_ANNOT/panTEome_v3_1001Gp/annotation_chr_s/single_genome_EDTA/100103/100103.Chr_scaffolds.fa.mod.EDTA.TElib.mincopyfiltered.fa, /tmp/global2/ssushko/TE_evolution/1001Gp_TE_ANNOT/panTEome_v3_1001Gp/annotation_chr_s/single_genome_EDTA/100104/100104.Chr_scaffolds.fa.mod.EDTA.TElib.mincopyfiltered.fa, /tmp/global2/ssushko/TE_evolution/1001Gp_TE_ANNOT/panTEome_v3_1001Gp/annotation_chr_s/single_genome_EDTA/100105/100105.Chr_scaffolds.fa.mod.EDTA.TElib.mincopyfiltered.fa, /tmp/global2/ssushko/TE_evolution/1001Gp_TE_ANNOT/panTEome_v3_1001Gp/annotation_chr_s/single_genome_EDTA/100106/100106.Chr_scaffolds.fa.mod.EDTA.TElib.mincopyfiltered.fa, /tmp/global2/ssushko/TE_evolution/1001Gp_TE_ANNOT/panTEome_v3_1001Gp/annotation_chr_s/single_genome_EDTA/100107/100107.Chr_scaffolds.fa.mod.EDTA.TElib.mincopyfiltered.fa, /tmp/global2/ssushko/TE_evolution/1001Gp_TE_ANNOT/panTEome_v3_1001Gp/annotation_chr_s/single_genome_EDTA/100108/100108.Chr_scaffolds.fa.mod.EDTA.TElib.mincopyfiltered.fa, /tmp/global2/ssushko/TE_evolution/1001Gp_TE_ANNOT/panTEome_v3_1001Gp/annotation_chr_s/single_genome_EDTA/100109/100109.Chr_scaffolds.fa.mod.EDTA.TElib.mincopyfiltered.fa, /tmp/global2/ssushko/TE_evolution/1001Gp_TE_ANNOT/panTEome_v3_1001Gp/annotation_chr_s/single_genome_EDTA/100110/100110.Chr_scaffolds.fa.mod.EDTA.TElib.mincopyfiltered.fa, /tmp/global2/ssushko/TE_evolution/1001Gp_TE_ANNOT/panTEome_v3_1001Gp/annotation_chr_s/single_genome_EDTA/100111/100111.Chr_scaffolds.fa.mod.EDTA.TElib.mincopyfiltered.fa, /tmp/global2/ssushko/TE_evolution/1001Gp_TE_ANNOT/panTEome_v3_1001Gp/annotation_chr_s/single_genome_EDTA/100113/100113.Chr_scaffolds.fa.mod.EDTA.TElib.mincopyfiltered.fa, /tmp/global2/ssushko/TE_evolution/1001Gp_TE_ANNOT/panTEome_v3_1001Gp/annotation_chr_s/single_genome_EDTA/100114/100114.Chr_scaffolds.fa.mod.EDTA.TElib.mincopyfiltered.fa, /tmp/global2/ssushko/TE_evolution/1001Gp_TE_ANNOT/panTEome_v3_1001Gp/annotation_chr_s/single_genome_EDTA/100115/100115.Chr_scaffolds.fa.mod.EDTA.TElib.mincopyfiltered.fa, /tmp/global2/ssushko/TE_evolution/1001Gp_TE_ANNOT/panTEome_v3_1001Gp/annotation_chr_s/single_genome_EDTA/100116/100116.Chr_scaffolds.fa.mod.EDTA.TElib.mincopyfiltered.fa, /tmp/global2/ssushko/TE_evolution/1001Gp_TE_ANNOT/panTEome_v3_1001Gp/annotation_chr_s/single_genome_EDTA/100117/100117.Chr_scaffolds.fa.mod.EDTA.TElib.mincopyfiltered.fa, /tmp/global2/ssushko/TE_evolution/1001Gp_TE_ANNOT/panTEome_v3_1001Gp/annotation_chr_s/single_genome_EDTA/100118/100118.Chr_scaffolds.fa.mod.EDTA.TElib.mincopyfiltered.fa, /tmp/global2/ssushko/TE_evolution/1001Gp_TE_ANNOT/panTEome_v3_1001Gp/annotation_chr_s/single_genome_EDTA/100119/100119.Chr_scaffolds.fa.mod.EDTA.TElib.mincopyfiltered.fa, /tmp/global2/ssushko/TE_evolution/1001Gp_TE_ANNOT/panTEome_v3_1001Gp/annotation_chr_s/single_genome_EDTA/100120/100120.Chr_scaffolds.fa.mod.EDTA.TElib.mincopyfiltered.fa, /tmp/global2/ssushko/TE_evolution/1001Gp_TE_ANNOT/panTEome_v3_1001Gp/annotation_chr_s/single_genome_EDTA/100121/100121.Chr_scaffolds.fa.mod.EDTA.TElib.mincopyfiltered.fa, /tmp/global2/ssushko/TE_evolution/1001Gp_TE_ANNOT/panTEome_v3_1001Gp/annotation_chr_s/single_genome_EDTA/100123/100123.Chr_scaffolds.fa.mod.EDTA.TElib.mincopyfiltered.fa, /tmp/global2/ssushko/TE_evolution/1001Gp_TE_ANNOT/panTEome_v3_1001Gp/annotation_chr_s/single_genome_EDTA/100124/100124.Chr_scaffolds.fa.mod.EDTA.TElib.mincopyfiltered.fa, /tmp/global2/ssushko/TE_evolution/1001Gp_TE_ANNOT/panTEome_v3_1001Gp/annotation_chr_s/single_genome_EDTA/100125/100125.Chr_scaffolds.fa.mod.EDTA.TElib.mincopyfiltered.fa, /tmp/global2/ssushko/TE_evolution/1001Gp_TE_ANNOT/panTEome_v3_1001Gp/annotation_chr_s/single_genome_EDTA/100126/100126.Chr_scaffolds.fa.mod.EDTA.TElib.mincopyfiltered.fa, /tmp/global2/ssushko/TE_evolution/1001Gp_TE_ANNOT/panTEome_v3_1001Gp/annotation_chr_s/single_genome_EDTA/100127/100127.Chr_scaffolds.fa.mod.EDTA.TElib.mincopyfiltered.fa, /tmp/global2/ssushko/TE_evolution/1001Gp_TE_ANNOT/panTEome_v3_1001Gp/annotation_chr_s/single_genome_EDTA/100128/100128.Chr_scaffolds.fa.mod.EDTA.TElib.mincopyfiltered.fa, /tmp/global2/ssushko/TE_evolution/1001Gp_TE_ANNOT/panTEome_v3_1001Gp/annotation_chr_s/single_genome_EDTA/100129/100129.Chr_scaffolds.fa.mod.EDTA.TElib.mincopyfiltered.fa, /tmp/global2/ssushko/TE_evolution/1001Gp_TE_ANNOT/panTEome_v3_1001Gp/annotation_chr_s/single_genome_EDTA/100130/100130.Chr_scaffolds.fa.mod.EDTA.TElib.mincopyfiltered.fa, /tmp/global2/ssushko/TE_evolution/1001Gp_TE_ANNOT/panTEome_v3_1001Gp/annotation_chr_s/single_genome_EDTA/100131/100131.Chr_scaffolds.fa.mod.EDTA.TElib.mincopyfiltered.fa, /tmp/global2/ssushko/TE_evolution/1001Gp_TE_ANNOT/panTEome_v3_1001Gp/annotation_chr_s/single_genome_EDTA/100132/100132.Chr_scaffolds.fa.mod.EDTA.TElib.mincopyfiltered.fa, /tmp/global2/ssushko/TE_evolution/1001Gp_TE_ANNOT/panTEome_v3_1001Gp/annotation_chr_s/single_genome_EDTA/100133/100133.Chr_scaffolds.fa.mod.EDTA.TElib.mincopyfiltered.fa, /tmp/global2/ssushko/TE_evolution/1001Gp_TE_ANNOT/panTEome_v3_1001Gp/annotation_chr_s/single_genome_EDTA/100134/100134.Chr_scaffolds.fa.mod.EDTA.TElib.mincopyfiltered.fa, /tmp/global2/ssushko/TE_evolution/1001Gp_TE_ANNOT/panTEome_v3_1001Gp/annotation_chr_s/single_genome_EDTA/100135/100135.Chr_scaffolds.fa.mod.EDTA.TElib.mincopyfiltered.fa, /tmp/global2/ssushko/TE_evolution/1001Gp_TE_ANNOT/panTEome_v3_1001Gp/annotation_chr_s/single_genome_EDTA/100136/100136.Chr_scaffolds.fa.mod.EDTA.TElib.mincopyfiltered.fa, /tmp/global2/ssushko/TE_evolution/1001Gp_TE_ANNOT/panTEome_v3_1001Gp/annotation_chr_s/single_genome_EDTA/100137/100137.Chr_scaffolds.fa.mod.EDTA.TElib.mincopyfiltered.fa, /tmp/global2/ssushko/TE_evolution/1001Gp_TE_ANNOT/panTEome_v3_1001Gp/annotation_chr_s/single_genome_EDTA/100139/100139.Chr_scaffolds.fa.mod.EDTA.TElib.mincopyfiltered.fa, /tmp/global2/ssushko/TE_evolution/1001Gp_TE_ANNOT/panTEome_v3_1001Gp/annotation_chr_s/single_genome_EDTA/100140/100140.Chr_scaffolds.fa.mod.EDTA.TElib.mincopyfiltered.fa, /tmp/global2/ssushko/TE_evolution/1001Gp_TE_ANNOT/panTEome_v3_1001Gp/annotation_chr_s/single_genome_EDTA/100141/100141.Chr_scaffolds.fa.mod.EDTA.TElib.mincopyfiltered.fa, /tmp/global2/ssushko/TE_evolution/1001Gp_TE_ANNOT/panTEome_v3_1001Gp/annotation_chr_s/single_genome_EDTA/100142/100142.Chr_scaffolds.fa.mod.EDTA.TElib.mincopyfiltered.fa, /tmp/global2/ssushko/TE_evolution/1001Gp_TE_ANNOT/panTEome_v3_1001Gp/annotation_chr_s/single_genome_EDTA/100143/100143.Chr_scaffolds.fa.mod.EDTA.TElib.mincopyfiltered.fa, /tmp/global2/ssushko/TE_evolution/1001Gp_TE_ANNOT/panTEome_v3_1001Gp/annotation_chr_s/single_genome_EDTA/100144/100144.Chr_scaffolds.fa.mod.EDTA.TElib.mincopyfiltered.fa, /tmp/global2/ssushko/TE_evolution/1001Gp_TE_ANNOT/panTEome_v3_1001Gp/annotation_chr_s/single_genome_EDTA/100145/100145.Chr_scaffolds.fa.mod.EDTA.TElib.mincopyfiltered.fa, /tmp/global2/ssushko/TE_evolution/1001Gp_TE_ANNOT/panTEome_v3_1001Gp/annotation_chr_s/single_genome_EDTA/100146/100146.Chr_scaffolds.fa.mod.EDTA.TElib.mincopyfiltered.fa, /tmp/global2/ssushko/TE_evolution/1001Gp_TE_ANNOT/panTEome_v3_1001Gp/annotation_chr_s/single_genome_EDTA/100147/100147.Chr_scaffolds.fa.mod.EDTA.TElib.mincopyfiltered.fa, /tmp/global2/ssushko/TE_evolution/1001Gp_TE_ANNOT/panTEome_v3_1001Gp/annotation_chr_s/single_genome_EDTA/100148/100148.Chr_scaffolds.fa.mod.EDTA.TElib.mincopyfiltered.fa, /tmp/global2/ssushko/TE_evolution/1001Gp_TE_ANNOT/panTEome_v3_1001Gp/annotation_chr_s/single_genome_EDTA/100149/100149.Chr_scaffolds.fa.mod.EDTA.TElib.mincopyfiltered.fa, /tmp/global2/ssushko/TE_evolution/1001Gp_TE_ANNOT/panTEome_v3_1001Gp/annotation_chr_s/single_genome_EDTA/100150/100150.Chr_scaffolds.fa.mod.EDTA.TElib.mincopyfiltered.fa, /tmp/global2/ssushko/TE_evolution/1001Gp_TE_ANNOT/panTEome_v3_1001Gp/annotation_chr_s/single_genome_EDTA/100151/100151.Chr_scaffolds.fa.mod.EDTA.TElib.mincopyfiltered.fa, /tmp/global2/ssushko/TE_evolution/1001Gp_TE_ANNOT/panTEome_v3_1001Gp/annotation_chr_s/single_genome_EDTA/100152/100152.Chr_scaffolds.fa.mod.EDTA.TElib.mincopyfiltered.fa, /tmp/global2/ssushko/TE_evolution/1001Gp_TE_ANNOT/panTEome_v3_1001Gp/annotation_chr_s/single_genome_EDTA/100153/100153.Chr_scaffolds.fa.mod.EDTA.TElib.mincopyfiltered.fa, /tmp/global2/ssushko/TE_evolution/1001Gp_TE_ANNOT/panTEome_v3_1001Gp/annotation_chr_s/single_genome_EDTA/100155/100155.Chr_scaffolds.fa.mod.EDTA.TElib.mincopyfiltered.fa, /tmp/global2/ssushko/TE_evolution/1001Gp_TE_ANNOT/panTEome_v3_1001Gp/annotation_chr_s/single_genome_EDTA/100156/100156.Chr_scaffolds.fa.mod.EDTA.TElib.mincopyfiltered.fa, /tmp/global2/ssushko/TE_evolution/1001Gp_TE_ANNOT/panTEome_v3_1001Gp/annotation_chr_s/single_genome_EDTA/100157/100157.Chr_scaffolds.fa.mod.EDTA.TElib.mincopyfiltered.fa, /tmp/global2/ssushko/TE_evolution/1001Gp_TE_ANNOT/panTEome_v3_1001Gp/annotation_chr_s/single_genome_EDTA/100158/100158.Chr_scaffolds.fa.mod.EDTA.TElib.mincopyfiltered.fa, /tmp/global2/ssushko/TE_evolution/1001Gp_TE_ANNOT/panTEome_v3_1001Gp/annotation_chr_s/single_genome_EDTA/100159/100159.Chr_scaffolds.fa.mod.EDTA.TElib.mincopyfiltered.fa, /tmp/global2/ssushko/TE_evolution/1001Gp_TE_ANNOT/panTEome_v3_1001Gp/annotation_chr_s/single_genome_EDTA/100194/100194.Chr_scaffolds.fa.mod.EDTA.TElib.mincopyfiltered.fa, /tmp/global2/ssushko/TE_evolution/1001Gp_TE_ANNOT/panTEome_v3_1001Gp/annotation_chr_s/single_genome_EDTA/100195/100195.Chr_scaffolds.fa.mod.EDTA.TElib.mincopyfiltered.fa, /tmp/global2/ssushko/TE_evolution/1001Gp_TE_ANNOT/panTEome_v3_1001Gp/annotation_chr_s/single_genome_EDTA/100200/100200.Chr_scaffolds.fa.mod.EDTA.TElib.mincopyfiltered.fa, /tmp/global2/ssushko/TE_evolution/1001Gp_TE_ANNOT/panTEome_v3_1001Gp/annotation_chr_s/single_genome_EDTA/100201/100201.Chr_scaffolds.fa.mod.EDTA.TElib.mincopyfiltered.fa, /tmp/global2/ssushko/TE_evolution/1001Gp_TE_ANNOT/panTEome_v3_1001Gp/annotation_chr_s/single_genome_EDTA/100203/100203.Chr_scaffolds.fa.mod.EDTA.TElib.mincopyfiltered.fa, /tmp/global2/ssushko/TE_evolution/1001Gp_TE_ANNOT/panTEome_v3_1001Gp/annotation_chr_s/single_genome_EDTA/100206/100206.Chr_scaffolds.fa.mod.EDTA.TElib.mincopyfiltered.fa, /tmp/global2/ssushko/TE_evolution/1001Gp_TE_ANNOT/panTEome_v3_1001Gp/annotation_chr_s/single_genome_EDTA/100208/100208.Chr_scaffolds.fa.mod.EDTA.TElib.mincopyfiltered.fa, /tmp/global2/ssushko/TE_evolution/1001Gp_TE_ANNOT/panTEome_v3_1001Gp/annotation_chr_s/single_genome_EDTA/100222/100222.Chr_scaffolds.fa.mod.EDTA.TElib.mincopyfiltered.fa, /tmp/global2/ssushko/TE_evolution/1001Gp_TE_ANNOT/panTEome_v3_1001Gp/annotation_chr_s/single_genome_EDTA/100226/100226.Chr_scaffolds.fa.mod.EDTA.TElib.mincopyfiltered.fa, /tmp/global2/ssushko/TE_evolution/1001Gp_TE_ANNOT/panTEome_v3_1001Gp/annotation_chr_s/single_genome_EDTA/100228/100228.Chr_scaffolds.fa.mod.EDTA.TElib.mincopyfiltered.fa, /tmp/global2/ssushko/TE_evolution/1001Gp_TE_ANNOT/panTEome_v3_1001Gp/annotation_chr_s/single_genome_EDTA/100233/100233.Chr_scaffolds.fa.mod.EDTA.TElib.mincopyfiltered.fa, /tmp/global2/ssushko/TE_evolution/1001Gp_TE_ANNOT/panTEome_v3_1001Gp/annotation_chr_s/single_genome_EDTA/100265/100265.Chr_scaffolds.fa.mod.EDTA.TElib.mincopyfiltered.fa, /tmp/global2/ssushko/TE_evolution/1001Gp_TE_ANNOT/panTEome_v3_1001Gp/annotation_chr_s/single_genome_EDTA/100267/100267.Chr_scaffolds.fa.mod.EDTA.TElib.mincopyfiltered.fa, /tmp/global2/ssushko/TE_evolution/1001Gp_TE_ANNOT/panTEome_v3_1001Gp/annotation_chr_s/single_genome_EDTA/100270/100270.Chr_scaffolds.fa.mod.EDTA.TElib.mincopyfiltered.fa, /tmp/global2/ssushko/TE_evolution/1001Gp_TE_ANNOT/panTEome_v3_1001Gp/annotation_chr_s/single_genome_EDTA/100271/100271.Chr_scaffolds.fa.mod.EDTA.TElib.mincopyfiltered.fa, /tmp/global2/ssushko/TE_evolution/1001Gp_TE_ANNOT/panTEome_v3_1001Gp/annotation_chr_s/single_genome_EDTA/100272/100272.Chr_scaffolds.fa.mod.EDTA.TElib.mincopyfiltered.fa, /tmp/global2/ssushko/TE_evolution/1001Gp_TE_ANNOT/panTEome_v3_1001Gp/annotation_chr_s/single_genome_EDTA/100276/100276.Chr_scaffolds.fa.mod.EDTA.TElib.mincopyfiltered.fa, /tmp/global2/ssushko/TE_evolution/1001Gp_TE_ANNOT/panTEome_v3_1001Gp/annotation_chr_s/single_genome_EDTA/100278/100278.Chr_scaffolds.fa.mod.EDTA.TElib.mincopyfiltered.fa, /tmp/global2/ssushko/TE_evolution/1001Gp_TE_ANNOT/panTEome_v3_1001Gp/annotation_chr_s/single_genome_EDTA/100279/100279.Chr_scaffolds.fa.mod.EDTA.TElib.mincopyfiltered.fa, /tmp/global2/ssushko/TE_evolution/1001Gp_TE_ANNOT/panTEome_v3_1001Gp/annotation_chr_s/single_genome_EDTA/100280/100280.Chr_scaffolds.fa.mod.EDTA.TElib.mincopyfiltered.fa, /tmp/global2/ssushko/TE_evolution/1001Gp_TE_ANNOT/panTEome_v3_1001Gp/annotation_chr_s/single_genome_EDTA/100281/100281.Chr_scaffolds.fa.mod.EDTA.TElib.mincopyfiltered.fa, /tmp/global2/ssushko/TE_evolution/1001Gp_TE_ANNOT/panTEome_v3_1001Gp/annotation_chr_s/single_genome_EDTA/100282/100282.Chr_scaffolds.fa.mod.EDTA.TElib.mincopyfiltered.fa, /tmp/global2/ssushko/TE_evolution/1001Gp_TE_ANNOT/panTEome_v3_1001Gp/annotation_chr_s/single_genome_EDTA/100285/100285.Chr_scaffolds.fa.mod.EDTA.TElib.mincopyfiltered.fa, /tmp/global2/ssushko/TE_evolution/1001Gp_TE_ANNOT/panTEome_v3_1001Gp/annotation_chr_s/single_genome_EDTA/100286/100286.Chr_scaffolds.fa.mod.EDTA.TElib.mincopyfiltered.fa, /tmp/global2/ssushko/TE_evolution/1001Gp_TE_ANNOT/panTEome_v3_1001Gp/annotation_chr_s/single_genome_EDTA/100289/100289.Chr_scaffolds.fa.mod.EDTA.TElib.mincopyfiltered.fa, /tmp/global2/ssushko/TE_evolution/1001Gp_TE_ANNOT/panTEome_v3_1001Gp/annotation_chr_s/single_genome_EDTA/100291/100291.Chr_scaffolds.fa.mod.EDTA.TElib.mincopyfiltered.fa, /tmp/global2/ssushko/TE_evolution/1001Gp_TE_ANNOT/panTEome_v3_1001Gp/annotation_chr_s/single_genome_EDTA/100292/100292.Chr_scaffolds.fa.mod.EDTA.TElib.mincopyfiltered.fa, /tmp/global2/ssushko/TE_evolution/1001Gp_TE_ANNOT/panTEome_v3_1001Gp/annotation_chr_s/single_genome_EDTA/100293/100293.Chr_scaffolds.fa.mod.EDTA.TElib.mincopyfiltered.fa, /tmp/global2/ssushko/TE_evolution/1001Gp_TE_ANNOT/panTEome_v3_1001Gp/annotation_chr_s/single_genome_EDTA/100294/100294.Chr_scaffolds.fa.mod.EDTA.TElib.mincopyfiltered.fa, /tmp/global2/ssushko/TE_evolution/1001Gp_TE_ANNOT/panTEome_v3_1001Gp/annotation_chr_s/single_genome_EDTA/100295/100295.Chr_scaffolds.fa.mod.EDTA.TElib.mincopyfiltered.fa, /tmp/global2/ssushko/TE_evolution/1001Gp_TE_ANNOT/panTEome_v3_1001Gp/annotation_chr_s/single_genome_EDTA/100296/100296.Chr_scaffolds.fa.mod.EDTA.TElib.mincopyfiltered.fa, /tmp/global2/ssushko/TE_evolution/1001Gp_TE_ANNOT/panTEome_v3_1001Gp/annotation_chr_s/single_genome_EDTA/100297/100297.Chr_scaffolds.fa.mod.EDTA.TElib.mincopyfiltered.fa, /tmp/global2/ssushko/TE_evolution/1001Gp_TE_ANNOT/panTEome_v3_1001Gp/annotation_chr_s/single_genome_EDTA/100298/100298.Chr_scaffolds.fa.mod.EDTA.TElib.mincopyfiltered.fa, /tmp/global2/ssushko/TE_evolution/1001Gp_TE_ANNOT/panTEome_v3_1001Gp/annotation_chr_s/single_genome_EDTA/100300/100300.Chr_scaffolds.fa.mod.EDTA.TElib.mincopyfiltered.fa, /tmp/global2/ssushko/TE_evolution/1001Gp_TE_ANNOT/panTEome_v3_1001Gp/annotation_chr_s/single_genome_EDTA/100302/100302.Chr_scaffolds.fa.mod.EDTA.TElib.mincopyfiltered.fa, /tmp/global2/ssushko/TE_evolution/1001Gp_TE_ANNOT/panTEome_v3_1001Gp/annotation_chr_s/single_genome_EDTA/100303/100303.Chr_scaffolds.fa.mod.EDTA.TElib.mincopyfiltered.fa, /tmp/global2/ssushko/TE_evolution/1001Gp_TE_ANNOT/panTEome_v3_1001Gp/annotation_chr_s/single_genome_EDTA/100304/100304.Chr_scaffolds.fa.mod.EDTA.TElib.mincopyfiltered.fa, /tmp/global2/ssushko/TE_evolution/1001Gp_TE_ANNOT/panTEome_v3_1001Gp/annotation_chr_s/single_genome_EDTA/100305/100305.Chr_scaffolds.fa.mod.EDTA.TElib.mincopyfiltered.fa, /tmp/global2/ssushko/TE_evolution/1001Gp_TE_ANNOT/panTEome_v3_1001Gp/annotation_chr_s/single_genome_EDTA/100306/100306.Chr_scaffolds.fa.mod.EDTA.TElib.mincopyfiltered.fa, /tmp/global2/ssushko/TE_evolution/1001Gp_TE_ANNOT/panTEome_v3_1001Gp/annotation_chr_s/single_genome_EDTA/100307/100307.Chr_scaffolds.fa.mod.EDTA.TElib.mincopyfiltered.fa, /tmp/global2/ssushko/TE_evolution/1001Gp_TE_ANNOT/panTEome_v3_1001Gp/annotation_chr_s/single_genome_EDTA/100309/100309.Chr_scaffolds.fa.mod.EDTA.TElib.mincopyfiltered.fa, /tmp/global2/ssushko/TE_evolution/1001Gp_TE_ANNOT/panTEome_v3_1001Gp/annotation_chr_s/single_genome_EDTA/100310/100310.Chr_scaffolds.fa.mod.EDTA.TElib.mincopyfiltered.fa, /tmp/global2/ssushko/TE_evolution/1001Gp_TE_ANNOT/panTEome_v3_1001Gp/annotation_chr_s/single_genome_EDTA/100312/100312.Chr_scaffolds.fa.mod.EDTA.TElib.mincopyfiltered.fa, /tmp/global2/ssushko/TE_evolution/1001Gp_TE_ANNOT/panTEome_v3_1001Gp/annotation_chr_s/single_genome_EDTA/100313/100313.Chr_scaffolds.fa.mod.EDTA.TElib.mincopyfiltered.fa, /tmp/global2/ssushko/TE_evolution/1001Gp_TE_ANNOT/panTEome_v3_1001Gp/annotation_chr_s/single_genome_EDTA/100314/100314.Chr_scaffolds.fa.mod.EDTA.TElib.mincopyfiltered.fa, /tmp/global2/ssushko/TE_evolution/1001Gp_TE_ANNOT/panTEome_v3_1001Gp/annotation_chr_s/single_genome_EDTA/100315/100315.Chr_scaffolds.fa.mod.EDTA.TElib.mincopyfiltered.fa, /tmp/global2/ssushko/TE_evolution/1001Gp_TE_ANNOT/panTEome_v3_1001Gp/annotation_chr_s/single_genome_EDTA/100316/100316.Chr_scaffolds.fa.mod.EDTA.TElib.mincopyfiltered.fa, /tmp/global2/ssushko/TE_evolution/1001Gp_TE_ANNOT/panTEome_v3_1001Gp/annotation_chr_s/single_genome_EDTA/100317/100317.Chr_scaffolds.fa.mod.EDTA.TElib.mincopyfiltered.fa, /tmp/global2/ssushko/TE_evolution/1001Gp_TE_ANNOT/panTEome_v3_1001Gp/annotation_chr_s/single_genome_EDTA/100318/100318.Chr_scaffolds.fa.mod.EDTA.TElib.mincopyfiltered.fa, /tmp/global2/ssushko/TE_evolution/1001Gp_TE_ANNOT/panTEome_v3_1001Gp/annotation_chr_s/single_genome_EDTA/100320/100320.Chr_scaffolds.fa.mod.EDTA.TElib.mincopyfiltered.fa, /tmp/global2/ssushko/TE_evolution/1001Gp_TE_ANNOT/panTEome_v3_1001Gp/annotation_chr_s/single_genome_EDTA/100323/100323.Chr_scaffolds.fa.mod.EDTA.TElib.mincopyfiltered.fa, /tmp/global2/ssushko/TE_evolution/1001Gp_TE_ANNOT/panTEome_v3_1001Gp/annotation_chr_s/single_genome_EDTA/100324/100324.Chr_scaffolds.fa.mod.EDTA.TElib.mincopyfiltered.fa, /tmp/global2/ssushko/TE_evolution/1001Gp_TE_ANNOT/panTEome_v3_1001Gp/annotation_chr_s/single_genome_EDTA/100325/100325.Chr_scaffolds.fa.mod.EDTA.TElib.mincopyfiltered.fa, /tmp/global2/ssushko/TE_evolution/1001Gp_TE_ANNOT/panTEome_v3_1001Gp/annotation_chr_s/single_genome_EDTA/100326/100326.Chr_scaffolds.fa.mod.EDTA.TElib.mincopyfiltered.fa, /tmp/global2/ssushko/TE_evolution/1001Gp_TE_ANNOT/panTEome_v3_1001Gp/annotation_chr_s/single_genome_EDTA/100327/100327.Chr_scaffolds.fa.mod.EDTA.TElib.mincopyfiltered.fa, /tmp/global2/ssushko/TE_evolution/1001Gp_TE_ANNOT/panTEome_v3_1001Gp/annotation_chr_s/single_genome_EDTA/100328/100328.Chr_scaffolds.fa.mod.EDTA.TElib.mincopyfiltered.fa, /tmp/global2/ssushko/TE_evolution/1001Gp_TE_ANNOT/panTEome_v3_1001Gp/annotation_chr_s/single_genome_EDTA/100329/100329.Chr_scaffolds.fa.mod.EDTA.TElib.mincopyfiltered.fa, /tmp/global2/ssushko/TE_evolution/1001Gp_TE_ANNOT/panTEome_v3_1001Gp/annotation_chr_s/single_genome_EDTA/100330/100330.Chr_scaffolds.fa.mod.EDTA.TElib.mincopyfiltered.fa, /tmp/global2/ssushko/TE_evolution/1001Gp_TE_ANNOT/panTEome_v3_1001Gp/annotation_chr_s/single_genome_EDTA/100331/100331.Chr_scaffolds.fa.mod.EDTA.TElib.mincopyfiltered.fa, /tmp/global2/ssushko/TE_evolution/1001Gp_TE_ANNOT/panTEome_v3_1001Gp/annotation_chr_s/single_genome_EDTA/100335/100335.Chr_scaffolds.fa.mod.EDTA.TElib.mincopyfiltered.fa, /tmp/global2/ssushko/TE_evolution/1001Gp_TE_ANNOT/panTEome_v3_1001Gp/annotation_chr_s/single_genome_EDTA/100340/100340.Chr_scaffolds.fa.mod.EDTA.TElib.mincopyfiltered.fa, /tmp/global2/ssushko/TE_evolution/1001Gp_TE_ANNOT/panTEome_v3_1001Gp/annotation_chr_s/single_genome_EDTA/100395/100395.Chr_scaffolds.fa.mod.EDTA.TElib.mincopyfiltered.fa, /tmp/global2/ssushko/TE_evolution/1001Gp_TE_ANNOT/panTEome_v3_1001Gp/annotation_chr_s/single_genome_EDTA/100409/100409.Chr_scaffolds.fa.mod.EDTA.TElib.mincopyfiltered.fa, /tmp/global2/ssushko/TE_evolution/1001Gp_TE_ANNOT/panTEome_v3_1001Gp/annotation_chr_s/single_genome_EDTA/100459/100459.Chr_scaffolds.fa.mod.EDTA.TElib.mincopyfiltered.fa, /tmp/global2/ssushko/TE_evolution/1001Gp_TE_ANNOT/panTEome_v3_1001Gp/annotation_chr_s/single_genome_EDTA/100460/100460.Chr_scaffolds.fa.mod.EDTA.TElib.mincopyfiltered.fa, /tmp/global2/ssushko/TE_evolution/1001Gp_TE_ANNOT/panTEome_v3_1001Gp/annotation_chr_s/single_genome_EDTA/100464/100464.Chr_scaffolds.fa.mod.EDTA.TElib.mincopyfiltered.fa, /tmp/global2/ssushko/TE_evolution/1001Gp_TE_ANNOT/panTEome_v3_1001Gp/annotation_chr_s/single_genome_EDTA/100466/100466.Chr_scaffolds.fa.mod.EDTA.TElib.mincopyfiltered.fa, /tmp/global2/ssushko/TE_evolution/1001Gp_TE_ANNOT/panTEome_v3_1001Gp/annotation_chr_s/single_genome_EDTA/100470/100470.Chr_scaffolds.fa.mod.EDTA.TElib.mincopyfiltered.fa, /tmp/global2/ssushko/TE_evolution/1001Gp_TE_ANNOT/panTEome_v3_1001Gp/annotation_chr_s/single_genome_EDTA/100476/100476.Chr_scaffolds.fa.mod.EDTA.TElib.mincopyfiltered.fa, /tmp/global2/ssushko/TE_evolution/1001Gp_TE_ANNOT/panTEome_v3_1001Gp/annotation_chr_s/single_genome_EDTA/100489/100489.Chr_scaffolds.fa.mod.EDTA.TElib.mincopyfiltered.fa, /tmp/global2/ssushko/TE_evolution/1001Gp_TE_ANNOT/panTEome_v3_1001Gp/annotation_chr_s/single_genome_EDTA/100492/100492.Chr_scaffolds.fa.mod.EDTA.TElib.mincopyfiltered.fa, /tmp/global2/ssushko/TE_evolution/1001Gp_TE_ANNOT/panTEome_v3_1001Gp/annotation_chr_s/single_genome_EDTA/100498/100498.Chr_scaffolds.fa.mod.EDTA.TElib.mincopyfiltered.fa, /tmp/global2/ssushko/TE_evolution/1001Gp_TE_ANNOT/panTEome_v3_1001Gp/annotation_chr_s/single_genome_EDTA/100500/100500.Chr_scaffolds.fa.mod.EDTA.TElib.mincopyfiltered.fa, /tmp/global2/ssushko/TE_evolution/1001Gp_TE_ANNOT/panTEome_v3_1001Gp/annotation_chr_s/single_genome_EDTA/100503/100503.Chr_scaffolds.fa.mod.EDTA.TElib.mincopyfiltered.fa, /tmp/global2/ssushko/TE_evolution/1001Gp_TE_ANNOT/panTEome_v3_1001Gp/annotation_chr_s/single_genome_EDTA/100506/100506.Chr_scaffolds.fa.mod.EDTA.TElib.mincopyfiltered.fa, /tmp/global2/ssushko/TE_evolution/1001Gp_TE_ANNOT/panTEome_v3_1001Gp/annotation_chr_s/single_genome_EDTA/100510/100510.Chr_scaffolds.fa.mod.EDTA.TElib.mincopyfiltered.fa, /tmp/global2/ssushko/TE_evolution/1001Gp_TE_ANNOT/panTEome_v3_1001Gp/annotation_chr_s/single_genome_EDTA/100514/100514.Chr_scaffolds.fa.mod.EDTA.TElib.mincopyfiltered.fa, /tmp/global2/ssushko/TE_evolution/1001Gp_TE_ANNOT/panTEome_v3_1001Gp/annotation_chr_s/single_genome_EDTA/100516/100516.Chr_scaffolds.fa.mod.EDTA.TElib.mincopyfiltered.fa, /tmp/global2/ssushko/TE_evolution/1001Gp_TE_ANNOT/panTEome_v3_1001Gp/annotation_chr_s/single_genome_EDTA/100518/100518.Chr_scaffolds.fa.mod.EDTA.TElib.mincopyfiltered.fa, /tmp/global2/ssushko/TE_evolution/1001Gp_TE_ANNOT/panTEome_v3_1001Gp/annotation_chr_s/single_genome_EDTA/100522/100522.Chr_scaffolds.fa.mod.EDTA.TElib.mincopyfiltered.fa, /tmp/global2/ssushko/TE_evolution/1001Gp_TE_ANNOT/panTEome_v3_1001Gp/annotation_chr_s/single_genome_EDTA/100523/100523.Chr_scaffolds.fa.mod.EDTA.TElib.mincopyfiltered.fa, /tmp/global2/ssushko/TE_evolution/1001Gp_TE_ANNOT/panTEome_v3_1001Gp/annotation_chr_s/single_genome_EDTA/100532/100532.Chr_scaffolds.fa.mod.EDTA.TElib.mincopyfiltered.fa, /tmp/global2/ssushko/TE_evolution/1001Gp_TE_ANNOT/panTEome_v3_1001Gp/annotation_chr_s/single_genome_EDTA/100534/100534.Chr_scaffolds.fa.mod.EDTA.TElib.mincopyfiltered.fa, /tmp/global2/ssushko/TE_evolution/1001Gp_TE_ANNOT/panTEome_v3_1001Gp/annotation_chr_s/single_genome_EDTA/100535/100535.Chr_scaffolds.fa.mod.EDTA.TElib.mincopyfiltered.fa, /tmp/global2/ssushko/TE_evolution/1001Gp_TE_ANNOT/panTEome_v3_1001Gp/annotation_chr_s/single_genome_EDTA/100538/100538.Chr_scaffolds.fa.mod.EDTA.TElib.mincopyfiltered.fa, /tmp/global2/ssushko/TE_evolution/1001Gp_TE_ANNOT/panTEome_v3_1001Gp/annotation_chr_s/single_genome_EDTA/100556/100556.Chr_scaffolds.fa.mod.EDTA.TElib.mincopyfiltered.fa, /tmp/global2/ssushko/TE_evolution/1001Gp_TE_ANNOT/panTEome_v3_1001Gp/annotation_chr_s/single_genome_EDTA/100557/100557.Chr_scaffolds.fa.mod.EDTA.TElib.mincopyfiltered.fa, /tmp/global2/ssushko/TE_evolution/1001Gp_TE_ANNOT/panTEome_v3_1001Gp/annotation_chr_s/single_genome_EDTA/100558/100558.Chr_scaffolds.fa.mod.EDTA.TElib.mincopyfiltered.fa, /tmp/global2/ssushko/TE_evolution/1001Gp_TE_ANNOT/panTEome_v3_1001Gp/annotation_chr_s/single_genome_EDTA/100561/100561.Chr_scaffolds.fa.mod.EDTA.TElib.mincopyfiltered.fa, /tmp/global2/ssushko/TE_evolution/1001Gp_TE_ANNOT/panTEome_v3_1001Gp/annotation_chr_s/single_genome_EDTA/100563/100563.Chr_scaffolds.fa.mod.EDTA.TElib.mincopyfiltered.fa, /tmp/global2/ssushko/TE_evolution/1001Gp_TE_ANNOT/panTEome_v3_1001Gp/annotation_chr_s/single_genome_EDTA/100583/100583.Chr_scaffolds.fa.mod.EDTA.TElib.mincopyfiltered.fa, /tmp/global2/ssushko/TE_evolution/1001Gp_TE_ANNOT/panTEome_v3_1001Gp/annotation_chr_s/single_genome_EDTA/100588/100588.Chr_scaffolds.fa.mod.EDTA.TElib.mincopyfiltered.fa, /tmp/global2/ssushko/TE_evolution/1001Gp_TE_ANNOT/panTEome_v3_1001Gp/annotation_chr_s/single_genome_EDTA/100612/100612.Chr_scaffolds.fa.mod.EDTA.TElib.mincopyfiltered.fa, /tmp/global2/ssushko/TE_evolution/1001Gp_TE_ANNOT/panTEome_v3_1001Gp/annotation_chr_s/single_genome_EDTA/100617/100617.Chr_scaffolds.fa.mod.EDTA.TElib.mincopyfiltered.fa, /tmp/global2/ssushko/TE_evolution/1001Gp_TE_ANNOT/panTEome_v3_1001Gp/annotation_chr_s/single_genome_EDTA/100620/100620.Chr_scaffolds.fa.mod.EDTA.TElib.mincopyfiltered.fa, /tmp/global2/ssushko/TE_evolution/1001Gp_TE_ANNOT/panTEome_v3_1001Gp/annotation_chr_s/single_genome_EDTA/100621/100621.Chr_scaffolds.fa.mod.EDTA.TElib.mincopyfiltered.fa, /tmp/global2/ssushko/TE_evolution/1001Gp_TE_ANNOT/panTEome_v3_1001Gp/annotation_chr_s/single_genome_EDTA/100622/100622.Chr_scaffolds.fa.mod.EDTA.TElib.mincopyfiltered.fa, /tmp/global2/ssushko/TE_evolution/1001Gp_TE_ANNOT/panTEome_v3_1001Gp/annotation_chr_s/single_genome_EDTA/100623/100623.Chr_scaffolds.fa.mod.EDTA.TElib.mincopyfiltered.fa, /tmp/global2/ssushko/TE_evolution/1001Gp_TE_ANNOT/panTEome_v3_1001Gp/annotation_chr_s/single_genome_EDTA/100642/100642.Chr_scaffolds.fa.mod.EDTA.TElib.mincopyfiltered.fa, /tmp/global2/ssushko/TE_evolution/1001Gp_TE_ANNOT/panTEome_v3_1001Gp/annotation_chr_s/single_genome_EDTA/100645/100645.Chr_scaffolds.fa.mod.EDTA.TElib.mincopyfiltered.fa, /tmp/global2/ssushko/TE_evolution/1001Gp_TE_ANNOT/panTEome_v3_1001Gp/annotation_chr_s/single_genome_EDTA/100647/100647.Chr_scaffolds.fa.mod.EDTA.TElib.mincopyfiltered.fa, /tmp/global2/ssushko/TE_evolution/1001Gp_TE_ANNOT/panTEome_v3_1001Gp/annotation_chr_s/single_genome_EDTA/100649/100649.Chr_scaffolds.fa.mod.EDTA.TElib.mincopyfiltered.fa, /tmp/global2/ssushko/TE_evolution/1001Gp_TE_ANNOT/panTEome_v3_1001Gp/annotation_chr_s/single_genome_EDTA/100653/100653.Chr_scaffolds.fa.mod.EDTA.TElib.mincopyfiltered.fa, /tmp/global2/ssushko/TE_evolution/1001Gp_TE_ANNOT/panTEome_v3_1001Gp/annotation_chr_s/single_genome_EDTA/100655/100655.Chr_scaffolds.fa.mod.EDTA.TElib.mincopyfiltered.fa, /tmp/global2/ssushko/TE_evolution/1001Gp_TE_ANNOT/panTEome_v3_1001Gp/annotation_chr_s/single_genome_EDTA/100657/100657.Chr_scaffolds.fa.mod.EDTA.TElib.mincopyfiltered.fa, /tmp/global2/ssushko/TE_evolution/1001Gp_TE_ANNOT/panTEome_v3_1001Gp/annotation_chr_s/single_genome_EDTA/100660/100660.Chr_scaffolds.fa.mod.EDTA.TElib.mincopyfiltered.fa, /tmp/global2/ssushko/TE_evolution/1001Gp_TE_ANNOT/panTEome_v3_1001Gp/annotation_chr_s/single_genome_EDTA/100663/100663.Chr_scaffolds.fa.mod.EDTA.TElib.mincopyfiltered.fa, /tmp/global2/ssushko/TE_evolution/1001Gp_TE_ANNOT/panTEome_v3_1001Gp/annotation_chr_s/single_genome_EDTA/100664/100664.Chr_scaffolds.fa.mod.EDTA.TElib.mincopyfiltered.fa, /tmp/global2/ssushko/TE_evolution/1001Gp_TE_ANNOT/panTEome_v3_1001Gp/annotation_chr_s/single_genome_EDTA/100665/100665.Chr_scaffolds.fa.mod.EDTA.TElib.mincopyfiltered.fa, /tmp/global2/ssushko/TE_evolution/1001Gp_TE_ANNOT/panTEome_v3_1001Gp/annotation_chr_s/single_genome_EDTA/100666/100666.Chr_scaffolds.fa.mod.EDTA.TElib.mincopyfiltered.fa, /tmp/global2/ssushko/TE_evolution/1001Gp_TE_ANNOT/panTEome_v3_1001Gp/annotation_chr_s/single_genome_EDTA/100667/100667.Chr_scaffolds.fa.mod.EDTA.TElib.mincopyfiltered.fa, /tmp/global2/ssushko/TE_evolution/1001Gp_TE_ANNOT/panTEome_v3_1001Gp/annotation_chr_s/single_genome_EDTA/100668/100668.Chr_scaffolds.fa.mod.EDTA.TElib.mincopyfiltered.fa, /tmp/global2/ssushko/TE_evolution/1001Gp_TE_ANNOT/panTEome_v3_1001Gp/annotation_chr_s/single_genome_EDTA/100669/100669.Chr_scaffolds.fa.mod.EDTA.TElib.mincopyfiltered.fa, /tmp/global2/ssushko/TE_evolution/1001Gp_TE_ANNOT/panTEome_v3_1001Gp/annotation_chr_s/single_genome_EDTA/100670/100670.Chr_scaffolds.fa.mod.EDTA.TElib.mincopyfiltered.fa, /tmp/global2/ssushko/TE_evolution/1001Gp_TE_ANNOT/panTEome_v3_1001Gp/annotation_chr_s/single_genome_EDTA/100671/100671.Chr_scaffolds.fa.mod.EDTA.TElib.mincopyfiltered.fa, /tmp/global2/ssushko/TE_evolution/1001Gp_TE_ANNOT/panTEome_v3_1001Gp/annotation_chr_s/single_genome_EDTA/100672/100672.Chr_scaffolds.fa.mod.EDTA.TElib.mincopyfiltered.fa, /tmp/global2/ssushko/TE_evolution/1001Gp_TE_ANNOT/panTEome_v3_1001Gp/annotation_chr_s/single_genome_EDTA/100673/100673.Chr_scaffolds.fa.mod.EDTA.TElib.mincopyfiltered.fa, /tmp/global2/ssushko/TE_evolution/1001Gp_TE_ANNOT/panTEome_v3_1001Gp/annotation_chr_s/single_genome_EDTA/100674/100674.Chr_scaffolds.fa.mod.EDTA.TElib.mincopyfiltered.fa, /tmp/global2/ssushko/TE_evolution/1001Gp_TE_ANNOT/panTEome_v3_1001Gp/annotation_chr_s/single_genome_EDTA/100675/100675.Chr_scaffolds.fa.mod.EDTA.TElib.mincopyfiltered.fa, /tmp/global2/ssushko/TE_evolution/1001Gp_TE_ANNOT/panTEome_v3_1001Gp/annotation_chr_s/single_genome_EDTA/100676/100676.Chr_scaffolds.fa.mod.EDTA.TElib.mincopyfiltered.fa, /tmp/global2/ssushko/TE_evolution/1001Gp_TE_ANNOT/panTEome_v3_1001Gp/annotation_chr_s/single_genome_EDTA/100677/100677.Chr_scaffolds.fa.mod.EDTA.TElib.mincopyfiltered.fa, /tmp/global2/ssushko/TE_evolution/1001Gp_TE_ANNOT/panTEome_v3_1001Gp/annotation_chr_s/single_genome_EDTA/100678/100678.Chr_scaffolds.fa.mod.EDTA.TElib.mincopyfiltered.fa, /tmp/global2/ssushko/TE_evolution/1001Gp_TE_ANNOT/panTEome_v3_1001Gp/annotation_chr_s/single_genome_EDTA/100679/100679.Chr_scaffolds.fa.mod.EDTA.TElib.mincopyfiltered.fa, /tmp/global2/ssushko/TE_evolution/1001Gp_TE_ANNOT/panTEome_v3_1001Gp/annotation_chr_s/single_genome_EDTA/100680/100680.Chr_scaffolds.fa.mod.EDTA.TElib.mincopyfiltered.fa, /tmp/global2/ssushko/TE_evolution/1001Gp_TE_ANNOT/panTEome_v3_1001Gp/annotation_chr_s/single_genome_EDTA/100681/100681.Chr_scaffolds.fa.mod.EDTA.TElib.mincopyfiltered.fa, /tmp/global2/ssushko/TE_evolution/1001Gp_TE_ANNOT/panTEome_v3_1001Gp/annotation_chr_s/single_genome_EDTA/100682/100682.Chr_scaffolds.fa.mod.EDTA.TElib.mincopyfiltered.fa, /tmp/global2/ssushko/TE_evolution/1001Gp_TE_ANNOT/panTEome_v3_1001Gp/annotation_chr_s/single_genome_EDTA/100683/100683.Chr_scaffolds.fa.mod.EDTA.TElib.mincopyfiltered.fa, /tmp/global2/ssushko/TE_evolution/1001Gp_TE_ANNOT/panTEome_v3_1001Gp/annotation_chr_s/single_genome_EDTA/100684/100684.Chr_scaffolds.fa.mod.EDTA.TElib.mincopyfiltered.fa, /tmp/global2/ssushko/TE_evolution/1001Gp_TE_ANNOT/panTEome_v3_1001Gp/annotation_chr_s/single_genome_EDTA/100685/100685.Chr_scaffolds.fa.mod.EDTA.TElib.mincopyfiltered.fa, /tmp/global2/ssushko/TE_evolution/1001Gp_TE_ANNOT/panTEome_v3_1001Gp/annotation_chr_s/single_genome_EDTA/100686/100686.Chr_scaffolds.fa.mod.EDTA.TElib.mincopyfiltered.fa, /tmp/global2/ssushko/TE_evolution/1001Gp_TE_ANNOT/panTEome_v3_1001Gp/annotation_chr_s/single_genome_EDTA/100687/100687.Chr_scaffolds.fa.mod.EDTA.TElib.mincopyfiltered.fa, /tmp/global2/ssushko/TE_evolution/1001Gp_TE_ANNOT/panTEome_v3_1001Gp/annotation_chr_s/single_genome_EDTA/100688/100688.Chr_scaffolds.fa.mod.EDTA.TElib.mincopyfiltered.fa, /tmp/global2/ssushko/TE_evolution/1001Gp_TE_ANNOT/panTEome_v3_1001Gp/annotation_chr_s/single_genome_EDTA/100689/100689.Chr_scaffolds.fa.mod.EDTA.TElib.mincopyfiltered.fa, /tmp/global2/ssushko/TE_evolution/1001Gp_TE_ANNOT/panTEome_v3_1001Gp/annotation_chr_s/single_genome_EDTA/100690/100690.Chr_scaffolds.fa.mod.EDTA.TElib.mincopyfiltered.fa, /tmp/global2/ssushko/TE_evolution/1001Gp_TE_ANNOT/panTEome_v3_1001Gp/annotation_chr_s/single_genome_EDTA/100691/100691.Chr_scaffolds.fa.mod.EDTA.TElib.mincopyfiltered.fa, /tmp/global2/ssushko/TE_evolution/1001Gp_TE_ANNOT/panTEome_v3_1001Gp/annotation_chr_s/single_genome_EDTA/100692/100692.Chr_scaffolds.fa.mod.EDTA.TElib.mincopyfiltered.fa, /tmp/global2/ssushko/TE_evolution/1001Gp_TE_ANNOT/panTEome_v3_1001Gp/annotation_chr_s/single_genome_EDTA/100693/100693.Chr_scaffolds.fa.mod.EDTA.TElib.mincopyfiltered.fa, /tmp/global2/ssushko/TE_evolution/1001Gp_TE_ANNOT/panTEome_v3_1001Gp/annotation_chr_s/single_genome_EDTA/100694/100694.Chr_scaffolds.fa.mod.EDTA.TElib.mincopyfiltered.fa, /tmp/global2/ssushko/TE_evolution/1001Gp_TE_ANNOT/panTEome_v3_1001Gp/annotation_chr_s/single_genome_EDTA/100695/100695.Chr_scaffolds.fa.mod.EDTA.TElib.mincopyfiltered.fa, /tmp/global2/ssushko/TE_evolution/1001Gp_TE_ANNOT/panTEome_v3_1001Gp/annotation_chr_s/single_genome_EDTA/100696/100696.Chr_scaffolds.fa.mod.EDTA.TElib.mincopyfiltered.fa, /tmp/global2/ssushko/TE_evolution/1001Gp_TE_ANNOT/panTEome_v3_1001Gp/annotation_chr_s/single_genome_EDTA/100697/100697.Chr_scaffolds.fa.mod.EDTA.TElib.mincopyfiltered.fa, /tmp/global2/ssushko/TE_evolution/1001Gp_TE_ANNOT/panTEome_v3_1001Gp/annotation_chr_s/single_genome_EDTA/100698/100698.Chr_scaffolds.fa.mod.EDTA.TElib.mincopyfiltered.fa, /tmp/global2/ssushko/TE_evolution/1001Gp_TE_ANNOT/panTEome_v3_1001Gp/annotation_chr_s/single_genome_EDTA/100699/100699.Chr_scaffolds.fa.mod.EDTA.TElib.mincopyfiltered.fa, /tmp/global2/ssushko/TE_evolution/1001Gp_TE_ANNOT/panTEome_v3_1001Gp/annotation_chr_s/single_genome_EDTA/100700/100700.Chr_scaffolds.fa.mod.EDTA.TElib.mincopyfiltered.fa, /tmp/global2/ssushko/TE_evolution/1001Gp_TE_ANNOT/panTEome_v3_1001Gp/annotation_chr_s/single_genome_EDTA/100701/100701.Chr_scaffolds.fa.mod.EDTA.TElib.mincopyfiltered.fa, /tmp/global2/ssushko/TE_evolution/1001Gp_TE_ANNOT/panTEome_v3_1001Gp/annotation_chr_s/single_genome_EDTA/100702/100702.Chr_scaffolds.fa.mod.EDTA.TElib.mincopyfiltered.fa, /tmp/global2/ssushko/TE_evolution/1001Gp_TE_ANNOT/panTEome_v3_1001Gp/annotation_chr_s/single_genome_EDTA/100703/100703.Chr_scaffolds.fa.mod.EDTA.TElib.mincopyfiltered.fa, /tmp/global2/ssushko/TE_evolution/1001Gp_TE_ANNOT/panTEome_v3_1001Gp/annotation_chr_s/single_genome_EDTA/100704/100704.Chr_scaffolds.fa.mod.EDTA.TElib.mincopyfiltered.fa, /tmp/global2/ssushko/TE_evolution/1001Gp_TE_ANNOT/panTEome_v3_1001Gp/annotation_chr_s/single_genome_EDTA/100705/100705.Chr_scaffolds.fa.mod.EDTA.TElib.mincopyfiltered.fa, /tmp/global2/ssushko/TE_evolution/1001Gp_TE_ANNOT/panTEome_v3_1001Gp/annotation_chr_s/single_genome_EDTA/100706/100706.Chr_scaffolds.fa.mod.EDTA.TElib.mincopyfiltered.fa, /tmp/global2/ssushko/TE_evolution/1001Gp_TE_ANNOT/panTEome_v3_1001Gp/annotation_chr_s/single_genome_EDTA/100707/100707.Chr_scaffolds.fa.mod.EDTA.TElib.mincopyfiltered.fa, /tmp/global2/ssushko/TE_evolution/1001Gp_TE_ANNOT/panTEome_v3_1001Gp/annotation_chr_s/single_genome_EDTA/100708/100708.Chr_scaffolds.fa.mod.EDTA.TElib.mincopyfiltered.fa, /tmp/global2/ssushko/TE_evolution/1001Gp_TE_ANNOT/panTEome_v3_1001Gp/annotation_chr_s/single_genome_EDTA/100709/100709.Chr_scaffolds.fa.mod.EDTA.TElib.mincopyfiltered.fa, /tmp/global2/ssushko/TE_evolution/1001Gp_TE_ANNOT/panTEome_v3_1001Gp/annotation_chr_s/single_genome_EDTA/100710/100710.Chr_scaffolds.fa.mod.EDTA.TElib.mincopyfiltered.fa, /tmp/global2/ssushko/TE_evolution/1001Gp_TE_ANNOT/panTEome_v3_1001Gp/annotation_chr_s/single_genome_EDTA/100711/100711.Chr_scaffolds.fa.mod.EDTA.TElib.mincopyfiltered.fa, /tmp/global2/ssushko/TE_evolution/1001Gp_TE_ANNOT/panTEome_v3_1001Gp/annotation_chr_s/single_genome_EDTA/100712/100712.Chr_scaffolds.fa.mod.EDTA.TElib.mincopyfiltered.fa, /tmp/global2/ssushko/TE_evolution/1001Gp_TE_ANNOT/panTEome_v3_1001Gp/annotation_chr_s/single_genome_EDTA/100713/100713.Chr_scaffolds.fa.mod.EDTA.TElib.mincopyfiltered.fa, /tmp/global2/ssushko/TE_evolution/1001Gp_TE_ANNOT/panTEome_v3_1001Gp/annotation_chr_s/single_genome_EDTA/100714/100714.Chr_scaffolds.fa.mod.EDTA.TElib.mincopyfiltered.fa, /tmp/global2/ssushko/TE_evolution/1001Gp_TE_ANNOT/panTEome_v3_1001Gp/annotation_chr_s/single_genome_EDTA/100715/100715.Chr_scaffolds.fa.mod.EDTA.TElib.mincopyfiltered.fa, /tmp/global2/ssushko/TE_evolution/1001Gp_TE_ANNOT/panTEome_v3_1001Gp/annotation_chr_s/single_genome_EDTA/100716/100716.Chr_scaffolds.fa.mod.EDTA.TElib.mincopyfiltered.fa, /tmp/global2/ssushko/TE_evolution/1001Gp_TE_ANNOT/panTEome_v3_1001Gp/annotation_chr_s/single_genome_EDTA/100717/100717.Chr_scaffolds.fa.mod.EDTA.TElib.mincopyfiltered.fa, /tmp/global2/ssushko/TE_evolution/1001Gp_TE_ANNOT/panTEome_v3_1001Gp/annotation_chr_s/single_genome_EDTA/100718/100718.Chr_scaffolds.fa.mod.EDTA.TElib.mincopyfiltered.fa, /tmp/global2/ssushko/TE_evolution/1001Gp_TE_ANNOT/panTEome_v3_1001Gp/annotation_chr_s/single_genome_EDTA/100719/100719.Chr_scaffolds.fa.mod.EDTA.TElib.mincopyfiltered.fa, /tmp/global2/ssushko/TE_evolution/1001Gp_TE_ANNOT/panTEome_v3_1001Gp/annotation_chr_s/single_genome_EDTA/100720/100720.Chr_scaffolds.fa.mod.EDTA.TElib.mincopyfiltered.fa, /tmp/global2/ssushko/TE_evolution/1001Gp_TE_ANNOT/panTEome_v3_1001Gp/annotation_chr_s/single_genome_EDTA/100721/100721.Chr_scaffolds.fa.mod.EDTA.TElib.mincopyfiltered.fa, /tmp/global2/ssushko/TE_evolution/1001Gp_TE_ANNOT/panTEome_v3_1001Gp/annotation_chr_s/single_genome_EDTA/100722/100722.Chr_scaffolds.fa.mod.EDTA.TElib.mincopyfiltered.fa, /tmp/global2/ssushko/TE_evolution/1001Gp_TE_ANNOT/panTEome_v3_1001Gp/annotation_chr_s/single_genome_EDTA/100723/100723.Chr_scaffolds.fa.mod.EDTA.TElib.mincopyfiltered.fa, /tmp/global2/ssushko/TE_evolution/1001Gp_TE_ANNOT/panTEome_v3_1001Gp/annotation_chr_s/single_genome_EDTA/100724/100724.Chr_scaffolds.fa.mod.EDTA.TElib.mincopyfiltered.fa, /tmp/global2/ssushko/TE_evolution/1001Gp_TE_ANNOT/panTEome_v3_1001Gp/annotation_chr_s/single_genome_EDTA/100725/100725.Chr_scaffolds.fa.mod.EDTA.TElib.mincopyfiltered.fa, /tmp/global2/ssushko/TE_evolution/1001Gp_TE_ANNOT/panTEome_v3_1001Gp/annotation_chr_s/single_genome_EDTA/100726/100726.Chr_scaffolds.fa.mod.EDTA.TElib.mincopyfiltered.fa, /tmp/global2/ssushko/TE_evolution/1001Gp_TE_ANNOT/panTEome_v3_1001Gp/annotation_chr_s/single_genome_EDTA/100727/100727.Chr_scaffolds.fa.mod.EDTA.TElib.mincopyfiltered.fa, /tmp/global2/ssushko/TE_evolution/1001Gp_TE_ANNOT/panTEome_v3_1001Gp/annotation_chr_s/single_genome_EDTA/100728/100728.Chr_scaffolds.fa.mod.EDTA.TElib.mincopyfiltered.fa, /tmp/global2/ssushko/TE_evolution/1001Gp_TE_ANNOT/panTEome_v3_1001Gp/annotation_chr_s/single_genome_EDTA/100729/100729.Chr_scaffolds.fa.mod.EDTA.TElib.mincopyfiltered.fa, /tmp/global2/ssushko/TE_evolution/1001Gp_TE_ANNOT/panTEome_v3_1001Gp/annotation_chr_s/single_genome_EDTA/100730/100730.Chr_scaffolds.fa.mod.EDTA.TElib.mincopyfiltered.fa, /tmp/global2/ssushko/TE_evolution/1001Gp_TE_ANNOT/panTEome_v3_1001Gp/annotation_chr_s/single_genome_EDTA/100731/100731.Chr_scaffolds.fa.mod.EDTA.TElib.mincopyfiltered.fa, /tmp/global2/ssushko/TE_evolution/1001Gp_TE_ANNOT/panTEome_v3_1001Gp/annotation_chr_s/single_genome_EDTA/100732/100732.Chr_scaffolds.fa.mod.EDTA.TElib.mincopyfiltered.fa, /tmp/global2/ssushko/TE_evolution/1001Gp_TE_ANNOT/panTEome_v3_1001Gp/annotation_chr_s/single_genome_EDTA/100733/100733.Chr_scaffolds.fa.mod.EDTA.TElib.mincopyfiltered.fa, /tmp/global2/ssushko/TE_evolution/1001Gp_TE_ANNOT/panTEome_v3_1001Gp/annotation_chr_s/single_genome_EDTA/100734/100734.Chr_scaffolds.fa.mod.EDTA.TElib.mincopyfiltered.fa, /tmp/global2/ssushko/TE_evolution/1001Gp_TE_ANNOT/panTEome_v3_1001Gp/annotation_chr_s/single_genome_EDTA/100735/100735.Chr_scaffolds.fa.mod.EDTA.TElib.mincopyfiltered.fa, /tmp/global2/ssushko/TE_evolution/1001Gp_TE_ANNOT/panTEome_v3_1001Gp/annotation_chr_s/single_genome_EDTA/100736/100736.Chr_scaffolds.fa.mod.EDTA.TElib.mincopyfiltered.fa, /tmp/global2/ssushko/TE_evolution/1001Gp_TE_ANNOT/panTEome_v3_1001Gp/annotation_chr_s/single_genome_EDTA/100737/100737.Chr_scaffolds.fa.mod.EDTA.TElib.mincopyfiltered.fa, /tmp/global2/ssushko/TE_evolution/1001Gp_TE_ANNOT/panTEome_v3_1001Gp/annotation_chr_s/single_genome_EDTA/100738/100738.Chr_scaffolds.fa.mod.EDTA.TElib.mincopyfiltered.fa, /tmp/global2/ssushko/TE_evolution/1001Gp_TE_ANNOT/panTEome_v3_1001Gp/annotation_chr_s/single_genome_EDTA/100739/100739.Chr_scaffolds.fa.mod.EDTA.TElib.mincopyfiltered.fa, /tmp/global2/ssushko/TE_evolution/1001Gp_TE_ANNOT/panTEome_v3_1001Gp/annotation_chr_s/single_genome_EDTA/100740/100740.Chr_scaffolds.fa.mod.EDTA.TElib.mincopyfiltered.fa, /tmp/global2/ssushko/TE_evolution/1001Gp_TE_ANNOT/panTEome_v3_1001Gp/annotation_chr_s/single_genome_EDTA/100741/100741.Chr_scaffolds.fa.mod.EDTA.TElib.mincopyfiltered.fa, /tmp/global2/ssushko/TE_evolution/1001Gp_TE_ANNOT/panTEome_v3_1001Gp/annotation_chr_s/single_genome_EDTA/100742/100742.Chr_scaffolds.fa.mod.EDTA.TElib.mincopyfiltered.fa, /tmp/global2/ssushko/TE_evolution/1001Gp_TE_ANNOT/panTEome_v3_1001Gp/annotation_chr_s/single_genome_EDTA/100743/100743.Chr_scaffolds.fa.mod.EDTA.TElib.mincopyfiltered.fa, /tmp/global2/ssushko/TE_evolution/1001Gp_TE_ANNOT/panTEome_v3_1001Gp/annotation_chr_s/single_genome_EDTA/100744/100744.Chr_scaffolds.fa.mod.EDTA.TElib.mincopyfiltered.fa, /tmp/global2/ssushko/TE_evolution/1001Gp_TE_ANNOT/panTEome_v3_1001Gp/annotation_chr_s/single_genome_EDTA/100745/100745.Chr_scaffolds.fa.mod.EDTA.TElib.mincopyfiltered.fa, /tmp/global2/ssushko/TE_evolution/1001Gp_TE_ANNOT/panTEome_v3_1001Gp/annotation_chr_s/single_genome_EDTA/100746/100746.Chr_scaffolds.fa.mod.EDTA.TElib.mincopyfiltered.fa, /tmp/global2/ssushko/TE_evolution/1001Gp_TE_ANNOT/panTEome_v3_1001Gp/annotation_chr_s/single_genome_EDTA/100747/100747.Chr_scaffolds.fa.mod.EDTA.TElib.mincopyfiltered.fa, /tmp/global2/ssushko/TE_evolution/1001Gp_TE_ANNOT/panTEome_v3_1001Gp/annotation_chr_s/single_genome_EDTA/100748/100748.Chr_scaffolds.fa.mod.EDTA.TElib.mincopyfiltered.fa, /tmp/global2/ssushko/TE_evolution/1001Gp_TE_ANNOT/panTEome_v3_1001Gp/annotation_chr_s/single_genome_EDTA/100749/100749.Chr_scaffolds.fa.mod.EDTA.TElib.mincopyfiltered.fa, /tmp/global2/ssushko/TE_evolution/1001Gp_TE_ANNOT/panTEome_v3_1001Gp/annotation_chr_s/single_genome_EDTA/100750/100750.Chr_scaffolds.fa.mod.EDTA.TElib.mincopyfiltered.fa, /tmp/global2/ssushko/TE_evolution/1001Gp_TE_ANNOT/panTEome_v3_1001Gp/annotation_chr_s/single_genome_EDTA/100751/100751.Chr_scaffolds.fa.mod.EDTA.TElib.mincopyfiltered.fa, /tmp/global2/ssushko/TE_evolution/1001Gp_TE_ANNOT/panTEome_v3_1001Gp/annotation_chr_s/single_genome_EDTA/100752/100752.Chr_scaffolds.fa.mod.EDTA.TElib.mincopyfiltered.fa, /tmp/global2/ssushko/TE_evolution/1001Gp_TE_ANNOT/panTEome_v3_1001Gp/annotation_chr_s/single_genome_EDTA/100753/100753.Chr_scaffolds.fa.mod.EDTA.TElib.mincopyfiltered.fa, /tmp/global2/ssushko/TE_evolution/1001Gp_TE_ANNOT/panTEome_v3_1001Gp/annotation_chr_s/single_genome_EDTA/100754/100754.Chr_scaffolds.fa.mod.EDTA.TElib.mincopyfiltered.fa, /tmp/global2/ssushko/TE_evolution/1001Gp_TE_ANNOT/panTEome_v3_1001Gp/annotation_chr_s/single_genome_EDTA/100755/100755.Chr_scaffolds.fa.mod.EDTA.TElib.mincopyfiltered.fa, /tmp/global2/ssushko/TE_evolution/1001Gp_TE_ANNOT/panTEome_v3_1001Gp/annotation_chr_s/single_genome_EDTA/100756/100756.Chr_scaffolds.fa.mod.EDTA.TElib.mincopyfiltered.fa, /tmp/global2/ssushko/TE_evolution/1001Gp_TE_ANNOT/panTEome_v3_1001Gp/annotation_chr_s/single_genome_EDTA/100757/100757.Chr_scaffolds.fa.mod.EDTA.TElib.mincopyfiltered.fa, /tmp/global2/ssushko/TE_evolution/1001Gp_TE_ANNOT/panTEome_v3_1001Gp/annotation_chr_s/single_genome_EDTA/100758/100758.Chr_scaffolds.fa.mod.EDTA.TElib.mincopyfiltered.fa, /tmp/global2/ssushko/TE_evolution/1001Gp_TE_ANNOT/panTEome_v3_1001Gp/annotation_chr_s/single_genome_EDTA/100759/100759.Chr_scaffolds.fa.mod.EDTA.TElib.mincopyfiltered.fa, /tmp/global2/ssushko/TE_evolution/1001Gp_TE_ANNOT/panTEome_v3_1001Gp/annotation_chr_s/single_genome_EDTA/100760/100760.Chr_scaffolds.fa.mod.EDTA.TElib.mincopyfiltered.fa, /tmp/global2/ssushko/TE_evolution/1001Gp_TE_ANNOT/panTEome_v3_1001Gp/annotation_chr_s/single_genome_EDTA/100761/100761.Chr_scaffolds.fa.mod.EDTA.TElib.mincopyfiltered.fa, /tmp/global2/ssushko/TE_evolution/1001Gp_TE_ANNOT/panTEome_v3_1001Gp/annotation_chr_s/single_genome_EDTA/100762/100762.Chr_scaffolds.fa.mod.EDTA.TElib.mincopyfiltered.fa, /tmp/global2/ssushko/TE_evolution/1001Gp_TE_ANNOT/panTEome_v3_1001Gp/annotation_chr_s/single_genome_EDTA/100763/100763.Chr_scaffolds.fa.mod.EDTA.TElib.mincopyfiltered.fa, /tmp/global2/ssushko/TE_evolution/1001Gp_TE_ANNOT/panTEome_v3_1001Gp/annotation_chr_s/single_genome_EDTA/100764/100764.Chr_scaffolds.fa.mod.EDTA.TElib.mincopyfiltered.fa, /tmp/global2/ssushko/TE_evolution/1001Gp_TE_ANNOT/panTEome_v3_1001Gp/annotation_chr_s/single_genome_EDTA/100765/100765.Chr_scaffolds.fa.mod.EDTA.TElib.mincopyfiltered.fa, /tmp/global2/ssushko/TE_evolution/1001Gp_TE_ANNOT/panTEome_v3_1001Gp/annotation_chr_s/single_genome_EDTA/100766/100766.Chr_scaffolds.fa.mod.EDTA.TElib.mincopyfiltered.fa, /tmp/global2/ssushko/TE_evolution/1001Gp_TE_ANNOT/panTEome_v3_1001Gp/annotation_chr_s/single_genome_EDTA/100767/100767.Chr_scaffolds.fa.mod.EDTA.TElib.mincopyfiltered.fa, /tmp/global2/ssushko/TE_evolution/1001Gp_TE_ANNOT/panTEome_v3_1001Gp/annotation_chr_s/single_genome_EDTA/100768/100768.Chr_scaffolds.fa.mod.EDTA.TElib.mincopyfiltered.fa, /tmp/global2/ssushko/TE_evolution/1001Gp_TE_ANNOT/panTEome_v3_1001Gp/annotation_chr_s/single_genome_EDTA/100769/100769.Chr_scaffolds.fa.mod.EDTA.TElib.mincopyfiltered.fa, /tmp/global2/ssushko/TE_evolution/1001Gp_TE_ANNOT/panTEome_v3_1001Gp/annotation_chr_s/single_genome_EDTA/100770/100770.Chr_scaffolds.fa.mod.EDTA.TElib.mincopyfiltered.fa, /tmp/global2/ssushko/TE_evolution/1001Gp_TE_ANNOT/panTEome_v3_1001Gp/annotation_chr_s/single_genome_EDTA/100772/100772.Chr_scaffolds.fa.mod.EDTA.TElib.mincopyfiltered.fa, /tmp/global2/ssushko/TE_evolution/1001Gp_TE_ANNOT/panTEome_v3_1001Gp/annotation_chr_s/single_genome_EDTA/100773/100773.Chr_scaffolds.fa.mod.EDTA.TElib.mincopyfiltered.fa, /tmp/global2/ssushko/TE_evolution/1001Gp_TE_ANNOT/panTEome_v3_1001Gp/annotation_chr_s/single_genome_EDTA/100774/100774.Chr_scaffolds.fa.mod.EDTA.TElib.mincopyfiltered.fa, /tmp/global2/ssushko/TE_evolution/1001Gp_TE_ANNOT/panTEome_v3_1001Gp/annotation_chr_s/single_genome_EDTA/100775/100775.Chr_scaffolds.fa.mod.EDTA.TElib.mincopyfiltered.fa, /tmp/global2/ssushko/TE_evolution/1001Gp_TE_ANNOT/panTEome_v3_1001Gp/annotation_chr_s/single_genome_EDTA/100776/100776.Chr_scaffolds.fa.mod.EDTA.TElib.mincopyfiltered.fa, /tmp/global2/ssushko/TE_evolution/1001Gp_TE_ANNOT/panTEome_v3_1001Gp/annotation_chr_s/single_genome_EDTA/100777/100777.Chr_scaffolds.fa.mod.EDTA.TElib.mincopyfiltered.fa, /tmp/global2/ssushko/TE_evolution/1001Gp_TE_ANNOT/panTEome_v3_1001Gp/annotation_chr_s/single_genome_EDTA/100778/100778.Chr_scaffolds.fa.mod.EDTA.TElib.mincopyfiltered.fa, /tmp/global2/ssushko/TE_evolution/1001Gp_TE_ANNOT/panTEome_v3_1001Gp/annotation_chr_s/single_genome_EDTA/100779/100779.Chr_scaffolds.fa.mod.EDTA.TElib.mincopyfiltered.fa, /tmp/global2/ssushko/TE_evolution/1001Gp_TE_ANNOT/panTEome_v3_1001Gp/annotation_chr_s/single_genome_EDTA/100780/100780.Chr_scaffolds.fa.mod.EDTA.TElib.mincopyfiltered.fa, /tmp/global2/ssushko/TE_evolution/1001Gp_TE_ANNOT/panTEome_v3_1001Gp/annotation_chr_s/single_genome_EDTA/100781/100781.Chr_scaffolds.fa.mod.EDTA.TElib.mincopyfiltered.fa, /tmp/global2/ssushko/TE_evolution/1001Gp_TE_ANNOT/panTEome_v3_1001Gp/annotation_chr_s/single_genome_EDTA/100782/100782.Chr_scaffolds.fa.mod.EDTA.TElib.mincopyfiltered.fa, /tmp/global2/ssushko/TE_evolution/1001Gp_TE_ANNOT/panTEome_v3_1001Gp/annotation_chr_s/single_genome_EDTA/100783/100783.Chr_scaffolds.fa.mod.EDTA.TElib.mincopyfiltered.fa, /tmp/global2/ssushko/TE_evolution/1001Gp_TE_ANNOT/panTEome_v3_1001Gp/annotation_chr_s/single_genome_EDTA/100784/100784.Chr_scaffolds.fa.mod.EDTA.TElib.mincopyfiltered.fa, /tmp/global2/ssushko/TE_evolution/1001Gp_TE_ANNOT/panTEome_v3_1001Gp/annotation_chr_s/single_genome_EDTA/100785/100785.Chr_scaffolds.fa.mod.EDTA.TElib.mincopyfiltered.fa, /tmp/global2/ssushko/TE_evolution/1001Gp_TE_ANNOT/panTEome_v3_1001Gp/annotation_chr_s/single_genome_EDTA/100786/100786.Chr_scaffolds.fa.mod.EDTA.TElib.mincopyfiltered.fa, /tmp/global2/ssushko/TE_evolution/1001Gp_TE_ANNOT/panTEome_v3_1001Gp/annotation_chr_s/single_genome_EDTA/100787/100787.Chr_scaffolds.fa.mod.EDTA.TElib.mincopyfiltered.fa, /tmp/global2/ssushko/TE_evolution/1001Gp_TE_ANNOT/panTEome_v3_1001Gp/annotation_chr_s/single_genome_EDTA/100788/100788.Chr_scaffolds.fa.mod.EDTA.TElib.mincopyfiltered.fa, /tmp/global2/ssushko/TE_evolution/1001Gp_TE_ANNOT/panTEome_v3_1001Gp/annotation_chr_s/single_genome_EDTA/100789/100789.Chr_scaffolds.fa.mod.EDTA.TElib.mincopyfiltered.fa, /tmp/global2/ssushko/TE_evolution/1001Gp_TE_ANNOT/panTEome_v3_1001Gp/annotation_chr_s/single_genome_EDTA/100790/100790.Chr_scaffolds.fa.mod.EDTA.TElib.mincopyfiltered.fa, /tmp/global2/ssushko/TE_evolution/1001Gp_TE_ANNOT/panTEome_v3_1001Gp/annotation_chr_s/single_genome_EDTA/100791/100791.Chr_scaffolds.fa.mod.EDTA.TElib.mincopyfiltered.fa, /tmp/global2/ssushko/TE_evolution/1001Gp_TE_ANNOT/panTEome_v3_1001Gp/annotation_chr_s/single_genome_EDTA/100792/100792.Chr_scaffolds.fa.mod.EDTA.TElib.mincopyfiltered.fa, /tmp/global2/ssushko/TE_evolution/1001Gp_TE_ANNOT/panTEome_v3_1001Gp/annotation_chr_s/single_genome_EDTA/100793/100793.Chr_scaffolds.fa.mod.EDTA.TElib.mincopyfiltered.fa, /tmp/global2/ssushko/TE_evolution/1001Gp_TE_ANNOT/panTEome_v3_1001Gp/annotation_chr_s/single_genome_EDTA/100794/100794.Chr_scaffolds.fa.mod.EDTA.TElib.mincopyfiltered.fa, /tmp/global2/ssushko/TE_evolution/1001Gp_TE_ANNOT/panTEome_v3_1001Gp/annotation_chr_s/single_genome_EDTA/100795/100795.Chr_scaffolds.fa.mod.EDTA.TElib.mincopyfiltered.fa, /tmp/global2/ssushko/TE_evolution/1001Gp_TE_ANNOT/panTEome_v3_1001Gp/annotation_chr_s/single_genome_EDTA/100796/100796.Chr_scaffolds.fa.mod.EDTA.TElib.mincopyfiltered.fa, /tmp/global2/ssushko/TE_evolution/1001Gp_TE_ANNOT/panTEome_v3_1001Gp/annotation_chr_s/single_genome_EDTA/100797/100797.Chr_scaffolds.fa.mod.EDTA.TElib.mincopyfiltered.fa, /tmp/global2/ssushko/TE_evolution/1001Gp_TE_ANNOT/panTEome_v3_1001Gp/annotation_chr_s/single_genome_EDTA/100798/100798.Chr_scaffolds.fa.mod.EDTA.TElib.mincopyfiltered.fa, /tmp/global2/ssushko/TE_evolution/1001Gp_TE_ANNOT/panTEome_v3_1001Gp/annotation_chr_s/single_genome_EDTA/100799/100799.Chr_scaffolds.fa.mod.EDTA.TElib.mincopyfiltered.fa, /tmp/global2/ssushko/TE_evolution/1001Gp_TE_ANNOT/panTEome_v3_1001Gp/annotation_chr_s/single_genome_EDTA/100800/100800.Chr_scaffolds.fa.mod.EDTA.TElib.mincopyfiltered.fa, /tmp/global2/ssushko/TE_evolution/1001Gp_TE_ANNOT/panTEome_v3_1001Gp/annotation_chr_s/single_genome_EDTA/100801/100801.Chr_scaffolds.fa.mod.EDTA.TElib.mincopyfiltered.fa, /tmp/global2/ssushko/TE_evolution/1001Gp_TE_ANNOT/panTEome_v3_1001Gp/annotation_chr_s/single_genome_EDTA/100802/100802.Chr_scaffolds.fa.mod.EDTA.TElib.mincopyfiltered.fa, /tmp/global2/ssushko/TE_evolution/1001Gp_TE_ANNOT/panTEome_v3_1001Gp/annotation_chr_s/single_genome_EDTA/100803/100803.Chr_scaffolds.fa.mod.EDTA.TElib.mincopyfiltered.fa, /tmp/global2/ssushko/TE_evolution/1001Gp_TE_ANNOT/panTEome_v3_1001Gp/annotation_chr_s/single_genome_EDTA/100804/100804.Chr_scaffolds.fa.mod.EDTA.TElib.mincopyfiltered.fa, /tmp/global2/ssushko/TE_evolution/1001Gp_TE_ANNOT/panTEome_v3_1001Gp/annotation_chr_s/single_genome_EDTA/100805/100805.Chr_scaffolds.fa.mod.EDTA.TElib.mincopyfiltered.fa, /tmp/global2/ssushko/TE_evolution/1001Gp_TE_ANNOT/panTEome_v3_1001Gp/annotation_chr_s/single_genome_EDTA/100806/100806.Chr_scaffolds.fa.mod.EDTA.TElib.mincopyfiltered.fa, /tmp/global2/ssushko/TE_evolution/1001Gp_TE_ANNOT/panTEome_v3_1001Gp/annotation_chr_s/single_genome_EDTA/100807/100807.Chr_scaffolds.fa.mod.EDTA.TElib.mincopyfiltered.fa, /tmp/global2/ssushko/TE_evolution/1001Gp_TE_ANNOT/panTEome_v3_1001Gp/annotation_chr_s/single_genome_EDTA/100808/100808.Chr_scaffolds.fa.mod.EDTA.TElib.mincopyfiltered.fa, /tmp/global2/ssushko/TE_evolution/1001Gp_TE_ANNOT/panTEome_v3_1001Gp/annotation_chr_s/single_genome_EDTA/100809/100809.Chr_scaffolds.fa.mod.EDTA.TElib.mincopyfiltered.fa, /tmp/global2/ssushko/TE_evolution/1001Gp_TE_ANNOT/panTEome_v3_1001Gp/annotation_chr_s/single_genome_EDTA/100810/100810.Chr_scaffolds.fa.mod.EDTA.TElib.mincopyfiltered.fa, /tmp/global2/ssushko/TE_evolution/1001Gp_TE_ANNOT/panTEome_v3_1001Gp/annotation_chr_s/single_genome_EDTA/100811/100811.Chr_scaffolds.fa.mod.EDTA.TElib.mincopyfiltered.fa, /tmp/global2/ssushko/TE_evolution/1001Gp_TE_ANNOT/panTEome_v3_1001Gp/annotation_chr_s/single_genome_EDTA/100812/100812.Chr_scaffolds.fa.mod.EDTA.TElib.mincopyfiltered.fa, /tmp/global2/ssushko/TE_evolution/1001Gp_TE_ANNOT/panTEome_v3_1001Gp/annotation_chr_s/single_genome_EDTA/100813/100813.Chr_scaffolds.fa.mod.EDTA.TElib.mincopyfiltered.fa, /tmp/global2/ssushko/TE_evolution/1001Gp_TE_ANNOT/panTEome_v3_1001Gp/annotation_chr_s/single_genome_EDTA/100814/100814.Chr_scaffolds.fa.mod.EDTA.TElib.mincopyfiltered.fa, /tmp/global2/ssushko/TE_evolution/1001Gp_TE_ANNOT/panTEome_v3_1001Gp/annotation_chr_s/single_genome_EDTA/100815/100815.Chr_scaffolds.fa.mod.EDTA.TElib.mincopyfiltered.fa, /tmp/global2/ssushko/TE_evolution/1001Gp_TE_ANNOT/panTEome_v3_1001Gp/annotation_chr_s/single_genome_EDTA/100816/100816.Chr_scaffolds.fa.mod.EDTA.TElib.mincopyfiltered.fa, /tmp/global2/ssushko/TE_evolution/1001Gp_TE_ANNOT/panTEome_v3_1001Gp/annotation_chr_s/single_genome_EDTA/100817/100817.Chr_scaffolds.fa.mod.EDTA.TElib.mincopyfiltered.fa, /tmp/global2/ssushko/TE_evolution/1001Gp_TE_ANNOT/panTEome_v3_1001Gp/annotation_chr_s/single_genome_EDTA/100818/100818.Chr_scaffolds.fa.mod.EDTA.TElib.mincopyfiltered.fa, /tmp/global2/ssushko/TE_evolution/1001Gp_TE_ANNOT/panTEome_v3_1001Gp/annotation_chr_s/single_genome_EDTA/100819/100819.Chr_scaffolds.fa.mod.EDTA.TElib.mincopyfiltered.fa, /tmp/global2/ssushko/TE_evolution/1001Gp_TE_ANNOT/panTEome_v3_1001Gp/annotation_chr_s/single_genome_EDTA/100820/100820.Chr_scaffolds.fa.mod.EDTA.TElib.mincopyfiltered.fa, /tmp/global2/ssushko/TE_evolution/1001Gp_TE_ANNOT/panTEome_v3_1001Gp/annotation_chr_s/single_genome_EDTA/100821/100821.Chr_scaffolds.fa.mod.EDTA.TElib.mincopyfiltered.fa, /tmp/global2/ssushko/TE_evolution/1001Gp_TE_ANNOT/panTEome_v3_1001Gp/annotation_chr_s/single_genome_EDTA/100822/100822.Chr_scaffolds.fa.mod.EDTA.TElib.mincopyfiltered.fa, /tmp/global2/ssushko/TE_evolution/1001Gp_TE_ANNOT/panTEome_v3_1001Gp/annotation_chr_s/single_genome_EDTA/100823/100823.Chr_scaffolds.fa.mod.EDTA.TElib.mincopyfiltered.fa, /tmp/global2/ssushko/TE_evolution/1001Gp_TE_ANNOT/panTEome_v3_1001Gp/annotation_chr_s/single_genome_EDTA/100824/100824.Chr_scaffolds.fa.mod.EDTA.TElib.mincopyfiltered.fa, /tmp/global2/ssushko/TE_evolution/1001Gp_TE_ANNOT/panTEome_v3_1001Gp/annotation_chr_s/single_genome_EDTA/100825/100825.Chr_scaffolds.fa.mod.EDTA.TElib.mincopyfiltered.fa, /tmp/global2/ssushko/TE_evolution/1001Gp_TE_ANNOT/panTEome_v3_1001Gp/annotation_chr_s/single_genome_EDTA/100826/100826.Chr_scaffolds.fa.mod.EDTA.TElib.mincopyfiltered.fa, /tmp/global2/ssushko/TE_evolution/1001Gp_TE_ANNOT/panTEome_v3_1001Gp/annotation_chr_s/single_genome_EDTA/100827/100827.Chr_scaffolds.fa.mod.EDTA.TElib.mincopyfiltered.fa, /tmp/global2/ssushko/TE_evolution/1001Gp_TE_ANNOT/panTEome_v3_1001Gp/annotation_chr_s/single_genome_EDTA/100828/100828.Chr_scaffolds.fa.mod.EDTA.TElib.mincopyfiltered.fa, /tmp/global2/ssushko/TE_evolution/1001Gp_TE_ANNOT/panTEome_v3_1001Gp/annotation_chr_s/single_genome_EDTA/100829/100829.Chr_scaffolds.fa.mod.EDTA.TElib.mincopyfiltered.fa, /tmp/global2/ssushko/TE_evolution/1001Gp_TE_ANNOT/panTEome_v3_1001Gp/annotation_chr_s/single_genome_EDTA/100830/100830.Chr_scaffolds.fa.mod.EDTA.TElib.mincopyfiltered.fa, /tmp/global2/ssushko/TE_evolution/1001Gp_TE_ANNOT/panTEome_v3_1001Gp/annotation_chr_s/single_genome_EDTA/100831/100831.Chr_scaffolds.fa.mod.EDTA.TElib.mincopyfiltered.fa, /tmp/global2/ssushko/TE_evolution/1001Gp_TE_ANNOT/panTEome_v3_1001Gp/annotation_chr_s/single_genome_EDTA/100832/100832.Chr_scaffolds.fa.mod.EDTA.TElib.mincopyfiltered.fa, /tmp/global2/ssushko/TE_evolution/1001Gp_TE_ANNOT/panTEome_v3_1001Gp/annotation_chr_s/single_genome_EDTA/100833/100833.Chr_scaffolds.fa.mod.EDTA.TElib.mincopyfiltered.fa, /tmp/global2/ssushko/TE_evolution/1001Gp_TE_ANNOT/panTEome_v3_1001Gp/annotation_chr_s/single_genome_EDTA/100834/100834.Chr_scaffolds.fa.mod.EDTA.TElib.mincopyfiltered.fa, /tmp/global2/ssushko/TE_evolution/1001Gp_TE_ANNOT/panTEome_v3_1001Gp/annotation_chr_s/single_genome_EDTA/100835/100835.Chr_scaffolds.fa.mod.EDTA.TElib.mincopyfiltered.fa, /tmp/global2/ssushko/TE_evolution/1001Gp_TE_ANNOT/panTEome_v3_1001Gp/annotation_chr_s/single_genome_EDTA/100836/100836.Chr_scaffolds.fa.mod.EDTA.TElib.mincopyfiltered.fa, /tmp/global2/ssushko/TE_evolution/1001Gp_TE_ANNOT/panTEome_v3_1001Gp/annotation_chr_s/single_genome_EDTA/100837/100837.Chr_scaffolds.fa.mod.EDTA.TElib.mincopyfiltered.fa, /tmp/global2/ssushko/TE_evolution/1001Gp_TE_ANNOT/panTEome_v3_1001Gp/annotation_chr_s/single_genome_EDTA/100838/100838.Chr_scaffolds.fa.mod.EDTA.TElib.mincopyfiltered.fa, /tmp/global2/ssushko/TE_evolution/1001Gp_TE_ANNOT/panTEome_v3_1001Gp/annotation_chr_s/single_genome_EDTA/100839/100839.Chr_scaffolds.fa.mod.EDTA.TElib.mincopyfiltered.fa, /tmp/global2/ssushko/TE_evolution/1001Gp_TE_ANNOT/panTEome_v3_1001Gp/annotation_chr_s/single_genome_EDTA/100840/100840.Chr_scaffolds.fa.mod.EDTA.TElib.mincopyfiltered.fa, /tmp/global2/ssushko/TE_evolution/1001Gp_TE_ANNOT/panTEome_v3_1001Gp/annotation_chr_s/single_genome_EDTA/100841/100841.Chr_scaffolds.fa.mod.EDTA.TElib.mincopyfiltered.fa, /tmp/global2/ssushko/TE_evolution/1001Gp_TE_ANNOT/panTEome_v3_1001Gp/annotation_chr_s/single_genome_EDTA/100842/100842.Chr_scaffolds.fa.mod.EDTA.TElib.mincopyfiltered.fa, /tmp/global2/ssushko/TE_evolution/1001Gp_TE_ANNOT/panTEome_v3_1001Gp/annotation_chr_s/single_genome_EDTA/100843/100843.Chr_scaffolds.fa.mod.EDTA.TElib.mincopyfiltered.fa, /tmp/global2/ssushko/TE_evolution/1001Gp_TE_ANNOT/panTEome_v3_1001Gp/annotation_chr_s/single_genome_EDTA/100844/100844.Chr_scaffolds.fa.mod.EDTA.TElib.mincopyfiltered.fa, /tmp/global2/ssushko/TE_evolution/1001Gp_TE_ANNOT/panTEome_v3_1001Gp/annotation_chr_s/single_genome_EDTA/100845/100845.Chr_scaffolds.fa.mod.EDTA.TElib.mincopyfiltered.fa, /tmp/global2/ssushko/TE_evolution/1001Gp_TE_ANNOT/panTEome_v3_1001Gp/annotation_chr_s/single_genome_EDTA/100846/100846.Chr_scaffolds.fa.mod.EDTA.TElib.mincopyfiltered.fa, /tmp/global2/ssushko/TE_evolution/1001Gp_TE_ANNOT/panTEome_v3_1001Gp/annotation_chr_s/single_genome_EDTA/100847/100847.Chr_scaffolds.fa.mod.EDTA.TElib.mincopyfiltered.fa, /tmp/global2/ssushko/TE_evolution/1001Gp_TE_ANNOT/panTEome_v3_1001Gp/annotation_chr_s/single_genome_EDTA/100848/100848.Chr_scaffolds.fa.mod.EDTA.TElib.mincopyfiltered.fa, /tmp/global2/ssushko/TE_evolution/1001Gp_TE_ANNOT/panTEome_v3_1001Gp/annotation_chr_s/single_genome_EDTA/100849/100849.Chr_scaffolds.fa.mod.EDTA.TElib.mincopyfiltered.fa, /tmp/global2/ssushko/TE_evolution/1001Gp_TE_ANNOT/panTEome_v3_1001Gp/annotation_chr_s/single_genome_EDTA/100850/100850.Chr_scaffolds.fa.mod.EDTA.TElib.mincopyfiltered.fa, /tmp/global2/ssushko/TE_evolution/1001Gp_TE_ANNOT/panTEome_v3_1001Gp/annotation_chr_s/single_genome_EDTA/100851/100851.Chr_scaffolds.fa.mod.EDTA.TElib.mincopyfiltered.fa, /tmp/global2/ssushko/TE_evolution/1001Gp_TE_ANNOT/panTEome_v3_1001Gp/annotation_chr_s/single_genome_EDTA/100852/100852.Chr_scaffolds.fa.mod.EDTA.TElib.mincopyfiltered.fa, /tmp/global2/ssushko/TE_evolution/1001Gp_TE_ANNOT/panTEome_v3_1001Gp/annotation_chr_s/single_genome_EDTA/100853/100853.Chr_scaffolds.fa.mod.EDTA.TElib.mincopyfiltered.fa, /tmp/global2/ssushko/TE_evolution/1001Gp_TE_ANNOT/panTEome_v3_1001Gp/annotation_chr_s/single_genome_EDTA/100854/100854.Chr_scaffolds.fa.mod.EDTA.TElib.mincopyfiltered.fa, /tmp/global2/ssushko/TE_evolution/1001Gp_TE_ANNOT/panTEome_v3_1001Gp/annotation_chr_s/single_genome_EDTA/100855/100855.Chr_scaffolds.fa.mod.EDTA.TElib.mincopyfiltered.fa, /tmp/global2/ssushko/TE_evolution/1001Gp_TE_ANNOT/panTEome_v3_1001Gp/annotation_chr_s/single_genome_EDTA/100856/100856.Chr_scaffolds.fa.mod.EDTA.TElib.mincopyfiltered.fa, /tmp/global2/ssushko/TE_evolution/1001Gp_TE_ANNOT/panTEome_v3_1001Gp/annotation_chr_s/single_genome_EDTA/100857/100857.Chr_scaffolds.fa.mod.EDTA.TElib.mincopyfiltered.fa, /tmp/global2/ssushko/TE_evolution/1001Gp_TE_ANNOT/panTEome_v3_1001Gp/annotation_chr_s/single_genome_EDTA/100858/100858.Chr_scaffolds.fa.mod.EDTA.TElib.mincopyfiltered.fa, /tmp/global2/ssushko/TE_evolution/1001Gp_TE_ANNOT/panTEome_v3_1001Gp/annotation_chr_s/single_genome_EDTA/100859/100859.Chr_scaffolds.fa.mod.EDTA.TElib.mincopyfiltered.fa, /tmp/global2/ssushko/TE_evolution/1001Gp_TE_ANNOT/panTEome_v3_1001Gp/annotation_chr_s/single_genome_EDTA/100860/100860.Chr_scaffolds.fa.mod.EDTA.TElib.mincopyfiltered.fa, /tmp/global2/ssushko/TE_evolution/1001Gp_TE_ANNOT/panTEome_v3_1001Gp/annotation_chr_s/single_genome_EDTA/100861/100861.Chr_scaffolds.fa.mod.EDTA.TElib.mincopyfiltered.fa, /tmp/global2/ssushko/TE_evolution/1001Gp_TE_ANNOT/panTEome_v3_1001Gp/annotation_chr_s/single_genome_EDTA/100862/100862.Chr_scaffolds.fa.mod.EDTA.TElib.mincopyfiltered.fa, /tmp/global2/ssushko/TE_evolution/1001Gp_TE_ANNOT/panTEome_v3_1001Gp/annotation_chr_s/single_genome_EDTA/100863/100863.Chr_scaffolds.fa.mod.EDTA.TElib.mincopyfiltered.fa, /tmp/global2/ssushko/TE_evolution/1001Gp_TE_ANNOT/panTEome_v3_1001Gp/annotation_chr_s/single_genome_EDTA/100864/100864.Chr_scaffolds.fa.mod.EDTA.TElib.mincopyfiltered.fa, /tmp/global2/ssushko/TE_evolution/1001Gp_TE_ANNOT/panTEome_v3_1001Gp/annotation_chr_s/single_genome_EDTA/100865/100865.Chr_scaffolds.fa.mod.EDTA.TElib.mincopyfiltered.fa, /tmp/global2/ssushko/TE_evolution/1001Gp_TE_ANNOT/panTEome_v3_1001Gp/annotation_chr_s/single_genome_EDTA/100866/100866.Chr_scaffolds.fa.mod.EDTA.TElib.mincopyfiltered.fa, /tmp/global2/ssushko/TE_evolution/1001Gp_TE_ANNOT/panTEome_v3_1001Gp/annotation_chr_s/single_genome_EDTA/100867/100867.Chr_scaffolds.fa.mod.EDTA.TElib.mincopyfiltered.fa, /tmp/global2/ssushko/TE_evolution/1001Gp_TE_ANNOT/panTEome_v3_1001Gp/annotation_chr_s/single_genome_EDTA/100868/100868.Chr_scaffolds.fa.mod.EDTA.TElib.mincopyfiltered.fa, /tmp/global2/ssushko/TE_evolution/1001Gp_TE_ANNOT/panTEome_v3_1001Gp/annotation_chr_s/single_genome_EDTA/100869/100869.Chr_scaffolds.fa.mod.EDTA.TElib.mincopyfiltered.fa, /tmp/global2/ssushko/TE_evolution/1001Gp_TE_ANNOT/panTEome_v3_1001Gp/annotation_chr_s/single_genome_EDTA/100870/100870.Chr_scaffolds.fa.mod.EDTA.TElib.mincopyfiltered.fa, /tmp/global2/ssushko/TE_evolution/1001Gp_TE_ANNOT/panTEome_v3_1001Gp/annotation_chr_s/single_genome_EDTA/100871/100871.Chr_scaffolds.fa.mod.EDTA.TElib.mincopyfiltered.fa, /tmp/global2/ssushko/TE_evolution/1001Gp_TE_ANNOT/panTEome_v3_1001Gp/annotation_chr_s/single_genome_EDTA/100872/100872.Chr_scaffolds.fa.mod.EDTA.TElib.mincopyfiltered.fa, /tmp/global2/ssushko/TE_evolution/1001Gp_TE_ANNOT/panTEome_v3_1001Gp/annotation_chr_s/single_genome_EDTA/100873/100873.Chr_scaffolds.fa.mod.EDTA.TElib.mincopyfiltered.fa, /tmp/global2/ssushko/TE_evolution/1001Gp_TE_ANNOT/panTEome_v3_1001Gp/annotation_chr_s/single_genome_EDTA/100874/100874.Chr_scaffolds.fa.mod.EDTA.TElib.mincopyfiltered.fa, /tmp/global2/ssushko/TE_evolution/1001Gp_TE_ANNOT/panTEome_v3_1001Gp/annotation_chr_s/single_genome_EDTA/100875/100875.Chr_scaffolds.fa.mod.EDTA.TElib.mincopyfiltered.fa, /tmp/global2/ssushko/TE_evolution/1001Gp_TE_ANNOT/panTEome_v3_1001Gp/annotation_chr_s/single_genome_EDTA/100876/100876.Chr_scaffolds.fa.mod.EDTA.TElib.mincopyfiltered.fa, /tmp/global2/ssushko/TE_evolution/1001Gp_TE_ANNOT/panTEome_v3_1001Gp/annotation_chr_s/single_genome_EDTA/100877/100877.Chr_scaffolds.fa.mod.EDTA.TElib.mincopyfiltered.fa, /tmp/global2/ssushko/TE_evolution/1001Gp_TE_ANNOT/panTEome_v3_1001Gp/annotation_chr_s/single_genome_EDTA/100878/100878.Chr_scaffolds.fa.mod.EDTA.TElib.mincopyfiltered.fa, /tmp/global2/ssushko/TE_evolution/1001Gp_TE_ANNOT/panTEome_v3_1001Gp/annotation_chr_s/single_genome_EDTA/100879/100879.Chr_scaffolds.fa.mod.EDTA.TElib.mincopyfiltered.fa, /tmp/global2/ssushko/TE_evolution/1001Gp_TE_ANNOT/panTEome_v3_1001Gp/annotation_chr_s/single_genome_EDTA/100880/100880.Chr_scaffolds.fa.mod.EDTA.TElib.mincopyfiltered.fa, /tmp/global2/ssushko/TE_evolution/1001Gp_TE_ANNOT/panTEome_v3_1001Gp/annotation_chr_s/single_genome_EDTA/100881/100881.Chr_scaffolds.fa.mod.EDTA.TElib.mincopyfiltered.fa, /tmp/global2/ssushko/TE_evolution/1001Gp_TE_ANNOT/panTEome_v3_1001Gp/annotation_chr_s/single_genome_EDTA/100882/100882.Chr_scaffolds.fa.mod.EDTA.TElib.mincopyfiltered.fa, /tmp/global2/ssushko/TE_evolution/1001Gp_TE_ANNOT/panTEome_v3_1001Gp/annotation_chr_s/single_genome_EDTA/100883/100883.Chr_scaffolds.fa.mod.EDTA.TElib.mincopyfiltered.fa, /tmp/global2/ssushko/TE_evolution/1001Gp_TE_ANNOT/panTEome_v3_1001Gp/annotation_chr_s/single_genome_EDTA/100884/100884.Chr_scaffolds.fa.mod.EDTA.TElib.mincopyfiltered.fa, /tmp/global2/ssushko/TE_evolution/1001Gp_TE_ANNOT/panTEome_v3_1001Gp/annotation_chr_s/single_genome_EDTA/100885/100885.Chr_scaffolds.fa.mod.EDTA.TElib.mincopyfiltered.fa, /tmp/global2/ssushko/TE_evolution/1001Gp_TE_ANNOT/panTEome_v3_1001Gp/annotation_chr_s/single_genome_EDTA/100886/100886.Chr_scaffolds.fa.mod.EDTA.TElib.mincopyfiltered.fa, /tmp/global2/ssushko/TE_evolution/1001Gp_TE_ANNOT/panTEome_v3_1001Gp/annotation_chr_s/single_genome_EDTA/100887/100887.Chr_scaffolds.fa.mod.EDTA.TElib.mincopyfiltered.fa, /tmp/global2/ssushko/TE_evolution/1001Gp_TE_ANNOT/panTEome_v3_1001Gp/annotation_chr_s/single_genome_EDTA/100888/100888.Chr_scaffolds.fa.mod.EDTA.TElib.mincopyfiltered.fa, /tmp/global2/ssushko/TE_evolution/1001Gp_TE_ANNOT/panTEome_v3_1001Gp/annotation_chr_s/single_genome_EDTA/100889/100889.Chr_scaffolds.fa.mod.EDTA.TElib.mincopyfiltered.fa, /tmp/global2/ssushko/TE_evolution/1001Gp_TE_ANNOT/panTEome_v3_1001Gp/annotation_chr_s/single_genome_EDTA/100890/100890.Chr_scaffolds.fa.mod.EDTA.TElib.mincopyfiltered.fa, /tmp/global2/ssushko/TE_evolution/1001Gp_TE_ANNOT/panTEome_v3_1001Gp/annotation_chr_s/single_genome_EDTA/100891/100891.Chr_scaffolds.fa.mod.EDTA.TElib.mincopyfiltered.fa, /tmp/global2/ssushko/TE_evolution/1001Gp_TE_ANNOT/panTEome_v3_1001Gp/annotation_chr_s/single_genome_EDTA/100892/100892.Chr_scaffolds.fa.mod.EDTA.TElib.mincopyfiltered.fa, /tmp/global2/ssushko/TE_evolution/1001Gp_TE_ANNOT/panTEome_v3_1001Gp/annotation_chr_s/single_genome_EDTA/100893/100893.Chr_scaffolds.fa.mod.EDTA.TElib.mincopyfiltered.fa, /tmp/global2/ssushko/TE_evolution/1001Gp_TE_ANNOT/panTEome_v3_1001Gp/annotation_chr_s/single_genome_EDTA/100894/100894.Chr_scaffolds.fa.mod.EDTA.TElib.mincopyfiltered.fa, /tmp/global2/ssushko/TE_evolution/1001Gp_TE_ANNOT/panTEome_v3_1001Gp/annotation_chr_s/single_genome_EDTA/100895/100895.Chr_scaffolds.fa.mod.EDTA.TElib.mincopyfiltered.fa, /tmp/global2/ssushko/TE_evolution/1001Gp_TE_ANNOT/panTEome_v3_1001Gp/annotation_chr_s/single_genome_EDTA/100896/100896.Chr_scaffolds.fa.mod.EDTA.TElib.mincopyfiltered.fa, /tmp/global2/ssushko/TE_evolution/1001Gp_TE_ANNOT/panTEome_v3_1001Gp/annotation_chr_s/single_genome_EDTA/100897/100897.Chr_scaffolds.fa.mod.EDTA.TElib.mincopyfiltered.fa, /tmp/global2/ssushko/TE_evolution/1001Gp_TE_ANNOT/panTEome_v3_1001Gp/annotation_chr_s/single_genome_EDTA/100898/100898.Chr_scaffolds.fa.mod.EDTA.TElib.mincopyfiltered.fa, /tmp/global2/ssushko/TE_evolution/1001Gp_TE_ANNOT/panTEome_v3_1001Gp/annotation_chr_s/single_genome_EDTA/100899/100899.Chr_scaffolds.fa.mod.EDTA.TElib.mincopyfiltered.fa, /tmp/global2/ssushko/TE_evolution/1001Gp_TE_ANNOT/panTEome_v3_1001Gp/annotation_chr_s/single_genome_EDTA/100900/100900.Chr_scaffolds.fa.mod.EDTA.TElib.mincopyfiltered.fa, /tmp/global2/ssushko/TE_evolution/1001Gp_TE_ANNOT/panTEome_v3_1001Gp/annotation_chr_s/single_genome_EDTA/100901/100901.Chr_scaffolds.fa.mod.EDTA.TElib.mincopyfiltered.fa, /tmp/global2/ssushko/TE_evolution/1001Gp_TE_ANNOT/panTEome_v3_1001Gp/annotation_chr_s/single_genome_EDTA/100902/100902.Chr_scaffolds.fa.mod.EDTA.TElib.mincopyfiltered.fa, /tmp/global2/ssushko/TE_evolution/1001Gp_TE_ANNOT/panTEome_v3_1001Gp/annotation_chr_s/single_genome_EDTA/100903/100903.Chr_scaffolds.fa.mod.EDTA.TElib.mincopyfiltered.fa, /tmp/global2/ssushko/TE_evolution/1001Gp_TE_ANNOT/panTEome_v3_1001Gp/annotation_chr_s/single_genome_EDTA/100904/100904.Chr_scaffolds.fa.mod.EDTA.TElib.mincopyfiltered.fa, /tmp/global2/ssushko/TE_evolution/1001Gp_TE_ANNOT/panTEome_v3_1001Gp/annotation_chr_s/single_genome_EDTA/100905/100905.Chr_scaffolds.fa.mod.EDTA.TElib.mincopyfiltered.fa, /tmp/global2/ssushko/TE_evolution/1001Gp_TE_ANNOT/panTEome_v3_1001Gp/annotation_chr_s/single_genome_EDTA/100906/100906.Chr_scaffolds.fa.mod.EDTA.TElib.mincopyfiltered.fa, /tmp/global2/ssushko/TE_evolution/1001Gp_TE_ANNOT/panTEome_v3_1001Gp/annotation_chr_s/single_genome_EDTA/100907/100907.Chr_scaffolds.fa.mod.EDTA.TElib.mincopyfiltered.fa, /tmp/global2/ssushko/TE_evolution/1001Gp_TE_ANNOT/panTEome_v3_1001Gp/annotation_chr_s/single_genome_EDTA/100908/100908.Chr_scaffolds.fa.mod.EDTA.TElib.mincopyfiltered.fa, /tmp/global2/ssushko/TE_evolution/1001Gp_TE_ANNOT/panTEome_v3_1001Gp/annotation_chr_s/single_genome_EDTA/100909/100909.Chr_scaffolds.fa.mod.EDTA.TElib.mincopyfiltered.fa, /tmp/global2/ssushko/TE_evolution/1001Gp_TE_ANNOT/panTEome_v3_1001Gp/annotation_chr_s/single_genome_EDTA/100910/100910.Chr_scaffolds.fa.mod.EDTA.TElib.mincopyfiltered.fa, /tmp/global2/ssushko/TE_evolution/1001Gp_TE_ANNOT/panTEome_v3_1001Gp/annotation_chr_s/single_genome_EDTA/100911/100911.Chr_scaffolds.fa.mod.EDTA.TElib.mincopyfiltered.fa, /tmp/global2/ssushko/TE_evolution/1001Gp_TE_ANNOT/panTEome_v3_1001Gp/annotation_chr_s/single_genome_EDTA/100912/100912.Chr_scaffolds.fa.mod.EDTA.TElib.mincopyfiltered.fa, /tmp/global2/ssushko/TE_evolution/1001Gp_TE_ANNOT/panTEome_v3_1001Gp/annotation_chr_s/single_genome_EDTA/100913/100913.Chr_scaffolds.fa.mod.EDTA.TElib.mincopyfiltered.fa, /tmp/global2/ssushko/TE_evolution/1001Gp_TE_ANNOT/panTEome_v3_1001Gp/annotation_chr_s/single_genome_EDTA/100914/100914.Chr_scaffolds.fa.mod.EDTA.TElib.mincopyfiltered.fa, /tmp/global2/ssushko/TE_evolution/1001Gp_TE_ANNOT/panTEome_v3_1001Gp/annotation_chr_s/single_genome_EDTA/100915/100915.Chr_scaffolds.fa.mod.EDTA.TElib.mincopyfiltered.fa, /tmp/global2/ssushko/TE_evolution/1001Gp_TE_ANNOT/panTEome_v3_1001Gp/annotation_chr_s/single_genome_EDTA/100916/100916.Chr_scaffolds.fa.mod.EDTA.TElib.mincopyfiltered.fa, /tmp/global2/ssushko/TE_evolution/1001Gp_TE_ANNOT/panTEome_v3_1001Gp/annotation_chr_s/single_genome_EDTA/100917/100917.Chr_scaffolds.fa.mod.EDTA.TElib.mincopyfiltered.fa, /tmp/global2/ssushko/TE_evolution/1001Gp_TE_ANNOT/panTEome_v3_1001Gp/annotation_chr_s/single_genome_EDTA/100918/100918.Chr_scaffolds.fa.mod.EDTA.TElib.mincopyfiltered.fa, /tmp/global2/ssushko/TE_evolution/1001Gp_TE_ANNOT/panTEome_v3_1001Gp/annotation_chr_s/single_genome_EDTA/100919/100919.Chr_scaffolds.fa.mod.EDTA.TElib.mincopyfiltered.fa, /tmp/global2/ssushko/TE_evolution/1001Gp_TE_ANNOT/panTEome_v3_1001Gp/annotation_chr_s/single_genome_EDTA/100920/100920.Chr_scaffolds.fa.mod.EDTA.TElib.mincopyfiltered.fa, /tmp/global2/ssushko/TE_evolution/1001Gp_TE_ANNOT/panTEome_v3_1001Gp/annotation_chr_s/single_genome_EDTA/100921/100921.Chr_scaffolds.fa.mod.EDTA.TElib.mincopyfiltered.fa, /tmp/global2/ssushko/TE_evolution/1001Gp_TE_ANNOT/panTEome_v3_1001Gp/annotation_chr_s/single_genome_EDTA/100922/100922.Chr_scaffolds.fa.mod.EDTA.TElib.mincopyfiltered.fa, /tmp/global2/ssushko/TE_evolution/1001Gp_TE_ANNOT/panTEome_v3_1001Gp/annotation_chr_s/single_genome_EDTA/100923/100923.Chr_scaffolds.fa.mod.EDTA.TElib.mincopyfiltered.fa, /tmp/global2/ssushko/TE_evolution/1001Gp_TE_ANNOT/panTEome_v3_1001Gp/annotation_chr_s/single_genome_EDTA/100924/100924.Chr_scaffolds.fa.mod.EDTA.TElib.mincopyfiltered.fa, /tmp/global2/ssushko/TE_evolution/1001Gp_TE_ANNOT/panTEome_v3_1001Gp/annotation_chr_s/single_genome_EDTA/100925/100925.Chr_scaffolds.fa.mod.EDTA.TElib.mincopyfiltered.fa, /tmp/global2/ssushko/TE_evolution/1001Gp_TE_ANNOT/panTEome_v3_1001Gp/annotation_chr_s/single_genome_EDTA/100926/100926.Chr_scaffolds.fa.mod.EDTA.TElib.mincopyfiltered.fa, /tmp/global2/ssushko/TE_evolution/1001Gp_TE_ANNOT/panTEome_v3_1001Gp/annotation_chr_s/single_genome_EDTA/100927/100927.Chr_scaffolds.fa.mod.EDTA.TElib.mincopyfiltered.fa, /tmp/global2/ssushko/TE_evolution/1001Gp_TE_ANNOT/panTEome_v3_1001Gp/annotation_chr_s/single_genome_EDTA/100928/100928.Chr_scaffolds.fa.mod.EDTA.TElib.mincopyfiltered.fa, /tmp/global2/ssushko/TE_evolution/1001Gp_TE_ANNOT/panTEome_v3_1001Gp/annotation_chr_s/single_genome_EDTA/100929/100929.Chr_scaffolds.fa.mod.EDTA.TElib.mincopyfiltered.fa, /tmp/global2/ssushko/TE_evolution/1001Gp_TE_ANNOT/panTEome_v3_1001Gp/annotation_chr_s/single_genome_EDTA/100930/100930.Chr_scaffolds.fa.mod.EDTA.TElib.mincopyfiltered.fa, /tmp/global2/ssushko/TE_evolution/1001Gp_TE_ANNOT/panTEome_v3_1001Gp/annotation_chr_s/single_genome_EDTA/100931/100931.Chr_scaffolds.fa.mod.EDTA.TElib.mincopyfiltered.fa, /tmp/global2/ssushko/TE_evolution/1001Gp_TE_ANNOT/panTEome_v3_1001Gp/annotation_chr_s/single_genome_EDTA/100932/100932.Chr_scaffolds.fa.mod.EDTA.TElib.mincopyfiltered.fa, /tmp/global2/ssushko/TE_evolution/1001Gp_TE_ANNOT/panTEome_v3_1001Gp/annotation_chr_s/single_genome_EDTA/100933/100933.Chr_scaffolds.fa.mod.EDTA.TElib.mincopyfiltered.fa, /tmp/global2/ssushko/TE_evolution/1001Gp_TE_ANNOT/panTEome_v3_1001Gp/annotation_chr_s/single_genome_EDTA/100934/100934.Chr_scaffolds.fa.mod.EDTA.TElib.mincopyfiltered.fa, /tmp/global2/ssushko/TE_evolution/1001Gp_TE_ANNOT/panTEome_v3_1001Gp/annotation_chr_s/single_genome_EDTA/100935/100935.Chr_scaffolds.fa.mod.EDTA.TElib.mincopyfiltered.fa, /tmp/global2/ssushko/TE_evolution/1001Gp_TE_ANNOT/panTEome_v3_1001Gp/annotation_chr_s/single_genome_EDTA/100936/100936.Chr_scaffolds.fa.mod.EDTA.TElib.mincopyfiltered.fa, /tmp/global2/ssushko/TE_evolution/1001Gp_TE_ANNOT/panTEome_v3_1001Gp/annotation_chr_s/single_genome_EDTA/100937/100937.Chr_scaffolds.fa.mod.EDTA.TElib.mincopyfiltered.fa, /tmp/global2/ssushko/TE_evolution/1001Gp_TE_ANNOT/panTEome_v3_1001Gp/annotation_chr_s/single_genome_EDTA/100938/100938.Chr_scaffolds.fa.mod.EDTA.TElib.mincopyfiltered.fa, /tmp/global2/ssushko/TE_evolution/1001Gp_TE_ANNOT/panTEome_v3_1001Gp/annotation_chr_s/single_genome_EDTA/100939/100939.Chr_scaffolds.fa.mod.EDTA.TElib.mincopyfiltered.fa, /tmp/global2/ssushko/TE_evolution/1001Gp_TE_ANNOT/panTEome_v3_1001Gp/annotation_chr_s/single_genome_EDTA/100940/100940.Chr_scaffolds.fa.mod.EDTA.TElib.mincopyfiltered.fa, /tmp/global2/ssushko/TE_evolution/1001Gp_TE_ANNOT/panTEome_v3_1001Gp/annotation_chr_s/single_genome_EDTA/100941/100941.Chr_scaffolds.fa.mod.EDTA.TElib.mincopyfiltered.fa, /tmp/global2/ssushko/TE_evolution/1001Gp_TE_ANNOT/panTEome_v3_1001Gp/annotation_chr_s/single_genome_EDTA/100942/100942.Chr_scaffolds.fa.mod.EDTA.TElib.mincopyfiltered.fa, /tmp/global2/ssushko/TE_evolution/1001Gp_TE_ANNOT/panTEome_v3_1001Gp/annotation_chr_s/single_genome_EDTA/100943/100943.Chr_scaffolds.fa.mod.EDTA.TElib.mincopyfiltered.fa, /tmp/global2/ssushko/TE_evolution/1001Gp_TE_ANNOT/panTEome_v3_1001Gp/annotation_chr_s/single_genome_EDTA/100944/100944.Chr_scaffolds.fa.mod.EDTA.TElib.mincopyfiltered.fa, /tmp/global2/ssushko/TE_evolution/1001Gp_TE_ANNOT/panTEome_v3_1001Gp/annotation_chr_s/single_genome_EDTA/100945/100945.Chr_scaffolds.fa.mod.EDTA.TElib.mincopyfiltered.fa, /tmp/global2/ssushko/TE_evolution/1001Gp_TE_ANNOT/panTEome_v3_1001Gp/annotation_chr_s/single_genome_EDTA/100946/100946.Chr_scaffolds.fa.mod.EDTA.TElib.mincopyfiltered.fa, /tmp/global2/ssushko/TE_evolution/1001Gp_TE_ANNOT/panTEome_v3_1001Gp/annotation_chr_s/single_genome_EDTA/100947/100947.Chr_scaffolds.fa.mod.EDTA.TElib.mincopyfiltered.fa, /tmp/global2/ssushko/TE_evolution/1001Gp_TE_ANNOT/panTEome_v3_1001Gp/annotation_chr_s/single_genome_EDTA/100948/100948.Chr_scaffolds.fa.mod.EDTA.TElib.mincopyfiltered.fa, /tmp/global2/ssushko/TE_evolution/1001Gp_TE_ANNOT/panTEome_v3_1001Gp/annotation_chr_s/single_genome_EDTA/100949/100949.Chr_scaffolds.fa.mod.EDTA.TElib.mincopyfiltered.fa, /tmp/global2/ssushko/TE_evolution/1001Gp_TE_ANNOT/panTEome_v3_1001Gp/annotation_chr_s/single_genome_EDTA/100950/100950.Chr_scaffolds.fa.mod.EDTA.TElib.mincopyfiltered.fa, /tmp/global2/ssushko/TE_evolution/1001Gp_TE_ANNOT/panTEome_v3_1001Gp/annotation_chr_s/single_genome_EDTA/100951/100951.Chr_scaffolds.fa.mod.EDTA.TElib.mincopyfiltered.fa, /tmp/global2/ssushko/TE_evolution/1001Gp_TE_ANNOT/panTEome_v3_1001Gp/annotation_chr_s/single_genome_EDTA/100952/100952.Chr_scaffolds.fa.mod.EDTA.TElib.mincopyfiltered.fa, /tmp/global2/ssushko/TE_evolution/1001Gp_TE_ANNOT/panTEome_v3_1001Gp/annotation_chr_s/single_genome_EDTA/100953/100953.Chr_scaffolds.fa.mod.EDTA.TElib.mincopyfiltered.fa, /tmp/global2/ssushko/TE_evolution/1001Gp_TE_ANNOT/panTEome_v3_1001Gp/annotation_chr_s/single_genome_EDTA/100954/100954.Chr_scaffolds.fa.mod.EDTA.TElib.mincopyfiltered.fa, /tmp/global2/ssushko/TE_evolution/1001Gp_TE_ANNOT/panTEome_v3_1001Gp/annotation_chr_s/single_genome_EDTA/100955/100955.Chr_scaffolds.fa.mod.EDTA.TElib.mincopyfiltered.fa, /tmp/global2/ssushko/TE_evolution/1001Gp_TE_ANNOT/panTEome_v3_1001Gp/annotation_chr_s/single_genome_EDTA/100956/100956.Chr_scaffolds.fa.mod.EDTA.TElib.mincopyfiltered.fa, /tmp/global2/ssushko/TE_evolution/1001Gp_TE_ANNOT/panTEome_v3_1001Gp/annotation_chr_s/single_genome_EDTA/100957/100957.Chr_scaffolds.fa.mod.EDTA.TElib.mincopyfiltered.fa, /tmp/global2/ssushko/TE_evolution/1001Gp_TE_ANNOT/panTEome_v3_1001Gp/annotation_chr_s/single_genome_EDTA/100958/100958.Chr_scaffolds.fa.mod.EDTA.TElib.mincopyfiltered.fa, /tmp/global2/ssushko/TE_evolution/1001Gp_TE_ANNOT/panTEome_v3_1001Gp/annotation_chr_s/single_genome_EDTA/100959/100959.Chr_scaffolds.fa.mod.EDTA.TElib.mincopyfiltered.fa, /tmp/global2/ssushko/TE_evolution/1001Gp_TE_ANNOT/panTEome_v3_1001Gp/annotation_chr_s/single_genome_EDTA/100960/100960.Chr_scaffolds.fa.mod.EDTA.TElib.mincopyfiltered.fa, /tmp/global2/ssushko/TE_evolution/1001Gp_TE_ANNOT/panTEome_v3_1001Gp/annotation_chr_s/single_genome_EDTA/100961/100961.Chr_scaffolds.fa.mod.EDTA.TElib.mincopyfiltered.fa, /tmp/global2/ssushko/TE_evolution/1001Gp_TE_ANNOT/panTEome_v3_1001Gp/annotation_chr_s/single_genome_EDTA/100962/100962.Chr_scaffolds.fa.mod.EDTA.TElib.mincopyfiltered.fa, /tmp/global2/ssushko/TE_evolution/1001Gp_TE_ANNOT/panTEome_v3_1001Gp/annotation_chr_s/single_genome_EDTA/100963/100963.Chr_scaffolds.fa.mod.EDTA.TElib.mincopyfiltered.fa, /tmp/global2/ssushko/TE_evolution/1001Gp_TE_ANNOT/panTEome_v3_1001Gp/annotation_chr_s/single_genome_EDTA/100964/100964.Chr_scaffolds.fa.mod.EDTA.TElib.mincopyfiltered.fa, /tmp/global2/ssushko/TE_evolution/1001Gp_TE_ANNOT/panTEome_v3_1001Gp/annotation_chr_s/single_genome_EDTA/100965/100965.Chr_scaffolds.fa.mod.EDTA.TElib.mincopyfiltered.fa, /tmp/global2/ssushko/TE_evolution/1001Gp_TE_ANNOT/panTEome_v3_1001Gp/annotation_chr_s/single_genome_EDTA/100966/100966.Chr_scaffolds.fa.mod.EDTA.TElib.mincopyfiltered.fa, /tmp/global2/ssushko/TE_evolution/1001Gp_TE_ANNOT/panTEome_v3_1001Gp/annotation_chr_s/single_genome_EDTA/100967/100967.Chr_scaffolds.fa.mod.EDTA.TElib.mincopyfiltered.fa, /tmp/global2/ssushko/TE_evolution/1001Gp_TE_ANNOT/panTEome_v3_1001Gp/annotation_chr_s/single_genome_EDTA/100968/100968.Chr_scaffolds.fa.mod.EDTA.TElib.mincopyfiltered.fa, /tmp/global2/ssushko/TE_evolution/1001Gp_TE_ANNOT/panTEome_v3_1001Gp/annotation_chr_s/single_genome_EDTA/100969/100969.Chr_scaffolds.fa.mod.EDTA.TElib.mincopyfiltered.fa, /tmp/global2/ssushko/TE_evolution/1001Gp_TE_ANNOT/panTEome_v3_1001Gp/annotation_chr_s/single_genome_EDTA/100970/100970.Chr_scaffolds.fa.mod.EDTA.TElib.mincopyfiltered.fa, /tmp/global2/ssushko/TE_evolution/1001Gp_TE_ANNOT/panTEome_v3_1001Gp/annotation_chr_s/single_genome_EDTA/100971/100971.Chr_scaffolds.fa.mod.EDTA.TElib.mincopyfiltered.fa, /tmp/global2/ssushko/TE_evolution/1001Gp_TE_ANNOT/panTEome_v3_1001Gp/annotation_chr_s/single_genome_EDTA/100972/100972.Chr_scaffolds.fa.mod.EDTA.TElib.mincopyfiltered.fa, /tmp/global2/ssushko/TE_evolution/1001Gp_TE_ANNOT/panTEome_v3_1001Gp/annotation_chr_s/single_genome_EDTA/100973/100973.Chr_scaffolds.fa.mod.EDTA.TElib.mincopyfiltered.fa, /tmp/global2/ssushko/TE_evolution/1001Gp_TE_ANNOT/panTEome_v3_1001Gp/annotation_chr_s/single_genome_EDTA/100974/100974.Chr_scaffolds.fa.mod.EDTA.TElib.mincopyfiltered.fa, /tmp/global2/ssushko/TE_evolution/1001Gp_TE_ANNOT/panTEome_v3_1001Gp/annotation_chr_s/single_genome_EDTA/100975/100975.Chr_scaffolds.fa.mod.EDTA.TElib.mincopyfiltered.fa, /tmp/global2/ssushko/TE_evolution/1001Gp_TE_ANNOT/panTEome_v3_1001Gp/annotation_chr_s/single_genome_EDTA/100976/100976.Chr_scaffolds.fa.mod.EDTA.TElib.mincopyfiltered.fa, /tmp/global2/ssushko/TE_evolution/1001Gp_TE_ANNOT/panTEome_v3_1001Gp/annotation_chr_s/single_genome_EDTA/100977/100977.Chr_scaffolds.fa.mod.EDTA.TElib.mincopyfiltered.fa, /tmp/global2/ssushko/TE_evolution/1001Gp_TE_ANNOT/panTEome_v3_1001Gp/annotation_chr_s/single_genome_EDTA/100978/100978.Chr_scaffolds.fa.mod.EDTA.TElib.mincopyfiltered.fa, /tmp/global2/ssushko/TE_evolution/1001Gp_TE_ANNOT/panTEome_v3_1001Gp/annotation_chr_s/single_genome_EDTA/100979/100979.Chr_scaffolds.fa.mod.EDTA.TElib.mincopyfiltered.fa, /tmp/global2/ssushko/TE_evolution/1001Gp_TE_ANNOT/panTEome_v3_1001Gp/annotation_chr_s/single_genome_EDTA/100980/100980.Chr_scaffolds.fa.mod.EDTA.TElib.mincopyfiltered.fa, /tmp/global2/ssushko/TE_evolution/1001Gp_TE_ANNOT/panTEome_v3_1001Gp/annotation_chr_s/single_genome_EDTA/100981/100981.Chr_scaffolds.fa.mod.EDTA.TElib.mincopyfiltered.fa, /tmp/global2/ssushko/TE_evolution/1001Gp_TE_ANNOT/panTEome_v3_1001Gp/annotation_chr_s/single_genome_EDTA/100982/100982.Chr_scaffolds.fa.mod.EDTA.TElib.mincopyfiltered.fa, /tmp/global2/ssushko/TE_evolution/1001Gp_TE_ANNOT/panTEome_v3_1001Gp/annotation_chr_s/single_genome_EDTA/100983/100983.Chr_scaffolds.fa.mod.EDTA.TElib.mincopyfiltered.fa, /tmp/global2/ssushko/TE_evolution/1001Gp_TE_ANNOT/panTEome_v3_1001Gp/annotation_chr_s/single_genome_EDTA/100984/100984.Chr_scaffolds.fa.mod.EDTA.TElib.mincopyfiltered.fa, /tmp/global2/ssushko/TE_evolution/1001Gp_TE_ANNOT/panTEome_v3_1001Gp/annotation_chr_s/single_genome_EDTA/100985/100985.Chr_scaffolds.fa.mod.EDTA.TElib.mincopyfiltered.fa, /tmp/global2/ssushko/TE_evolution/1001Gp_TE_ANNOT/panTEome_v3_1001Gp/annotation_chr_s/single_genome_EDTA/100986/100986.Chr_scaffolds.fa.mod.EDTA.TElib.mincopyfiltered.fa, /tmp/global2/ssushko/TE_evolution/1001Gp_TE_ANNOT/panTEome_v3_1001Gp/annotation_chr_s/single_genome_EDTA/100987/100987.Chr_scaffolds.fa.mod.EDTA.TElib.mincopyfiltered.fa, /tmp/global2/ssushko/TE_evolution/1001Gp_TE_ANNOT/panTEome_v3_1001Gp/annotation_chr_s/single_genome_EDTA/100988/100988.Chr_scaffolds.fa.mod.EDTA.TElib.mincopyfiltered.fa, /tmp/global2/ssushko/TE_evolution/1001Gp_TE_ANNOT/panTEome_v3_1001Gp/annotation_chr_s/single_genome_EDTA/100989/100989.Chr_scaffolds.fa.mod.EDTA.TElib.mincopyfiltered.fa, /tmp/global2/ssushko/TE_evolution/1001Gp_TE_ANNOT/panTEome_v3_1001Gp/annotation_chr_s/single_genome_EDTA/100990/100990.Chr_scaffolds.fa.mod.EDTA.TElib.mincopyfiltered.fa, /tmp/global2/ssushko/TE_evolution/1001Gp_TE_ANNOT/panTEome_v3_1001Gp/annotation_chr_s/single_genome_EDTA/100991/100991.Chr_scaffolds.fa.mod.EDTA.TElib.mincopyfiltered.fa, /tmp/global2/ssushko/TE_evolution/1001Gp_TE_ANNOT/panTEome_v3_1001Gp/annotation_chr_s/single_genome_EDTA/100992/100992.Chr_scaffolds.fa.mod.EDTA.TElib.mincopyfiltered.fa, /tmp/global2/ssushko/TE_evolution/1001Gp_TE_ANNOT/panTEome_v3_1001Gp/annotation_chr_s/single_genome_EDTA/100993/100993.Chr_scaffolds.fa.mod.EDTA.TElib.mincopyfiltered.fa, /tmp/global2/ssushko/TE_evolution/1001Gp_TE_ANNOT/panTEome_v3_1001Gp/annotation_chr_s/single_genome_EDTA/100994/100994.Chr_scaffolds.fa.mod.EDTA.TElib.mincopyfiltered.fa, /tmp/global2/ssushko/TE_evolution/1001Gp_TE_ANNOT/panTEome_v3_1001Gp/annotation_chr_s/single_genome_EDTA/100995/100995.Chr_scaffolds.fa.mod.EDTA.TElib.mincopyfiltered.fa, /tmp/global2/ssushko/TE_evolution/1001Gp_TE_ANNOT/panTEome_v3_1001Gp/annotation_chr_s/single_genome_EDTA/100996/100996.Chr_scaffolds.fa.mod.EDTA.TElib.mincopyfiltered.fa, /tmp/global2/ssushko/TE_evolution/1001Gp_TE_ANNOT/panTEome_v3_1001Gp/annotation_chr_s/single_genome_EDTA/100997/100997.Chr_scaffolds.fa.mod.EDTA.TElib.mincopyfiltered.fa, /tmp/global2/ssushko/TE_evolution/1001Gp_TE_ANNOT/panTEome_v3_1001Gp/annotation_chr_s/single_genome_EDTA/100998/100998.Chr_scaffolds.fa.mod.EDTA.TElib.mincopyfiltered.fa, /tmp/global2/ssushko/TE_evolution/1001Gp_TE_ANNOT/panTEome_v3_1001Gp/annotation_chr_s/single_genome_EDTA/100999/100999.Chr_scaffolds.fa.mod.EDTA.TElib.mincopyfiltered.fa, /tmp/global2/ssushko/TE_evolution/1001Gp_TE_ANNOT/panTEome_v3_1001Gp/annotation_chr_s/single_genome_EDTA/101000/101000.Chr_scaffolds.fa.mod.EDTA.TElib.mincopyfiltered.fa, /tmp/global2/ssushko/TE_evolution/1001Gp_TE_ANNOT/panTEome_v3_1001Gp/annotation_chr_s/single_genome_EDTA/101001/101001.Chr_scaffolds.fa.mod.EDTA.TElib.mincopyfiltered.fa, /tmp/global2/ssushko/TE_evolution/1001Gp_TE_ANNOT/panTEome_v3_1001Gp/annotation_chr_s/single_genome_EDTA/101002/101002.Chr_scaffolds.fa.mod.EDTA.TElib.mincopyfiltered.fa, /tmp/global2/ssushko/TE_evolution/1001Gp_TE_ANNOT/panTEome_v3_1001Gp/annotation_chr_s/single_genome_EDTA/101003/101003.Chr_scaffolds.fa.mod.EDTA.TElib.mincopyfiltered.fa, /tmp/global2/ssushko/TE_evolution/1001Gp_TE_ANNOT/panTEome_v3_1001Gp/annotation_chr_s/single_genome_EDTA/101004/101004.Chr_scaffolds.fa.mod.EDTA.TElib.mincopyfiltered.fa, /tmp/global2/ssushko/TE_evolution/1001Gp_TE_ANNOT/panTEome_v3_1001Gp/annotation_chr_s/single_genome_EDTA/101005/101005.Chr_scaffolds.fa.mod.EDTA.TElib.mincopyfiltered.fa, /tmp/global2/ssushko/TE_evolution/1001Gp_TE_ANNOT/panTEome_v3_1001Gp/annotation_chr_s/single_genome_EDTA/101006/101006.Chr_scaffolds.fa.mod.EDTA.TElib.mincopyfiltered.fa, /tmp/global2/ssushko/TE_evolution/1001Gp_TE_ANNOT/panTEome_v3_1001Gp/annotation_chr_s/single_genome_EDTA/101007/101007.Chr_scaffolds.fa.mod.EDTA.TElib.mincopyfiltered.fa, /tmp/global2/ssushko/TE_evolution/1001Gp_TE_ANNOT/panTEome_v3_1001Gp/annotation_chr_s/single_genome_EDTA/101008/101008.Chr_scaffolds.fa.mod.EDTA.TElib.mincopyfiltered.fa, /tmp/global2/ssushko/TE_evolution/1001Gp_TE_ANNOT/panTEome_v3_1001Gp/annotation_chr_s/single_genome_EDTA/101009/101009.Chr_scaffolds.fa.mod.EDTA.TElib.mincopyfiltered.fa, /tmp/global2/ssushko/TE_evolution/1001Gp_TE_ANNOT/panTEome_v3_1001Gp/annotation_chr_s/single_genome_EDTA/101010/101010.Chr_scaffolds.fa.mod.EDTA.TElib.mincopyfiltered.fa, /tmp/global2/ssushko/TE_evolution/1001Gp_TE_ANNOT/panTEome_v3_1001Gp/annotation_chr_s/single_genome_EDTA/101011/101011.Chr_scaffolds.fa.mod.EDTA.TElib.mincopyfiltered.fa, /tmp/global2/ssushko/TE_evolution/1001Gp_TE_ANNOT/panTEome_v3_1001Gp/annotation_chr_s/single_genome_EDTA/101012/101012.Chr_scaffolds.fa.mod.EDTA.TElib.mincopyfiltered.fa, /tmp/global2/ssushko/TE_evolution/1001Gp_TE_ANNOT/panTEome_v3_1001Gp/annotation_chr_s/single_genome_EDTA/101013/101013.Chr_scaffolds.fa.mod.EDTA.TElib.mincopyfiltered.fa, /tmp/global2/ssushko/TE_evolution/1001Gp_TE_ANNOT/panTEome_v3_1001Gp/annotation_chr_s/single_genome_EDTA/101014/101014.Chr_scaffolds.fa.mod.EDTA.TElib.mincopyfiltered.fa, /tmp/global2/ssushko/TE_evolution/1001Gp_TE_ANNOT/panTEome_v3_1001Gp/annotation_chr_s/single_genome_EDTA/101015/101015.Chr_scaffolds.fa.mod.EDTA.TElib.mincopyfiltered.fa, /tmp/global2/ssushko/TE_evolution/1001Gp_TE_ANNOT/panTEome_v3_1001Gp/annotation_chr_s/single_genome_EDTA/101016/101016.Chr_scaffolds.fa.mod.EDTA.TElib.mincopyfiltered.fa, /tmp/global2/ssushko/TE_evolution/1001Gp_TE_ANNOT/panTEome_v3_1001Gp/annotation_chr_s/single_genome_EDTA/101017/101017.Chr_scaffolds.fa.mod.EDTA.TElib.mincopyfiltered.fa, /tmp/global2/ssushko/TE_evolution/1001Gp_TE_ANNOT/panTEome_v3_1001Gp/annotation_chr_s/single_genome_EDTA/101018/101018.Chr_scaffolds.fa.mod.EDTA.TElib.mincopyfiltered.fa, /tmp/global2/ssushko/TE_evolution/1001Gp_TE_ANNOT/panTEome_v3_1001Gp/annotation_chr_s/single_genome_EDTA/101019/101019.Chr_scaffolds.fa.mod.EDTA.TElib.mincopyfiltered.fa, /tmp/global2/ssushko/TE_evolution/1001Gp_TE_ANNOT/panTEome_v3_1001Gp/annotation_chr_s/single_genome_EDTA/101020/101020.Chr_scaffolds.fa.mod.EDTA.TElib.mincopyfiltered.fa, /tmp/global2/ssushko/TE_evolution/1001Gp_TE_ANNOT/panTEome_v3_1001Gp/annotation_chr_s/single_genome_EDTA/101021/101021.Chr_scaffolds.fa.mod.EDTA.TElib.mincopyfiltered.fa, /tmp/global2/ssushko/TE_evolution/1001Gp_TE_ANNOT/panTEome_v3_1001Gp/annotation_chr_s/single_genome_EDTA/101022/101022.Chr_scaffolds.fa.mod.EDTA.TElib.mincopyfiltered.fa, /tmp/global2/ssushko/TE_evolution/1001Gp_TE_ANNOT/panTEome_v3_1001Gp/annotation_chr_s/single_genome_EDTA/101023/101023.Chr_scaffolds.fa.mod.EDTA.TElib.mincopyfiltered.fa, /tmp/global2/ssushko/TE_evolution/1001Gp_TE_ANNOT/panTEome_v3_1001Gp/annotation_chr_s/single_genome_EDTA/101024/101024.Chr_scaffolds.fa.mod.EDTA.TElib.mincopyfiltered.fa, /tmp/global2/ssushko/TE_evolution/1001Gp_TE_ANNOT/panTEome_v3_1001Gp/annotation_chr_s/single_genome_EDTA/101025/101025.Chr_scaffolds.fa.mod.EDTA.TElib.mincopyfiltered.fa, /tmp/global2/ssushko/TE_evolution/1001Gp_TE_ANNOT/panTEome_v3_1001Gp/annotation_chr_s/single_genome_EDTA/101026/101026.Chr_scaffolds.fa.mod.EDTA.TElib.mincopyfiltered.fa, /tmp/global2/ssushko/TE_evolution/1001Gp_TE_ANNOT/panTEome_v3_1001Gp/annotation_chr_s/single_genome_EDTA/101027/101027.Chr_scaffolds.fa.mod.EDTA.TElib.mincopyfiltered.fa, /tmp/global2/ssushko/TE_evolution/1001Gp_TE_ANNOT/panTEome_v3_1001Gp/annotation_chr_s/single_genome_EDTA/101028/101028.Chr_scaffolds.fa.mod.EDTA.TElib.mincopyfiltered.fa, /tmp/global2/ssushko/TE_evolution/1001Gp_TE_ANNOT/panTEome_v3_1001Gp/annotation_chr_s/single_genome_EDTA/101029/101029.Chr_scaffolds.fa.mod.EDTA.TElib.mincopyfiltered.fa, /tmp/global2/ssushko/TE_evolution/1001Gp_TE_ANNOT/panTEome_v3_1001Gp/annotation_chr_s/single_genome_EDTA/101030/101030.Chr_scaffolds.fa.mod.EDTA.TElib.mincopyfiltered.fa, /tmp/global2/ssushko/TE_evolution/1001Gp_TE_ANNOT/panTEome_v3_1001Gp/annotation_chr_s/single_genome_EDTA/101031/101031.Chr_scaffolds.fa.mod.EDTA.TElib.mincopyfiltered.fa, /tmp/global2/ssushko/TE_evolution/1001Gp_TE_ANNOT/panTEome_v3_1001Gp/annotation_chr_s/single_genome_EDTA/101032/101032.Chr_scaffolds.fa.mod.EDTA.TElib.mincopyfiltered.fa, /tmp/global2/ssushko/TE_evolution/1001Gp_TE_ANNOT/panTEome_v3_1001Gp/annotation_chr_s/single_genome_EDTA/101033/101033.Chr_scaffolds.fa.mod.EDTA.TElib.mincopyfiltered.fa, /tmp/global2/ssushko/TE_evolution/1001Gp_TE_ANNOT/panTEome_v3_1001Gp/annotation_chr_s/single_genome_EDTA/101034/101034.Chr_scaffolds.fa.mod.EDTA.TElib.mincopyfiltered.fa, /tmp/global2/ssushko/TE_evolution/1001Gp_TE_ANNOT/panTEome_v3_1001Gp/annotation_chr_s/single_genome_EDTA/101035/101035.Chr_scaffolds.fa.mod.EDTA.TElib.mincopyfiltered.fa, /tmp/global2/ssushko/TE_evolution/1001Gp_TE_ANNOT/panTEome_v3_1001Gp/annotation_chr_s/single_genome_EDTA/101036/101036.Chr_scaffolds.fa.mod.EDTA.TElib.mincopyfiltered.fa, /tmp/global2/ssushko/TE_evolution/1001Gp_TE_ANNOT/panTEome_v3_1001Gp/annotation_chr_s/single_genome_EDTA/101037/101037.Chr_scaffolds.fa.mod.EDTA.TElib.mincopyfiltered.fa, /tmp/global2/ssushko/TE_evolution/1001Gp_TE_ANNOT/panTEome_v3_1001Gp/annotation_chr_s/single_genome_EDTA/101038/101038.Chr_scaffolds.fa.mod.EDTA.TElib.mincopyfiltered.fa, /tmp/global2/ssushko/TE_evolution/1001Gp_TE_ANNOT/panTEome_v3_1001Gp/annotation_chr_s/single_genome_EDTA/101039/101039.Chr_scaffolds.fa.mod.EDTA.TElib.mincopyfiltered.fa, /tmp/global2/ssushko/TE_evolution/1001Gp_TE_ANNOT/panTEome_v3_1001Gp/annotation_chr_s/single_genome_EDTA/101040/101040.Chr_scaffolds.fa.mod.EDTA.TElib.mincopyfiltered.fa, /tmp/global2/ssushko/TE_evolution/1001Gp_TE_ANNOT/panTEome_v3_1001Gp/annotation_chr_s/single_genome_EDTA/101041/101041.Chr_scaffolds.fa.mod.EDTA.TElib.mincopyfiltered.fa, /tmp/global2/ssushko/TE_evolution/1001Gp_TE_ANNOT/panTEome_v3_1001Gp/annotation_chr_s/single_genome_EDTA/101042/101042.Chr_scaffolds.fa.mod.EDTA.TElib.mincopyfiltered.fa, /tmp/global2/ssushko/TE_evolution/1001Gp_TE_ANNOT/panTEome_v3_1001Gp/annotation_chr_s/single_genome_EDTA/101043/101043.Chr_scaffolds.fa.mod.EDTA.TElib.mincopyfiltered.fa, /tmp/global2/ssushko/TE_evolution/1001Gp_TE_ANNOT/panTEome_v3_1001Gp/annotation_chr_s/single_genome_EDTA/101044/101044.Chr_scaffolds.fa.mod.EDTA.TElib.mincopyfiltered.fa, /tmp/global2/ssushko/TE_evolution/1001Gp_TE_ANNOT/panTEome_v3_1001Gp/annotation_chr_s/single_genome_EDTA/101045/101045.Chr_scaffolds.fa.mod.EDTA.TElib.mincopyfiltered.fa, /tmp/global2/ssushko/TE_evolution/1001Gp_TE_ANNOT/panTEome_v3_1001Gp/annotation_chr_s/single_genome_EDTA/101046/101046.Chr_scaffolds.fa.mod.EDTA.TElib.mincopyfiltered.fa, /tmp/global2/ssushko/TE_evolution/1001Gp_TE_ANNOT/panTEome_v3_1001Gp/annotation_chr_s/single_genome_EDTA/101054/101054.Chr_scaffolds.fa.mod.EDTA.TElib.mincopyfiltered.fa, /tmp/global2/ssushko/TE_evolution/1001Gp_TE_ANNOT/panTEome_v3_1001Gp/annotation_chr_s/single_genome_EDTA/101055/101055.Chr_scaffolds.fa.mod.EDTA.TElib.mincopyfiltered.fa, /tmp/global2/ssushko/TE_evolution/1001Gp_TE_ANNOT/panTEome_v3_1001Gp/annotation_chr_s/single_genome_EDTA/101056/101056.Chr_scaffolds.fa.mod.EDTA.TElib.mincopyfiltered.fa, /tmp/global2/ssushko/TE_evolution/1001Gp_TE_ANNOT/panTEome_v3_1001Gp/annotation_chr_s/single_genome_EDTA/101057/101057.Chr_scaffolds.fa.mod.EDTA.TElib.mincopyfiltered.fa, /tmp/global2/ssushko/TE_evolution/1001Gp_TE_ANNOT/panTEome_v3_1001Gp/annotation_chr_s/single_genome_EDTA/101058/101058.Chr_scaffolds.fa.mod.EDTA.TElib.mincopyfiltered.fa, /tmp/global2/ssushko/TE_evolution/1001Gp_TE_ANNOT/panTEome_v3_1001Gp/annotation_chr_s/single_genome_EDTA/101059/101059.Chr_scaffolds.fa.mod.EDTA.TElib.mincopyfiltered.fa, /tmp/global2/ssushko/TE_evolution/1001Gp_TE_ANNOT/panTEome_v3_1001Gp/annotation_chr_s/single_genome_EDTA/101060/101060.Chr_scaffolds.fa.mod.EDTA.TElib.mincopyfiltered.fa, /tmp/global2/ssushko/TE_evolution/1001Gp_TE_ANNOT/panTEome_v3_1001Gp/annotation_chr_s/single_genome_EDTA/101061/101061.Chr_scaffolds.fa.mod.EDTA.TElib.mincopyfiltered.fa
    output: /tmp/global2/ssushko/TE_evolution/1001Gp_TE_ANNOT/panTEome_v3_1001Gp/annotation_chr_s/make_te_lib/allTEs.fa
    jobid: 2
    reason: Missing output files: /tmp/global2/ssushko/TE_evolution/1001Gp_TE_ANNOT/panTEome_v3_1001Gp/annotation_chr_s/make_te_lib/allTEs.fa; Input files updated by another job: /tmp/global2/ssushko/TE_evolution/1001Gp_TE_ANNOT/panTEome_v3_1001Gp/annotation_chr_s/single_genome_EDTA/100939/100939.Chr_scaffolds.fa.mod.EDTA.TElib.mincopyfiltered.fa, /tmp/global2/ssushko/TE_evolution/1001Gp_TE_ANNOT/panTEome_v3_1001Gp/annotation_chr_s/single_genome_EDTA/100673/100673.Chr_scaffolds.fa.mod.EDTA.TElib.mincopyfiltered.fa, /tmp/global2/ssushko/TE_evolution/1001Gp_TE_ANNOT/panTEome_v3_1001Gp/annotation_chr_s/single_genome_EDTA/100668/100668.Chr_scaffolds.fa.mod.EDTA.TElib.mincopyfiltered.fa, /tmp/global2/ssushko/TE_evolution/1001Gp_TE_ANNOT/panTEome_v3_1001Gp/annotation_chr_s/single_genome_EDTA/100698/100698.Chr_scaffolds.fa.mod.EDTA.TElib.mincopyfiltered.fa, /tmp/global2/ssushko/TE_evolution/1001Gp_TE_ANNOT/panTEome_v3_1001Gp/annotation_chr_s/single_genome_EDTA/100931/100931.Chr_scaffolds.fa.mod.EDTA.TElib.mincopyfiltered.fa, /tmp/global2/ssushko/TE_evolution/1001Gp_TE_ANNOT/panTEome_v3_1001Gp/annotation_chr_s/single_genome_EDTA/100045/100045.Chr_scaffolds.fa.mod.EDTA.TElib.mincopyfiltered.fa, /tmp/global2/ssushko/TE_evolution/1001Gp_TE_ANNOT/panTEome_v3_1001Gp/annotation_chr_s/single_genome_EDTA/100134/100134.Chr_scaffolds.fa.mod.EDTA.TElib.mincopyfiltered.fa, /tmp/global2/ssushko/TE_evolution/1001Gp_TE_ANNOT/panTEome_v3_1001Gp/annotation_chr_s/single_genome_EDTA/100768/100768.Chr_scaffolds.fa.mod.EDTA.TElib.mincopyfiltered.fa, /tmp/global2/ssushko/TE_evolution/1001Gp_TE_ANNOT/panTEome_v3_1001Gp/annotation_chr_s/single_genome_EDTA/100760/100760.Chr_scaffolds.fa.mod.EDTA.TElib.mincopyfiltered.fa, /tmp/global2/ssushko/TE_evolution/1001Gp_TE_ANNOT/panTEome_v3_1001Gp/annotation_chr_s/single_genome_EDTA/100330/100330.Chr_scaffolds.fa.mod.EDTA.TElib.mincopyfiltered.fa, /tmp/global2/ssushko/TE_evolution/1001Gp_TE_ANNOT/panTEome_v3_1001Gp/annotation_chr_s/single_genome_EDTA/100777/100777.Chr_scaffolds.fa.mod.EDTA.TElib.mincopyfiltered.fa, /tmp/global2/ssushko/TE_evolution/1001Gp_TE_ANNOT/panTEome_v3_1001Gp/annotation_chr_s/single_genome_EDTA/101024/101024.Chr_scaffolds.fa.mod.EDTA.TElib.mincopyfiltered.fa, /tmp/global2/ssushko/TE_evolution/1001Gp_TE_ANNOT/panTEome_v3_1001Gp/annotation_chr_s/single_genome_EDTA/100895/100895.Chr_scaffolds.fa.mod.EDTA.TElib.mincopyfiltered.fa, /tmp/global2/ssushko/TE_evolution/1001Gp_TE_ANNOT/panTEome_v3_1001Gp/annotation_chr_s/single_genome_EDTA/100670/100670.Chr_scaffolds.fa.mod.EDTA.TElib.mincopyfiltered.fa, /tmp/global2/ssushko/TE_evolution/1001Gp_TE_ANNOT/panTEome_v3_1001Gp/annotation_chr_s/single_genome_EDTA/100061/100061.Chr_scaffolds.fa.mod.EDTA.TElib.mincopyfiltered.fa, /tmp/global2/ssushko/TE_evolution/1001Gp_TE_ANNOT/panTEome_v3_1001Gp/annotation_chr_s/single_genome_EDTA/101011/101011.Chr_scaffolds.fa.mod.EDTA.TElib.mincopyfiltered.fa, /tmp/global2/ssushko/TE_evolution/1001Gp_TE_ANNOT/panTEome_v3_1001Gp/annotation_chr_s/single_genome_EDTA/100801/100801.Chr_scaffolds.fa.mod.EDTA.TElib.mincopyfiltered.fa, /tmp/global2/ssushko/TE_evolution/1001Gp_TE_ANNOT/panTEome_v3_1001Gp/annotation_chr_s/single_genome_EDTA/100723/100723.Chr_scaffolds.fa.mod.EDTA.TElib.mincopyfiltered.fa, /tmp/global2/ssushko/TE_evolution/1001Gp_TE_ANNOT/panTEome_v3_1001Gp/annotation_chr_s/single_genome_EDTA/100849/100849.Chr_scaffolds.fa.mod.EDTA.TElib.mincopyfiltered.fa, /tmp/global2/ssushko/TE_evolution/1001Gp_TE_ANNOT/panTEome_v3_1001Gp/annotation_chr_s/single_genome_EDTA/100532/100532.Chr_scaffolds.fa.mod.EDTA.TElib.mincopyfiltered.fa, /tmp/global2/ssushko/TE_evolution/1001Gp_TE_ANNOT/panTEome_v3_1001Gp/annotation_chr_s/single_genome_EDTA/100978/100978.Chr_scaffolds.fa.mod.EDTA.TElib.mincopyfiltered.fa, /tmp/global2/ssushko/TE_evolution/1001Gp_TE_ANNOT/panTEome_v3_1001Gp/annotation_chr_s/single_genome_EDTA/101033/101033.Chr_scaffolds.fa.mod.EDTA.TElib.mincopyfiltered.fa, /tmp/global2/ssushko/TE_evolution/1001Gp_TE_ANNOT/panTEome_v3_1001Gp/annotation_chr_s/single_genome_EDTA/100711/100711.Chr_scaffolds.fa.mod.EDTA.TElib.mincopyfiltered.fa, /tmp/global2/ssushko/TE_evolution/1001Gp_TE_ANNOT/panTEome_v3_1001Gp/annotation_chr_s/single_genome_EDTA/101018/101018.Chr_scaffolds.fa.mod.EDTA.TElib.mincopyfiltered.fa, /tmp/global2/ssushko/TE_evolution/1001Gp_TE_ANNOT/panTEome_v3_1001Gp/annotation_chr_s/single_genome_EDTA/100145/100145.Chr_scaffolds.fa.mod.EDTA.TElib.mincopyfiltered.fa, /tmp/global2/ssushko/TE_evolution/1001Gp_TE_ANNOT/panTEome_v3_1001Gp/annotation_chr_s/single_genome_EDTA/100092/100092.Chr_scaffolds.fa.mod.EDTA.TElib.mincopyfiltered.fa, /tmp/global2/ssushko/TE_evolution/1001Gp_TE_ANNOT/panTEome_v3_1001Gp/annotation_chr_s/single_genome_EDTA/100152/100152.Chr_scaffolds.fa.mod.EDTA.TElib.mincopyfiltered.fa, /tmp/global2/ssushko/TE_evolution/1001Gp_TE_ANNOT/panTEome_v3_1001Gp/annotation_chr_s/single_genome_EDTA/100159/100159.Chr_scaffolds.fa.mod.EDTA.TElib.mincopyfiltered.fa, /tmp/global2/ssushko/TE_evolution/1001Gp_TE_ANNOT/panTEome_v3_1001Gp/annotation_chr_s/single_genome_EDTA/100735/100735.Chr_scaffolds.fa.mod.EDTA.TElib.mincopyfiltered.fa, /tmp/global2/ssushko/TE_evolution/1001Gp_TE_ANNOT/panTEome_v3_1001Gp/annotation_chr_s/single_genome_EDTA/100990/100990.Chr_scaffolds.fa.mod.EDTA.TElib.mincopyfiltered.fa, /tmp/global2/ssushko/TE_evolution/1001Gp_TE_ANNOT/panTEome_v3_1001Gp/annotation_chr_s/single_genome_EDTA/100848/100848.Chr_scaffolds.fa.mod.EDTA.TElib.mincopyfiltered.fa, /tmp/global2/ssushko/TE_evolution/1001Gp_TE_ANNOT/panTEome_v3_1001Gp/annotation_chr_s/single_genome_EDTA/100719/100719.Chr_scaffolds.fa.mod.EDTA.TElib.mincopyfiltered.fa, /tmp/global2/ssushko/TE_evolution/1001Gp_TE_ANNOT/panTEome_v3_1001Gp/annotation_chr_s/single_genome_EDTA/100924/100924.Chr_scaffolds.fa.mod.EDTA.TElib.mincopyfiltered.fa, /tmp/global2/ssushko/TE_evolution/1001Gp_TE_ANNOT/panTEome_v3_1001Gp/annotation_chr_s/single_genome_EDTA/100129/100129.Chr_scaffolds.fa.mod.EDTA.TElib.mincopyfiltered.fa, /tmp/global2/ssushko/TE_evolution/1001Gp_TE_ANNOT/panTEome_v3_1001Gp/annotation_chr_s/single_genome_EDTA/100708/100708.Chr_scaffolds.fa.mod.EDTA.TElib.mincopyfiltered.fa, /tmp/global2/ssushko/TE_evolution/1001Gp_TE_ANNOT/panTEome_v3_1001Gp/annotation_chr_s/single_genome_EDTA/100691/100691.Chr_scaffolds.fa.mod.EDTA.TElib.mincopyfiltered.fa, /tmp/global2/ssushko/TE_evolution/1001Gp_TE_ANNOT/panTEome_v3_1001Gp/annotation_chr_s/single_genome_EDTA/100855/100855.Chr_scaffolds.fa.mod.EDTA.TElib.mincopyfiltered.fa, /tmp/global2/ssushko/TE_evolution/1001Gp_TE_ANNOT/panTEome_v3_1001Gp/annotation_chr_s/single_genome_EDTA/100907/100907.Chr_scaffolds.fa.mod.EDTA.TElib.mincopyfiltered.fa, /tmp/global2/ssushko/TE_evolution/1001Gp_TE_ANNOT/panTEome_v3_1001Gp/annotation_chr_s/single_genome_EDTA/100747/100747.Chr_scaffolds.fa.mod.EDTA.TElib.mincopyfiltered.fa, /tmp/global2/ssushko/TE_evolution/1001Gp_TE_ANNOT/panTEome_v3_1001Gp/annotation_chr_s/single_genome_EDTA/100970/100970.Chr_scaffolds.fa.mod.EDTA.TElib.mincopyfiltered.fa, /tmp/global2/ssushko/TE_evolution/1001Gp_TE_ANNOT/panTEome_v3_1001Gp/annotation_chr_s/single_genome_EDTA/100947/100947.Chr_scaffolds.fa.mod.EDTA.TElib.mincopyfiltered.fa, /tmp/global2/ssushko/TE_evolution/1001Gp_TE_ANNOT/panTEome_v3_1001Gp/annotation_chr_s/single_genome_EDTA/100798/100798.Chr_scaffolds.fa.mod.EDTA.TElib.mincopyfiltered.fa, /tmp/global2/ssushko/TE_evolution/1001Gp_TE_ANNOT/panTEome_v3_1001Gp/annotation_chr_s/single_genome_EDTA/100754/100754.Chr_scaffolds.fa.mod.EDTA.TElib.mincopyfiltered.fa, /tmp/global2/ssushko/TE_evolution/1001Gp_TE_ANNOT/panTEome_v3_1001Gp/annotation_chr_s/single_genome_EDTA/100040/100040.Chr_scaffolds.fa.mod.EDTA.TElib.mincopyfiltered.fa, /tmp/global2/ssushko/TE_evolution/1001Gp_TE_ANNOT/panTEome_v3_1001Gp/annotation_chr_s/single_genome_EDTA/100922/100922.Chr_scaffolds.fa.mod.EDTA.TElib.mincopyfiltered.fa, /tmp/global2/ssushko/TE_evolution/1001Gp_TE_ANNOT/panTEome_v3_1001Gp/annotation_chr_s/single_genome_EDTA/101007/101007.Chr_scaffolds.fa.mod.EDTA.TElib.mincopyfiltered.fa, /tmp/global2/ssushko/TE_evolution/1001Gp_TE_ANNOT/panTEome_v3_1001Gp/annotation_chr_s/single_genome_EDTA/100766/100766.Chr_scaffolds.fa.mod.EDTA.TElib.mincopyfiltered.fa, /tmp/global2/ssushko/TE_evolution/1001Gp_TE_ANNOT/panTEome_v3_1001Gp/annotation_chr_s/single_genome_EDTA/100700/100700.Chr_scaffolds.fa.mod.EDTA.TElib.mincopyfiltered.fa, /tmp/global2/ssushko/TE_evolution/1001Gp_TE_ANNOT/panTEome_v3_1001Gp/annotation_chr_s/single_genome_EDTA/100819/100819.Chr_scaffolds.fa.mod.EDTA.TElib.mincopyfiltered.fa, /tmp/global2/ssushko/TE_evolution/1001Gp_TE_ANNOT/panTEome_v3_1001Gp/annotation_chr_s/single_genome_EDTA/101010/101010.Chr_scaffolds.fa.mod.EDTA.TElib.mincopyfiltered.fa, /tmp/global2/ssushko/TE_evolution/1001Gp_TE_ANNOT/panTEome_v3_1001Gp/annotation_chr_s/single_genome_EDTA/100642/100642.Chr_scaffolds.fa.mod.EDTA.TElib.mincopyfiltered.fa, /tmp/global2/ssushko/TE_evolution/1001Gp_TE_ANNOT/panTEome_v3_1001Gp/annotation_chr_s/single_genome_EDTA/100679/100679.Chr_scaffolds.fa.mod.EDTA.TElib.mincopyfiltered.fa, /tmp/global2/ssushko/TE_evolution/1001Gp_TE_ANNOT/panTEome_v3_1001Gp/annotation_chr_s/single_genome_EDTA/100155/100155.Chr_scaffolds.fa.mod.EDTA.TElib.mincopyfiltered.fa, /tmp/global2/ssushko/TE_evolution/1001Gp_TE_ANNOT/panTEome_v3_1001Gp/annotation_chr_s/single_genome_EDTA/100697/100697.Chr_scaffolds.fa.mod.EDTA.TElib.mincopyfiltered.fa, /tmp/global2/ssushko/TE_evolution/1001Gp_TE_ANNOT/panTEome_v3_1001Gp/annotation_chr_s/single_genome_EDTA/101006/101006.Chr_scaffolds.fa.mod.EDTA.TElib.mincopyfiltered.fa, /tmp/global2/ssushko/TE_evolution/1001Gp_TE_ANNOT/panTEome_v3_1001Gp/annotation_chr_s/single_genome_EDTA/101020/101020.Chr_scaffolds.fa.mod.EDTA.TElib.mincopyfiltered.fa, /tmp/global2/ssushko/TE_evolution/1001Gp_TE_ANNOT/panTEome_v3_1001Gp/annotation_chr_s/single_genome_EDTA/100740/100740.Chr_scaffolds.fa.mod.EDTA.TElib.mincopyfiltered.fa, /tmp/global2/ssushko/TE_evolution/1001Gp_TE_ANNOT/panTEome_v3_1001Gp/annotation_chr_s/single_genome_EDTA/100948/100948.Chr_scaffolds.fa.mod.EDTA.TElib.mincopyfiltered.fa, /tmp/global2/ssushko/TE_evolution/1001Gp_TE_ANNOT/panTEome_v3_1001Gp/annotation_chr_s/single_genome_EDTA/100769/100769.Chr_scaffolds.fa.mod.EDTA.TElib.mincopyfiltered.fa, /tmp/global2/ssushko/TE_evolution/1001Gp_TE_ANNOT/panTEome_v3_1001Gp/annotation_chr_s/single_genome_EDTA/100875/100875.Chr_scaffolds.fa.mod.EDTA.TElib.mincopyfiltered.fa, /tmp/global2/ssushko/TE_evolution/1001Gp_TE_ANNOT/panTEome_v3_1001Gp/annotation_chr_s/single_genome_EDTA/100712/100712.Chr_scaffolds.fa.mod.EDTA.TElib.mincopyfiltered.fa, /tmp/global2/ssushko/TE_evolution/1001Gp_TE_ANNOT/panTEome_v3_1001Gp/annotation_chr_s/single_genome_EDTA/100087/100087.Chr_scaffolds.fa.mod.EDTA.TElib.mincopyfiltered.fa, /tmp/global2/ssushko/TE_evolution/1001Gp_TE_ANNOT/panTEome_v3_1001Gp/annotation_chr_s/single_genome_EDTA/100707/100707.Chr_scaffolds.fa.mod.EDTA.TElib.mincopyfiltered.fa, /tmp/global2/ssushko/TE_evolution/1001Gp_TE_ANNOT/panTEome_v3_1001Gp/annotation_chr_s/single_genome_EDTA/101025/101025.Chr_scaffolds.fa.mod.EDTA.TElib.mincopyfiltered.fa, /tmp/global2/ssushko/TE_evolution/1001Gp_TE_ANNOT/panTEome_v3_1001Gp/annotation_chr_s/single_genome_EDTA/100983/100983.Chr_scaffolds.fa.mod.EDTA.TElib.mincopyfiltered.fa, /tmp/global2/ssushko/TE_evolution/1001Gp_TE_ANNOT/panTEome_v3_1001Gp/annotation_chr_s/single_genome_EDTA/100850/100850.Chr_scaffolds.fa.mod.EDTA.TElib.mincopyfiltered.fa, /tmp/global2/ssushko/TE_evolution/1001Gp_TE_ANNOT/panTEome_v3_1001Gp/annotation_chr_s/single_genome_EDTA/100891/100891.Chr_scaffolds.fa.mod.EDTA.TElib.mincopyfiltered.fa, /tmp/global2/ssushko/TE_evolution/1001Gp_TE_ANNOT/panTEome_v3_1001Gp/annotation_chr_s/single_genome_EDTA/100588/100588.Chr_scaffolds.fa.mod.EDTA.TElib.mincopyfiltered.fa, /tmp/global2/ssushko/TE_evolution/1001Gp_TE_ANNOT/panTEome_v3_1001Gp/annotation_chr_s/single_genome_EDTA/101043/101043.Chr_scaffolds.fa.mod.EDTA.TElib.mincopyfiltered.fa, /tmp/global2/ssushko/TE_evolution/1001Gp_TE_ANNOT/panTEome_v3_1001Gp/annotation_chr_s/single_genome_EDTA/100845/100845.Chr_scaffolds.fa.mod.EDTA.TElib.mincopyfiltered.fa, /tmp/global2/ssushko/TE_evolution/1001Gp_TE_ANNOT/panTEome_v3_1001Gp/annotation_chr_s/single_genome_EDTA/100080/100080.Chr_scaffolds.fa.mod.EDTA.TElib.mincopyfiltered.fa, /tmp/global2/ssushko/TE_evolution/1001Gp_TE_ANNOT/panTEome_v3_1001Gp/annotation_chr_s/single_genome_EDTA/100869/100869.Chr_scaffolds.fa.mod.EDTA.TElib.mincopyfiltered.fa, /tmp/global2/ssushko/TE_evolution/1001Gp_TE_ANNOT/panTEome_v3_1001Gp/annotation_chr_s/single_genome_EDTA/100476/100476.Chr_scaffolds.fa.mod.EDTA.TElib.mincopyfiltered.fa, /tmp/global2/ssushko/TE_evolution/1001Gp_TE_ANNOT/panTEome_v3_1001Gp/annotation_chr_s/single_genome_EDTA/100816/100816.Chr_scaffolds.fa.mod.EDTA.TElib.mincopyfiltered.fa, /tmp/global2/ssushko/TE_evolution/1001Gp_TE_ANNOT/panTEome_v3_1001Gp/annotation_chr_s/single_genome_EDTA/100057/100057.Chr_scaffolds.fa.mod.EDTA.TElib.mincopyfiltered.fa, /tmp/global2/ssushko/TE_evolution/1001Gp_TE_ANNOT/panTEome_v3_1001Gp/annotation_chr_s/single_genome_EDTA/100823/100823.Chr_scaffolds.fa.mod.EDTA.TElib.mincopyfiltered.fa, /tmp/global2/ssushko/TE_evolution/1001Gp_TE_ANNOT/panTEome_v3_1001Gp/annotation_chr_s/single_genome_EDTA/100500/100500.Chr_scaffolds.fa.mod.EDTA.TElib.mincopyfiltered.fa, /tmp/global2/ssushko/TE_evolution/1001Gp_TE_ANNOT/panTEome_v3_1001Gp/annotation_chr_s/single_genome_EDTA/100828/100828.Chr_scaffolds.fa.mod.EDTA.TElib.mincopyfiltered.fa, /tmp/global2/ssushko/TE_evolution/1001Gp_TE_ANNOT/panTEome_v3_1001Gp/annotation_chr_s/single_genome_EDTA/100522/100522.Chr_scaffolds.fa.mod.EDTA.TElib.mincopyfiltered.fa, /tmp/global2/ssushko/TE_evolution/1001Gp_TE_ANNOT/panTEome_v3_1001Gp/annotation_chr_s/single_genome_EDTA/101009/101009.Chr_scaffolds.fa.mod.EDTA.TElib.mincopyfiltered.fa, /tmp/global2/ssushko/TE_evolution/1001Gp_TE_ANNOT/panTEome_v3_1001Gp/annotation_chr_s/single_genome_EDTA/101023/101023.Chr_scaffolds.fa.mod.EDTA.TElib.mincopyfiltered.fa, /tmp/global2/ssushko/TE_evolution/1001Gp_TE_ANNOT/panTEome_v3_1001Gp/annotation_chr_s/single_genome_EDTA/100792/100792.Chr_scaffolds.fa.mod.EDTA.TElib.mincopyfiltered.fa, /tmp/global2/ssushko/TE_evolution/1001Gp_TE_ANNOT/panTEome_v3_1001Gp/annotation_chr_s/single_genome_EDTA/100969/100969.Chr_scaffolds.fa.mod.EDTA.TElib.mincopyfiltered.fa, /tmp/global2/ssushko/TE_evolution/1001Gp_TE_ANNOT/panTEome_v3_1001Gp/annotation_chr_s/single_genome_EDTA/101004/101004.Chr_scaffolds.fa.mod.EDTA.TElib.mincopyfiltered.fa, /tmp/global2/ssushko/TE_evolution/1001Gp_TE_ANNOT/panTEome_v3_1001Gp/annotation_chr_s/single_genome_EDTA/100293/100293.Chr_scaffolds.fa.mod.EDTA.TElib.mincopyfiltered.fa, /tmp/global2/ssushko/TE_evolution/1001Gp_TE_ANNOT/panTEome_v3_1001Gp/annotation_chr_s/single_genome_EDTA/100024/100024.Chr_scaffolds.fa.mod.EDTA.TElib.mincopyfiltered.fa, /tmp/global2/ssushko/TE_evolution/1001Gp_TE_ANNOT/panTEome_v3_1001Gp/annotation_chr_s/single_genome_EDTA/101058/101058.Chr_scaffolds.fa.mod.EDTA.TElib.mincopyfiltered.fa, /tmp/global2/ssushko/TE_evolution/1001Gp_TE_ANNOT/panTEome_v3_1001Gp/annotation_chr_s/single_genome_EDTA/100116/100116.Chr_scaffolds.fa.mod.EDTA.TElib.mincopyfiltered.fa, /tmp/global2/ssushko/TE_evolution/1001Gp_TE_ANNOT/panTEome_v3_1001Gp/annotation_chr_s/single_genome_EDTA/101046/101046.Chr_scaffolds.fa.mod.EDTA.TElib.mincopyfiltered.fa, /tmp/global2/ssushko/TE_evolution/1001Gp_TE_ANNOT/panTEome_v3_1001Gp/annotation_chr_s/single_genome_EDTA/100886/100886.Chr_scaffolds.fa.mod.EDTA.TElib.mincopyfiltered.fa, /tmp/global2/ssushko/TE_evolution/1001Gp_TE_ANNOT/panTEome_v3_1001Gp/annotation_chr_s/single_genome_EDTA/100102/100102.Chr_scaffolds.fa.mod.EDTA.TElib.mincopyfiltered.fa, /tmp/global2/ssushko/TE_evolution/1001Gp_TE_ANNOT/panTEome_v3_1001Gp/annotation_chr_s/single_genome_EDTA/100680/100680.Chr_scaffolds.fa.mod.EDTA.TElib.mincopyfiltered.fa, /tmp/global2/ssushko/TE_evolution/1001Gp_TE_ANNOT/panTEome_v3_1001Gp/annotation_chr_s/single_genome_EDTA/101014/101014.Chr_scaffolds.fa.mod.EDTA.TElib.mincopyfiltered.fa, /tmp/global2/ssushko/TE_evolution/1001Gp_TE_ANNOT/panTEome_v3_1001Gp/annotation_chr_s/single_genome_EDTA/100883/100883.Chr_scaffolds.fa.mod.EDTA.TElib.mincopyfiltered.fa, /tmp/global2/ssushko/TE_evolution/1001Gp_TE_ANNOT/panTEome_v3_1001Gp/annotation_chr_s/single_genome_EDTA/100516/100516.Chr_scaffolds.fa.mod.EDTA.TElib.mincopyfiltered.fa, /tmp/global2/ssushko/TE_evolution/1001Gp_TE_ANNOT/panTEome_v3_1001Gp/annotation_chr_s/single_genome_EDTA/100993/100993.Chr_scaffolds.fa.mod.EDTA.TElib.mincopyfiltered.fa, /tmp/global2/ssushko/TE_evolution/1001Gp_TE_ANNOT/panTEome_v3_1001Gp/annotation_chr_s/single_genome_EDTA/100291/100291.Chr_scaffolds.fa.mod.EDTA.TElib.mincopyfiltered.fa, /tmp/global2/ssushko/TE_evolution/1001Gp_TE_ANNOT/panTEome_v3_1001Gp/annotation_chr_s/single_genome_EDTA/100296/100296.Chr_scaffolds.fa.mod.EDTA.TElib.mincopyfiltered.fa, /tmp/global2/ssushko/TE_evolution/1001Gp_TE_ANNOT/panTEome_v3_1001Gp/annotation_chr_s/single_genome_EDTA/100722/100722.Chr_scaffolds.fa.mod.EDTA.TElib.mincopyfiltered.fa, /tmp/global2/ssushko/TE_evolution/1001Gp_TE_ANNOT/panTEome_v3_1001Gp/annotation_chr_s/single_genome_EDTA/100713/100713.Chr_scaffolds.fa.mod.EDTA.TElib.mincopyfiltered.fa, /tmp/global2/ssushko/TE_evolution/1001Gp_TE_ANNOT/panTEome_v3_1001Gp/annotation_chr_s/single_genome_EDTA/100830/100830.Chr_scaffolds.fa.mod.EDTA.TElib.mincopyfiltered.fa, /tmp/global2/ssushko/TE_evolution/1001Gp_TE_ANNOT/panTEome_v3_1001Gp/annotation_chr_s/single_genome_EDTA/100988/100988.Chr_scaffolds.fa.mod.EDTA.TElib.mincopyfiltered.fa, /tmp/global2/ssushko/TE_evolution/1001Gp_TE_ANNOT/panTEome_v3_1001Gp/annotation_chr_s/single_genome_EDTA/100944/100944.Chr_scaffolds.fa.mod.EDTA.TElib.mincopyfiltered.fa, /tmp/global2/ssushko/TE_evolution/1001Gp_TE_ANNOT/panTEome_v3_1001Gp/annotation_chr_s/single_genome_EDTA/100726/100726.Chr_scaffolds.fa.mod.EDTA.TElib.mincopyfiltered.fa, /tmp/global2/ssushko/TE_evolution/1001Gp_TE_ANNOT/panTEome_v3_1001Gp/annotation_chr_s/single_genome_EDTA/100663/100663.Chr_scaffolds.fa.mod.EDTA.TElib.mincopyfiltered.fa, /tmp/global2/ssushko/TE_evolution/1001Gp_TE_ANNOT/panTEome_v3_1001Gp/annotation_chr_s/single_genome_EDTA/100464/100464.Chr_scaffolds.fa.mod.EDTA.TElib.mincopyfiltered.fa, /tmp/global2/ssushko/TE_evolution/1001Gp_TE_ANNOT/panTEome_v3_1001Gp/annotation_chr_s/single_genome_EDTA/101059/101059.Chr_scaffolds.fa.mod.EDTA.TElib.mincopyfiltered.fa, /tmp/global2/ssushko/TE_evolution/1001Gp_TE_ANNOT/panTEome_v3_1001Gp/annotation_chr_s/single_genome_EDTA/100704/100704.Chr_scaffolds.fa.mod.EDTA.TElib.mincopyfiltered.fa, /tmp/global2/ssushko/TE_evolution/1001Gp_TE_ANNOT/panTEome_v3_1001Gp/annotation_chr_s/single_genome_EDTA/100921/100921.Chr_scaffolds.fa.mod.EDTA.TElib.mincopyfiltered.fa, /tmp/global2/ssushko/TE_evolution/1001Gp_TE_ANNOT/panTEome_v3_1001Gp/annotation_chr_s/single_genome_EDTA/100065/100065.Chr_scaffolds.fa.mod.EDTA.TElib.mincopyfiltered.fa, /tmp/global2/ssushko/TE_evolution/1001Gp_TE_ANNOT/panTEome_v3_1001Gp/annotation_chr_s/single_genome_EDTA/100897/100897.Chr_scaffolds.fa.mod.EDTA.TElib.mincopyfiltered.fa, /tmp/global2/ssushko/TE_evolution/1001Gp_TE_ANNOT/panTEome_v3_1001Gp/annotation_chr_s/single_genome_EDTA/100934/100934.Chr_scaffolds.fa.mod.EDTA.TElib.mincopyfiltered.fa, /tmp/global2/ssushko/TE_evolution/1001Gp_TE_ANNOT/panTEome_v3_1001Gp/annotation_chr_s/single_genome_EDTA/100042/100042.Chr_scaffolds.fa.mod.EDTA.TElib.mincopyfiltered.fa, /tmp/global2/ssushko/TE_evolution/1001Gp_TE_ANNOT/panTEome_v3_1001Gp/annotation_chr_s/single_genome_EDTA/100664/100664.Chr_scaffolds.fa.mod.EDTA.TElib.mincopyfiltered.fa, /tmp/global2/ssushko/TE_evolution/1001Gp_TE_ANNOT/panTEome_v3_1001Gp/annotation_chr_s/single_genome_EDTA/100206/100206.Chr_scaffolds.fa.mod.EDTA.TElib.mincopyfiltered.fa, /tmp/global2/ssushko/TE_evolution/1001Gp_TE_ANNOT/panTEome_v3_1001Gp/annotation_chr_s/single_genome_EDTA/100313/100313.Chr_scaffolds.fa.mod.EDTA.TElib.mincopyfiltered.fa, /tmp/global2/ssushko/TE_evolution/1001Gp_TE_ANNOT/panTEome_v3_1001Gp/annotation_chr_s/single_genome_EDTA/100104/100104.Chr_scaffolds.fa.mod.EDTA.TElib.mincopyfiltered.fa, /tmp/global2/ssushko/TE_evolution/1001Gp_TE_ANNOT/panTEome_v3_1001Gp/annotation_chr_s/single_genome_EDTA/100066/100066.Chr_scaffolds.fa.mod.EDTA.TElib.mincopyfiltered.fa, /tmp/global2/ssushko/TE_evolution/1001Gp_TE_ANNOT/panTEome_v3_1001Gp/annotation_chr_s/single_genome_EDTA/100919/100919.Chr_scaffolds.fa.mod.EDTA.TElib.mincopyfiltered.fa, /tmp/global2/ssushko/TE_evolution/1001Gp_TE_ANNOT/panTEome_v3_1001Gp/annotation_chr_s/single_genome_EDTA/100871/100871.Chr_scaffolds.fa.mod.EDTA.TElib.mincopyfiltered.fa, /tmp/global2/ssushko/TE_evolution/1001Gp_TE_ANNOT/panTEome_v3_1001Gp/annotation_chr_s/single_genome_EDTA/100064/100064.Chr_scaffolds.fa.mod.EDTA.TElib.mincopyfiltered.fa, /tmp/global2/ssushko/TE_evolution/1001Gp_TE_ANNOT/panTEome_v3_1001Gp/annotation_chr_s/single_genome_EDTA/100811/100811.Chr_scaffolds.fa.mod.EDTA.TElib.mincopyfiltered.fa, /tmp/global2/ssushko/TE_evolution/1001Gp_TE_ANNOT/panTEome_v3_1001Gp/annotation_chr_s/single_genome_EDTA/100890/100890.Chr_scaffolds.fa.mod.EDTA.TElib.mincopyfiltered.fa, /tmp/global2/ssushko/TE_evolution/1001Gp_TE_ANNOT/panTEome_v3_1001Gp/annotation_chr_s/single_genome_EDTA/100864/100864.Chr_scaffolds.fa.mod.EDTA.TElib.mincopyfiltered.fa, /tmp/global2/ssushko/TE_evolution/1001Gp_TE_ANNOT/panTEome_v3_1001Gp/annotation_chr_s/single_genome_EDTA/100951/100951.Chr_scaffolds.fa.mod.EDTA.TElib.mincopyfiltered.fa, /tmp/global2/ssushko/TE_evolution/1001Gp_TE_ANNOT/panTEome_v3_1001Gp/annotation_chr_s/single_genome_EDTA/100267/100267.Chr_scaffolds.fa.mod.EDTA.TElib.mincopyfiltered.fa, /tmp/global2/ssushko/TE_evolution/1001Gp_TE_ANNOT/panTEome_v3_1001Gp/annotation_chr_s/single_genome_EDTA/100757/100757.Chr_scaffolds.fa.mod.EDTA.TElib.mincopyfiltered.fa, /tmp/global2/ssushko/TE_evolution/1001Gp_TE_ANNOT/panTEome_v3_1001Gp/annotation_chr_s/single_genome_EDTA/100902/100902.Chr_scaffolds.fa.mod.EDTA.TElib.mincopyfiltered.fa, /tmp/global2/ssushko/TE_evolution/1001Gp_TE_ANNOT/panTEome_v3_1001Gp/annotation_chr_s/single_genome_EDTA/100089/100089.Chr_scaffolds.fa.mod.EDTA.TElib.mincopyfiltered.fa, /tmp/global2/ssushko/TE_evolution/1001Gp_TE_ANNOT/panTEome_v3_1001Gp/annotation_chr_s/single_genome_EDTA/100889/100889.Chr_scaffolds.fa.mod.EDTA.TElib.mincopyfiltered.fa, /tmp/global2/ssushko/TE_evolution/1001Gp_TE_ANNOT/panTEome_v3_1001Gp/annotation_chr_s/single_genome_EDTA/100881/100881.Chr_scaffolds.fa.mod.EDTA.TElib.mincopyfiltered.fa, /tmp/global2/ssushko/TE_evolution/1001Gp_TE_ANNOT/panTEome_v3_1001Gp/annotation_chr_s/single_genome_EDTA/101019/101019.Chr_scaffolds.fa.mod.EDTA.TElib.mincopyfiltered.fa, /tmp/global2/ssushko/TE_evolution/1001Gp_TE_ANNOT/panTEome_v3_1001Gp/annotation_chr_s/single_genome_EDTA/100073/100073.Chr_scaffolds.fa.mod.EDTA.TElib.mincopyfiltered.fa, /tmp/global2/ssushko/TE_evolution/1001Gp_TE_ANNOT/panTEome_v3_1001Gp/annotation_chr_s/single_genome_EDTA/100097/100097.Chr_scaffolds.fa.mod.EDTA.TElib.mincopyfiltered.fa, /tmp/global2/ssushko/TE_evolution/1001Gp_TE_ANNOT/panTEome_v3_1001Gp/annotation_chr_s/single_genome_EDTA/100157/100157.Chr_scaffolds.fa.mod.EDTA.TElib.mincopyfiltered.fa, /tmp/global2/ssushko/TE_evolution/1001Gp_TE_ANNOT/panTEome_v3_1001Gp/annotation_chr_s/single_genome_EDTA/100745/100745.Chr_scaffolds.fa.mod.EDTA.TElib.mincopyfiltered.fa, /tmp/global2/ssushko/TE_evolution/1001Gp_TE_ANNOT/panTEome_v3_1001Gp/annotation_chr_s/single_genome_EDTA/100840/100840.Chr_scaffolds.fa.mod.EDTA.TElib.mincopyfiltered.fa, /tmp/global2/ssushko/TE_evolution/1001Gp_TE_ANNOT/panTEome_v3_1001Gp/annotation_chr_s/single_genome_EDTA/100047/100047.Chr_scaffolds.fa.mod.EDTA.TElib.mincopyfiltered.fa, /tmp/global2/ssushko/TE_evolution/1001Gp_TE_ANNOT/panTEome_v3_1001Gp/annotation_chr_s/single_genome_EDTA/100324/100324.Chr_scaffolds.fa.mod.EDTA.TElib.mincopyfiltered.fa, /tmp/global2/ssushko/TE_evolution/1001Gp_TE_ANNOT/panTEome_v3_1001Gp/annotation_chr_s/single_genome_EDTA/100727/100727.Chr_scaffolds.fa.mod.EDTA.TElib.mincopyfiltered.fa, /tmp/global2/ssushko/TE_evolution/1001Gp_TE_ANNOT/panTEome_v3_1001Gp/annotation_chr_s/single_genome_EDTA/100998/100998.Chr_scaffolds.fa.mod.EDTA.TElib.mincopyfiltered.fa, /tmp/global2/ssushko/TE_evolution/1001Gp_TE_ANNOT/panTEome_v3_1001Gp/annotation_chr_s/single_genome_EDTA/100829/100829.Chr_scaffolds.fa.mod.EDTA.TElib.mincopyfiltered.fa, /tmp/global2/ssushko/TE_evolution/1001Gp_TE_ANNOT/panTEome_v3_1001Gp/annotation_chr_s/single_genome_EDTA/100857/100857.Chr_scaffolds.fa.mod.EDTA.TElib.mincopyfiltered.fa, /tmp/global2/ssushko/TE_evolution/1001Gp_TE_ANNOT/panTEome_v3_1001Gp/annotation_chr_s/single_genome_EDTA/100817/100817.Chr_scaffolds.fa.mod.EDTA.TElib.mincopyfiltered.fa, /tmp/global2/ssushko/TE_evolution/1001Gp_TE_ANNOT/panTEome_v3_1001Gp/annotation_chr_s/single_genome_EDTA/101002/101002.Chr_scaffolds.fa.mod.EDTA.TElib.mincopyfiltered.fa, /tmp/global2/ssushko/TE_evolution/1001Gp_TE_ANNOT/panTEome_v3_1001Gp/annotation_chr_s/single_genome_EDTA/100802/100802.Chr_scaffolds.fa.mod.EDTA.TElib.mincopyfiltered.fa, /tmp/global2/ssushko/TE_evolution/1001Gp_TE_ANNOT/panTEome_v3_1001Gp/annotation_chr_s/single_genome_EDTA/100839/100839.Chr_scaffolds.fa.mod.EDTA.TElib.mincopyfiltered.fa, /tmp/global2/ssushko/TE_evolution/1001Gp_TE_ANNOT/panTEome_v3_1001Gp/annotation_chr_s/single_genome_EDTA/101060/101060.Chr_scaffolds.fa.mod.EDTA.TElib.mincopyfiltered.fa, /tmp/global2/ssushko/TE_evolution/1001Gp_TE_ANNOT/panTEome_v3_1001Gp/annotation_chr_s/single_genome_EDTA/100952/100952.Chr_scaffolds.fa.mod.EDTA.TElib.mincopyfiltered.fa, /tmp/global2/ssushko/TE_evolution/1001Gp_TE_ANNOT/panTEome_v3_1001Gp/annotation_chr_s/single_genome_EDTA/101054/101054.Chr_scaffolds.fa.mod.EDTA.TElib.mincopyfiltered.fa, /tmp/global2/ssushko/TE_evolution/1001Gp_TE_ANNOT/panTEome_v3_1001Gp/annotation_chr_s/single_genome_EDTA/100703/100703.Chr_scaffolds.fa.mod.EDTA.TElib.mincopyfiltered.fa, /tmp/global2/ssushko/TE_evolution/1001Gp_TE_ANNOT/panTEome_v3_1001Gp/annotation_chr_s/single_genome_EDTA/100051/100051.Chr_scaffolds.fa.mod.EDTA.TElib.mincopyfiltered.fa, /tmp/global2/ssushko/TE_evolution/1001Gp_TE_ANNOT/panTEome_v3_1001Gp/annotation_chr_s/single_genome_EDTA/100136/100136.Chr_scaffolds.fa.mod.EDTA.TElib.mincopyfiltered.fa, /tmp/global2/ssushko/TE_evolution/1001Gp_TE_ANNOT/panTEome_v3_1001Gp/annotation_chr_s/single_genome_EDTA/100060/100060.Chr_scaffolds.fa.mod.EDTA.TElib.mincopyfiltered.fa, /tmp/global2/ssushko/TE_evolution/1001Gp_TE_ANNOT/panTEome_v3_1001Gp/annotation_chr_s/single_genome_EDTA/100928/100928.Chr_scaffolds.fa.mod.EDTA.TElib.mincopyfiltered.fa, /tmp/global2/ssushko/TE_evolution/1001Gp_TE_ANNOT/panTEome_v3_1001Gp/annotation_chr_s/single_genome_EDTA/100142/100142.Chr_scaffolds.fa.mod.EDTA.TElib.mincopyfiltered.fa, /tmp/global2/ssushko/TE_evolution/1001Gp_TE_ANNOT/panTEome_v3_1001Gp/annotation_chr_s/single_genome_EDTA/100932/100932.Chr_scaffolds.fa.mod.EDTA.TElib.mincopyfiltered.fa, /tmp/global2/ssushko/TE_evolution/1001Gp_TE_ANNOT/panTEome_v3_1001Gp/annotation_chr_s/single_genome_EDTA/100090/100090.Chr_scaffolds.fa.mod.EDTA.TElib.mincopyfiltered.fa, /tmp/global2/ssushko/TE_evolution/1001Gp_TE_ANNOT/panTEome_v3_1001Gp/annotation_chr_s/single_genome_EDTA/100834/100834.Chr_scaffolds.fa.mod.EDTA.TElib.mincopyfiltered.fa, /tmp/global2/ssushko/TE_evolution/1001Gp_TE_ANNOT/panTEome_v3_1001Gp/annotation_chr_s/single_genome_EDTA/100125/100125.Chr_scaffolds.fa.mod.EDTA.TElib.mincopyfiltered.fa, /tmp/global2/ssushko/TE_evolution/1001Gp_TE_ANNOT/panTEome_v3_1001Gp/annotation_chr_s/single_genome_EDTA/100514/100514.Chr_scaffolds.fa.mod.EDTA.TElib.mincopyfiltered.fa, /tmp/global2/ssushko/TE_evolution/1001Gp_TE_ANNOT/panTEome_v3_1001Gp/annotation_chr_s/single_genome_EDTA/100741/100741.Chr_scaffolds.fa.mod.EDTA.TElib.mincopyfiltered.fa, /tmp/global2/ssushko/TE_evolution/1001Gp_TE_ANNOT/panTEome_v3_1001Gp/annotation_chr_s/single_genome_EDTA/100649/100649.Chr_scaffolds.fa.mod.EDTA.TElib.mincopyfiltered.fa, /tmp/global2/ssushko/TE_evolution/1001Gp_TE_ANNOT/panTEome_v3_1001Gp/annotation_chr_s/single_genome_EDTA/100854/100854.Chr_scaffolds.fa.mod.EDTA.TElib.mincopyfiltered.fa, /tmp/global2/ssushko/TE_evolution/1001Gp_TE_ANNOT/panTEome_v3_1001Gp/annotation_chr_s/single_genome_EDTA/100748/100748.Chr_scaffolds.fa.mod.EDTA.TElib.mincopyfiltered.fa, /tmp/global2/ssushko/TE_evolution/1001Gp_TE_ANNOT/panTEome_v3_1001Gp/annotation_chr_s/single_genome_EDTA/100925/100925.Chr_scaffolds.fa.mod.EDTA.TElib.mincopyfiltered.fa, /tmp/global2/ssushko/TE_evolution/1001Gp_TE_ANNOT/panTEome_v3_1001Gp/annotation_chr_s/single_genome_EDTA/100460/100460.Chr_scaffolds.fa.mod.EDTA.TElib.mincopyfiltered.fa, /tmp/global2/ssushko/TE_evolution/1001Gp_TE_ANNOT/panTEome_v3_1001Gp/annotation_chr_s/single_genome_EDTA/100044/100044.Chr_scaffolds.fa.mod.EDTA.TElib.mincopyfiltered.fa, /tmp/global2/ssushko/TE_evolution/1001Gp_TE_ANNOT/panTEome_v3_1001Gp/annotation_chr_s/single_genome_EDTA/100908/100908.Chr_scaffolds.fa.mod.EDTA.TElib.mincopyfiltered.fa, /tmp/global2/ssushko/TE_evolution/1001Gp_TE_ANNOT/panTEome_v3_1001Gp/annotation_chr_s/single_genome_EDTA/100762/100762.Chr_scaffolds.fa.mod.EDTA.TElib.mincopyfiltered.fa, /tmp/global2/ssushko/TE_evolution/1001Gp_TE_ANNOT/panTEome_v3_1001Gp/annotation_chr_s/single_genome_EDTA/100826/100826.Chr_scaffolds.fa.mod.EDTA.TElib.mincopyfiltered.fa, /tmp/global2/ssushko/TE_evolution/1001Gp_TE_ANNOT/panTEome_v3_1001Gp/annotation_chr_s/single_genome_EDTA/100797/100797.Chr_scaffolds.fa.mod.EDTA.TElib.mincopyfiltered.fa, /tmp/global2/ssushko/TE_evolution/1001Gp_TE_ANNOT/panTEome_v3_1001Gp/annotation_chr_s/single_genome_EDTA/100753/100753.Chr_scaffolds.fa.mod.EDTA.TElib.mincopyfiltered.fa, /tmp/global2/ssushko/TE_evolution/1001Gp_TE_ANNOT/panTEome_v3_1001Gp/annotation_chr_s/single_genome_EDTA/100986/100986.Chr_scaffolds.fa.mod.EDTA.TElib.mincopyfiltered.fa, /tmp/global2/ssushko/TE_evolution/1001Gp_TE_ANNOT/panTEome_v3_1001Gp/annotation_chr_s/single_genome_EDTA/100489/100489.Chr_scaffolds.fa.mod.EDTA.TElib.mincopyfiltered.fa, /tmp/global2/ssushko/TE_evolution/1001Gp_TE_ANNOT/panTEome_v3_1001Gp/annotation_chr_s/single_genome_EDTA/100949/100949.Chr_scaffolds.fa.mod.EDTA.TElib.mincopyfiltered.fa, /tmp/global2/ssushko/TE_evolution/1001Gp_TE_ANNOT/panTEome_v3_1001Gp/annotation_chr_s/single_genome_EDTA/100672/100672.Chr_scaffolds.fa.mod.EDTA.TElib.mincopyfiltered.fa, /tmp/global2/ssushko/TE_evolution/1001Gp_TE_ANNOT/panTEome_v3_1001Gp/annotation_chr_s/single_genome_EDTA/100030/100030.Chr_scaffolds.fa.mod.EDTA.TElib.mincopyfiltered.fa, /tmp/global2/ssushko/TE_evolution/1001Gp_TE_ANNOT/panTEome_v3_1001Gp/annotation_chr_s/single_genome_EDTA/100022/100022.Chr_scaffolds.fa.mod.EDTA.TElib.mincopyfiltered.fa, /tmp/global2/ssushko/TE_evolution/1001Gp_TE_ANNOT/panTEome_v3_1001Gp/annotation_chr_s/single_genome_EDTA/100304/100304.Chr_scaffolds.fa.mod.EDTA.TElib.mincopyfiltered.fa, /tmp/global2/ssushko/TE_evolution/1001Gp_TE_ANNOT/panTEome_v3_1001Gp/annotation_chr_s/single_genome_EDTA/100226/100226.Chr_scaffolds.fa.mod.EDTA.TElib.mincopyfiltered.fa, /tmp/global2/ssushko/TE_evolution/1001Gp_TE_ANNOT/panTEome_v3_1001Gp/annotation_chr_s/single_genome_EDTA/100910/100910.Chr_scaffolds.fa.mod.EDTA.TElib.mincopyfiltered.fa, /tmp/global2/ssushko/TE_evolution/1001Gp_TE_ANNOT/panTEome_v3_1001Gp/annotation_chr_s/single_genome_EDTA/101003/101003.Chr_scaffolds.fa.mod.EDTA.TElib.mincopyfiltered.fa, /tmp/global2/ssushko/TE_evolution/1001Gp_TE_ANNOT/panTEome_v3_1001Gp/annotation_chr_s/single_genome_EDTA/100674/100674.Chr_scaffolds.fa.mod.EDTA.TElib.mincopyfiltered.fa, /tmp/global2/ssushko/TE_evolution/1001Gp_TE_ANNOT/panTEome_v3_1001Gp/annotation_chr_s/single_genome_EDTA/100737/100737.Chr_scaffolds.fa.mod.EDTA.TElib.mincopyfiltered.fa, /tmp/global2/ssushko/TE_evolution/1001Gp_TE_ANNOT/panTEome_v3_1001Gp/annotation_chr_s/single_genome_EDTA/100773/100773.Chr_scaffolds.fa.mod.EDTA.TElib.mincopyfiltered.fa, /tmp/global2/ssushko/TE_evolution/1001Gp_TE_ANNOT/panTEome_v3_1001Gp/annotation_chr_s/single_genome_EDTA/100063/100063.Chr_scaffolds.fa.mod.EDTA.TElib.mincopyfiltered.fa, /tmp/global2/ssushko/TE_evolution/1001Gp_TE_ANNOT/panTEome_v3_1001Gp/annotation_chr_s/single_genome_EDTA/100694/100694.Chr_scaffolds.fa.mod.EDTA.TElib.mincopyfiltered.fa, /tmp/global2/ssushko/TE_evolution/1001Gp_TE_ANNOT/panTEome_v3_1001Gp/annotation_chr_s/single_genome_EDTA/100803/100803.Chr_scaffolds.fa.mod.EDTA.TElib.mincopyfiltered.fa, /tmp/global2/ssushko/TE_evolution/1001Gp_TE_ANNOT/panTEome_v3_1001Gp/annotation_chr_s/single_genome_EDTA/100081/100081.Chr_scaffolds.fa.mod.EDTA.TElib.mincopyfiltered.fa, /tmp/global2/ssushko/TE_evolution/1001Gp_TE_ANNOT/panTEome_v3_1001Gp/annotation_chr_s/single_genome_EDTA/100124/100124.Chr_scaffolds.fa.mod.EDTA.TElib.mincopyfiltered.fa, /tmp/global2/ssushko/TE_evolution/1001Gp_TE_ANNOT/panTEome_v3_1001Gp/annotation_chr_s/single_genome_EDTA/100847/100847.Chr_scaffolds.fa.mod.EDTA.TElib.mincopyfiltered.fa, /tmp/global2/ssushko/TE_evolution/1001Gp_TE_ANNOT/panTEome_v3_1001Gp/annotation_chr_s/single_genome_EDTA/100954/100954.Chr_scaffolds.fa.mod.EDTA.TElib.mincopyfiltered.fa, /tmp/global2/ssushko/TE_evolution/1001Gp_TE_ANNOT/panTEome_v3_1001Gp/annotation_chr_s/single_genome_EDTA/100976/100976.Chr_scaffolds.fa.mod.EDTA.TElib.mincopyfiltered.fa, /tmp/global2/ssushko/TE_evolution/1001Gp_TE_ANNOT/panTEome_v3_1001Gp/annotation_chr_s/single_genome_EDTA/100101/100101.Chr_scaffolds.fa.mod.EDTA.TElib.mincopyfiltered.fa, /tmp/global2/ssushko/TE_evolution/1001Gp_TE_ANNOT/panTEome_v3_1001Gp/annotation_chr_s/single_genome_EDTA/100127/100127.Chr_scaffolds.fa.mod.EDTA.TElib.mincopyfiltered.fa, /tmp/global2/ssushko/TE_evolution/1001Gp_TE_ANNOT/panTEome_v3_1001Gp/annotation_chr_s/single_genome_EDTA/100115/100115.Chr_scaffolds.fa.mod.EDTA.TElib.mincopyfiltered.fa, /tmp/global2/ssushko/TE_evolution/1001Gp_TE_ANNOT/panTEome_v3_1001Gp/annotation_chr_s/single_genome_EDTA/100842/100842.Chr_scaffolds.fa.mod.EDTA.TElib.mincopyfiltered.fa, /tmp/global2/ssushko/TE_evolution/1001Gp_TE_ANNOT/panTEome_v3_1001Gp/annotation_chr_s/single_genome_EDTA/100859/100859.Chr_scaffolds.fa.mod.EDTA.TElib.mincopyfiltered.fa, /tmp/global2/ssushko/TE_evolution/1001Gp_TE_ANNOT/panTEome_v3_1001Gp/annotation_chr_s/single_genome_EDTA/100506/100506.Chr_scaffolds.fa.mod.EDTA.TElib.mincopyfiltered.fa, /tmp/global2/ssushko/TE_evolution/1001Gp_TE_ANNOT/panTEome_v3_1001Gp/annotation_chr_s/single_genome_EDTA/100095/100095.Chr_scaffolds.fa.mod.EDTA.TElib.mincopyfiltered.fa, /tmp/global2/ssushko/TE_evolution/1001Gp_TE_ANNOT/panTEome_v3_1001Gp/annotation_chr_s/single_genome_EDTA/100832/100832.Chr_scaffolds.fa.mod.EDTA.TElib.mincopyfiltered.fa, /tmp/global2/ssushko/TE_evolution/1001Gp_TE_ANNOT/panTEome_v3_1001Gp/annotation_chr_s/single_genome_EDTA/100894/100894.Chr_scaffolds.fa.mod.EDTA.TElib.mincopyfiltered.fa, /tmp/global2/ssushko/TE_evolution/1001Gp_TE_ANNOT/panTEome_v3_1001Gp/annotation_chr_s/single_genome_EDTA/101061/101061.Chr_scaffolds.fa.mod.EDTA.TElib.mincopyfiltered.fa, /tmp/global2/ssushko/TE_evolution/1001Gp_TE_ANNOT/panTEome_v3_1001Gp/annotation_chr_s/single_genome_EDTA/100055/100055.Chr_scaffolds.fa.mod.EDTA.TElib.mincopyfiltered.fa, /tmp/global2/ssushko/TE_evolution/1001Gp_TE_ANNOT/panTEome_v3_1001Gp/annotation_chr_s/single_genome_EDTA/100905/100905.Chr_scaffolds.fa.mod.EDTA.TElib.mincopyfiltered.fa, /tmp/global2/ssushko/TE_evolution/1001Gp_TE_ANNOT/panTEome_v3_1001Gp/annotation_chr_s/single_genome_EDTA/100960/100960.Chr_scaffolds.fa.mod.EDTA.TElib.mincopyfiltered.fa, /tmp/global2/ssushko/TE_evolution/1001Gp_TE_ANNOT/panTEome_v3_1001Gp/annotation_chr_s/single_genome_EDTA/100956/100956.Chr_scaffolds.fa.mod.EDTA.TElib.mincopyfiltered.fa, /tmp/global2/ssushko/TE_evolution/1001Gp_TE_ANNOT/panTEome_v3_1001Gp/annotation_chr_s/single_genome_EDTA/100208/100208.Chr_scaffolds.fa.mod.EDTA.TElib.mincopyfiltered.fa, /tmp/global2/ssushko/TE_evolution/1001Gp_TE_ANNOT/panTEome_v3_1001Gp/annotation_chr_s/single_genome_EDTA/100959/100959.Chr_scaffolds.fa.mod.EDTA.TElib.mincopyfiltered.fa, /tmp/global2/ssushko/TE_evolution/1001Gp_TE_ANNOT/panTEome_v3_1001Gp/annotation_chr_s/single_genome_EDTA/100470/100470.Chr_scaffolds.fa.mod.EDTA.TElib.mincopyfiltered.fa, /tmp/global2/ssushko/TE_evolution/1001Gp_TE_ANNOT/panTEome_v3_1001Gp/annotation_chr_s/single_genome_EDTA/100898/100898.Chr_scaffolds.fa.mod.EDTA.TElib.mincopyfiltered.fa, /tmp/global2/ssushko/TE_evolution/1001Gp_TE_ANNOT/panTEome_v3_1001Gp/annotation_chr_s/single_genome_EDTA/101056/101056.Chr_scaffolds.fa.mod.EDTA.TElib.mincopyfiltered.fa, /tmp/global2/ssushko/TE_evolution/1001Gp_TE_ANNOT/panTEome_v3_1001Gp/annotation_chr_s/single_genome_EDTA/100784/100784.Chr_scaffolds.fa.mod.EDTA.TElib.mincopyfiltered.fa, /tmp/global2/ssushko/TE_evolution/1001Gp_TE_ANNOT/panTEome_v3_1001Gp/annotation_chr_s/single_genome_EDTA/100043/100043.Chr_scaffolds.fa.mod.EDTA.TElib.mincopyfiltered.fa, /tmp/global2/ssushko/TE_evolution/1001Gp_TE_ANNOT/panTEome_v3_1001Gp/annotation_chr_s/single_genome_EDTA/100690/100690.Chr_scaffolds.fa.mod.EDTA.TElib.mincopyfiltered.fa, /tmp/global2/ssushko/TE_evolution/1001Gp_TE_ANNOT/panTEome_v3_1001Gp/annotation_chr_s/single_genome_EDTA/100730/100730.Chr_scaffolds.fa.mod.EDTA.TElib.mincopyfiltered.fa, /tmp/global2/ssushko/TE_evolution/1001Gp_TE_ANNOT/panTEome_v3_1001Gp/annotation_chr_s/single_genome_EDTA/100870/100870.Chr_scaffolds.fa.mod.EDTA.TElib.mincopyfiltered.fa, /tmp/global2/ssushko/TE_evolution/1001Gp_TE_ANNOT/panTEome_v3_1001Gp/annotation_chr_s/single_genome_EDTA/100696/100696.Chr_scaffolds.fa.mod.EDTA.TElib.mincopyfiltered.fa, /tmp/global2/ssushko/TE_evolution/1001Gp_TE_ANNOT/panTEome_v3_1001Gp/annotation_chr_s/single_genome_EDTA/100693/100693.Chr_scaffolds.fa.mod.EDTA.TElib.mincopyfiltered.fa, /tmp/global2/ssushko/TE_evolution/1001Gp_TE_ANNOT/panTEome_v3_1001Gp/annotation_chr_s/single_genome_EDTA/100144/100144.Chr_scaffolds.fa.mod.EDTA.TElib.mincopyfiltered.fa, /tmp/global2/ssushko/TE_evolution/1001Gp_TE_ANNOT/panTEome_v3_1001Gp/annotation_chr_s/single_genome_EDTA/100140/100140.Chr_scaffolds.fa.mod.EDTA.TElib.mincopyfiltered.fa, /tmp/global2/ssushko/TE_evolution/1001Gp_TE_ANNOT/panTEome_v3_1001Gp/annotation_chr_s/single_genome_EDTA/100901/100901.Chr_scaffolds.fa.mod.EDTA.TElib.mincopyfiltered.fa, /tmp/global2/ssushko/TE_evolution/1001Gp_TE_ANNOT/panTEome_v3_1001Gp/annotation_chr_s/single_genome_EDTA/100099/100099.Chr_scaffolds.fa.mod.EDTA.TElib.mincopyfiltered.fa, /tmp/global2/ssushko/TE_evolution/1001Gp_TE_ANNOT/panTEome_v3_1001Gp/annotation_chr_s/single_genome_EDTA/100676/100676.Chr_scaffolds.fa.mod.EDTA.TElib.mincopyfiltered.fa, /tmp/global2/ssushko/TE_evolution/1001Gp_TE_ANNOT/panTEome_v3_1001Gp/annotation_chr_s/single_genome_EDTA/100657/100657.Chr_scaffolds.fa.mod.EDTA.TElib.mincopyfiltered.fa, /tmp/global2/ssushko/TE_evolution/1001Gp_TE_ANNOT/panTEome_v3_1001Gp/annotation_chr_s/single_genome_EDTA/100972/100972.Chr_scaffolds.fa.mod.EDTA.TElib.mincopyfiltered.fa, /tmp/global2/ssushko/TE_evolution/1001Gp_TE_ANNOT/panTEome_v3_1001Gp/annotation_chr_s/single_genome_EDTA/100323/100323.Chr_scaffolds.fa.mod.EDTA.TElib.mincopyfiltered.fa, /tmp/global2/ssushko/TE_evolution/1001Gp_TE_ANNOT/panTEome_v3_1001Gp/annotation_chr_s/single_genome_EDTA/100887/100887.Chr_scaffolds.fa.mod.EDTA.TElib.mincopyfiltered.fa, /tmp/global2/ssushko/TE_evolution/1001Gp_TE_ANNOT/panTEome_v3_1001Gp/annotation_chr_s/single_genome_EDTA/100655/100655.Chr_scaffolds.fa.mod.EDTA.TElib.mincopyfiltered.fa, /tmp/global2/ssushko/TE_evolution/1001Gp_TE_ANNOT/panTEome_v3_1001Gp/annotation_chr_s/single_genome_EDTA/100788/100788.Chr_scaffolds.fa.mod.EDTA.TElib.mincopyfiltered.fa, /tmp/global2/ssushko/TE_evolution/1001Gp_TE_ANNOT/panTEome_v3_1001Gp/annotation_chr_s/single_genome_EDTA/100927/100927.Chr_scaffolds.fa.mod.EDTA.TElib.mincopyfiltered.fa, /tmp/global2/ssushko/TE_evolution/1001Gp_TE_ANNOT/panTEome_v3_1001Gp/annotation_chr_s/single_genome_EDTA/100315/100315.Chr_scaffolds.fa.mod.EDTA.TElib.mincopyfiltered.fa, /tmp/global2/ssushko/TE_evolution/1001Gp_TE_ANNOT/panTEome_v3_1001Gp/annotation_chr_s/single_genome_EDTA/100715/100715.Chr_scaffolds.fa.mod.EDTA.TElib.mincopyfiltered.fa, /tmp/global2/ssushko/TE_evolution/1001Gp_TE_ANNOT/panTEome_v3_1001Gp/annotation_chr_s/single_genome_EDTA/100963/100963.Chr_scaffolds.fa.mod.EDTA.TElib.mincopyfiltered.fa, /tmp/global2/ssushko/TE_evolution/1001Gp_TE_ANNOT/panTEome_v3_1001Gp/annotation_chr_s/single_genome_EDTA/100789/100789.Chr_scaffolds.fa.mod.EDTA.TElib.mincopyfiltered.fa, /tmp/global2/ssushko/TE_evolution/1001Gp_TE_ANNOT/panTEome_v3_1001Gp/annotation_chr_s/single_genome_EDTA/100233/100233.Chr_scaffolds.fa.mod.EDTA.TElib.mincopyfiltered.fa, /tmp/global2/ssushko/TE_evolution/1001Gp_TE_ANNOT/panTEome_v3_1001Gp/annotation_chr_s/single_genome_EDTA/101040/101040.Chr_scaffolds.fa.mod.EDTA.TElib.mincopyfiltered.fa, /tmp/global2/ssushko/TE_evolution/1001Gp_TE_ANNOT/panTEome_v3_1001Gp/annotation_chr_s/single_genome_EDTA/100653/100653.Chr_scaffolds.fa.mod.EDTA.TElib.mincopyfiltered.fa, /tmp/global2/ssushko/TE_evolution/1001Gp_TE_ANNOT/panTEome_v3_1001Gp/annotation_chr_s/single_genome_EDTA/100466/100466.Chr_scaffolds.fa.mod.EDTA.TElib.mincopyfiltered.fa, /tmp/global2/ssushko/TE_evolution/1001Gp_TE_ANNOT/panTEome_v3_1001Gp/annotation_chr_s/single_genome_EDTA/100149/100149.Chr_scaffolds.fa.mod.EDTA.TElib.mincopyfiltered.fa, /tmp/global2/ssushko/TE_evolution/1001Gp_TE_ANNOT/panTEome_v3_1001Gp/annotation_chr_s/single_genome_EDTA/100557/100557.Chr_scaffolds.fa.mod.EDTA.TElib.mincopyfiltered.fa, /tmp/global2/ssushko/TE_evolution/1001Gp_TE_ANNOT/panTEome_v3_1001Gp/annotation_chr_s/single_genome_EDTA/100692/100692.Chr_scaffolds.fa.mod.EDTA.TElib.mincopyfiltered.fa, /tmp/global2/ssushko/TE_evolution/1001Gp_TE_ANNOT/panTEome_v3_1001Gp/annotation_chr_s/single_genome_EDTA/100317/100317.Chr_scaffolds.fa.mod.EDTA.TElib.mincopyfiltered.fa, /tmp/global2/ssushko/TE_evolution/1001Gp_TE_ANNOT/panTEome_v3_1001Gp/annotation_chr_s/single_genome_EDTA/100699/100699.Chr_scaffolds.fa.mod.EDTA.TElib.mincopyfiltered.fa, /tmp/global2/ssushko/TE_evolution/1001Gp_TE_ANNOT/panTEome_v3_1001Gp/annotation_chr_s/single_genome_EDTA/101044/101044.Chr_scaffolds.fa.mod.EDTA.TElib.mincopyfiltered.fa, /tmp/global2/ssushko/TE_evolution/1001Gp_TE_ANNOT/panTEome_v3_1001Gp/annotation_chr_s/single_genome_EDTA/100681/100681.Chr_scaffolds.fa.mod.EDTA.TElib.mincopyfiltered.fa, /tmp/global2/ssushko/TE_evolution/1001Gp_TE_ANNOT/panTEome_v3_1001Gp/annotation_chr_s/single_genome_EDTA/101035/101035.Chr_scaffolds.fa.mod.EDTA.TElib.mincopyfiltered.fa, /tmp/global2/ssushko/TE_evolution/1001Gp_TE_ANNOT/panTEome_v3_1001Gp/annotation_chr_s/single_genome_EDTA/100665/100665.Chr_scaffolds.fa.mod.EDTA.TElib.mincopyfiltered.fa, /tmp/global2/ssushko/TE_evolution/1001Gp_TE_ANNOT/panTEome_v3_1001Gp/annotation_chr_s/single_genome_EDTA/100861/100861.Chr_scaffolds.fa.mod.EDTA.TElib.mincopyfiltered.fa, /tmp/global2/ssushko/TE_evolution/1001Gp_TE_ANNOT/panTEome_v3_1001Gp/annotation_chr_s/single_genome_EDTA/100981/100981.Chr_scaffolds.fa.mod.EDTA.TElib.mincopyfiltered.fa, /tmp/global2/ssushko/TE_evolution/1001Gp_TE_ANNOT/panTEome_v3_1001Gp/annotation_chr_s/single_genome_EDTA/100821/100821.Chr_scaffolds.fa.mod.EDTA.TElib.mincopyfiltered.fa, /tmp/global2/ssushko/TE_evolution/1001Gp_TE_ANNOT/panTEome_v3_1001Gp/annotation_chr_s/single_genome_EDTA/100111/100111.Chr_scaffolds.fa.mod.EDTA.TElib.mincopyfiltered.fa, /tmp/global2/ssushko/TE_evolution/1001Gp_TE_ANNOT/panTEome_v3_1001Gp/annotation_chr_s/single_genome_EDTA/100923/100923.Chr_scaffolds.fa.mod.EDTA.TElib.mincopyfiltered.fa, /tmp/global2/ssushko/TE_evolution/1001Gp_TE_ANNOT/panTEome_v3_1001Gp/annotation_chr_s/single_genome_EDTA/100309/100309.Chr_scaffolds.fa.mod.EDTA.TElib.mincopyfiltered.fa, /tmp/global2/ssushko/TE_evolution/1001Gp_TE_ANNOT/panTEome_v3_1001Gp/annotation_chr_s/single_genome_EDTA/101055/101055.Chr_scaffolds.fa.mod.EDTA.TElib.mincopyfiltered.fa, /tmp/global2/ssushko/TE_evolution/1001Gp_TE_ANNOT/panTEome_v3_1001Gp/annotation_chr_s/single_genome_EDTA/100930/100930.Chr_scaffolds.fa.mod.EDTA.TElib.mincopyfiltered.fa, /tmp/global2/ssushko/TE_evolution/1001Gp_TE_ANNOT/panTEome_v3_1001Gp/annotation_chr_s/single_genome_EDTA/100130/100130.Chr_scaffolds.fa.mod.EDTA.TElib.mincopyfiltered.fa, /tmp/global2/ssushko/TE_evolution/1001Gp_TE_ANNOT/panTEome_v3_1001Gp/annotation_chr_s/single_genome_EDTA/100790/100790.Chr_scaffolds.fa.mod.EDTA.TElib.mincopyfiltered.fa, /tmp/global2/ssushko/TE_evolution/1001Gp_TE_ANNOT/panTEome_v3_1001Gp/annotation_chr_s/single_genome_EDTA/101026/101026.Chr_scaffolds.fa.mod.EDTA.TElib.mincopyfiltered.fa, /tmp/global2/ssushko/TE_evolution/1001Gp_TE_ANNOT/panTEome_v3_1001Gp/annotation_chr_s/single_genome_EDTA/100126/100126.Chr_scaffolds.fa.mod.EDTA.TElib.mincopyfiltered.fa, /tmp/global2/ssushko/TE_evolution/1001Gp_TE_ANNOT/panTEome_v3_1001Gp/annotation_chr_s/single_genome_EDTA/100718/100718.Chr_scaffolds.fa.mod.EDTA.TElib.mincopyfiltered.fa, /tmp/global2/ssushko/TE_evolution/1001Gp_TE_ANNOT/panTEome_v3_1001Gp/annotation_chr_s/single_genome_EDTA/100767/100767.Chr_scaffolds.fa.mod.EDTA.TElib.mincopyfiltered.fa, /tmp/global2/ssushko/TE_evolution/1001Gp_TE_ANNOT/panTEome_v3_1001Gp/annotation_chr_s/single_genome_EDTA/100916/100916.Chr_scaffolds.fa.mod.EDTA.TElib.mincopyfiltered.fa, /tmp/global2/ssushko/TE_evolution/1001Gp_TE_ANNOT/panTEome_v3_1001Gp/annotation_chr_s/single_genome_EDTA/100682/100682.Chr_scaffolds.fa.mod.EDTA.TElib.mincopyfiltered.fa, /tmp/global2/ssushko/TE_evolution/1001Gp_TE_ANNOT/panTEome_v3_1001Gp/annotation_chr_s/single_genome_EDTA/100874/100874.Chr_scaffolds.fa.mod.EDTA.TElib.mincopyfiltered.fa, /tmp/global2/ssushko/TE_evolution/1001Gp_TE_ANNOT/panTEome_v3_1001Gp/annotation_chr_s/single_genome_EDTA/100052/100052.Chr_scaffolds.fa.mod.EDTA.TElib.mincopyfiltered.fa, /tmp/global2/ssushko/TE_evolution/1001Gp_TE_ANNOT/panTEome_v3_1001Gp/annotation_chr_s/single_genome_EDTA/100123/100123.Chr_scaffolds.fa.mod.EDTA.TElib.mincopyfiltered.fa, /tmp/global2/ssushko/TE_evolution/1001Gp_TE_ANNOT/panTEome_v3_1001Gp/annotation_chr_s/single_genome_EDTA/100621/100621.Chr_scaffolds.fa.mod.EDTA.TElib.mincopyfiltered.fa, /tmp/global2/ssushko/TE_evolution/1001Gp_TE_ANNOT/panTEome_v3_1001Gp/annotation_chr_s/single_genome_EDTA/101039/101039.Chr_scaffolds.fa.mod.EDTA.TElib.mincopyfiltered.fa, /tmp/global2/ssushko/TE_evolution/1001Gp_TE_ANNOT/panTEome_v3_1001Gp/annotation_chr_s/single_genome_EDTA/100623/100623.Chr_scaffolds.fa.mod.EDTA.TElib.mincopyfiltered.fa, /tmp/global2/ssushko/TE_evolution/1001Gp_TE_ANNOT/panTEome_v3_1001Gp/annotation_chr_s/single_genome_EDTA/101008/101008.Chr_scaffolds.fa.mod.EDTA.TElib.mincopyfiltered.fa, /tmp/global2/ssushko/TE_evolution/1001Gp_TE_ANNOT/panTEome_v3_1001Gp/annotation_chr_s/single_genome_EDTA/100096/100096.Chr_scaffolds.fa.mod.EDTA.TElib.mincopyfiltered.fa, /tmp/global2/ssushko/TE_evolution/1001Gp_TE_ANNOT/panTEome_v3_1001Gp/annotation_chr_s/single_genome_EDTA/101038/101038.Chr_scaffolds.fa.mod.EDTA.TElib.mincopyfiltered.fa, /tmp/global2/ssushko/TE_evolution/1001Gp_TE_ANNOT/panTEome_v3_1001Gp/annotation_chr_s/single_genome_EDTA/100583/100583.Chr_scaffolds.fa.mod.EDTA.TElib.mincopyfiltered.fa, /tmp/global2/ssushko/TE_evolution/1001Gp_TE_ANNOT/panTEome_v3_1001Gp/annotation_chr_s/single_genome_EDTA/100282/100282.Chr_scaffolds.fa.mod.EDTA.TElib.mincopyfiltered.fa, /tmp/global2/ssushko/TE_evolution/1001Gp_TE_ANNOT/panTEome_v3_1001Gp/annotation_chr_s/single_genome_EDTA/100879/100879.Chr_scaffolds.fa.mod.EDTA.TElib.mincopyfiltered.fa, /tmp/global2/ssushko/TE_evolution/1001Gp_TE_ANNOT/panTEome_v3_1001Gp/annotation_chr_s/single_genome_EDTA/100780/100780.Chr_scaffolds.fa.mod.EDTA.TElib.mincopyfiltered.fa, /tmp/global2/ssushko/TE_evolution/1001Gp_TE_ANNOT/panTEome_v3_1001Gp/annotation_chr_s/single_genome_EDTA/100992/100992.Chr_scaffolds.fa.mod.EDTA.TElib.mincopyfiltered.fa, /tmp/global2/ssushko/TE_evolution/1001Gp_TE_ANNOT/panTEome_v3_1001Gp/annotation_chr_s/single_genome_EDTA/100103/100103.Chr_scaffolds.fa.mod.EDTA.TElib.mincopyfiltered.fa, /tmp/global2/ssushko/TE_evolution/1001Gp_TE_ANNOT/panTEome_v3_1001Gp/annotation_chr_s/single_genome_EDTA/100059/100059.Chr_scaffolds.fa.mod.EDTA.TElib.mincopyfiltered.fa, /tmp/global2/ssushko/TE_evolution/1001Gp_TE_ANNOT/panTEome_v3_1001Gp/annotation_chr_s/single_genome_EDTA/100106/100106.Chr_scaffolds.fa.mod.EDTA.TElib.mincopyfiltered.fa, /tmp/global2/ssushko/TE_evolution/1001Gp_TE_ANNOT/panTEome_v3_1001Gp/annotation_chr_s/single_genome_EDTA/100807/100807.Chr_scaffolds.fa.mod.EDTA.TElib.mincopyfiltered.fa, /tmp/global2/ssushko/TE_evolution/1001Gp_TE_ANNOT/panTEome_v3_1001Gp/annotation_chr_s/single_genome_EDTA/100069/100069.Chr_scaffolds.fa.mod.EDTA.TElib.mincopyfiltered.fa, /tmp/global2/ssushko/TE_evolution/1001Gp_TE_ANNOT/panTEome_v3_1001Gp/annotation_chr_s/single_genome_EDTA/100292/100292.Chr_scaffolds.fa.mod.EDTA.TElib.mincopyfiltered.fa, /tmp/global2/ssushko/TE_evolution/1001Gp_TE_ANNOT/panTEome_v3_1001Gp/annotation_chr_s/single_genome_EDTA/100029/100029.Chr_scaffolds.fa.mod.EDTA.TElib.mincopyfiltered.fa, /tmp/global2/ssushko/TE_evolution/1001Gp_TE_ANNOT/panTEome_v3_1001Gp/annotation_chr_s/single_genome_EDTA/100083/100083.Chr_scaffolds.fa.mod.EDTA.TElib.mincopyfiltered.fa, /tmp/global2/ssushko/TE_evolution/1001Gp_TE_ANNOT/panTEome_v3_1001Gp/annotation_chr_s/single_genome_EDTA/100147/100147.Chr_scaffolds.fa.mod.EDTA.TElib.mincopyfiltered.fa, /tmp/global2/ssushko/TE_evolution/1001Gp_TE_ANNOT/panTEome_v3_1001Gp/annotation_chr_s/single_genome_EDTA/100831/100831.Chr_scaffolds.fa.mod.EDTA.TElib.mincopyfiltered.fa, /tmp/global2/ssushko/TE_evolution/1001Gp_TE_ANNOT/panTEome_v3_1001Gp/annotation_chr_s/single_genome_EDTA/100050/100050.Chr_scaffolds.fa.mod.EDTA.TElib.mincopyfiltered.fa, /tmp/global2/ssushko/TE_evolution/1001Gp_TE_ANNOT/panTEome_v3_1001Gp/annotation_chr_s/single_genome_EDTA/100991/100991.Chr_scaffolds.fa.mod.EDTA.TElib.mincopyfiltered.fa, /tmp/global2/ssushko/TE_evolution/1001Gp_TE_ANNOT/panTEome_v3_1001Gp/annotation_chr_s/single_genome_EDTA/100303/100303.Chr_scaffolds.fa.mod.EDTA.TElib.mincopyfiltered.fa, /tmp/global2/ssushko/TE_evolution/1001Gp_TE_ANNOT/panTEome_v3_1001Gp/annotation_chr_s/single_genome_EDTA/101028/101028.Chr_scaffolds.fa.mod.EDTA.TElib.mincopyfiltered.fa, /tmp/global2/ssushko/TE_evolution/1001Gp_TE_ANNOT/panTEome_v3_1001Gp/annotation_chr_s/single_genome_EDTA/100025/100025.Chr_scaffolds.fa.mod.EDTA.TElib.mincopyfiltered.fa, /tmp/global2/ssushko/TE_evolution/1001Gp_TE_ANNOT/panTEome_v3_1001Gp/annotation_chr_s/single_genome_EDTA/100686/100686.Chr_scaffolds.fa.mod.EDTA.TElib.mincopyfiltered.fa, /tmp/global2/ssushko/TE_evolution/1001Gp_TE_ANNOT/panTEome_v3_1001Gp/annotation_chr_s/single_genome_EDTA/100688/100688.Chr_scaffolds.fa.mod.EDTA.TElib.mincopyfiltered.fa, /tmp/global2/ssushko/TE_evolution/1001Gp_TE_ANNOT/panTEome_v3_1001Gp/annotation_chr_s/single_genome_EDTA/100755/100755.Chr_scaffolds.fa.mod.EDTA.TElib.mincopyfiltered.fa, /tmp/global2/ssushko/TE_evolution/1001Gp_TE_ANNOT/panTEome_v3_1001Gp/annotation_chr_s/single_genome_EDTA/100746/100746.Chr_scaffolds.fa.mod.EDTA.TElib.mincopyfiltered.fa, /tmp/global2/ssushko/TE_evolution/1001Gp_TE_ANNOT/panTEome_v3_1001Gp/annotation_chr_s/single_genome_EDTA/100965/100965.Chr_scaffolds.fa.mod.EDTA.TElib.mincopyfiltered.fa, /tmp/global2/ssushko/TE_evolution/1001Gp_TE_ANNOT/panTEome_v3_1001Gp/annotation_chr_s/single_genome_EDTA/100918/100918.Chr_scaffolds.fa.mod.EDTA.TElib.mincopyfiltered.fa, /tmp/global2/ssushko/TE_evolution/1001Gp_TE_ANNOT/panTEome_v3_1001Gp/annotation_chr_s/single_genome_EDTA/100131/100131.Chr_scaffolds.fa.mod.EDTA.TElib.mincopyfiltered.fa, /tmp/global2/ssushko/TE_evolution/1001Gp_TE_ANNOT/panTEome_v3_1001Gp/annotation_chr_s/single_genome_EDTA/100787/100787.Chr_scaffolds.fa.mod.EDTA.TElib.mincopyfiltered.fa, /tmp/global2/ssushko/TE_evolution/1001Gp_TE_ANNOT/panTEome_v3_1001Gp/annotation_chr_s/single_genome_EDTA/100194/100194.Chr_scaffolds.fa.mod.EDTA.TElib.mincopyfiltered.fa, /tmp/global2/ssushko/TE_evolution/1001Gp_TE_ANNOT/panTEome_v3_1001Gp/annotation_chr_s/single_genome_EDTA/100078/100078.Chr_scaffolds.fa.mod.EDTA.TElib.mincopyfiltered.fa, /tmp/global2/ssushko/TE_evolution/1001Gp_TE_ANNOT/panTEome_v3_1001Gp/annotation_chr_s/single_genome_EDTA/100899/100899.Chr_scaffolds.fa.mod.EDTA.TElib.mincopyfiltered.fa, /tmp/global2/ssushko/TE_evolution/1001Gp_TE_ANNOT/panTEome_v3_1001Gp/annotation_chr_s/single_genome_EDTA/100862/100862.Chr_scaffolds.fa.mod.EDTA.TElib.mincopyfiltered.fa, /tmp/global2/ssushko/TE_evolution/1001Gp_TE_ANNOT/panTEome_v3_1001Gp/annotation_chr_s/single_genome_EDTA/101036/101036.Chr_scaffolds.fa.mod.EDTA.TElib.mincopyfiltered.fa, /tmp/global2/ssushko/TE_evolution/1001Gp_TE_ANNOT/panTEome_v3_1001Gp/annotation_chr_s/single_genome_EDTA/100841/100841.Chr_scaffolds.fa.mod.EDTA.TElib.mincopyfiltered.fa, /tmp/global2/ssushko/TE_evolution/1001Gp_TE_ANNOT/panTEome_v3_1001Gp/annotation_chr_s/single_genome_EDTA/100705/100705.Chr_scaffolds.fa.mod.EDTA.TElib.mincopyfiltered.fa, /tmp/global2/ssushko/TE_evolution/1001Gp_TE_ANNOT/panTEome_v3_1001Gp/annotation_chr_s/single_genome_EDTA/100774/100774.Chr_scaffolds.fa.mod.EDTA.TElib.mincopyfiltered.fa, /tmp/global2/ssushko/TE_evolution/1001Gp_TE_ANNOT/panTEome_v3_1001Gp/annotation_chr_s/single_genome_EDTA/100685/100685.Chr_scaffolds.fa.mod.EDTA.TElib.mincopyfiltered.fa, /tmp/global2/ssushko/TE_evolution/1001Gp_TE_ANNOT/panTEome_v3_1001Gp/annotation_chr_s/single_genome_EDTA/100793/100793.Chr_scaffolds.fa.mod.EDTA.TElib.mincopyfiltered.fa, /tmp/global2/ssushko/TE_evolution/1001Gp_TE_ANNOT/panTEome_v3_1001Gp/annotation_chr_s/single_genome_EDTA/100946/100946.Chr_scaffolds.fa.mod.EDTA.TElib.mincopyfiltered.fa, /tmp/global2/ssushko/TE_evolution/1001Gp_TE_ANNOT/panTEome_v3_1001Gp/annotation_chr_s/single_genome_EDTA/100071/100071.Chr_scaffolds.fa.mod.EDTA.TElib.mincopyfiltered.fa, /tmp/global2/ssushko/TE_evolution/1001Gp_TE_ANNOT/panTEome_v3_1001Gp/annotation_chr_s/single_genome_EDTA/100858/100858.Chr_scaffolds.fa.mod.EDTA.TElib.mincopyfiltered.fa, /tmp/global2/ssushko/TE_evolution/1001Gp_TE_ANNOT/panTEome_v3_1001Gp/annotation_chr_s/single_genome_EDTA/100156/100156.Chr_scaffolds.fa.mod.EDTA.TElib.mincopyfiltered.fa, /tmp/global2/ssushko/TE_evolution/1001Gp_TE_ANNOT/panTEome_v3_1001Gp/annotation_chr_s/single_genome_EDTA/101016/101016.Chr_scaffolds.fa.mod.EDTA.TElib.mincopyfiltered.fa, /tmp/global2/ssushko/TE_evolution/1001Gp_TE_ANNOT/panTEome_v3_1001Gp/annotation_chr_s/single_genome_EDTA/100074/100074.Chr_scaffolds.fa.mod.EDTA.TElib.mincopyfiltered.fa, /tmp/global2/ssushko/TE_evolution/1001Gp_TE_ANNOT/panTEome_v3_1001Gp/annotation_chr_s/single_genome_EDTA/100866/100866.Chr_scaffolds.fa.mod.EDTA.TElib.mincopyfiltered.fa, /tmp/global2/ssushko/TE_evolution/1001Gp_TE_ANNOT/panTEome_v3_1001Gp/annotation_chr_s/single_genome_EDTA/100957/100957.Chr_scaffolds.fa.mod.EDTA.TElib.mincopyfiltered.fa, /tmp/global2/ssushko/TE_evolution/1001Gp_TE_ANNOT/panTEome_v3_1001Gp/annotation_chr_s/single_genome_EDTA/100316/100316.Chr_scaffolds.fa.mod.EDTA.TElib.mincopyfiltered.fa, /tmp/global2/ssushko/TE_evolution/1001Gp_TE_ANNOT/panTEome_v3_1001Gp/annotation_chr_s/single_genome_EDTA/100791/100791.Chr_scaffolds.fa.mod.EDTA.TElib.mincopyfiltered.fa, /tmp/global2/ssushko/TE_evolution/1001Gp_TE_ANNOT/panTEome_v3_1001Gp/annotation_chr_s/single_genome_EDTA/100968/100968.Chr_scaffolds.fa.mod.EDTA.TElib.mincopyfiltered.fa, /tmp/global2/ssushko/TE_evolution/1001Gp_TE_ANNOT/panTEome_v3_1001Gp/annotation_chr_s/single_genome_EDTA/100153/100153.Chr_scaffolds.fa.mod.EDTA.TElib.mincopyfiltered.fa, /tmp/global2/ssushko/TE_evolution/1001Gp_TE_ANNOT/panTEome_v3_1001Gp/annotation_chr_s/single_genome_EDTA/100812/100812.Chr_scaffolds.fa.mod.EDTA.TElib.mincopyfiltered.fa, /tmp/global2/ssushko/TE_evolution/1001Gp_TE_ANNOT/panTEome_v3_1001Gp/annotation_chr_s/single_genome_EDTA/100964/100964.Chr_scaffolds.fa.mod.EDTA.TElib.mincopyfiltered.fa, /tmp/global2/ssushko/TE_evolution/1001Gp_TE_ANNOT/panTEome_v3_1001Gp/annotation_chr_s/single_genome_EDTA/100302/100302.Chr_scaffolds.fa.mod.EDTA.TElib.mincopyfiltered.fa, /tmp/global2/ssushko/TE_evolution/1001Gp_TE_ANNOT/panTEome_v3_1001Gp/annotation_chr_s/single_genome_EDTA/100683/100683.Chr_scaffolds.fa.mod.EDTA.TElib.mincopyfiltered.fa, /tmp/global2/ssushko/TE_evolution/1001Gp_TE_ANNOT/panTEome_v3_1001Gp/annotation_chr_s/single_genome_EDTA/100806/100806.Chr_scaffolds.fa.mod.EDTA.TElib.mincopyfiltered.fa, /tmp/global2/ssushko/TE_evolution/1001Gp_TE_ANNOT/panTEome_v3_1001Gp/annotation_chr_s/single_genome_EDTA/100279/100279.Chr_scaffolds.fa.mod.EDTA.TElib.mincopyfiltered.fa, /tmp/global2/ssushko/TE_evolution/1001Gp_TE_ANNOT/panTEome_v3_1001Gp/annotation_chr_s/single_genome_EDTA/100750/100750.Chr_scaffolds.fa.mod.EDTA.TElib.mincopyfiltered.fa, /tmp/global2/ssushko/TE_evolution/1001Gp_TE_ANNOT/panTEome_v3_1001Gp/annotation_chr_s/single_genome_EDTA/100070/100070.Chr_scaffolds.fa.mod.EDTA.TElib.mincopyfiltered.fa, /tmp/global2/ssushko/TE_evolution/1001Gp_TE_ANNOT/panTEome_v3_1001Gp/annotation_chr_s/single_genome_EDTA/100804/100804.Chr_scaffolds.fa.mod.EDTA.TElib.mincopyfiltered.fa, /tmp/global2/ssushko/TE_evolution/1001Gp_TE_ANNOT/panTEome_v3_1001Gp/annotation_chr_s/single_genome_EDTA/100936/100936.Chr_scaffolds.fa.mod.EDTA.TElib.mincopyfiltered.fa, /tmp/global2/ssushko/TE_evolution/1001Gp_TE_ANNOT/panTEome_v3_1001Gp/annotation_chr_s/single_genome_EDTA/100818/100818.Chr_scaffolds.fa.mod.EDTA.TElib.mincopyfiltered.fa, /tmp/global2/ssushko/TE_evolution/1001Gp_TE_ANNOT/panTEome_v3_1001Gp/annotation_chr_s/single_genome_EDTA/100863/100863.Chr_scaffolds.fa.mod.EDTA.TElib.mincopyfiltered.fa, /tmp/global2/ssushko/TE_evolution/1001Gp_TE_ANNOT/panTEome_v3_1001Gp/annotation_chr_s/single_genome_EDTA/100098/100098.Chr_scaffolds.fa.mod.EDTA.TElib.mincopyfiltered.fa, /tmp/global2/ssushko/TE_evolution/1001Gp_TE_ANNOT/panTEome_v3_1001Gp/annotation_chr_s/single_genome_EDTA/100860/100860.Chr_scaffolds.fa.mod.EDTA.TElib.mincopyfiltered.fa, /tmp/global2/ssushko/TE_evolution/1001Gp_TE_ANNOT/panTEome_v3_1001Gp/annotation_chr_s/single_genome_EDTA/100744/100744.Chr_scaffolds.fa.mod.EDTA.TElib.mincopyfiltered.fa, /tmp/global2/ssushko/TE_evolution/1001Gp_TE_ANNOT/panTEome_v3_1001Gp/annotation_chr_s/single_genome_EDTA/100749/100749.Chr_scaffolds.fa.mod.EDTA.TElib.mincopyfiltered.fa, /tmp/global2/ssushko/TE_evolution/1001Gp_TE_ANNOT/panTEome_v3_1001Gp/annotation_chr_s/single_genome_EDTA/100558/100558.Chr_scaffolds.fa.mod.EDTA.TElib.mincopyfiltered.fa, /tmp/global2/ssushko/TE_evolution/1001Gp_TE_ANNOT/panTEome_v3_1001Gp/annotation_chr_s/single_genome_EDTA/100675/100675.Chr_scaffolds.fa.mod.EDTA.TElib.mincopyfiltered.fa, /tmp/global2/ssushko/TE_evolution/1001Gp_TE_ANNOT/panTEome_v3_1001Gp/annotation_chr_s/single_genome_EDTA/100736/100736.Chr_scaffolds.fa.mod.EDTA.TElib.mincopyfiltered.fa, /tmp/global2/ssushko/TE_evolution/1001Gp_TE_ANNOT/panTEome_v3_1001Gp/annotation_chr_s/single_genome_EDTA/100973/100973.Chr_scaffolds.fa.mod.EDTA.TElib.mincopyfiltered.fa, /tmp/global2/ssushko/TE_evolution/1001Gp_TE_ANNOT/panTEome_v3_1001Gp/annotation_chr_s/single_genome_EDTA/100306/100306.Chr_scaffolds.fa.mod.EDTA.TElib.mincopyfiltered.fa, /tmp/global2/ssushko/TE_evolution/1001Gp_TE_ANNOT/panTEome_v3_1001Gp/annotation_chr_s/single_genome_EDTA/100820/100820.Chr_scaffolds.fa.mod.EDTA.TElib.mincopyfiltered.fa, /tmp/global2/ssushko/TE_evolution/1001Gp_TE_ANNOT/panTEome_v3_1001Gp/annotation_chr_s/single_genome_EDTA/100892/100892.Chr_scaffolds.fa.mod.EDTA.TElib.mincopyfiltered.fa, /tmp/global2/ssushko/TE_evolution/1001Gp_TE_ANNOT/panTEome_v3_1001Gp/annotation_chr_s/single_genome_EDTA/100695/100695.Chr_scaffolds.fa.mod.EDTA.TElib.mincopyfiltered.fa, /tmp/global2/ssushko/TE_evolution/1001Gp_TE_ANNOT/panTEome_v3_1001Gp/annotation_chr_s/single_genome_EDTA/100734/100734.Chr_scaffolds.fa.mod.EDTA.TElib.mincopyfiltered.fa, /tmp/global2/ssushko/TE_evolution/1001Gp_TE_ANNOT/panTEome_v3_1001Gp/annotation_chr_s/single_genome_EDTA/100846/100846.Chr_scaffolds.fa.mod.EDTA.TElib.mincopyfiltered.fa, /tmp/global2/ssushko/TE_evolution/1001Gp_TE_ANNOT/panTEome_v3_1001Gp/annotation_chr_s/single_genome_EDTA/100880/100880.Chr_scaffolds.fa.mod.EDTA.TElib.mincopyfiltered.fa, /tmp/global2/ssushko/TE_evolution/1001Gp_TE_ANNOT/panTEome_v3_1001Gp/annotation_chr_s/single_genome_EDTA/100979/100979.Chr_scaffolds.fa.mod.EDTA.TElib.mincopyfiltered.fa, /tmp/global2/ssushko/TE_evolution/1001Gp_TE_ANNOT/panTEome_v3_1001Gp/annotation_chr_s/single_genome_EDTA/100687/100687.Chr_scaffolds.fa.mod.EDTA.TElib.mincopyfiltered.fa, /tmp/global2/ssushko/TE_evolution/1001Gp_TE_ANNOT/panTEome_v3_1001Gp/annotation_chr_s/single_genome_EDTA/100307/100307.Chr_scaffolds.fa.mod.EDTA.TElib.mincopyfiltered.fa, /tmp/global2/ssushko/TE_evolution/1001Gp_TE_ANNOT/panTEome_v3_1001Gp/annotation_chr_s/single_genome_EDTA/100285/100285.Chr_scaffolds.fa.mod.EDTA.TElib.mincopyfiltered.fa, /tmp/global2/ssushko/TE_evolution/1001Gp_TE_ANNOT/panTEome_v3_1001Gp/annotation_chr_s/single_genome_EDTA/100289/100289.Chr_scaffolds.fa.mod.EDTA.TElib.mincopyfiltered.fa, /tmp/global2/ssushko/TE_evolution/1001Gp_TE_ANNOT/panTEome_v3_1001Gp/annotation_chr_s/single_genome_EDTA/100146/100146.Chr_scaffolds.fa.mod.EDTA.TElib.mincopyfiltered.fa, /tmp/global2/ssushko/TE_evolution/1001Gp_TE_ANNOT/panTEome_v3_1001Gp/annotation_chr_s/single_genome_EDTA/100764/100764.Chr_scaffolds.fa.mod.EDTA.TElib.mincopyfiltered.fa, /tmp/global2/ssushko/TE_evolution/1001Gp_TE_ANNOT/panTEome_v3_1001Gp/annotation_chr_s/single_genome_EDTA/100814/100814.Chr_scaffolds.fa.mod.EDTA.TElib.mincopyfiltered.fa, /tmp/global2/ssushko/TE_evolution/1001Gp_TE_ANNOT/panTEome_v3_1001Gp/annotation_chr_s/single_genome_EDTA/100314/100314.Chr_scaffolds.fa.mod.EDTA.TElib.mincopyfiltered.fa, /tmp/global2/ssushko/TE_evolution/1001Gp_TE_ANNOT/panTEome_v3_1001Gp/annotation_chr_s/single_genome_EDTA/101022/101022.Chr_scaffolds.fa.mod.EDTA.TElib.mincopyfiltered.fa, /tmp/global2/ssushko/TE_evolution/1001Gp_TE_ANNOT/panTEome_v3_1001Gp/annotation_chr_s/single_genome_EDTA/100999/100999.Chr_scaffolds.fa.mod.EDTA.TElib.mincopyfiltered.fa, /tmp/global2/ssushko/TE_evolution/1001Gp_TE_ANNOT/panTEome_v3_1001Gp/annotation_chr_s/single_genome_EDTA/100867/100867.Chr_scaffolds.fa.mod.EDTA.TElib.mincopyfiltered.fa, /tmp/global2/ssushko/TE_evolution/1001Gp_TE_ANNOT/panTEome_v3_1001Gp/annotation_chr_s/single_genome_EDTA/100335/100335.Chr_scaffolds.fa.mod.EDTA.TElib.mincopyfiltered.fa, /tmp/global2/ssushko/TE_evolution/1001Gp_TE_ANNOT/panTEome_v3_1001Gp/annotation_chr_s/single_genome_EDTA/100733/100733.Chr_scaffolds.fa.mod.EDTA.TElib.mincopyfiltered.fa, /tmp/global2/ssushko/TE_evolution/1001Gp_TE_ANNOT/panTEome_v3_1001Gp/annotation_chr_s/single_genome_EDTA/100326/100326.Chr_scaffolds.fa.mod.EDTA.TElib.mincopyfiltered.fa, /tmp/global2/ssushko/TE_evolution/1001Gp_TE_ANNOT/panTEome_v3_1001Gp/annotation_chr_s/single_genome_EDTA/100911/100911.Chr_scaffolds.fa.mod.EDTA.TElib.mincopyfiltered.fa, /tmp/global2/ssushko/TE_evolution/1001Gp_TE_ANNOT/panTEome_v3_1001Gp/annotation_chr_s/single_genome_EDTA/100647/100647.Chr_scaffolds.fa.mod.EDTA.TElib.mincopyfiltered.fa, /tmp/global2/ssushko/TE_evolution/1001Gp_TE_ANNOT/panTEome_v3_1001Gp/annotation_chr_s/single_genome_EDTA/100318/100318.Chr_scaffolds.fa.mod.EDTA.TElib.mincopyfiltered.fa, /tmp/global2/ssushko/TE_evolution/1001Gp_TE_ANNOT/panTEome_v3_1001Gp/annotation_chr_s/single_genome_EDTA/100977/100977.Chr_scaffolds.fa.mod.EDTA.TElib.mincopyfiltered.fa, /tmp/global2/ssushko/TE_evolution/1001Gp_TE_ANNOT/panTEome_v3_1001Gp/annotation_chr_s/single_genome_EDTA/101027/101027.Chr_scaffolds.fa.mod.EDTA.TElib.mincopyfiltered.fa, /tmp/global2/ssushko/TE_evolution/1001Gp_TE_ANNOT/panTEome_v3_1001Gp/annotation_chr_s/single_genome_EDTA/100201/100201.Chr_scaffolds.fa.mod.EDTA.TElib.mincopyfiltered.fa, /tmp/global2/ssushko/TE_evolution/1001Gp_TE_ANNOT/panTEome_v3_1001Gp/annotation_chr_s/single_genome_EDTA/100827/100827.Chr_scaffolds.fa.mod.EDTA.TElib.mincopyfiltered.fa, /tmp/global2/ssushko/TE_evolution/1001Gp_TE_ANNOT/panTEome_v3_1001Gp/annotation_chr_s/single_genome_EDTA/100906/100906.Chr_scaffolds.fa.mod.EDTA.TElib.mincopyfiltered.fa, /tmp/global2/ssushko/TE_evolution/1001Gp_TE_ANNOT/panTEome_v3_1001Gp/annotation_chr_s/single_genome_EDTA/100706/100706.Chr_scaffolds.fa.mod.EDTA.TElib.mincopyfiltered.fa, /tmp/global2/ssushko/TE_evolution/1001Gp_TE_ANNOT/panTEome_v3_1001Gp/annotation_chr_s/single_genome_EDTA/100724/100724.Chr_scaffolds.fa.mod.EDTA.TElib.mincopyfiltered.fa, /tmp/global2/ssushko/TE_evolution/1001Gp_TE_ANNOT/panTEome_v3_1001Gp/annotation_chr_s/single_genome_EDTA/100843/100843.Chr_scaffolds.fa.mod.EDTA.TElib.mincopyfiltered.fa, /tmp/global2/ssushko/TE_evolution/1001Gp_TE_ANNOT/panTEome_v3_1001Gp/annotation_chr_s/single_genome_EDTA/100068/100068.Chr_scaffolds.fa.mod.EDTA.TElib.mincopyfiltered.fa, /tmp/global2/ssushko/TE_evolution/1001Gp_TE_ANNOT/panTEome_v3_1001Gp/annotation_chr_s/single_genome_EDTA/100666/100666.Chr_scaffolds.fa.mod.EDTA.TElib.mincopyfiltered.fa, /tmp/global2/ssushko/TE_evolution/1001Gp_TE_ANNOT/panTEome_v3_1001Gp/annotation_chr_s/single_genome_EDTA/101045/101045.Chr_scaffolds.fa.mod.EDTA.TElib.mincopyfiltered.fa, /tmp/global2/ssushko/TE_evolution/1001Gp_TE_ANNOT/panTEome_v3_1001Gp/annotation_chr_s/single_genome_EDTA/100498/100498.Chr_scaffolds.fa.mod.EDTA.TElib.mincopyfiltered.fa, /tmp/global2/ssushko/TE_evolution/1001Gp_TE_ANNOT/panTEome_v3_1001Gp/annotation_chr_s/single_genome_EDTA/100272/100272.Chr_scaffolds.fa.mod.EDTA.TElib.mincopyfiltered.fa, /tmp/global2/ssushko/TE_evolution/1001Gp_TE_ANNOT/panTEome_v3_1001Gp/annotation_chr_s/single_genome_EDTA/100763/100763.Chr_scaffolds.fa.mod.EDTA.TElib.mincopyfiltered.fa, /tmp/global2/ssushko/TE_evolution/1001Gp_TE_ANNOT/panTEome_v3_1001Gp/annotation_chr_s/single_genome_EDTA/100121/100121.Chr_scaffolds.fa.mod.EDTA.TElib.mincopyfiltered.fa, /tmp/global2/ssushko/TE_evolution/1001Gp_TE_ANNOT/panTEome_v3_1001Gp/annotation_chr_s/single_genome_EDTA/101021/101021.Chr_scaffolds.fa.mod.EDTA.TElib.mincopyfiltered.fa, /tmp/global2/ssushko/TE_evolution/1001Gp_TE_ANNOT/panTEome_v3_1001Gp/annotation_chr_s/single_genome_EDTA/100940/100940.Chr_scaffolds.fa.mod.EDTA.TElib.mincopyfiltered.fa, /tmp/global2/ssushko/TE_evolution/1001Gp_TE_ANNOT/panTEome_v3_1001Gp/annotation_chr_s/single_genome_EDTA/100915/100915.Chr_scaffolds.fa.mod.EDTA.TElib.mincopyfiltered.fa, /tmp/global2/ssushko/TE_evolution/1001Gp_TE_ANNOT/panTEome_v3_1001Gp/annotation_chr_s/single_genome_EDTA/100903/100903.Chr_scaffolds.fa.mod.EDTA.TElib.mincopyfiltered.fa, /tmp/global2/ssushko/TE_evolution/1001Gp_TE_ANNOT/panTEome_v3_1001Gp/annotation_chr_s/single_genome_EDTA/100731/100731.Chr_scaffolds.fa.mod.EDTA.TElib.mincopyfiltered.fa, /tmp/global2/ssushko/TE_evolution/1001Gp_TE_ANNOT/panTEome_v3_1001Gp/annotation_chr_s/single_genome_EDTA/100822/100822.Chr_scaffolds.fa.mod.EDTA.TElib.mincopyfiltered.fa, /tmp/global2/ssushko/TE_evolution/1001Gp_TE_ANNOT/panTEome_v3_1001Gp/annotation_chr_s/single_genome_EDTA/100837/100837.Chr_scaffolds.fa.mod.EDTA.TElib.mincopyfiltered.fa, /tmp/global2/ssushko/TE_evolution/1001Gp_TE_ANNOT/panTEome_v3_1001Gp/annotation_chr_s/single_genome_EDTA/100294/100294.Chr_scaffolds.fa.mod.EDTA.TElib.mincopyfiltered.fa, /tmp/global2/ssushko/TE_evolution/1001Gp_TE_ANNOT/panTEome_v3_1001Gp/annotation_chr_s/single_genome_EDTA/100985/100985.Chr_scaffolds.fa.mod.EDTA.TElib.mincopyfiltered.fa, /tmp/global2/ssushko/TE_evolution/1001Gp_TE_ANNOT/panTEome_v3_1001Gp/annotation_chr_s/single_genome_EDTA/100085/100085.Chr_scaffolds.fa.mod.EDTA.TElib.mincopyfiltered.fa, /tmp/global2/ssushko/TE_evolution/1001Gp_TE_ANNOT/panTEome_v3_1001Gp/annotation_chr_s/single_genome_EDTA/100677/100677.Chr_scaffolds.fa.mod.EDTA.TElib.mincopyfiltered.fa, /tmp/global2/ssushko/TE_evolution/1001Gp_TE_ANNOT/panTEome_v3_1001Gp/annotation_chr_s/single_genome_EDTA/100778/100778.Chr_scaffolds.fa.mod.EDTA.TElib.mincopyfiltered.fa, /tmp/global2/ssushko/TE_evolution/1001Gp_TE_ANNOT/panTEome_v3_1001Gp/annotation_chr_s/single_genome_EDTA/100909/100909.Chr_scaffolds.fa.mod.EDTA.TElib.mincopyfiltered.fa, /tmp/global2/ssushko/TE_evolution/1001Gp_TE_ANNOT/panTEome_v3_1001Gp/annotation_chr_s/single_genome_EDTA/100228/100228.Chr_scaffolds.fa.mod.EDTA.TElib.mincopyfiltered.fa, /tmp/global2/ssushko/TE_evolution/1001Gp_TE_ANNOT/panTEome_v3_1001Gp/annotation_chr_s/single_genome_EDTA/100118/100118.Chr_scaffolds.fa.mod.EDTA.TElib.mincopyfiltered.fa, /tmp/global2/ssushko/TE_evolution/1001Gp_TE_ANNOT/panTEome_v3_1001Gp/annotation_chr_s/single_genome_EDTA/100150/100150.Chr_scaffolds.fa.mod.EDTA.TElib.mincopyfiltered.fa, /tmp/global2/ssushko/TE_evolution/1001Gp_TE_ANNOT/panTEome_v3_1001Gp/annotation_chr_s/single_genome_EDTA/100984/100984.Chr_scaffolds.fa.mod.EDTA.TElib.mincopyfiltered.fa, /tmp/global2/ssushko/TE_evolution/1001Gp_TE_ANNOT/panTEome_v3_1001Gp/annotation_chr_s/single_genome_EDTA/100660/100660.Chr_scaffolds.fa.mod.EDTA.TElib.mincopyfiltered.fa, /tmp/global2/ssushko/TE_evolution/1001Gp_TE_ANNOT/panTEome_v3_1001Gp/annotation_chr_s/single_genome_EDTA/100888/100888.Chr_scaffolds.fa.mod.EDTA.TElib.mincopyfiltered.fa, /tmp/global2/ssushko/TE_evolution/1001Gp_TE_ANNOT/panTEome_v3_1001Gp/annotation_chr_s/single_genome_EDTA/100331/100331.Chr_scaffolds.fa.mod.EDTA.TElib.mincopyfiltered.fa, /tmp/global2/ssushko/TE_evolution/1001Gp_TE_ANNOT/panTEome_v3_1001Gp/annotation_chr_s/single_genome_EDTA/100945/100945.Chr_scaffolds.fa.mod.EDTA.TElib.mincopyfiltered.fa, /tmp/global2/ssushko/TE_evolution/1001Gp_TE_ANNOT/panTEome_v3_1001Gp/annotation_chr_s/single_genome_EDTA/100893/100893.Chr_scaffolds.fa.mod.EDTA.TElib.mincopyfiltered.fa, /tmp/global2/ssushko/TE_evolution/1001Gp_TE_ANNOT/panTEome_v3_1001Gp/annotation_chr_s/single_genome_EDTA/100752/100752.Chr_scaffolds.fa.mod.EDTA.TElib.mincopyfiltered.fa, /tmp/global2/ssushko/TE_evolution/1001Gp_TE_ANNOT/panTEome_v3_1001Gp/annotation_chr_s/single_genome_EDTA/100876/100876.Chr_scaffolds.fa.mod.EDTA.TElib.mincopyfiltered.fa, /tmp/global2/ssushko/TE_evolution/1001Gp_TE_ANNOT/panTEome_v3_1001Gp/annotation_chr_s/single_genome_EDTA/100620/100620.Chr_scaffolds.fa.mod.EDTA.TElib.mincopyfiltered.fa, /tmp/global2/ssushko/TE_evolution/1001Gp_TE_ANNOT/panTEome_v3_1001Gp/annotation_chr_s/single_genome_EDTA/100222/100222.Chr_scaffolds.fa.mod.EDTA.TElib.mincopyfiltered.fa, /tmp/global2/ssushko/TE_evolution/1001Gp_TE_ANNOT/panTEome_v3_1001Gp/annotation_chr_s/single_genome_EDTA/100667/100667.Chr_scaffolds.fa.mod.EDTA.TElib.mincopyfiltered.fa, /tmp/global2/ssushko/TE_evolution/1001Gp_TE_ANNOT/panTEome_v3_1001Gp/annotation_chr_s/single_genome_EDTA/100775/100775.Chr_scaffolds.fa.mod.EDTA.TElib.mincopyfiltered.fa, /tmp/global2/ssushko/TE_evolution/1001Gp_TE_ANNOT/panTEome_v3_1001Gp/annotation_chr_s/single_genome_EDTA/100200/100200.Chr_scaffolds.fa.mod.EDTA.TElib.mincopyfiltered.fa, /tmp/global2/ssushko/TE_evolution/1001Gp_TE_ANNOT/panTEome_v3_1001Gp/annotation_chr_s/single_genome_EDTA/100782/100782.Chr_scaffolds.fa.mod.EDTA.TElib.mincopyfiltered.fa, /tmp/global2/ssushko/TE_evolution/1001Gp_TE_ANNOT/panTEome_v3_1001Gp/annotation_chr_s/single_genome_EDTA/100305/100305.Chr_scaffolds.fa.mod.EDTA.TElib.mincopyfiltered.fa, /tmp/global2/ssushko/TE_evolution/1001Gp_TE_ANNOT/panTEome_v3_1001Gp/annotation_chr_s/single_genome_EDTA/100980/100980.Chr_scaffolds.fa.mod.EDTA.TElib.mincopyfiltered.fa, /tmp/global2/ssushko/TE_evolution/1001Gp_TE_ANNOT/panTEome_v3_1001Gp/annotation_chr_s/single_genome_EDTA/101015/101015.Chr_scaffolds.fa.mod.EDTA.TElib.mincopyfiltered.fa, /tmp/global2/ssushko/TE_evolution/1001Gp_TE_ANNOT/panTEome_v3_1001Gp/annotation_chr_s/single_genome_EDTA/100110/100110.Chr_scaffolds.fa.mod.EDTA.TElib.mincopyfiltered.fa, /tmp/global2/ssushko/TE_evolution/1001Gp_TE_ANNOT/panTEome_v3_1001Gp/annotation_chr_s/single_genome_EDTA/100523/100523.Chr_scaffolds.fa.mod.EDTA.TElib.mincopyfiltered.fa, /tmp/global2/ssushko/TE_evolution/1001Gp_TE_ANNOT/panTEome_v3_1001Gp/annotation_chr_s/single_genome_EDTA/100717/100717.Chr_scaffolds.fa.mod.EDTA.TElib.mincopyfiltered.fa, /tmp/global2/ssushko/TE_evolution/1001Gp_TE_ANNOT/panTEome_v3_1001Gp/annotation_chr_s/single_genome_EDTA/100884/100884.Chr_scaffolds.fa.mod.EDTA.TElib.mincopyfiltered.fa, /tmp/global2/ssushko/TE_evolution/1001Gp_TE_ANNOT/panTEome_v3_1001Gp/annotation_chr_s/single_genome_EDTA/100689/100689.Chr_scaffolds.fa.mod.EDTA.TElib.mincopyfiltered.fa, /tmp/global2/ssushko/TE_evolution/1001Gp_TE_ANNOT/panTEome_v3_1001Gp/annotation_chr_s/single_genome_EDTA/100825/100825.Chr_scaffolds.fa.mod.EDTA.TElib.mincopyfiltered.fa, /tmp/global2/ssushko/TE_evolution/1001Gp_TE_ANNOT/panTEome_v3_1001Gp/annotation_chr_s/single_genome_EDTA/100141/100141.Chr_scaffolds.fa.mod.EDTA.TElib.mincopyfiltered.fa, /tmp/global2/ssushko/TE_evolution/1001Gp_TE_ANNOT/panTEome_v3_1001Gp/annotation_chr_s/single_genome_EDTA/100900/100900.Chr_scaffolds.fa.mod.EDTA.TElib.mincopyfiltered.fa, /tmp/global2/ssushko/TE_evolution/1001Gp_TE_ANNOT/panTEome_v3_1001Gp/annotation_chr_s/single_genome_EDTA/100989/100989.Chr_scaffolds.fa.mod.EDTA.TElib.mincopyfiltered.fa, /tmp/global2/ssushko/TE_evolution/1001Gp_TE_ANNOT/panTEome_v3_1001Gp/annotation_chr_s/single_genome_EDTA/100994/100994.Chr_scaffolds.fa.mod.EDTA.TElib.mincopyfiltered.fa, /tmp/global2/ssushko/TE_evolution/1001Gp_TE_ANNOT/panTEome_v3_1001Gp/annotation_chr_s/single_genome_EDTA/100082/100082.Chr_scaffolds.fa.mod.EDTA.TElib.mincopyfiltered.fa, /tmp/global2/ssushko/TE_evolution/1001Gp_TE_ANNOT/panTEome_v3_1001Gp/annotation_chr_s/single_genome_EDTA/100710/100710.Chr_scaffolds.fa.mod.EDTA.TElib.mincopyfiltered.fa, /tmp/global2/ssushko/TE_evolution/1001Gp_TE_ANNOT/panTEome_v3_1001Gp/annotation_chr_s/single_genome_EDTA/100982/100982.Chr_scaffolds.fa.mod.EDTA.TElib.mincopyfiltered.fa, /tmp/global2/ssushko/TE_evolution/1001Gp_TE_ANNOT/panTEome_v3_1001Gp/annotation_chr_s/single_genome_EDTA/100955/100955.Chr_scaffolds.fa.mod.EDTA.TElib.mincopyfiltered.fa, /tmp/global2/ssushko/TE_evolution/1001Gp_TE_ANNOT/panTEome_v3_1001Gp/annotation_chr_s/single_genome_EDTA/100815/100815.Chr_scaffolds.fa.mod.EDTA.TElib.mincopyfiltered.fa, /tmp/global2/ssushko/TE_evolution/1001Gp_TE_ANNOT/panTEome_v3_1001Gp/annotation_chr_s/single_genome_EDTA/100459/100459.Chr_scaffolds.fa.mod.EDTA.TElib.mincopyfiltered.fa, /tmp/global2/ssushko/TE_evolution/1001Gp_TE_ANNOT/panTEome_v3_1001Gp/annotation_chr_s/single_genome_EDTA/100041/100041.Chr_scaffolds.fa.mod.EDTA.TElib.mincopyfiltered.fa, /tmp/global2/ssushko/TE_evolution/1001Gp_TE_ANNOT/panTEome_v3_1001Gp/annotation_chr_s/single_genome_EDTA/100119/100119.Chr_scaffolds.fa.mod.EDTA.TElib.mincopyfiltered.fa, /tmp/global2/ssushko/TE_evolution/1001Gp_TE_ANNOT/panTEome_v3_1001Gp/annotation_chr_s/single_genome_EDTA/100320/100320.Chr_scaffolds.fa.mod.EDTA.TElib.mincopyfiltered.fa, /tmp/global2/ssushko/TE_evolution/1001Gp_TE_ANNOT/panTEome_v3_1001Gp/annotation_chr_s/single_genome_EDTA/100556/100556.Chr_scaffolds.fa.mod.EDTA.TElib.mincopyfiltered.fa, /tmp/global2/ssushko/TE_evolution/1001Gp_TE_ANNOT/panTEome_v3_1001Gp/annotation_chr_s/single_genome_EDTA/101031/101031.Chr_scaffolds.fa.mod.EDTA.TElib.mincopyfiltered.fa, /tmp/global2/ssushko/TE_evolution/1001Gp_TE_ANNOT/panTEome_v3_1001Gp/annotation_chr_s/single_genome_EDTA/100148/100148.Chr_scaffolds.fa.mod.EDTA.TElib.mincopyfiltered.fa, /tmp/global2/ssushko/TE_evolution/1001Gp_TE_ANNOT/panTEome_v3_1001Gp/annotation_chr_s/single_genome_EDTA/100878/100878.Chr_scaffolds.fa.mod.EDTA.TElib.mincopyfiltered.fa, /tmp/global2/ssushko/TE_evolution/1001Gp_TE_ANNOT/panTEome_v3_1001Gp/annotation_chr_s/single_genome_EDTA/101000/101000.Chr_scaffolds.fa.mod.EDTA.TElib.mincopyfiltered.fa, /tmp/global2/ssushko/TE_evolution/1001Gp_TE_ANNOT/panTEome_v3_1001Gp/annotation_chr_s/single_genome_EDTA/100732/100732.Chr_scaffolds.fa.mod.EDTA.TElib.mincopyfiltered.fa, /tmp/global2/ssushko/TE_evolution/1001Gp_TE_ANNOT/panTEome_v3_1001Gp/annotation_chr_s/single_genome_EDTA/100612/100612.Chr_scaffolds.fa.mod.EDTA.TElib.mincopyfiltered.fa, /tmp/global2/ssushko/TE_evolution/1001Gp_TE_ANNOT/panTEome_v3_1001Gp/annotation_chr_s/single_genome_EDTA/100800/100800.Chr_scaffolds.fa.mod.EDTA.TElib.mincopyfiltered.fa, /tmp/global2/ssushko/TE_evolution/1001Gp_TE_ANNOT/panTEome_v3_1001Gp/annotation_chr_s/single_genome_EDTA/100896/100896.Chr_scaffolds.fa.mod.EDTA.TElib.mincopyfiltered.fa, /tmp/global2/ssushko/TE_evolution/1001Gp_TE_ANNOT/panTEome_v3_1001Gp/annotation_chr_s/single_genome_EDTA/100395/100395.Chr_scaffolds.fa.mod.EDTA.TElib.mincopyfiltered.fa, /tmp/global2/ssushko/TE_evolution/1001Gp_TE_ANNOT/panTEome_v3_1001Gp/annotation_chr_s/single_genome_EDTA/100971/100971.Chr_scaffolds.fa.mod.EDTA.TElib.mincopyfiltered.fa, /tmp/global2/ssushko/TE_evolution/1001Gp_TE_ANNOT/panTEome_v3_1001Gp/annotation_chr_s/single_genome_EDTA/100128/100128.Chr_scaffolds.fa.mod.EDTA.TElib.mincopyfiltered.fa, /tmp/global2/ssushko/TE_evolution/1001Gp_TE_ANNOT/panTEome_v3_1001Gp/annotation_chr_s/single_genome_EDTA/100739/100739.Chr_scaffolds.fa.mod.EDTA.TElib.mincopyfiltered.fa, /tmp/global2/ssushko/TE_evolution/1001Gp_TE_ANNOT/panTEome_v3_1001Gp/annotation_chr_s/single_genome_EDTA/100117/100117.Chr_scaffolds.fa.mod.EDTA.TElib.mincopyfiltered.fa, /tmp/global2/ssushko/TE_evolution/1001Gp_TE_ANNOT/panTEome_v3_1001Gp/annotation_chr_s/single_genome_EDTA/100093/100093.Chr_scaffolds.fa.mod.EDTA.TElib.mincopyfiltered.fa, /tmp/global2/ssushko/TE_evolution/1001Gp_TE_ANNOT/panTEome_v3_1001Gp/annotation_chr_s/single_genome_EDTA/100962/100962.Chr_scaffolds.fa.mod.EDTA.TElib.mincopyfiltered.fa, /tmp/global2/ssushko/TE_evolution/1001Gp_TE_ANNOT/panTEome_v3_1001Gp/annotation_chr_s/single_genome_EDTA/100671/100671.Chr_scaffolds.fa.mod.EDTA.TElib.mincopyfiltered.fa, /tmp/global2/ssushko/TE_evolution/1001Gp_TE_ANNOT/panTEome_v3_1001Gp/annotation_chr_s/single_genome_EDTA/100835/100835.Chr_scaffolds.fa.mod.EDTA.TElib.mincopyfiltered.fa, /tmp/global2/ssushko/TE_evolution/1001Gp_TE_ANNOT/panTEome_v3_1001Gp/annotation_chr_s/single_genome_EDTA/100743/100743.Chr_scaffolds.fa.mod.EDTA.TElib.mincopyfiltered.fa, /tmp/global2/ssushko/TE_evolution/1001Gp_TE_ANNOT/panTEome_v3_1001Gp/annotation_chr_s/single_genome_EDTA/100795/100795.Chr_scaffolds.fa.mod.EDTA.TElib.mincopyfiltered.fa, /tmp/global2/ssushko/TE_evolution/1001Gp_TE_ANNOT/panTEome_v3_1001Gp/annotation_chr_s/single_genome_EDTA/100950/100950.Chr_scaffolds.fa.mod.EDTA.TElib.mincopyfiltered.fa, /tmp/global2/ssushko/TE_evolution/1001Gp_TE_ANNOT/panTEome_v3_1001Gp/annotation_chr_s/single_genome_EDTA/100877/100877.Chr_scaffolds.fa.mod.EDTA.TElib.mincopyfiltered.fa, /tmp/global2/ssushko/TE_evolution/1001Gp_TE_ANNOT/panTEome_v3_1001Gp/annotation_chr_s/single_genome_EDTA/101001/101001.Chr_scaffolds.fa.mod.EDTA.TElib.mincopyfiltered.fa, /tmp/global2/ssushko/TE_evolution/1001Gp_TE_ANNOT/panTEome_v3_1001Gp/annotation_chr_s/single_genome_EDTA/100195/100195.Chr_scaffolds.fa.mod.EDTA.TElib.mincopyfiltered.fa, /tmp/global2/ssushko/TE_evolution/1001Gp_TE_ANNOT/panTEome_v3_1001Gp/annotation_chr_s/single_genome_EDTA/100853/100853.Chr_scaffolds.fa.mod.EDTA.TElib.mincopyfiltered.fa, /tmp/global2/ssushko/TE_evolution/1001Gp_TE_ANNOT/panTEome_v3_1001Gp/annotation_chr_s/single_genome_EDTA/100942/100942.Chr_scaffolds.fa.mod.EDTA.TElib.mincopyfiltered.fa, /tmp/global2/ssushko/TE_evolution/1001Gp_TE_ANNOT/panTEome_v3_1001Gp/annotation_chr_s/single_genome_EDTA/100151/100151.Chr_scaffolds.fa.mod.EDTA.TElib.mincopyfiltered.fa, /tmp/global2/ssushko/TE_evolution/1001Gp_TE_ANNOT/panTEome_v3_1001Gp/annotation_chr_s/single_genome_EDTA/100885/100885.Chr_scaffolds.fa.mod.EDTA.TElib.mincopyfiltered.fa, /tmp/global2/ssushko/TE_evolution/1001Gp_TE_ANNOT/panTEome_v3_1001Gp/annotation_chr_s/single_genome_EDTA/100917/100917.Chr_scaffolds.fa.mod.EDTA.TElib.mincopyfiltered.fa, /tmp/global2/ssushko/TE_evolution/1001Gp_TE_ANNOT/panTEome_v3_1001Gp/annotation_chr_s/single_genome_EDTA/100926/100926.Chr_scaffolds.fa.mod.EDTA.TElib.mincopyfiltered.fa, /tmp/global2/ssushko/TE_evolution/1001Gp_TE_ANNOT/panTEome_v3_1001Gp/annotation_chr_s/single_genome_EDTA/100039/100039.Chr_scaffolds.fa.mod.EDTA.TElib.mincopyfiltered.fa, /tmp/global2/ssushko/TE_evolution/1001Gp_TE_ANNOT/panTEome_v3_1001Gp/annotation_chr_s/single_genome_EDTA/100133/100133.Chr_scaffolds.fa.mod.EDTA.TElib.mincopyfiltered.fa, /tmp/global2/ssushko/TE_evolution/1001Gp_TE_ANNOT/panTEome_v3_1001Gp/annotation_chr_s/single_genome_EDTA/100799/100799.Chr_scaffolds.fa.mod.EDTA.TElib.mincopyfiltered.fa, /tmp/global2/ssushko/TE_evolution/1001Gp_TE_ANNOT/panTEome_v3_1001Gp/annotation_chr_s/single_genome_EDTA/100137/100137.Chr_scaffolds.fa.mod.EDTA.TElib.mincopyfiltered.fa, /tmp/global2/ssushko/TE_evolution/1001Gp_TE_ANNOT/panTEome_v3_1001Gp/annotation_chr_s/single_genome_EDTA/100929/100929.Chr_scaffolds.fa.mod.EDTA.TElib.mincopyfiltered.fa, /tmp/global2/ssushko/TE_evolution/1001Gp_TE_ANNOT/panTEome_v3_1001Gp/annotation_chr_s/single_genome_EDTA/100158/100158.Chr_scaffolds.fa.mod.EDTA.TElib.mincopyfiltered.fa, /tmp/global2/ssushko/TE_evolution/1001Gp_TE_ANNOT/panTEome_v3_1001Gp/annotation_chr_s/single_genome_EDTA/100561/100561.Chr_scaffolds.fa.mod.EDTA.TElib.mincopyfiltered.fa, /tmp/global2/ssushko/TE_evolution/1001Gp_TE_ANNOT/panTEome_v3_1001Gp/annotation_chr_s/single_genome_EDTA/100714/100714.Chr_scaffolds.fa.mod.EDTA.TElib.mincopyfiltered.fa, /tmp/global2/ssushko/TE_evolution/1001Gp_TE_ANNOT/panTEome_v3_1001Gp/annotation_chr_s/single_genome_EDTA/100935/100935.Chr_scaffolds.fa.mod.EDTA.TElib.mincopyfiltered.fa, /tmp/global2/ssushko/TE_evolution/1001Gp_TE_ANNOT/panTEome_v3_1001Gp/annotation_chr_s/single_genome_EDTA/100701/100701.Chr_scaffolds.fa.mod.EDTA.TElib.mincopyfiltered.fa, /tmp/global2/ssushko/TE_evolution/1001Gp_TE_ANNOT/panTEome_v3_1001Gp/annotation_chr_s/single_genome_EDTA/100518/100518.Chr_scaffolds.fa.mod.EDTA.TElib.mincopyfiltered.fa, /tmp/global2/ssushko/TE_evolution/1001Gp_TE_ANNOT/panTEome_v3_1001Gp/annotation_chr_s/single_genome_EDTA/100865/100865.Chr_scaffolds.fa.mod.EDTA.TElib.mincopyfiltered.fa, /tmp/global2/ssushko/TE_evolution/1001Gp_TE_ANNOT/panTEome_v3_1001Gp/annotation_chr_s/single_genome_EDTA/100027/100027.Chr_scaffolds.fa.mod.EDTA.TElib.mincopyfiltered.fa, /tmp/global2/ssushko/TE_evolution/1001Gp_TE_ANNOT/panTEome_v3_1001Gp/annotation_chr_s/single_genome_EDTA/100062/100062.Chr_scaffolds.fa.mod.EDTA.TElib.mincopyfiltered.fa, /tmp/global2/ssushko/TE_evolution/1001Gp_TE_ANNOT/panTEome_v3_1001Gp/annotation_chr_s/single_genome_EDTA/100048/100048.Chr_scaffolds.fa.mod.EDTA.TElib.mincopyfiltered.fa, /tmp/global2/ssushko/TE_evolution/1001Gp_TE_ANNOT/panTEome_v3_1001Gp/annotation_chr_s/single_genome_EDTA/100079/100079.Chr_scaffolds.fa.mod.EDTA.TElib.mincopyfiltered.fa, /tmp/global2/ssushko/TE_evolution/1001Gp_TE_ANNOT/panTEome_v3_1001Gp/annotation_chr_s/single_genome_EDTA/100409/100409.Chr_scaffolds.fa.mod.EDTA.TElib.mincopyfiltered.fa, /tmp/global2/ssushko/TE_evolution/1001Gp_TE_ANNOT/panTEome_v3_1001Gp/annotation_chr_s/single_genome_EDTA/100271/100271.Chr_scaffolds.fa.mod.EDTA.TElib.mincopyfiltered.fa, /tmp/global2/ssushko/TE_evolution/1001Gp_TE_ANNOT/panTEome_v3_1001Gp/annotation_chr_s/single_genome_EDTA/100943/100943.Chr_scaffolds.fa.mod.EDTA.TElib.mincopyfiltered.fa, /tmp/global2/ssushko/TE_evolution/1001Gp_TE_ANNOT/panTEome_v3_1001Gp/annotation_chr_s/single_genome_EDTA/100785/100785.Chr_scaffolds.fa.mod.EDTA.TElib.mincopyfiltered.fa, /tmp/global2/ssushko/TE_evolution/1001Gp_TE_ANNOT/panTEome_v3_1001Gp/annotation_chr_s/single_genome_EDTA/100851/100851.Chr_scaffolds.fa.mod.EDTA.TElib.mincopyfiltered.fa, /tmp/global2/ssushko/TE_evolution/1001Gp_TE_ANNOT/panTEome_v3_1001Gp/annotation_chr_s/single_genome_EDTA/100987/100987.Chr_scaffolds.fa.mod.EDTA.TElib.mincopyfiltered.fa, /tmp/global2/ssushko/TE_evolution/1001Gp_TE_ANNOT/panTEome_v3_1001Gp/annotation_chr_s/single_genome_EDTA/100966/100966.Chr_scaffolds.fa.mod.EDTA.TElib.mincopyfiltered.fa, /tmp/global2/ssushko/TE_evolution/1001Gp_TE_ANNOT/panTEome_v3_1001Gp/annotation_chr_s/single_genome_EDTA/100018/100018.Chr_scaffolds.fa.mod.EDTA.TElib.mincopyfiltered.fa, /tmp/global2/ssushko/TE_evolution/1001Gp_TE_ANNOT/panTEome_v3_1001Gp/annotation_chr_s/single_genome_EDTA/100298/100298.Chr_scaffolds.fa.mod.EDTA.TElib.mincopyfiltered.fa, /tmp/global2/ssushko/TE_evolution/1001Gp_TE_ANNOT/panTEome_v3_1001Gp/annotation_chr_s/single_genome_EDTA/100721/100721.Chr_scaffolds.fa.mod.EDTA.TElib.mincopyfiltered.fa, /tmp/global2/ssushko/TE_evolution/1001Gp_TE_ANNOT/panTEome_v3_1001Gp/annotation_chr_s/single_genome_EDTA/100824/100824.Chr_scaffolds.fa.mod.EDTA.TElib.mincopyfiltered.fa, /tmp/global2/ssushko/TE_evolution/1001Gp_TE_ANNOT/panTEome_v3_1001Gp/annotation_chr_s/single_genome_EDTA/100914/100914.Chr_scaffolds.fa.mod.EDTA.TElib.mincopyfiltered.fa, /tmp/global2/ssushko/TE_evolution/1001Gp_TE_ANNOT/panTEome_v3_1001Gp/annotation_chr_s/single_genome_EDTA/100933/100933.Chr_scaffolds.fa.mod.EDTA.TElib.mincopyfiltered.fa, /tmp/global2/ssushko/TE_evolution/1001Gp_TE_ANNOT/panTEome_v3_1001Gp/annotation_chr_s/single_genome_EDTA/100297/100297.Chr_scaffolds.fa.mod.EDTA.TElib.mincopyfiltered.fa, /tmp/global2/ssushko/TE_evolution/1001Gp_TE_ANNOT/panTEome_v3_1001Gp/annotation_chr_s/single_genome_EDTA/100810/100810.Chr_scaffolds.fa.mod.EDTA.TElib.mincopyfiltered.fa, /tmp/global2/ssushko/TE_evolution/1001Gp_TE_ANNOT/panTEome_v3_1001Gp/annotation_chr_s/single_genome_EDTA/100808/100808.Chr_scaffolds.fa.mod.EDTA.TElib.mincopyfiltered.fa, /tmp/global2/ssushko/TE_evolution/1001Gp_TE_ANNOT/panTEome_v3_1001Gp/annotation_chr_s/single_genome_EDTA/100996/100996.Chr_scaffolds.fa.mod.EDTA.TElib.mincopyfiltered.fa, /tmp/global2/ssushko/TE_evolution/1001Gp_TE_ANNOT/panTEome_v3_1001Gp/annotation_chr_s/single_genome_EDTA/100107/100107.Chr_scaffolds.fa.mod.EDTA.TElib.mincopyfiltered.fa, /tmp/global2/ssushko/TE_evolution/1001Gp_TE_ANNOT/panTEome_v3_1001Gp/annotation_chr_s/single_genome_EDTA/100961/100961.Chr_scaffolds.fa.mod.EDTA.TElib.mincopyfiltered.fa, /tmp/global2/ssushko/TE_evolution/1001Gp_TE_ANNOT/panTEome_v3_1001Gp/annotation_chr_s/single_genome_EDTA/100113/100113.Chr_scaffolds.fa.mod.EDTA.TElib.mincopyfiltered.fa, /tmp/global2/ssushko/TE_evolution/1001Gp_TE_ANNOT/panTEome_v3_1001Gp/annotation_chr_s/single_genome_EDTA/100759/100759.Chr_scaffolds.fa.mod.EDTA.TElib.mincopyfiltered.fa, /tmp/global2/ssushko/TE_evolution/1001Gp_TE_ANNOT/panTEome_v3_1001Gp/annotation_chr_s/single_genome_EDTA/100265/100265.Chr_scaffolds.fa.mod.EDTA.TElib.mincopyfiltered.fa, /tmp/global2/ssushko/TE_evolution/1001Gp_TE_ANNOT/panTEome_v3_1001Gp/annotation_chr_s/single_genome_EDTA/100813/100813.Chr_scaffolds.fa.mod.EDTA.TElib.mincopyfiltered.fa, /tmp/global2/ssushko/TE_evolution/1001Gp_TE_ANNOT/panTEome_v3_1001Gp/annotation_chr_s/single_genome_EDTA/101012/101012.Chr_scaffolds.fa.mod.EDTA.TElib.mincopyfiltered.fa, /tmp/global2/ssushko/TE_evolution/1001Gp_TE_ANNOT/panTEome_v3_1001Gp/annotation_chr_s/single_genome_EDTA/101034/101034.Chr_scaffolds.fa.mod.EDTA.TElib.mincopyfiltered.fa, /tmp/global2/ssushko/TE_evolution/1001Gp_TE_ANNOT/panTEome_v3_1001Gp/annotation_chr_s/single_genome_EDTA/100120/100120.Chr_scaffolds.fa.mod.EDTA.TElib.mincopyfiltered.fa, /tmp/global2/ssushko/TE_evolution/1001Gp_TE_ANNOT/panTEome_v3_1001Gp/annotation_chr_s/single_genome_EDTA/100278/100278.Chr_scaffolds.fa.mod.EDTA.TElib.mincopyfiltered.fa, /tmp/global2/ssushko/TE_evolution/1001Gp_TE_ANNOT/panTEome_v3_1001Gp/annotation_chr_s/single_genome_EDTA/100669/100669.Chr_scaffolds.fa.mod.EDTA.TElib.mincopyfiltered.fa, /tmp/global2/ssushko/TE_evolution/1001Gp_TE_ANNOT/panTEome_v3_1001Gp/annotation_chr_s/single_genome_EDTA/100109/100109.Chr_scaffolds.fa.mod.EDTA.TElib.mincopyfiltered.fa, /tmp/global2/ssushko/TE_evolution/1001Gp_TE_ANNOT/panTEome_v3_1001Gp/annotation_chr_s/single_genome_EDTA/100967/100967.Chr_scaffolds.fa.mod.EDTA.TElib.mincopyfiltered.fa, /tmp/global2/ssushko/TE_evolution/1001Gp_TE_ANNOT/panTEome_v3_1001Gp/annotation_chr_s/single_genome_EDTA/100067/100067.Chr_scaffolds.fa.mod.EDTA.TElib.mincopyfiltered.fa, /tmp/global2/ssushko/TE_evolution/1001Gp_TE_ANNOT/panTEome_v3_1001Gp/annotation_chr_s/single_genome_EDTA/100772/100772.Chr_scaffolds.fa.mod.EDTA.TElib.mincopyfiltered.fa, /tmp/global2/ssushko/TE_evolution/1001Gp_TE_ANNOT/panTEome_v3_1001Gp/annotation_chr_s/single_genome_EDTA/100702/100702.Chr_scaffolds.fa.mod.EDTA.TElib.mincopyfiltered.fa, /tmp/global2/ssushko/TE_evolution/1001Gp_TE_ANNOT/panTEome_v3_1001Gp/annotation_chr_s/single_genome_EDTA/100720/100720.Chr_scaffolds.fa.mod.EDTA.TElib.mincopyfiltered.fa, /tmp/global2/ssushko/TE_evolution/1001Gp_TE_ANNOT/panTEome_v3_1001Gp/annotation_chr_s/single_genome_EDTA/100684/100684.Chr_scaffolds.fa.mod.EDTA.TElib.mincopyfiltered.fa, /tmp/global2/ssushko/TE_evolution/1001Gp_TE_ANNOT/panTEome_v3_1001Gp/annotation_chr_s/single_genome_EDTA/100882/100882.Chr_scaffolds.fa.mod.EDTA.TElib.mincopyfiltered.fa, /tmp/global2/ssushko/TE_evolution/1001Gp_TE_ANNOT/panTEome_v3_1001Gp/annotation_chr_s/single_genome_EDTA/100765/100765.Chr_scaffolds.fa.mod.EDTA.TElib.mincopyfiltered.fa, /tmp/global2/ssushko/TE_evolution/1001Gp_TE_ANNOT/panTEome_v3_1001Gp/annotation_chr_s/single_genome_EDTA/100056/100056.Chr_scaffolds.fa.mod.EDTA.TElib.mincopyfiltered.fa, /tmp/global2/ssushko/TE_evolution/1001Gp_TE_ANNOT/panTEome_v3_1001Gp/annotation_chr_s/single_genome_EDTA/100781/100781.Chr_scaffolds.fa.mod.EDTA.TElib.mincopyfiltered.fa, /tmp/global2/ssushko/TE_evolution/1001Gp_TE_ANNOT/panTEome_v3_1001Gp/annotation_chr_s/single_genome_EDTA/100135/100135.Chr_scaffolds.fa.mod.EDTA.TElib.mincopyfiltered.fa, /tmp/global2/ssushko/TE_evolution/1001Gp_TE_ANNOT/panTEome_v3_1001Gp/annotation_chr_s/single_genome_EDTA/100328/100328.Chr_scaffolds.fa.mod.EDTA.TElib.mincopyfiltered.fa, /tmp/global2/ssushko/TE_evolution/1001Gp_TE_ANNOT/panTEome_v3_1001Gp/annotation_chr_s/single_genome_EDTA/100492/100492.Chr_scaffolds.fa.mod.EDTA.TElib.mincopyfiltered.fa, /tmp/global2/ssushko/TE_evolution/1001Gp_TE_ANNOT/panTEome_v3_1001Gp/annotation_chr_s/single_genome_EDTA/100295/100295.Chr_scaffolds.fa.mod.EDTA.TElib.mincopyfiltered.fa, /tmp/global2/ssushko/TE_evolution/1001Gp_TE_ANNOT/panTEome_v3_1001Gp/annotation_chr_s/single_genome_EDTA/100077/100077.Chr_scaffolds.fa.mod.EDTA.TElib.mincopyfiltered.fa, /tmp/global2/ssushko/TE_evolution/1001Gp_TE_ANNOT/panTEome_v3_1001Gp/annotation_chr_s/single_genome_EDTA/100725/100725.Chr_scaffolds.fa.mod.EDTA.TElib.mincopyfiltered.fa, /tmp/global2/ssushko/TE_evolution/1001Gp_TE_ANNOT/panTEome_v3_1001Gp/annotation_chr_s/single_genome_EDTA/100002/100002.Chr_scaffolds.fa.mod.EDTA.TElib.mincopyfiltered.fa, /tmp/global2/ssushko/TE_evolution/1001Gp_TE_ANNOT/panTEome_v3_1001Gp/annotation_chr_s/single_genome_EDTA/100872/100872.Chr_scaffolds.fa.mod.EDTA.TElib.mincopyfiltered.fa, /tmp/global2/ssushko/TE_evolution/1001Gp_TE_ANNOT/panTEome_v3_1001Gp/annotation_chr_s/single_genome_EDTA/100310/100310.Chr_scaffolds.fa.mod.EDTA.TElib.mincopyfiltered.fa, /tmp/global2/ssushko/TE_evolution/1001Gp_TE_ANNOT/panTEome_v3_1001Gp/annotation_chr_s/single_genome_EDTA/101057/101057.Chr_scaffolds.fa.mod.EDTA.TElib.mincopyfiltered.fa, /tmp/global2/ssushko/TE_evolution/1001Gp_TE_ANNOT/panTEome_v3_1001Gp/annotation_chr_s/single_genome_EDTA/100534/100534.Chr_scaffolds.fa.mod.EDTA.TElib.mincopyfiltered.fa, /tmp/global2/ssushko/TE_evolution/1001Gp_TE_ANNOT/panTEome_v3_1001Gp/annotation_chr_s/single_genome_EDTA/100958/100958.Chr_scaffolds.fa.mod.EDTA.TElib.mincopyfiltered.fa, /tmp/global2/ssushko/TE_evolution/1001Gp_TE_ANNOT/panTEome_v3_1001Gp/annotation_chr_s/single_genome_EDTA/100510/100510.Chr_scaffolds.fa.mod.EDTA.TElib.mincopyfiltered.fa, /tmp/global2/ssushko/TE_evolution/1001Gp_TE_ANNOT/panTEome_v3_1001Gp/annotation_chr_s/single_genome_EDTA/101005/101005.Chr_scaffolds.fa.mod.EDTA.TElib.mincopyfiltered.fa, /tmp/global2/ssushko/TE_evolution/1001Gp_TE_ANNOT/panTEome_v3_1001Gp/annotation_chr_s/single_genome_EDTA/100270/100270.Chr_scaffolds.fa.mod.EDTA.TElib.mincopyfiltered.fa, /tmp/global2/ssushko/TE_evolution/1001Gp_TE_ANNOT/panTEome_v3_1001Gp/annotation_chr_s/single_genome_EDTA/100783/100783.Chr_scaffolds.fa.mod.EDTA.TElib.mincopyfiltered.fa, /tmp/global2/ssushko/TE_evolution/1001Gp_TE_ANNOT/panTEome_v3_1001Gp/annotation_chr_s/single_genome_EDTA/100779/100779.Chr_scaffolds.fa.mod.EDTA.TElib.mincopyfiltered.fa, /tmp/global2/ssushko/TE_evolution/1001Gp_TE_ANNOT/panTEome_v3_1001Gp/annotation_chr_s/single_genome_EDTA/100645/100645.Chr_scaffolds.fa.mod.EDTA.TElib.mincopyfiltered.fa, /tmp/global2/ssushko/TE_evolution/1001Gp_TE_ANNOT/panTEome_v3_1001Gp/annotation_chr_s/single_genome_EDTA/100975/100975.Chr_scaffolds.fa.mod.EDTA.TElib.mincopyfiltered.fa, /tmp/global2/ssushko/TE_evolution/1001Gp_TE_ANNOT/panTEome_v3_1001Gp/annotation_chr_s/single_genome_EDTA/100281/100281.Chr_scaffolds.fa.mod.EDTA.TElib.mincopyfiltered.fa, /tmp/global2/ssushko/TE_evolution/1001Gp_TE_ANNOT/panTEome_v3_1001Gp/annotation_chr_s/single_genome_EDTA/100114/100114.Chr_scaffolds.fa.mod.EDTA.TElib.mincopyfiltered.fa, /tmp/global2/ssushko/TE_evolution/1001Gp_TE_ANNOT/panTEome_v3_1001Gp/annotation_chr_s/single_genome_EDTA/100716/100716.Chr_scaffolds.fa.mod.EDTA.TElib.mincopyfiltered.fa, /tmp/global2/ssushko/TE_evolution/1001Gp_TE_ANNOT/panTEome_v3_1001Gp/annotation_chr_s/single_genome_EDTA/100678/100678.Chr_scaffolds.fa.mod.EDTA.TElib.mincopyfiltered.fa, /tmp/global2/ssushko/TE_evolution/1001Gp_TE_ANNOT/panTEome_v3_1001Gp/annotation_chr_s/single_genome_EDTA/100327/100327.Chr_scaffolds.fa.mod.EDTA.TElib.mincopyfiltered.fa, /tmp/global2/ssushko/TE_evolution/1001Gp_TE_ANNOT/panTEome_v3_1001Gp/annotation_chr_s/single_genome_EDTA/100937/100937.Chr_scaffolds.fa.mod.EDTA.TElib.mincopyfiltered.fa, /tmp/global2/ssushko/TE_evolution/1001Gp_TE_ANNOT/panTEome_v3_1001Gp/annotation_chr_s/single_genome_EDTA/100873/100873.Chr_scaffolds.fa.mod.EDTA.TElib.mincopyfiltered.fa, /tmp/global2/ssushko/TE_evolution/1001Gp_TE_ANNOT/panTEome_v3_1001Gp/annotation_chr_s/single_genome_EDTA/100084/100084.Chr_scaffolds.fa.mod.EDTA.TElib.mincopyfiltered.fa, /tmp/global2/ssushko/TE_evolution/1001Gp_TE_ANNOT/panTEome_v3_1001Gp/annotation_chr_s/single_genome_EDTA/100838/100838.Chr_scaffolds.fa.mod.EDTA.TElib.mincopyfiltered.fa, /tmp/global2/ssushko/TE_evolution/1001Gp_TE_ANNOT/panTEome_v3_1001Gp/annotation_chr_s/single_genome_EDTA/100086/100086.Chr_scaffolds.fa.mod.EDTA.TElib.mincopyfiltered.fa, /tmp/global2/ssushko/TE_evolution/1001Gp_TE_ANNOT/panTEome_v3_1001Gp/annotation_chr_s/single_genome_EDTA/101017/101017.Chr_scaffolds.fa.mod.EDTA.TElib.mincopyfiltered.fa, /tmp/global2/ssushko/TE_evolution/1001Gp_TE_ANNOT/panTEome_v3_1001Gp/annotation_chr_s/single_genome_EDTA/100912/100912.Chr_scaffolds.fa.mod.EDTA.TElib.mincopyfiltered.fa, /tmp/global2/ssushko/TE_evolution/1001Gp_TE_ANNOT/panTEome_v3_1001Gp/annotation_chr_s/single_genome_EDTA/100953/100953.Chr_scaffolds.fa.mod.EDTA.TElib.mincopyfiltered.fa, /tmp/global2/ssushko/TE_evolution/1001Gp_TE_ANNOT/panTEome_v3_1001Gp/annotation_chr_s/single_genome_EDTA/100143/100143.Chr_scaffolds.fa.mod.EDTA.TElib.mincopyfiltered.fa, /tmp/global2/ssushko/TE_evolution/1001Gp_TE_ANNOT/panTEome_v3_1001Gp/annotation_chr_s/single_genome_EDTA/100868/100868.Chr_scaffolds.fa.mod.EDTA.TElib.mincopyfiltered.fa, /tmp/global2/ssushko/TE_evolution/1001Gp_TE_ANNOT/panTEome_v3_1001Gp/annotation_chr_s/single_genome_EDTA/100776/100776.Chr_scaffolds.fa.mod.EDTA.TElib.mincopyfiltered.fa, /tmp/global2/ssushko/TE_evolution/1001Gp_TE_ANNOT/panTEome_v3_1001Gp/annotation_chr_s/single_genome_EDTA/100203/100203.Chr_scaffolds.fa.mod.EDTA.TElib.mincopyfiltered.fa, /tmp/global2/ssushko/TE_evolution/1001Gp_TE_ANNOT/panTEome_v3_1001Gp/annotation_chr_s/single_genome_EDTA/100786/100786.Chr_scaffolds.fa.mod.EDTA.TElib.mincopyfiltered.fa, /tmp/global2/ssushko/TE_evolution/1001Gp_TE_ANNOT/panTEome_v3_1001Gp/annotation_chr_s/single_genome_EDTA/100756/100756.Chr_scaffolds.fa.mod.EDTA.TElib.mincopyfiltered.fa, /tmp/global2/ssushko/TE_evolution/1001Gp_TE_ANNOT/panTEome_v3_1001Gp/annotation_chr_s/single_genome_EDTA/100312/100312.Chr_scaffolds.fa.mod.EDTA.TElib.mincopyfiltered.fa, /tmp/global2/ssushko/TE_evolution/1001Gp_TE_ANNOT/panTEome_v3_1001Gp/annotation_chr_s/single_genome_EDTA/100974/100974.Chr_scaffolds.fa.mod.EDTA.TElib.mincopyfiltered.fa, /tmp/global2/ssushko/TE_evolution/1001Gp_TE_ANNOT/panTEome_v3_1001Gp/annotation_chr_s/single_genome_EDTA/100280/100280.Chr_scaffolds.fa.mod.EDTA.TElib.mincopyfiltered.fa, /tmp/global2/ssushko/TE_evolution/1001Gp_TE_ANNOT/panTEome_v3_1001Gp/annotation_chr_s/single_genome_EDTA/100075/100075.Chr_scaffolds.fa.mod.EDTA.TElib.mincopyfiltered.fa, /tmp/global2/ssushko/TE_evolution/1001Gp_TE_ANNOT/panTEome_v3_1001Gp/annotation_chr_s/single_genome_EDTA/100325/100325.Chr_scaffolds.fa.mod.EDTA.TElib.mincopyfiltered.fa, /tmp/global2/ssushko/TE_evolution/1001Gp_TE_ANNOT/panTEome_v3_1001Gp/annotation_chr_s/single_genome_EDTA/100563/100563.Chr_scaffolds.fa.mod.EDTA.TElib.mincopyfiltered.fa, /tmp/global2/ssushko/TE_evolution/1001Gp_TE_ANNOT/panTEome_v3_1001Gp/annotation_chr_s/single_genome_EDTA/100836/100836.Chr_scaffolds.fa.mod.EDTA.TElib.mincopyfiltered.fa, /tmp/global2/ssushko/TE_evolution/1001Gp_TE_ANNOT/panTEome_v3_1001Gp/annotation_chr_s/single_genome_EDTA/100751/100751.Chr_scaffolds.fa.mod.EDTA.TElib.mincopyfiltered.fa, /tmp/global2/ssushko/TE_evolution/1001Gp_TE_ANNOT/panTEome_v3_1001Gp/annotation_chr_s/single_genome_EDTA/100108/100108.Chr_scaffolds.fa.mod.EDTA.TElib.mincopyfiltered.fa, /tmp/global2/ssushko/TE_evolution/1001Gp_TE_ANNOT/panTEome_v3_1001Gp/annotation_chr_s/single_genome_EDTA/100805/100805.Chr_scaffolds.fa.mod.EDTA.TElib.mincopyfiltered.fa, /tmp/global2/ssushko/TE_evolution/1001Gp_TE_ANNOT/panTEome_v3_1001Gp/annotation_chr_s/single_genome_EDTA/100076/100076.Chr_scaffolds.fa.mod.EDTA.TElib.mincopyfiltered.fa, /tmp/global2/ssushko/TE_evolution/1001Gp_TE_ANNOT/panTEome_v3_1001Gp/annotation_chr_s/single_genome_EDTA/100100/100100.Chr_scaffolds.fa.mod.EDTA.TElib.mincopyfiltered.fa, /tmp/global2/ssushko/TE_evolution/1001Gp_TE_ANNOT/panTEome_v3_1001Gp/annotation_chr_s/single_genome_EDTA/101030/101030.Chr_scaffolds.fa.mod.EDTA.TElib.mincopyfiltered.fa, /tmp/global2/ssushko/TE_evolution/1001Gp_TE_ANNOT/panTEome_v3_1001Gp/annotation_chr_s/single_genome_EDTA/100941/100941.Chr_scaffolds.fa.mod.EDTA.TElib.mincopyfiltered.fa, /tmp/global2/ssushko/TE_evolution/1001Gp_TE_ANNOT/panTEome_v3_1001Gp/annotation_chr_s/single_genome_EDTA/100938/100938.Chr_scaffolds.fa.mod.EDTA.TElib.mincopyfiltered.fa, /tmp/global2/ssushko/TE_evolution/1001Gp_TE_ANNOT/panTEome_v3_1001Gp/annotation_chr_s/single_genome_EDTA/100046/100046.Chr_scaffolds.fa.mod.EDTA.TElib.mincopyfiltered.fa, /tmp/global2/ssushko/TE_evolution/1001Gp_TE_ANNOT/panTEome_v3_1001Gp/annotation_chr_s/single_genome_EDTA/100728/100728.Chr_scaffolds.fa.mod.EDTA.TElib.mincopyfiltered.fa, /tmp/global2/ssushko/TE_evolution/1001Gp_TE_ANNOT/panTEome_v3_1001Gp/annotation_chr_s/single_genome_EDTA/100072/100072.Chr_scaffolds.fa.mod.EDTA.TElib.mincopyfiltered.fa, /tmp/global2/ssushko/TE_evolution/1001Gp_TE_ANNOT/panTEome_v3_1001Gp/annotation_chr_s/single_genome_EDTA/100770/100770.Chr_scaffolds.fa.mod.EDTA.TElib.mincopyfiltered.fa, /tmp/global2/ssushko/TE_evolution/1001Gp_TE_ANNOT/panTEome_v3_1001Gp/annotation_chr_s/single_genome_EDTA/100049/100049.Chr_scaffolds.fa.mod.EDTA.TElib.mincopyfiltered.fa, /tmp/global2/ssushko/TE_evolution/1001Gp_TE_ANNOT/panTEome_v3_1001Gp/annotation_chr_s/single_genome_EDTA/101042/101042.Chr_scaffolds.fa.mod.EDTA.TElib.mincopyfiltered.fa, /tmp/global2/ssushko/TE_evolution/1001Gp_TE_ANNOT/panTEome_v3_1001Gp/annotation_chr_s/single_genome_EDTA/100538/100538.Chr_scaffolds.fa.mod.EDTA.TElib.mincopyfiltered.fa, /tmp/global2/ssushko/TE_evolution/1001Gp_TE_ANNOT/panTEome_v3_1001Gp/annotation_chr_s/single_genome_EDTA/100833/100833.Chr_scaffolds.fa.mod.EDTA.TElib.mincopyfiltered.fa, /tmp/global2/ssushko/TE_evolution/1001Gp_TE_ANNOT/panTEome_v3_1001Gp/annotation_chr_s/single_genome_EDTA/100809/100809.Chr_scaffolds.fa.mod.EDTA.TElib.mincopyfiltered.fa, /tmp/global2/ssushko/TE_evolution/1001Gp_TE_ANNOT/panTEome_v3_1001Gp/annotation_chr_s/single_genome_EDTA/100340/100340.Chr_scaffolds.fa.mod.EDTA.TElib.mincopyfiltered.fa, /tmp/global2/ssushko/TE_evolution/1001Gp_TE_ANNOT/panTEome_v3_1001Gp/annotation_chr_s/single_genome_EDTA/100622/100622.Chr_scaffolds.fa.mod.EDTA.TElib.mincopyfiltered.fa, /tmp/global2/ssushko/TE_evolution/1001Gp_TE_ANNOT/panTEome_v3_1001Gp/annotation_chr_s/single_genome_EDTA/100094/100094.Chr_scaffolds.fa.mod.EDTA.TElib.mincopyfiltered.fa, /tmp/global2/ssushko/TE_evolution/1001Gp_TE_ANNOT/panTEome_v3_1001Gp/annotation_chr_s/single_genome_EDTA/101037/101037.Chr_scaffolds.fa.mod.EDTA.TElib.mincopyfiltered.fa, /tmp/global2/ssushko/TE_evolution/1001Gp_TE_ANNOT/panTEome_v3_1001Gp/annotation_chr_s/single_genome_EDTA/100617/100617.Chr_scaffolds.fa.mod.EDTA.TElib.mincopyfiltered.fa, /tmp/global2/ssushko/TE_evolution/1001Gp_TE_ANNOT/panTEome_v3_1001Gp/annotation_chr_s/single_genome_EDTA/101029/101029.Chr_scaffolds.fa.mod.EDTA.TElib.mincopyfiltered.fa, /tmp/global2/ssushko/TE_evolution/1001Gp_TE_ANNOT/panTEome_v3_1001Gp/annotation_chr_s/single_genome_EDTA/100995/100995.Chr_scaffolds.fa.mod.EDTA.TElib.mincopyfiltered.fa, /tmp/global2/ssushko/TE_evolution/1001Gp_TE_ANNOT/panTEome_v3_1001Gp/annotation_chr_s/single_genome_EDTA/100053/100053.Chr_scaffolds.fa.mod.EDTA.TElib.mincopyfiltered.fa, /tmp/global2/ssushko/TE_evolution/1001Gp_TE_ANNOT/panTEome_v3_1001Gp/annotation_chr_s/single_genome_EDTA/100758/100758.Chr_scaffolds.fa.mod.EDTA.TElib.mincopyfiltered.fa, /tmp/global2/ssushko/TE_evolution/1001Gp_TE_ANNOT/panTEome_v3_1001Gp/annotation_chr_s/single_genome_EDTA/100132/100132.Chr_scaffolds.fa.mod.EDTA.TElib.mincopyfiltered.fa, /tmp/global2/ssushko/TE_evolution/1001Gp_TE_ANNOT/panTEome_v3_1001Gp/annotation_chr_s/single_genome_EDTA/100535/100535.Chr_scaffolds.fa.mod.EDTA.TElib.mincopyfiltered.fa, /tmp/global2/ssushko/TE_evolution/1001Gp_TE_ANNOT/panTEome_v3_1001Gp/annotation_chr_s/single_genome_EDTA/100761/100761.Chr_scaffolds.fa.mod.EDTA.TElib.mincopyfiltered.fa, /tmp/global2/ssushko/TE_evolution/1001Gp_TE_ANNOT/panTEome_v3_1001Gp/annotation_chr_s/single_genome_EDTA/100904/100904.Chr_scaffolds.fa.mod.EDTA.TElib.mincopyfiltered.fa, /tmp/global2/ssushko/TE_evolution/1001Gp_TE_ANNOT/panTEome_v3_1001Gp/annotation_chr_s/single_genome_EDTA/100913/100913.Chr_scaffolds.fa.mod.EDTA.TElib.mincopyfiltered.fa, /tmp/global2/ssushko/TE_evolution/1001Gp_TE_ANNOT/panTEome_v3_1001Gp/annotation_chr_s/single_genome_EDTA/100742/100742.Chr_scaffolds.fa.mod.EDTA.TElib.mincopyfiltered.fa, /tmp/global2/ssushko/TE_evolution/1001Gp_TE_ANNOT/panTEome_v3_1001Gp/annotation_chr_s/single_genome_EDTA/100856/100856.Chr_scaffolds.fa.mod.EDTA.TElib.mincopyfiltered.fa, /tmp/global2/ssushko/TE_evolution/1001Gp_TE_ANNOT/panTEome_v3_1001Gp/annotation_chr_s/single_genome_EDTA/100329/100329.Chr_scaffolds.fa.mod.EDTA.TElib.mincopyfiltered.fa, /tmp/global2/ssushko/TE_evolution/1001Gp_TE_ANNOT/panTEome_v3_1001Gp/annotation_chr_s/single_genome_EDTA/100300/100300.Chr_scaffolds.fa.mod.EDTA.TElib.mincopyfiltered.fa, /tmp/global2/ssushko/TE_evolution/1001Gp_TE_ANNOT/panTEome_v3_1001Gp/annotation_chr_s/single_genome_EDTA/100796/100796.Chr_scaffolds.fa.mod.EDTA.TElib.mincopyfiltered.fa, /tmp/global2/ssushko/TE_evolution/1001Gp_TE_ANNOT/panTEome_v3_1001Gp/annotation_chr_s/single_genome_EDTA/100709/100709.Chr_scaffolds.fa.mod.EDTA.TElib.mincopyfiltered.fa, /tmp/global2/ssushko/TE_evolution/1001Gp_TE_ANNOT/panTEome_v3_1001Gp/annotation_chr_s/single_genome_EDTA/100058/100058.Chr_scaffolds.fa.mod.EDTA.TElib.mincopyfiltered.fa, /tmp/global2/ssushko/TE_evolution/1001Gp_TE_ANNOT/panTEome_v3_1001Gp/annotation_chr_s/single_genome_EDTA/100105/100105.Chr_scaffolds.fa.mod.EDTA.TElib.mincopyfiltered.fa, /tmp/global2/ssushko/TE_evolution/1001Gp_TE_ANNOT/panTEome_v3_1001Gp/annotation_chr_s/single_genome_EDTA/100738/100738.Chr_scaffolds.fa.mod.EDTA.TElib.mincopyfiltered.fa, /tmp/global2/ssushko/TE_evolution/1001Gp_TE_ANNOT/panTEome_v3_1001Gp/annotation_chr_s/single_genome_EDTA/100997/100997.Chr_scaffolds.fa.mod.EDTA.TElib.mincopyfiltered.fa, /tmp/global2/ssushko/TE_evolution/1001Gp_TE_ANNOT/panTEome_v3_1001Gp/annotation_chr_s/single_genome_EDTA/101032/101032.Chr_scaffolds.fa.mod.EDTA.TElib.mincopyfiltered.fa, /tmp/global2/ssushko/TE_evolution/1001Gp_TE_ANNOT/panTEome_v3_1001Gp/annotation_chr_s/single_genome_EDTA/100091/100091.Chr_scaffolds.fa.mod.EDTA.TElib.mincopyfiltered.fa, /tmp/global2/ssushko/TE_evolution/1001Gp_TE_ANNOT/panTEome_v3_1001Gp/annotation_chr_s/single_genome_EDTA/101013/101013.Chr_scaffolds.fa.mod.EDTA.TElib.mincopyfiltered.fa, /tmp/global2/ssushko/TE_evolution/1001Gp_TE_ANNOT/panTEome_v3_1001Gp/annotation_chr_s/single_genome_EDTA/100139/100139.Chr_scaffolds.fa.mod.EDTA.TElib.mincopyfiltered.fa, /tmp/global2/ssushko/TE_evolution/1001Gp_TE_ANNOT/panTEome_v3_1001Gp/annotation_chr_s/single_genome_EDTA/100503/100503.Chr_scaffolds.fa.mod.EDTA.TElib.mincopyfiltered.fa, /tmp/global2/ssushko/TE_evolution/1001Gp_TE_ANNOT/panTEome_v3_1001Gp/annotation_chr_s/single_genome_EDTA/100286/100286.Chr_scaffolds.fa.mod.EDTA.TElib.mincopyfiltered.fa, /tmp/global2/ssushko/TE_evolution/1001Gp_TE_ANNOT/panTEome_v3_1001Gp/annotation_chr_s/single_genome_EDTA/100794/100794.Chr_scaffolds.fa.mod.EDTA.TElib.mincopyfiltered.fa, /tmp/global2/ssushko/TE_evolution/1001Gp_TE_ANNOT/panTEome_v3_1001Gp/annotation_chr_s/single_genome_EDTA/100852/100852.Chr_scaffolds.fa.mod.EDTA.TElib.mincopyfiltered.fa, /tmp/global2/ssushko/TE_evolution/1001Gp_TE_ANNOT/panTEome_v3_1001Gp/annotation_chr_s/single_genome_EDTA/100276/100276.Chr_scaffolds.fa.mod.EDTA.TElib.mincopyfiltered.fa, /tmp/global2/ssushko/TE_evolution/1001Gp_TE_ANNOT/panTEome_v3_1001Gp/annotation_chr_s/single_genome_EDTA/101041/101041.Chr_scaffolds.fa.mod.EDTA.TElib.mincopyfiltered.fa, /tmp/global2/ssushko/TE_evolution/1001Gp_TE_ANNOT/panTEome_v3_1001Gp/annotation_chr_s/single_genome_EDTA/100000/100000.Chr_scaffolds.fa.mod.EDTA.TElib.mincopyfiltered.fa, /tmp/global2/ssushko/TE_evolution/1001Gp_TE_ANNOT/panTEome_v3_1001Gp/annotation_chr_s/single_genome_EDTA/100729/100729.Chr_scaffolds.fa.mod.EDTA.TElib.mincopyfiltered.fa, /tmp/global2/ssushko/TE_evolution/1001Gp_TE_ANNOT/panTEome_v3_1001Gp/annotation_chr_s/single_genome_EDTA/100844/100844.Chr_scaffolds.fa.mod.EDTA.TElib.mincopyfiltered.fa, /tmp/global2/ssushko/TE_evolution/1001Gp_TE_ANNOT/panTEome_v3_1001Gp/annotation_chr_s/single_genome_EDTA/100920/100920.Chr_scaffolds.fa.mod.EDTA.TElib.mincopyfiltered.fa, /tmp/global2/ssushko/TE_evolution/1001Gp_TE_ANNOT/panTEome_v3_1001Gp/annotation_chr_s/single_genome_EDTA/100088/100088.Chr_scaffolds.fa.mod.EDTA.TElib.mincopyfiltered.fa
    resources: mem_mb=<TBD>, disk_mb=<TBD>, tmpdir=<TBD>


[Fri Sep  5 14:44:41 2025]
rule make_panTElib:
    input: /tmp/global2/ssushko/TE_evolution/1001Gp_TE_ANNOT/panTEome_v3_1001Gp/annotation_chr_s/make_te_lib/allTEs.fa, /tmp/global2/ssushko/TE_evolution/1001Gp_TE_ANNOT/curatedlib/colcc-pantera_v2.1.fa
    output: /tmp/global2/ssushko/TE_evolution/1001Gp_TE_ANNOT/panTEome_v3_1001Gp/annotation_chr_s/make_te_lib/panTElib.vsearch.centroids.fa
    log: logs/make_panTElib.log
    jobid: 1
    reason: Missing output files: /tmp/global2/ssushko/TE_evolution/1001Gp_TE_ANNOT/panTEome_v3_1001Gp/annotation_chr_s/make_te_lib/panTElib.vsearch.centroids.fa; Input files updated by another job: /tmp/global2/ssushko/TE_evolution/1001Gp_TE_ANNOT/panTEome_v3_1001Gp/annotation_chr_s/make_te_lib/allTEs.fa
    resources: mem_mb=<TBD>, disk_mb=<TBD>, tmpdir=<TBD>


[Fri Sep  5 14:44:41 2025]
localrule all:
    input: /tmp/global2/ssushko/TE_evolution/1001Gp_TE_ANNOT/panTEome_v3_1001Gp/annotation_chr_s/make_te_lib/panTElib.vsearch.centroids.fa
    jobid: 0
    reason: Input files updated by another job: /tmp/global2/ssushko/TE_evolution/1001Gp_TE_ANNOT/panTEome_v3_1001Gp/annotation_chr_s/make_te_lib/panTElib.vsearch.centroids.fa
    resources: mem_mb=<TBD>, disk_mb=<TBD>, tmpdir=/tmp

Job stats:
job                        count
-----------------------  -------
all                            1
concat_all_telibs              1
extract_min_n_fl_copies      622
make_panTElib                  1
total                        625

Reasons:
    (check individual jobs above for details)
    input files updated by another job:
        all, concat_all_telibs, make_panTElib
    missing output files:
        concat_all_telibs, extract_min_n_fl_copies, make_panTElib

This was a dry-run (flag -n). The order of jobs does not reflect the order of execution.
